###############################################################################
#
# IAR ELF Linker V8.11.3.13950/W32 for ARM                22/Feb/2021  16:18:21
# Copyright 2007-2017 IAR Systems AB.
#
#    Output file  =  
#        D:\project_file\100_demo\famil_tnb\famil_tnb\EWARM\LED\Exe\LED.out
#    Map file     =  
#        D:\project_file\100_demo\famil_tnb\famil_tnb\EWARM\LED\List\LED.map
#    Command line =  
#        -f C:\Users\GAO'LI~1\AppData\Local\Temp\EWF52C.tmp
#        (D:\project_file\100_demo\famil_tnb\famil_tnb\EWARM\LED\Obj\croutine.o
#        D:\project_file\100_demo\famil_tnb\famil_tnb\EWARM\LED\Obj\delay.o
#        D:\project_file\100_demo\famil_tnb\famil_tnb\EWARM\LED\Obj\dht11.o
#        D:\project_file\100_demo\famil_tnb\famil_tnb\EWARM\LED\Obj\event_groups.o
#        D:\project_file\100_demo\famil_tnb\famil_tnb\EWARM\LED\Obj\gpio.o
#        D:\project_file\100_demo\famil_tnb\famil_tnb\EWARM\LED\Obj\heap_4.o
#        D:\project_file\100_demo\famil_tnb\famil_tnb\EWARM\LED\Obj\list.o
#        D:\project_file\100_demo\famil_tnb\famil_tnb\EWARM\LED\Obj\main.o
#        D:\project_file\100_demo\famil_tnb\famil_tnb\EWARM\LED\Obj\port.o
#        D:\project_file\100_demo\famil_tnb\famil_tnb\EWARM\LED\Obj\portasm.o
#        D:\project_file\100_demo\famil_tnb\famil_tnb\EWARM\LED\Obj\queue.o
#        D:\project_file\100_demo\famil_tnb\famil_tnb\EWARM\LED\Obj\startup_stm32f407xx.o
#        D:\project_file\100_demo\famil_tnb\famil_tnb\EWARM\LED\Obj\stm32f4xx_hal.o
#        D:\project_file\100_demo\famil_tnb\famil_tnb\EWARM\LED\Obj\stm32f4xx_hal_cortex.o
#        D:\project_file\100_demo\famil_tnb\famil_tnb\EWARM\LED\Obj\stm32f4xx_hal_dma.o
#        D:\project_file\100_demo\famil_tnb\famil_tnb\EWARM\LED\Obj\stm32f4xx_hal_dma_ex.o
#        D:\project_file\100_demo\famil_tnb\famil_tnb\EWARM\LED\Obj\stm32f4xx_hal_exti.o
#        D:\project_file\100_demo\famil_tnb\famil_tnb\EWARM\LED\Obj\stm32f4xx_hal_flash.o
#        D:\project_file\100_demo\famil_tnb\famil_tnb\EWARM\LED\Obj\stm32f4xx_hal_flash_ex.o
#        D:\project_file\100_demo\famil_tnb\famil_tnb\EWARM\LED\Obj\stm32f4xx_hal_flash_ramfunc.o
#        D:\project_file\100_demo\famil_tnb\famil_tnb\EWARM\LED\Obj\stm32f4xx_hal_gpio.o
#        D:\project_file\100_demo\famil_tnb\famil_tnb\EWARM\LED\Obj\stm32f4xx_hal_msp.o
#        D:\project_file\100_demo\famil_tnb\famil_tnb\EWARM\LED\Obj\stm32f4xx_hal_pwr.o
#        D:\project_file\100_demo\famil_tnb\famil_tnb\EWARM\LED\Obj\stm32f4xx_hal_pwr_ex.o
#        D:\project_file\100_demo\famil_tnb\famil_tnb\EWARM\LED\Obj\stm32f4xx_hal_rcc.o
#        D:\project_file\100_demo\famil_tnb\famil_tnb\EWARM\LED\Obj\stm32f4xx_hal_rcc_ex.o
#        D:\project_file\100_demo\famil_tnb\famil_tnb\EWARM\LED\Obj\stm32f4xx_hal_tim.o
#        D:\project_file\100_demo\famil_tnb\famil_tnb\EWARM\LED\Obj\stm32f4xx_hal_tim_ex.o
#        D:\project_file\100_demo\famil_tnb\famil_tnb\EWARM\LED\Obj\stm32f4xx_hal_uart.o
#        D:\project_file\100_demo\famil_tnb\famil_tnb\EWARM\LED\Obj\stm32f4xx_it.o
#        D:\project_file\100_demo\famil_tnb\famil_tnb\EWARM\LED\Obj\system_stm32f4xx.o
#        D:\project_file\100_demo\famil_tnb\famil_tnb\EWARM\LED\Obj\tasks.o
#        D:\project_file\100_demo\famil_tnb\famil_tnb\EWARM\LED\Obj\timers.o
#        D:\project_file\100_demo\famil_tnb\famil_tnb\EWARM\LED\Obj\usart.o
#        --redirect _Printf=_PrintfFull --redirect _Scanf=_ScanfFull -o
#        D:\project_file\100_demo\famil_tnb\famil_tnb\EWARM\LED\Exe\LED.out
#        --map
#        D:\project_file\100_demo\famil_tnb\famil_tnb\EWARM\LED\List\LED.map
#        --config
#        D:\project_file\100_demo\famil_tnb\famil_tnb\EWARM/stm32f407xx_flash.icf
#        --semihosting --entry __iar_program_start --vfe --text_out locale)
#
###############################################################################

*******************************************************************************
*** RUNTIME MODEL ATTRIBUTES
***

CppFlavor       = *
__SystemLibrary = DLib
__dlib_version  = 6


*******************************************************************************
*** HEAP SELECTION
***

The basic heap was selected because no calls to memory allocation
functions were found in the application outside of system library
functions, and there are calls to deallocation functions in the
application.


*******************************************************************************
*** PLACEMENT SUMMARY
***

"A0":  place at 0x08000000 { ro section .intvec };
"P1":  place in [from 0x08000000 to 0x080fffff] { ro };
define block CSTACK with size = 1K, alignment = 8 { };
define block HEAP with size = 512, alignment = 8 { };
"P2":  place in [from 0x20000000 to 0x2001ffff] {
          rw, block CSTACK, block HEAP };
initialize by copy { rw };

  Section            Kind        Address     Size  Object
  -------            ----        -------     ----  ------
"A0":                                       0x188
  .intvec            ro code  0x08000000    0x188  startup_stm32f407xx.o [1]
                            - 0x08000188    0x188

"P1":                                      0x494d
  .text              ro code  0x08000188    0xf72  xprintffull.o [3]
  .text              ro code  0x080010fa     0x1e  xencoding_8859_1.o [3]
  .text              ro code  0x08001118     0x74  xlocale_c.o [3]
  .text              ro code  0x0800118c     0x16  strchr.o [5]
  .text              ro code  0x080011a4     0x44  xfail_s.o [3]
  .text              ro code  0x080011e8     0x36  strlen.o [5]
  .text              ro code  0x08001220     0x58  memchr.o [5]
  .text              ro code  0x08001278      0xa  xmbcurmax.o [3]
  .text              ro code  0x08001284     0xa6  ABImemcpy.o [5]
  .text              ro code  0x0800132c     0xee  I64DivMod.o [5]
  .text              ro code  0x0800141c    0x1a2  DblMul.o [4]
  .text              ro code  0x080015c0     0x70  frexp.o [4]
  .text              ro code  0x08001630     0x2e  DblCmpLe.o [4]
  .text              ro code  0x08001660     0x2e  DblCmpGe.o [4]
  .text              ro code  0x08001690    0x13a  ldexp.o [4]
  .text              ro code  0x080017cc     0x3a  DblToS32.o [4]
  .text              ro code  0x08001808     0x22  S32ToDbl.o [4]
  .text              ro code  0x0800182c     0xe2  DblSub.o [4]
  .text              ro code  0x08001910    0x246  DblDiv.o [4]
  .text              ro code  0x08001b58     0x28  DblToU32.o [4]
  .text              ro code  0x08001b80     0x1a  U32ToDbl.o [4]
  .text              ro code  0x08001b9a      0x6  abort.o [3]
  .text              ro code  0x08001ba0      0x2  I64DivZer.o [5]
  .text              ro code  0x08001ba4    0x168  DblAdd.o [4]
  .text              ro code  0x08001d0c     0x14  exit.o [6]
  .text              ro code  0x08001d20    0x7b8  tasks.o [1]
  .text              ro code  0x080024d8    0x1b4  heap_4.o [1]
  .text              ro code  0x0800268c     0x3a  ABImemset48.o [5]
  .text              ro code  0x080026c6     0x8e  list.o [1]
  .text              ro code  0x08002754    0x1f0  port.o [1]
  .text              ro code  0x08002944    0x2f8  timers.o [1]
  CODE               ro code  0x08002c3c     0xa8  portasm.o [1]
  .text              ro code  0x08002ce4    0x588  queue.o [1]
  .text              ro code  0x0800326c    0x530  stm32f4xx_hal_uart.o [1]
  .text              ro code  0x0800379c    0x20c  usart.o [1]
  .text              ro code  0x080039a8      0xc  stm32f4xx_hal.o [1]
  .text              ro code  0x080039b4     0x24  stm32f4xx_hal_dma.o [1]
  .text              ro code  0x080039d8      0x2  stm32f4xx_hal_uart.o [1]
  .text              ro code  0x080039da      0x2  stm32f4xx_hal_uart.o [1]
  .text              ro code  0x080039dc    0x278  main.o [1]
  .text              ro code  0x08003c54    0x1a4  stm32f4xx_hal_rcc.o [1]
  .text              ro code  0x08003df8      0x6  ABImemclr4.o [5]
  .text              ro code  0x08003e00    0x20c  stm32f4xx_hal_gpio.o [1]
  .text              ro code  0x0800400c     0xce  stm32f4xx_hal_cortex.o [1]
  .text              ro code  0x080040dc     0x34  stm32f4xx_hal.o [1]
  .text              ro code  0x08004110     0xc4  gpio.o [1]
  .text              ro code  0x080041d4     0x28  printf.o [3]
  .text              ro code  0x080041fc    0x128  dht11.o [1]
  .text              ro code  0x08004324    0x31c  stm32f4xx_hal_rcc.o [1]
  .text              ro code  0x08004640     0x40  stm32f4xx_hal.o [1]
  .text              ro code  0x08004680     0x38  stm32f4xx_hal_msp.o [1]
  .text              ro code  0x080046b8     0x50  delay.o [1]
  .text              ro code  0x08004708     0x28  stm32f4xx_hal.o [1]
  .text              ro code  0x08004730     0x4e  stm32f4xx_it.o [1]
  .text              ro code  0x08004780     0x10  stm32f4xx_hal.o [1]
  .text              ro code  0x08004790     0x40  zero_init3.o [5]
  .text              ro code  0x080047d0     0x38  packbits_init_single.o [5]
  .text              ro code  0x08004808     0x2c  system_stm32f4xx.o [1]
  .text              ro code  0x08004834     0x28  data_init.o [5]
  .text              ro code  0x0800485c     0x22  fpinit_M.o [4]
  .iar.init_table    const    0x08004880     0x20  - Linker created -
  .text              ro code  0x080048a0     0x1a  cmain.o [5]
  .text              ro code  0x080048ba      0x4  low_level_init.o [3]
  .text              ro code  0x080048be      0x4  exit.o [3]
  .text              ro code  0x080048c4      0xa  cexit.o [5]
  .text              ro code  0x080048ce     0x16  xprout.o [3]
  .text              ro code  0x080048e4      0xc  putchar.o [3]
  .text              ro code  0x080048f0     0x10  startup_stm32f407xx.o [1]
  .text              ro code  0x08004900      0xc  cstartup_M.o [5]
  .rodata            const    0x0800490c      0x8  system_stm32f4xx.o [1]
  .rodata            const    0x08004914      0x6  xlocale_c.o [3]
  .text              ro code  0x0800491a      0x4  startup_stm32f407xx.o [1]
  .text              ro code  0x0800491e      0x4  startup_stm32f407xx.o [1]
  .text              ro code  0x08004922      0x4  startup_stm32f407xx.o [1]
  .text              ro code  0x08004926      0x4  startup_stm32f407xx.o [1]
  .text              ro code  0x0800492a      0x4  startup_stm32f407xx.o [1]
  .text              ro code  0x0800492e      0x4  startup_stm32f407xx.o [1]
  .text              ro code  0x08004932      0x4  startup_stm32f407xx.o [1]
  .text              ro code  0x08004936      0x4  startup_stm32f407xx.o [1]
  .text              ro code  0x0800493a      0x4  startup_stm32f407xx.o [1]
  .text              ro code  0x0800493e      0x4  startup_stm32f407xx.o [1]
  .text              ro code  0x08004942      0x4  startup_stm32f407xx.o [1]
  .text              ro code  0x08004946      0x4  startup_stm32f407xx.o [1]
  .text              ro code  0x0800494a      0x4  startup_stm32f407xx.o [1]
  .text              ro code  0x0800494e      0x4  startup_stm32f407xx.o [1]
  .text              ro code  0x08004952      0x4  startup_stm32f407xx.o [1]
  .text              ro code  0x08004956      0x4  startup_stm32f407xx.o [1]
  .text              ro code  0x0800495a      0x4  startup_stm32f407xx.o [1]
  .text              ro code  0x0800495e      0x4  startup_stm32f407xx.o [1]
  .text              ro code  0x08004962      0x4  startup_stm32f407xx.o [1]
  .text              ro code  0x08004966      0x4  startup_stm32f407xx.o [1]
  .text              ro code  0x0800496a      0x4  startup_stm32f407xx.o [1]
  .text              ro code  0x0800496e      0x4  startup_stm32f407xx.o [1]
  .text              ro code  0x08004972      0x4  startup_stm32f407xx.o [1]
  .text              ro code  0x08004976      0x4  startup_stm32f407xx.o [1]
  .text              ro code  0x0800497a      0x4  startup_stm32f407xx.o [1]
  .text              ro code  0x0800497e      0x4  startup_stm32f407xx.o [1]
  .text              ro code  0x08004982      0x4  startup_stm32f407xx.o [1]
  .text              ro code  0x08004986      0x4  startup_stm32f407xx.o [1]
  .text              ro code  0x0800498a      0x4  startup_stm32f407xx.o [1]
  .text              ro code  0x0800498e      0x4  startup_stm32f407xx.o [1]
  .text              ro code  0x08004992      0x4  startup_stm32f407xx.o [1]
  .text              ro code  0x08004996      0x4  startup_stm32f407xx.o [1]
  .text              ro code  0x0800499a      0x4  startup_stm32f407xx.o [1]
  .text              ro code  0x0800499e      0x4  startup_stm32f407xx.o [1]
  .text              ro code  0x080049a2      0x4  startup_stm32f407xx.o [1]
  .text              ro code  0x080049a6      0x4  startup_stm32f407xx.o [1]
  .text              ro code  0x080049aa      0x4  startup_stm32f407xx.o [1]
  .text              ro code  0x080049ae      0x4  startup_stm32f407xx.o [1]
  .text              ro code  0x080049b2      0x4  startup_stm32f407xx.o [1]
  .text              ro code  0x080049b6      0x4  startup_stm32f407xx.o [1]
  .text              ro code  0x080049ba      0x4  startup_stm32f407xx.o [1]
  .text              ro code  0x080049be      0x4  startup_stm32f407xx.o [1]
  .text              ro code  0x080049c2      0x4  startup_stm32f407xx.o [1]
  .text              ro code  0x080049c6      0x4  startup_stm32f407xx.o [1]
  .text              ro code  0x080049ca      0x4  startup_stm32f407xx.o [1]
  .text              ro code  0x080049ce      0x4  startup_stm32f407xx.o [1]
  .text              ro code  0x080049d2      0x4  startup_stm32f407xx.o [1]
  .text              ro code  0x080049d6      0x4  startup_stm32f407xx.o [1]
  .text              ro code  0x080049da      0x4  startup_stm32f407xx.o [1]
  .text              ro code  0x080049de      0x4  startup_stm32f407xx.o [1]
  .text              ro code  0x080049e2      0x4  startup_stm32f407xx.o [1]
  .text              ro code  0x080049e6      0x4  startup_stm32f407xx.o [1]
  .text              ro code  0x080049ea      0x4  startup_stm32f407xx.o [1]
  .text              ro code  0x080049ee      0x4  startup_stm32f407xx.o [1]
  .text              ro code  0x080049f2      0x4  startup_stm32f407xx.o [1]
  .text              ro code  0x080049f6      0x4  startup_stm32f407xx.o [1]
  .text              ro code  0x080049fa      0x4  startup_stm32f407xx.o [1]
  .text              ro code  0x080049fe      0x4  startup_stm32f407xx.o [1]
  .text              ro code  0x08004a02      0x4  startup_stm32f407xx.o [1]
  .text              ro code  0x08004a06      0x4  startup_stm32f407xx.o [1]
  .text              ro code  0x08004a0a      0x4  startup_stm32f407xx.o [1]
  .text              ro code  0x08004a0e      0x4  startup_stm32f407xx.o [1]
  .text              ro code  0x08004a12      0x4  startup_stm32f407xx.o [1]
  .text              ro code  0x08004a16      0x4  startup_stm32f407xx.o [1]
  .text              ro code  0x08004a1a      0x4  startup_stm32f407xx.o [1]
  .text              ro code  0x08004a1e      0x4  startup_stm32f407xx.o [1]
  .text              ro code  0x08004a22      0x4  startup_stm32f407xx.o [1]
  .text              ro code  0x08004a26      0x4  startup_stm32f407xx.o [1]
  .text              ro code  0x08004a2a      0x4  startup_stm32f407xx.o [1]
  .text              ro code  0x08004a2e      0x4  startup_stm32f407xx.o [1]
  .text              ro code  0x08004a32      0x4  startup_stm32f407xx.o [1]
  .text              ro code  0x08004a36      0x4  startup_stm32f407xx.o [1]
  .text              ro code  0x08004a3a      0x4  startup_stm32f407xx.o [1]
  .text              ro code  0x08004a3e      0x4  startup_stm32f407xx.o [1]
  .text              ro code  0x08004a42      0x4  startup_stm32f407xx.o [1]
  .text              ro code  0x08004a46      0x4  startup_stm32f407xx.o [1]
  .text              ro code  0x08004a4a      0x4  startup_stm32f407xx.o [1]
  .rodata            const    0x08004a4e      0x0  zero_init3.o [5]
  .rodata            const    0x08004a4e      0x0  packbits_init_single.o [5]
  Initializer bytes  const    0x08004a4e     0x87  <for P2-1>
                            - 0x08004ad5   0x494d

"P2", part 1 of 3:                           0xe4
  P2-1                        0x20000000     0xe4  <Init block>
    .data            inited   0x20000000      0xc  port.o [1]
    .data            inited   0x2000000c      0xc  stm32f4xx_hal.o [1]
    .data            inited   0x20000018      0x4  system_stm32f4xx.o [1]
    .data            inited   0x2000001c     0x38  xlocale_c.o [3]
    .data            inited   0x20000054     0x48  xlocale_c.o [3]
    .data            inited   0x2000009c     0x48  xfiles.o [3]
                            - 0x200000e4     0xe4

"P2", part 2 of 3:                        0x12f14
  .bss               zero     0x200000e4  0x12c18  heap_4.o [1]
  .bss               zero     0x20012cfc     0xa8  tasks.o [1]
  .bss               zero     0x20012da4     0x5c  tasks.o [1]
  .bss               zero     0x20012e00     0x50  xfiles.o [3]
  .bss               zero     0x20012e50     0x40  queue.o [1]
  .bss               zero     0x20012e90     0x40  usart.o [1]
  .bss               zero     0x20012ed0     0x40  usart.o [1]
  .bss               zero     0x20012f10     0x40  usart.o [1]
  .bss               zero     0x20012f50     0x40  usart.o [1]
  .bss               zero     0x20012f90     0x3c  timers.o [1]
  .bss               zero     0x20012fcc     0x28  main.o [1]
  .bss               zero     0x20012ff4      0x4  xfail_s.o [3]
                            - 0x20012ff8  0x12f14

"P2", part 3 of 3:                          0x400
  CSTACK                      0x20012ff8    0x400  <Block>
    CSTACK           uninit   0x20012ff8    0x400  <Block tail>
                            - 0x200133f8    0x400


*******************************************************************************
*** INIT TABLE
***

          Address     Size
          -------     ----
Zero (__iar_zero_init3)
    1 destination range, total size 0x12f14:
          0x200000e4  0x12f14

Copy/packbits (__iar_packbits_init_single3)
    1 source range, total size 0x87 (59% of destination):
          0x08004a4e     0x87
    1 destination range, total size 0xe4:
          0x20000000     0xe4



*******************************************************************************
*** MODULE SUMMARY
***

    Module                  ro code  ro data  rw data
    ------                  -------  -------  -------
D:\project_file\100_demo\famil_tnb\famil_tnb\EWARM\LED\Obj: [1]
    delay.o                      80
    dht11.o                     296
    gpio.o                      196
    heap_4.o                    436            76 824
    list.o                      142
    main.o                      632                40
    port.o                      496        7       12
    portasm.o                   168
    queue.o                   1 416                64
    startup_stm32f407xx.o       716
    stm32f4xx_hal.o             184        7       12
    stm32f4xx_hal_cortex.o      206
    stm32f4xx_hal_dma.o          36
    stm32f4xx_hal_gpio.o        524
    stm32f4xx_hal_msp.o          56
    stm32f4xx_hal_rcc.o       1 216
    stm32f4xx_hal_uart.o      1 332
    stm32f4xx_it.o               78
    system_stm32f4xx.o           44       10        4
    tasks.o                   1 976               260
    timers.o                    760                60
    usart.o                     524               256
    -------------------------------------------------
    Total:                   11 514       24   77 532

command line: [2]
    -------------------------------------------------
    Total:

dl7M_tlf.a: [3]
    abort.o                       6
    exit.o                        4
    low_level_init.o              4
    printf.o                     40
    putchar.o                    12
    xencoding_8859_1.o           30
    xfail_s.o                    68                 4
    xfiles.o                              43      152
    xlocale_c.o                 116       82      128
    xmbcurmax.o                  10
    xprintffull.o             3 954
    xprout.o                     22
    -------------------------------------------------
    Total:                    4 266      125      284

m7M_tls.a: [4]
    DblAdd.o                    360
    DblCmpGe.o                   46
    DblCmpLe.o                   46
    DblDiv.o                    582
    DblMul.o                    418
    DblSub.o                    226
    DblToS32.o                   58
    DblToU32.o                   40
    S32ToDbl.o                   34
    U32ToDbl.o                   26
    fpinit_M.o                   34
    frexp.o                     112
    ldexp.o                     314
    -------------------------------------------------
    Total:                    2 296

rt7M_tl.a: [5]
    ABImemclr4.o                  6
    ABImemcpy.o                 166
    ABImemset48.o                58
    I64DivMod.o                 238
    I64DivZer.o                   2
    cexit.o                      10
    cmain.o                      26
    cstartup_M.o                 12
    data_init.o                  40
    memchr.o                     88
    packbits_init_single.o       56
    strchr.o                     22
    strlen.o                     54
    zero_init3.o                 64
    -------------------------------------------------
    Total:                      842

shb_l.a: [6]
    exit.o                       20
    -------------------------------------------------
    Total:                       20

    Gaps                         36        2
    Linker created                        32    1 024
-----------------------------------------------------
    Grand Total:             18 974      183   78 840


*******************************************************************************
*** ENTRY LIST
***

Entry                      Address     Size  Type      Object
-----                      -------     ----  ----      ------
.iar.init_table$$Base   0x08004880            --   Gb  - Linker created -
.iar.init_table$$Limit  0x080048a0            --   Gb  - Linker created -
?main                   0x080048a1           Code  Gb  cmain.o [5]
AHBPrescTable           0x08004824     0x10  Data  Gb  system_stm32f4xx.o [1]
APBPrescTable           0x0800490c      0x8  Data  Gb  system_stm32f4xx.o [1]
BusFault_Handler        0x0800475f      0x2  Code  Gb  stm32f4xx_it.o [1]
CSTACK$$Base            0x20012ff8            --   Gb  - Linker created -
CSTACK$$Limit           0x200133f8            --   Gb  - Linker created -
CacheMore               0x0800111d     0x24  Code  Lc  xlocale_c.o [3]
DHT11_Check             0x08004239     0x46  Code  Gb  dht11.o [1]
DHT11_DQ_IN             0x0800420f      0x8  Code  Gb  dht11.o [1]
DHT11_DQ_OUT            0x080041fd     0x12  Code  Gb  dht11.o [1]
DHT11_IO_IN             0x0800418d     0x12  Code  Gb  gpio.o [1]
DHT11_IO_OUT            0x080041a7     0x14  Code  Gb  gpio.o [1]
DHT11_Read_Bit          0x0800427f     0x38  Code  Gb  dht11.o [1]
DHT11_Read_Byte         0x080042bd     0x16  Code  Gb  dht11.o [1]
DHT11_Read_Data         0x080042d3     0x4e  Code  Gb  dht11.o [1]
DHT11_Rst               0x08004217     0x22  Code  Gb  dht11.o [1]
DebugMon_Handler        0x08004763      0x2  Code  Gb  stm32f4xx_it.o [1]
Error_Handler           0x08003c05      0x2  Code  Gb  main.o [1]
HAL_DMA_Abort_IT        0x080039b5     0x24  Code  Gb  stm32f4xx_hal_dma.o [1]
HAL_Delay               0x08004709     0x28  Code  Wk  stm32f4xx_hal.o [1]
HAL_GPIO_Init           0x08003e01    0x1c6  Code  Gb  stm32f4xx_hal_gpio.o [1]
HAL_GPIO_ReadPin        0x08003fc7      0xc  Code  Gb  stm32f4xx_hal_gpio.o [1]
HAL_GPIO_WritePin       0x08003fd3      0x8  Code  Gb  stm32f4xx_hal_gpio.o [1]
HAL_GetTick             0x080039a9      0xc  Code  Wk  stm32f4xx_hal.o [1]
HAL_IncTick             0x08004781     0x10  Code  Wk  stm32f4xx_hal.o [1]
HAL_Init                0x080040dd     0x30  Code  Gb  stm32f4xx_hal.o [1]
HAL_InitTick            0x08004641     0x40  Code  Wk  stm32f4xx_hal.o [1]
HAL_MspInit             0x08004681     0x38  Code  Gb  stm32f4xx_hal_msp.o [1]
HAL_NVIC_EnableIRQ      0x0800407f     0x16  Code  Gb  stm32f4xx_hal_cortex.o [1]
HAL_NVIC_SetPriority    0x08004045     0x3a  Code  Gb  stm32f4xx_hal_cortex.o [1]
HAL_NVIC_SetPriorityGrouping
                        0x0800402b     0x1a  Code  Gb  stm32f4xx_hal_cortex.o [1]
HAL_RCC_ClockConfig     0x08003c55    0x100  Code  Gb  stm32f4xx_hal_rcc.o [1]
HAL_RCC_GetPCLK1Freq    0x08003d61     0x10  Code  Gb  stm32f4xx_hal_rcc.o [1]
HAL_RCC_GetPCLK2Freq    0x08003d71      0xe  Code  Gb  stm32f4xx_hal_rcc.o [1]
HAL_RCC_OscConfig       0x08004325    0x31c  Code  Wk  stm32f4xx_hal_rcc.o [1]
HAL_SYSTICK_Config      0x08004095     0x28  Code  Gb  stm32f4xx_hal_cortex.o [1]
HAL_SYSTICK_IRQHandler  0x080040d5      0x4  Code  Gb  stm32f4xx_hal_cortex.o [1]
HAL_UART_IRQHandler     0x0800343f    0x156  Code  Gb  stm32f4xx_hal_uart.o [1]
HAL_UART_Init           0x0800326d     0x1e  Code  Gb  stm32f4xx_hal_uart.o [1]
HAL_UART_MspInit        0x08003803    0x13a  Code  Gb  usart.o [1]
HAL_UART_Receive_IT     0x080033d9     0x54  Code  Gb  stm32f4xx_hal_uart.o [1]
HAL_UART_RxCpltCallback
                        0x080039dd     0x62  Code  Gb  main.o [1]
HAL_UART_Transmit       0x080032e5     0xac  Code  Gb  stm32f4xx_hal_uart.o [1]
HAL_UART_Transmit_IT    0x08003399     0x40  Code  Gb  stm32f4xx_hal_uart.o [1]
HardFault_Handler       0x0800475b      0x2  Code  Gb  stm32f4xx_it.o [1]
LoadInt                 0x08000357     0x7a  Code  Lc  xprintffull.o [3]
MX_GPIO_Init            0x08004111     0x7c  Code  Gb  gpio.o [1]
MX_UART4_Init           0x0800379d     0x10  Code  Gb  usart.o [1]
MX_USART1_UART_Init     0x080037ad     0x10  Code  Gb  usart.o [1]
MX_USART2_UART_Init     0x080037c5     0x10  Code  Gb  usart.o [1]
MX_USART3_UART_Init     0x080037f3     0x10  Code  Gb  usart.o [1]
MemManage_Handler       0x0800475d      0x2  Code  Gb  stm32f4xx_it.o [1]
NMI_Handler             0x08004759      0x2  Code  Gb  stm32f4xx_it.o [1]
PendSV_Handler          0x08002c3d           Code  Gb  portasm.o [1]
Region$$Table$$Base     0x08004880            --   Gb  - Linker created -
Region$$Table$$Limit    0x080048a0            --   Gb  - Linker created -
SVC_Handler             0x08002c95           Code  Gb  portasm.o [1]
SysTick_Handler         0x08004765     0x1a  Code  Gb  stm32f4xx_it.o [1]
SystemClock_Config      0x08003b49     0x8c  Code  Gb  main.o [1]
SystemCoreClock         0x20000018      0x4  Data  Gb  system_stm32f4xx.o [1]
SystemInit              0x08004809     0x14  Code  Gb  system_stm32f4xx.o [1]
Task0_Task              0x08003ad5     0x36  Code  Gb  main.o [1]
Task1_Task              0x08003b0d     0x3c  Code  Gb  main.o [1]
UART4_IRQHandler        0x08004743      0x6  Code  Gb  stm32f4xx_it.o [1]
UART_DMAAbortOnError    0x08003615      0xc  Code  Lc  stm32f4xx_hal_uart.o [1]
UART_EndRxTransfer      0x080035f9     0x1c  Code  Lc  stm32f4xx_hal_uart.o [1]
UART_Receive_IT         0x08003621     0x96  Code  Lc  stm32f4xx_hal_uart.o [1]
UART_SetConfig          0x080036b7     0xca  Code  Lc  stm32f4xx_hal_uart.o [1]
UART_WaitOnFlagUntilTimeout
                        0x08003595     0x56  Code  Lc  stm32f4xx_hal_uart.o [1]
USART1_IRQHandler       0x08004731      0x6  Code  Gb  stm32f4xx_it.o [1]
USART2_IRQHandler       0x08004737      0x6  Code  Gb  stm32f4xx_it.o [1]
USART3_IRQHandler       0x0800473d      0x6  Code  Gb  stm32f4xx_it.o [1]
UsageFault_Handler      0x08004761      0x2  Code  Gb  stm32f4xx_it.o [1]
_Encoding_8859_1_Mbrlen
                        0x0800110d      0x2  Code  Gb  xencoding_8859_1.o [3]
_Encoding_8859_1_Wctomb
                        0x080010fb     0x12  Code  Gb  xencoding_8859_1.o [3]
_GenldFull              0x08000dcb    0x27e  Code  Lc  xprintffull.o [3]
_LdtobFull              0x080009b1    0x3f0  Code  Lc  xprintffull.o [3]
_LitobFull              0x08000855    0x116  Code  Lc  xprintffull.o [3]
_Locale_lconv           0x2000001c     0x38  Data  Lc  xlocale_c.o [3]
_PrintfFull             0x08000189    0x1b6  Code  Gb  xprintffull.o [3]
_Prout                  0x080048cf     0x16  Code  Gb  xprout.o [3]
_PutcharsFull           0x08001049     0x2e  Code  Lc  xprintffull.o [3]
_PutfldFull             0x080003d1    0x2d0  Code  Lc  xprintffull.o [3]
_PutstrFull             0x08000797     0xbe  Code  Lc  xprintffull.o [3]
_PuttxtFull             0x080006a1     0xf6  Code  Lc  xprintffull.o [3]
__NVIC_SetPriority      0x0800400d     0x1e  Code  Lc  stm32f4xx_hal_cortex.o [1]
__aeabi_cdcmple         0x08001631           Code  Gb  DblCmpLe.o [4]
__aeabi_cdrcmple        0x08001661           Code  Gb  DblCmpGe.o [4]
__aeabi_d2iz            0x080017cd           Code  Gb  DblToS32.o [4]
__aeabi_d2uiz           0x08001b59           Code  Gb  DblToU32.o [4]
__aeabi_ddiv            0x08001911           Code  Gb  DblDiv.o [4]
__aeabi_dmul            0x0800141d           Code  Gb  DblMul.o [4]
__aeabi_dsub            0x0800182d           Code  Gb  DblSub.o [4]
__aeabi_i2d             0x08001809           Code  Gb  S32ToDbl.o [4]
__aeabi_ldiv0           0x08001ba1           Code  Gb  I64DivZer.o [5]
__aeabi_memclr4         0x08003df9           Code  Gb  ABImemclr4.o [5]
__aeabi_memcpy          0x08001285           Code  Gb  ABImemcpy.o [5]
__aeabi_memcpy4         0x080012a5           Code  Gb  ABImemcpy.o [5]
__aeabi_memcpy8         0x080012a5           Code  Gb  ABImemcpy.o [5]
__aeabi_memset4         0x0800268d           Code  Gb  ABImemset48.o [5]
__aeabi_memset8         0x0800268d           Code  Gb  ABImemset48.o [5]
__aeabi_ui2d            0x08001b81           Code  Gb  U32ToDbl.o [4]
__aeabi_uldivmod        0x0800132d           Code  Gb  I64DivMod.o [5]
__cmain                 0x080048a1           Code  Gb  cmain.o [5]
__exit                  0x08001d0d     0x14  Code  Gb  exit.o [6]
__iar_Fail_s            0x080011a5     0x1e  Code  Gb  xfail_s.o [3]
__iar_Mbcurmax          0x08001279      0xa  Code  Gb  xmbcurmax.o [3]
__iar_Memchr            0x08001221           Code  Gb  memchr.o [5]
__iar_Memset4_word      0x08002695           Code  Gb  ABImemset48.o [5]
__iar_Memset8_word      0x08002695           Code  Gb  ABImemset48.o [5]
__iar_Stdout            0x2000009c     0x48  Data  Gb  xfiles.o [3]
__iar_Strchr            0x0800118d           Code  Gb  strchr.o [5]
__iar_dadd              0x0800183d           Code  Gb  DblSub.o [4]
__iar_data_init3        0x08004835     0x28  Code  Gb  data_init.o [5]
__iar_dsub              0x08001ba5           Code  Gb  DblAdd.o [4]
__iar_dsubStart         0x08001bb7           Code  Gb  DblAdd.o [4]
__iar_frexp             0x080015cd           Code  Gb  frexp.o [4]
__iar_frexpl            0x080015cd           Code  Gb  frexp.o [4]
__iar_globLocale        0x20000054     0x48  Data  Lc  xlocale_c.o [3]
__iar_global_Locale     0x08001119      0x4  Code  Gb  xlocale_c.o [3]
__iar_init_vfp          0x0800485d           Code  Gb  fpinit_M.o [4]
__iar_ldexp64           0x08001691           Code  Gb  ldexp.o [4]
__iar_packbits_init_single3
                        0x080047d1     0x38  Code  Gb  packbits_init_single.o [5]
__iar_program_start     0x08004901           Code  Gb  cstartup_M.o [5]
__iar_scalbln64         0x08001691           Code  Gb  ldexp.o [4]
__iar_scalbn64          0x08001691           Code  Gb  ldexp.o [4]
__iar_softfp___iar_frexp64
                        0x080015c1           Code  Gb  frexp.o [4]
__iar_softfp_frexp      0x080015c1           Code  Gb  frexp.o [4]
__iar_softfp_frexpl     0x080015c1           Code  Gb  frexp.o [4]
__iar_systems$$module {Abs}
                        0x00000001           Data  Gb  command line/config [2]
__iar_zero_init3        0x08004791     0x40  Code  Gb  zero_init3.o [5]
__low_level_init        0x080048bb      0x4  Code  Gb  low_level_init.o [3]
__vector_table          0x08000000           Data  Gb  startup_stm32f407xx.o [1]
_call_main              0x080048ad           Code  Gb  cmain.o [5]
_exit                   0x080048c5           Code  Gb  cexit.o [5]
_gLocale_mblen          0x08001179      0x4  Code  Gb  xlocale_c.o [3]
_gLocale_mblenInt       0x08001141     0x34  Code  Gb  xlocale_c.o [3]
_gLocale_wctomb         0x0800117d      0x4  Code  Gb  xlocale_c.o [3]
_gLocale_wctombInt      0x08001175      0x4  Code  Gb  xlocale_c.o [3]
_main                   0x080048b7           Code  Gb  cmain.o [5]
abort                   0x08001b9b      0x6  Code  Gb  abort.o [3]
delay_ms                0x08004705      0x4  Code  Gb  delay.o [1]
delay_us                0x080046b9     0x42  Code  Gb  delay.o [1]
exit                    0x080048bf      0x4  Code  Gb  exit.o [3]
fputc                   0x08003967     0x14  Code  Gb  usart.o [1]
huart1                  0x20012ed0     0x40  Data  Gb  usart.o [1]
huart2                  0x20012f10     0x40  Data  Gb  usart.o [1]
huart3                  0x20012f50     0x40  Data  Gb  usart.o [1]
huart4                  0x20012e90     0x40  Data  Gb  usart.o [1]
ldexp                   0x08001691           Code  Gb  ldexp.o [4]
ldexpl                  0x08001691           Code  Gb  ldexp.o [4]
localeconv              0x08001181      0x4  Code  Gb  xlocale_c.o [3]
main                    0x08003a53     0x82  Code  Gb  main.o [1]
memchr                  0x08001221           Code  Gb  memchr.o [5]
obuf                    0x20012e00     0x50  Data  Lc  xfiles.o [3]
printf                  0x080041d5     0x28  Code  Gb  printf.o [3]
prvAddCurrentTaskToDelayedList
                        0x08002457     0x6c  Code  Lc  tasks.o [1]
prvAddNewTaskToReadyList
                        0x08001e05     0xaa  Code  Lc  tasks.o [1]
prvCheckForValidListAndQueue
                        0x08002bdf     0x46  Code  Lc  timers.o [1]
prvCopyDataFromQueue    0x0800315b     0x28  Code  Lc  queue.o [1]
prvCopyDataToQueue      0x080030f3     0x68  Code  Lc  queue.o [1]
prvDeleteTCB            0x080022cd     0x14  Code  Lc  tasks.o [1]
prvIdleTask             0x0800226d     0x5a  Code  Lc  tasks.o [1]
prvInitialiseNewQueue   0x08002d91     0x1e  Code  Lc  queue.o [1]
prvInitialiseNewTask    0x08001d79     0x8c  Code  Lc  tasks.o [1]
prvInsertBlockIntoFreeList
                        0x0800263f     0x46  Code  Lc  heap_4.o [1]
prvInsertTimerInActiveList
                        0x08002b03     0x34  Code  Lc  timers.o [1]
prvIsQueueEmpty         0x080031e5     0x16  Code  Lc  queue.o [1]
prvProcessReceivedCommands
                        0x08002b39     0xa6  Code  Lc  timers.o [1]
prvProcessTimerOrBlockTask
                        0x080029df     0x9a  Code  Lc  timers.o [1]
prvResetNextTaskUnblockTime
                        0x080022e1     0x1c  Code  Lc  tasks.o [1]
prvSampleTimeNow        0x08002a79     0x7a  Code  Lc  timers.o [1]
prvSampleTimeNow::xLastTime
                        0x20012fa0      0x4  Data  Lc  timers.o [1]
prvTaskExitError        0x0800277d     0x28  Code  Lc  port.o [1]
prvTimerTask            0x080029c1     0x1e  Code  Lc  timers.o [1]
prvUnlockQueue          0x08003183     0x62  Code  Lc  queue.o [1]
putchar                 0x080048e5      0xc  Code  Gb  putchar.o [3]
pvPortMalloc            0x080024d9    0x104  Code  Gb  heap_4.o [1]
pvTaskIncrementMutexHeldCount
                        0x0800241d     0x14  Code  Gb  tasks.o [1]
pxCurrentTCB            0x20012d60      0x4  Data  Gb  tasks.o [1]
pxCurrentTimerList      0x20012f90      0x4  Data  Lc  timers.o [1]
pxDelayedTaskList       0x20012d64      0x4  Data  Lc  tasks.o [1]
pxEnd                   0x200000ec      0x4  Data  Lc  heap_4.o [1]
pxOverflowDelayedTaskList
                        0x20012d68      0x4  Data  Lc  tasks.o [1]
pxOverflowTimerList     0x20012f94      0x4  Data  Lc  timers.o [1]
pxPortInitialiseStack   0x08002755     0x26  Code  Gb  port.o [1]
pxReadyTasksLists       0x20012cfc     0x64  Data  Lc  tasks.o [1]
recv_buf                0x20012fcc     0x14  Data  Gb  main.o [1]
recv_buf1               0x20012fe0     0x14  Data  Gb  main.o [1]
scalbln                 0x08001691           Code  Gb  ldexp.o [4]
scalblnl                0x08001691           Code  Gb  ldexp.o [4]
scalbn                  0x08001691           Code  Gb  ldexp.o [4]
scalbnl                 0x08001691           Code  Gb  ldexp.o [4]
scale                   0x0800096b     0x46  Code  Lc  xprintffull.o [3]
sec_hand                0x20012ff4      0x4  Data  Lc  xfail_s.o [3]
strchr                  0x0800118d           Code  Gb  strchr.o [5]
strlen                  0x080011e9           Code  Gb  strlen.o [5]
ucHeap                  0x200000fc  0x12c00  Data  Lc  heap_4.o [1]
ucMaxSysCallPriority    0x20000000      0x1  Data  Lc  port.o [1]
ulMaxPRIGROUPValue      0x20000008      0x4  Data  Lc  port.o [1]
uwTick                  0x20000010      0x4  Data  Gb  stm32f4xx_hal.o [1]
uwTickFreq              0x2000000c      0x1  Data  Gb  stm32f4xx_hal.o [1]
uwTickPrio              0x20000014      0x4  Data  Gb  stm32f4xx_hal.o [1]
uxCriticalNesting       0x20000004      0x4  Data  Lc  port.o [1]
uxCurrentNumberOfTasks  0x20012d6c      0x4  Data  Lc  tasks.o [1]
uxDeletedTasksWaitingCleanUp
                        0x20012dcc      0x4  Data  Lc  tasks.o [1]
uxListRemove            0x08002731     0x24  Code  Gb  list.o [1]
uxPendedTicks           0x20012dec      0x4  Data  Lc  tasks.o [1]
uxSchedulerSuspended    0x20012d78      0x4  Data  Lc  tasks.o [1]
uxTaskNumber            0x20012df4      0x4  Data  Lc  tasks.o [1]
uxTopReadyPriority      0x20012d70      0x4  Data  Lc  tasks.o [1]
vListInitialise         0x080026c7     0x1a  Code  Gb  list.o [1]
vListInitialiseItem     0x080026e1      0x6  Code  Gb  list.o [1]
vListInsert             0x080026ff     0x32  Code  Gb  list.o [1]
vListInsertEnd          0x080026e7     0x18  Code  Gb  list.o [1]
vPortEnableVFP          0x08002cc9           Code  Gb  portasm.o [1]
vPortEnterCritical      0x08002841     0x32  Code  Gb  port.o [1]
vPortExitCritical       0x08002873     0x22  Code  Gb  port.o [1]
vPortFree               0x080025eb     0x46  Code  Gb  heap_4.o [1]
vPortStartFirstTask     0x08002cb1           Code  Gb  portasm.o [1]
vPortValidateInterruptPriority
                        0x080028bd     0x42  Code  Gb  port.o [1]
vQueueAddToRegistry     0x080031fb     0x20  Code  Gb  queue.o [1]
vQueueWaitForMessageRestricted
                        0x08003225     0x48  Code  Gb  queue.o [1]
vTaskDelay              0x08001eaf     0x2e  Code  Gb  tasks.o [1]
vTaskMissedYield        0x08002263      0xa  Code  Gb  tasks.o [1]
vTaskPlaceOnEventList   0x08002127     0x14  Code  Gb  tasks.o [1]
vTaskPlaceOnEventListRestricted
                        0x08002153     0x1e  Code  Gb  tasks.o [1]
vTaskPriorityInherit    0x08002317     0x76  Code  Gb  tasks.o [1]
vTaskSetTimeOutState    0x080021e3     0x20  Code  Gb  tasks.o [1]
vTaskStartScheduler     0x08001ef3     0x5e  Code  Gb  tasks.o [1]
vTaskSuspendAll         0x08001f51      0xc  Code  Gb  tasks.o [1]
vTaskSwitchContext      0x080020d5     0x52  Code  Gb  tasks.o [1]
xActiveTimerList1       0x20012fa4     0x14  Data  Lc  timers.o [1]
xActiveTimerList2       0x20012fb8     0x14  Data  Lc  timers.o [1]
xBlockAllocatedBit      0x200000f8      0x4  Data  Lc  heap_4.o [1]
xDelayedTaskList1       0x20012d7c     0x14  Data  Lc  tasks.o [1]
xDelayedTaskList2       0x20012d90     0x14  Data  Lc  tasks.o [1]
xFreeBytesRemaining     0x200000f0      0x4  Data  Lc  heap_4.o [1]
xIdleTaskHandle         0x20012dfc      0x4  Data  Lc  tasks.o [1]
xMinimumEverFreeBytesRemaining
                        0x200000f4      0x4  Data  Lc  heap_4.o [1]
xNextTaskUnblockTime    0x20012df8      0x4  Data  Lc  tasks.o [1]
xNumOfOverflows         0x20012df0      0x4  Data  Lc  tasks.o [1]
xPendingReadyList       0x20012da4     0x14  Data  Lc  tasks.o [1]
xPortStartScheduler     0x080027a5     0x8a  Code  Gb  port.o [1]
xPortSysTickHandler     0x08002895     0x26  Code  Gb  port.o [1]
xQueueGenericCreate     0x08002d59     0x38  Code  Gb  queue.o [1]
xQueueGenericReceive    0x08002f9d    0x136  Code  Gb  queue.o [1]
xQueueGenericReset      0x08002ce5     0x74  Code  Gb  queue.o [1]
xQueueGenericSend       0x08002dbf    0x122  Code  Gb  queue.o [1]
xQueueGenericSendFromISR
                        0x08002ee1     0x92  Code  Gb  queue.o [1]
xQueueRegistry          0x20012e50     0x40  Data  Gb  queue.o [1]
xSchedulerRunning       0x20012de8      0x4  Data  Lc  tasks.o [1]
xStart                  0x200000e4      0x8  Data  Lc  heap_4.o [1]
xSuspendedTaskList      0x20012dd0     0x14  Data  Lc  tasks.o [1]
xTaskCheckForTimeOut    0x08002203     0x60  Code  Gb  tasks.o [1]
xTaskCreate             0x08001d21     0x58  Code  Gb  tasks.o [1]
xTaskGetSchedulerState  0x080022fd     0x1a  Code  Gb  tasks.o [1]
xTaskGetTickCount       0x08002009      0x8  Code  Gb  tasks.o [1]
xTaskIncrementTick      0x08002011     0xc4  Code  Gb  tasks.o [1]
xTaskPriorityDisinherit
                        0x08002395     0x82  Code  Gb  tasks.o [1]
xTaskRemoveFromEventList
                        0x0800218f     0x4e  Code  Gb  tasks.o [1]
xTaskResumeAll          0x08001f5d     0xa4  Code  Gb  tasks.o [1]
xTasksWaitingTermination
                        0x20012db8     0x14  Data  Lc  tasks.o [1]
xTickCount              0x20012de4      0x4  Data  Lc  tasks.o [1]
xTimerCreateTimerTask   0x08002945     0x34  Code  Gb  timers.o [1]
xTimerGenericCommand    0x08002979     0x48  Code  Gb  timers.o [1]
xTimerQueue             0x20012f98      0x4  Data  Lc  timers.o [1]
xTimerTaskHandle        0x20012f9c      0x4  Data  Lc  timers.o [1]
xYieldPending           0x20012d74      0x4  Data  Lc  tasks.o [1]


[1] = D:\project_file\100_demo\famil_tnb\famil_tnb\EWARM\LED\Obj
[2] = command line
[3] = dl7M_tlf.a
[4] = m7M_tls.a
[5] = rt7M_tl.a
[6] = shb_l.a

  18 974 bytes of readonly  code memory
     183 bytes of readonly  data memory
  78 840 bytes of readwrite data memory

Errors: none
Warnings: none
