###############################################################################
#
# IAR ELF Linker V8.11.3.13950/W32 for ARM                25/Feb/2021  21:54:45
# Copyright 2007-2017 IAR Systems AB.
#
#    Output file  =  
#        D:\project_file\100_demo\famil_tnb\famil_tnb\EWARM\LED\Exe\LED.out
#    Map file     =  
#        D:\project_file\100_demo\famil_tnb\famil_tnb\EWARM\LED\List\LED.map
#    Command line =  
#        -f C:\Users\GAO'LI~1\AppData\Local\Temp\EW6A86.tmp
#        (D:\project_file\100_demo\famil_tnb\famil_tnb\EWARM\LED\Obj\adc.o
#        D:\project_file\100_demo\famil_tnb\famil_tnb\EWARM\LED\Obj\croutine.o
#        D:\project_file\100_demo\famil_tnb\famil_tnb\EWARM\LED\Obj\delay.o
#        D:\project_file\100_demo\famil_tnb\famil_tnb\EWARM\LED\Obj\dht11.o
#        D:\project_file\100_demo\famil_tnb\famil_tnb\EWARM\LED\Obj\ds3231.o
#        D:\project_file\100_demo\famil_tnb\famil_tnb\EWARM\LED\Obj\event_groups.o
#        D:\project_file\100_demo\famil_tnb\famil_tnb\EWARM\LED\Obj\gp2y.o
#        D:\project_file\100_demo\famil_tnb\famil_tnb\EWARM\LED\Obj\gpio.o
#        D:\project_file\100_demo\famil_tnb\famil_tnb\EWARM\LED\Obj\heap_4.o
#        D:\project_file\100_demo\famil_tnb\famil_tnb\EWARM\LED\Obj\i2c.o
#        D:\project_file\100_demo\famil_tnb\famil_tnb\EWARM\LED\Obj\list.o
#        D:\project_file\100_demo\famil_tnb\famil_tnb\EWARM\LED\Obj\main.o
#        D:\project_file\100_demo\famil_tnb\famil_tnb\EWARM\LED\Obj\mylib.o
#        D:\project_file\100_demo\famil_tnb\famil_tnb\EWARM\LED\Obj\port.o
#        D:\project_file\100_demo\famil_tnb\famil_tnb\EWARM\LED\Obj\portasm.o
#        D:\project_file\100_demo\famil_tnb\famil_tnb\EWARM\LED\Obj\queue.o
#        D:\project_file\100_demo\famil_tnb\famil_tnb\EWARM\LED\Obj\spi.o
#        D:\project_file\100_demo\famil_tnb\famil_tnb\EWARM\LED\Obj\startup_stm32f407xx.o
#        D:\project_file\100_demo\famil_tnb\famil_tnb\EWARM\LED\Obj\stm32f4xx_hal.o
#        D:\project_file\100_demo\famil_tnb\famil_tnb\EWARM\LED\Obj\stm32f4xx_hal_adc.o
#        D:\project_file\100_demo\famil_tnb\famil_tnb\EWARM\LED\Obj\stm32f4xx_hal_adc_ex.o
#        D:\project_file\100_demo\famil_tnb\famil_tnb\EWARM\LED\Obj\stm32f4xx_hal_cortex.o
#        D:\project_file\100_demo\famil_tnb\famil_tnb\EWARM\LED\Obj\stm32f4xx_hal_dma.o
#        D:\project_file\100_demo\famil_tnb\famil_tnb\EWARM\LED\Obj\stm32f4xx_hal_dma_ex.o
#        D:\project_file\100_demo\famil_tnb\famil_tnb\EWARM\LED\Obj\stm32f4xx_hal_exti.o
#        D:\project_file\100_demo\famil_tnb\famil_tnb\EWARM\LED\Obj\stm32f4xx_hal_flash.o
#        D:\project_file\100_demo\famil_tnb\famil_tnb\EWARM\LED\Obj\stm32f4xx_hal_flash_ex.o
#        D:\project_file\100_demo\famil_tnb\famil_tnb\EWARM\LED\Obj\stm32f4xx_hal_flash_ramfunc.o
#        D:\project_file\100_demo\famil_tnb\famil_tnb\EWARM\LED\Obj\stm32f4xx_hal_gpio.o
#        D:\project_file\100_demo\famil_tnb\famil_tnb\EWARM\LED\Obj\stm32f4xx_hal_i2c.o
#        D:\project_file\100_demo\famil_tnb\famil_tnb\EWARM\LED\Obj\stm32f4xx_hal_i2c_ex.o
#        D:\project_file\100_demo\famil_tnb\famil_tnb\EWARM\LED\Obj\stm32f4xx_hal_msp.o
#        D:\project_file\100_demo\famil_tnb\famil_tnb\EWARM\LED\Obj\stm32f4xx_hal_pwr.o
#        D:\project_file\100_demo\famil_tnb\famil_tnb\EWARM\LED\Obj\stm32f4xx_hal_pwr_ex.o
#        D:\project_file\100_demo\famil_tnb\famil_tnb\EWARM\LED\Obj\stm32f4xx_hal_rcc.o
#        D:\project_file\100_demo\famil_tnb\famil_tnb\EWARM\LED\Obj\stm32f4xx_hal_rcc_ex.o
#        D:\project_file\100_demo\famil_tnb\famil_tnb\EWARM\LED\Obj\stm32f4xx_hal_spi.o
#        D:\project_file\100_demo\famil_tnb\famil_tnb\EWARM\LED\Obj\stm32f4xx_hal_tim.o
#        D:\project_file\100_demo\famil_tnb\famil_tnb\EWARM\LED\Obj\stm32f4xx_hal_tim_ex.o
#        D:\project_file\100_demo\famil_tnb\famil_tnb\EWARM\LED\Obj\stm32f4xx_hal_uart.o
#        D:\project_file\100_demo\famil_tnb\famil_tnb\EWARM\LED\Obj\stm32f4xx_it.o
#        D:\project_file\100_demo\famil_tnb\famil_tnb\EWARM\LED\Obj\system_stm32f4xx.o
#        D:\project_file\100_demo\famil_tnb\famil_tnb\EWARM\LED\Obj\tasks.o
#        D:\project_file\100_demo\famil_tnb\famil_tnb\EWARM\LED\Obj\tim.o
#        D:\project_file\100_demo\famil_tnb\famil_tnb\EWARM\LED\Obj\timers.o
#        D:\project_file\100_demo\famil_tnb\famil_tnb\EWARM\LED\Obj\usart.o
#        D:\project_file\100_demo\famil_tnb\famil_tnb\EWARM\LED\Obj\w25qxx.o
#        --redirect _Printf=_PrintfFull --redirect _Scanf=_ScanfFull -o
#        D:\project_file\100_demo\famil_tnb\famil_tnb\EWARM\LED\Exe\LED.out
#        --map
#        D:\project_file\100_demo\famil_tnb\famil_tnb\EWARM\LED\List\LED.map
#        --config
#        D:\project_file\100_demo\famil_tnb\famil_tnb\EWARM/stm32f407xx_flash.icf
#        --semihosting --entry __iar_program_start --vfe --text_out locale)
#
###############################################################################

*******************************************************************************
*** RUNTIME MODEL ATTRIBUTES
***

CppFlavor       = *
__SystemLibrary = DLib
__dlib_version  = 6


*******************************************************************************
*** HEAP SELECTION
***

The basic heap was selected because no calls to memory allocation
functions were found in the application outside of system library
functions, and there are calls to deallocation functions in the
application.


*******************************************************************************
*** PLACEMENT SUMMARY
***

"A0":  place at 0x08000000 { ro section .intvec };
"P1":  place in [from 0x08000000 to 0x080fffff] { ro };
define block CSTACK with size = 1K, alignment = 8 { };
define block HEAP with size = 512, alignment = 8 { };
"P2":  place in [from 0x20000000 to 0x2001ffff] {
          rw, block CSTACK, block HEAP };
initialize by copy { rw };

  Section            Kind        Address     Size  Object
  -------            ----        -------     ----  ------
"A0":                                       0x188
  .intvec            ro code  0x08000000    0x188  startup_stm32f407xx.o [1]
                            - 0x08000188    0x188

"P1":                                      0x5edb
  .text              ro code  0x08000188    0xf72  xprintffull.o [3]
  .text              ro code  0x080010fa     0x1e  xencoding_8859_1.o [3]
  .text              ro code  0x08001118     0x74  xlocale_c.o [3]
  .text              ro code  0x0800118c     0x16  strchr.o [5]
  .text              ro code  0x080011a4     0x44  xfail_s.o [3]
  .text              ro code  0x080011e8     0x36  strlen.o [5]
  .text              ro code  0x08001220     0x58  memchr.o [5]
  .text              ro code  0x08001278      0xa  xmbcurmax.o [3]
  .text              ro code  0x08001284     0xa6  ABImemcpy.o [5]
  .text              ro code  0x0800132c     0xee  I64DivMod.o [5]
  .text              ro code  0x0800141c    0x1a2  DblMul.o [4]
  .text              ro code  0x080015c0     0x70  frexp.o [4]
  .text              ro code  0x08001630     0x2e  DblCmpLe.o [4]
  .text              ro code  0x08001660     0x2e  DblCmpGe.o [4]
  .text              ro code  0x08001690    0x13a  ldexp.o [4]
  .text              ro code  0x080017cc     0x3a  DblToS32.o [4]
  .text              ro code  0x08001808     0x22  S32ToDbl.o [4]
  .text              ro code  0x0800182c     0xe2  DblSub.o [4]
  .text              ro code  0x08001910    0x246  DblDiv.o [4]
  .text              ro code  0x08001b58     0x28  DblToU32.o [4]
  .text              ro code  0x08001b80     0x1a  U32ToDbl.o [4]
  .text              ro code  0x08001b9a      0x6  abort.o [3]
  .text              ro code  0x08001ba0      0x2  I64DivZer.o [5]
  .text              ro code  0x08001ba4    0x168  DblAdd.o [4]
  .text              ro code  0x08001d0c     0x14  exit.o [6]
  .text              ro code  0x08001d20    0x7b8  tasks.o [1]
  .text              ro code  0x080024d8    0x1b4  heap_4.o [1]
  .text              ro code  0x0800268c     0x3a  ABImemset48.o [5]
  .text              ro code  0x080026c6     0x8e  list.o [1]
  .text              ro code  0x08002754    0x1f0  port.o [1]
  .text              ro code  0x08002944    0x2f8  timers.o [1]
  CODE               ro code  0x08002c3c     0xa8  portasm.o [1]
  .text              ro code  0x08002ce4    0x588  queue.o [1]
  .text              ro code  0x0800326c    0x65c  stm32f4xx_hal_spi.o [1]
  .text              ro code  0x080038c8     0xb0  spi.o [1]
  .text              ro code  0x08003978      0xc  stm32f4xx_hal.o [1]
  .text              ro code  0x08003984    0x258  main.o [1]
  .text              ro code  0x08003bdc      0x6  ABImemclr4.o [5]
  .text              ro code  0x08003be4    0x200  stm32f4xx_hal_gpio.o [1]
  .text              ro code  0x08003de4    0x530  stm32f4xx_hal_uart.o [1]
  .text              ro code  0x08004314     0x34  stm32f4xx_hal.o [1]
  .text              ro code  0x08004348     0xd0  gpio.o [1]
  .text              ro code  0x08004418     0xac  i2c.o [1]
  .text              ro code  0x080044c4    0x20c  usart.o [1]
  .text              ro code  0x080046d0     0xd8  adc.o [1]
  .text              ro code  0x080047a8     0xf0  tim.o [1]
  .text              ro code  0x08004898     0xd8  ds3231.o [1]
  .text              ro code  0x08004970    0x17c  w25qxx.o [1]
  .text              ro code  0x08004aec    0x3d0  stm32f4xx_hal_tim.o [1]
  .text              ro code  0x08004ebc    0x31c  stm32f4xx_hal_rcc.o [1]
  .text              ro code  0x080051d8    0x1a4  stm32f4xx_hal_rcc.o [1]
  .text              ro code  0x0800537c     0x24  stm32f4xx_hal_dma.o [1]
  .text              ro code  0x080053a0      0x2  stm32f4xx_hal_uart.o [1]
  .text              ro code  0x080053a2      0x2  stm32f4xx_hal_uart.o [1]
  .text              ro code  0x080053a4     0xce  stm32f4xx_hal_cortex.o [1]
  .text              ro code  0x08005474     0x40  stm32f4xx_hal.o [1]
  .text              ro code  0x080054b4     0x38  stm32f4xx_hal_msp.o [1]
  .text              ro code  0x080054ec    0x4e2  stm32f4xx_hal_i2c.o [1]
  .text              ro code  0x080059d0    0x290  stm32f4xx_hal_adc.o [1]
  .text              ro code  0x08005c60     0x28  stm32f4xx_hal.o [1]
  .text              ro code  0x08005c88     0x28  printf.o [3]
  .text              ro code  0x08005cb0      0x2  stm32f4xx_hal_tim.o [1]
  .text              ro code  0x08005cb4     0x4e  stm32f4xx_it.o [1]
  .text              ro code  0x08005d04     0x10  stm32f4xx_hal.o [1]
  .text              ro code  0x08005d14     0x40  zero_init3.o [5]
  .text              ro code  0x08005d54     0x38  packbits_init_single.o [5]
  .text              ro code  0x08005d8c     0x2c  system_stm32f4xx.o [1]
  .text              ro code  0x08005db8     0x28  data_init.o [5]
  .text              ro code  0x08005de0     0x22  fpinit_M.o [4]
  .iar.init_table    const    0x08005e04     0x20  - Linker created -
  .text              ro code  0x08005e24     0x1a  cmain.o [5]
  .text              ro code  0x08005e3e      0x4  low_level_init.o [3]
  .text              ro code  0x08005e42      0x4  exit.o [3]
  .text              ro code  0x08005e48      0xa  cexit.o [5]
  .text              ro code  0x08005e52     0x16  xprout.o [3]
  .text              ro code  0x08005e68      0xc  putchar.o [3]
  .text              ro code  0x08005e74     0x10  startup_stm32f407xx.o [1]
  .text              ro code  0x08005e84      0xc  cstartup_M.o [5]
  .rodata            const    0x08005e90      0x8  system_stm32f4xx.o [1]
  .rodata            const    0x08005e98      0x6  xlocale_c.o [3]
  .text              ro code  0x08005e9e      0x4  startup_stm32f407xx.o [1]
  .text              ro code  0x08005ea2      0x4  startup_stm32f407xx.o [1]
  .text              ro code  0x08005ea6      0x4  startup_stm32f407xx.o [1]
  .text              ro code  0x08005eaa      0x4  startup_stm32f407xx.o [1]
  .text              ro code  0x08005eae      0x4  startup_stm32f407xx.o [1]
  .text              ro code  0x08005eb2      0x4  startup_stm32f407xx.o [1]
  .text              ro code  0x08005eb6      0x4  startup_stm32f407xx.o [1]
  .text              ro code  0x08005eba      0x4  startup_stm32f407xx.o [1]
  .text              ro code  0x08005ebe      0x4  startup_stm32f407xx.o [1]
  .text              ro code  0x08005ec2      0x4  startup_stm32f407xx.o [1]
  .text              ro code  0x08005ec6      0x4  startup_stm32f407xx.o [1]
  .text              ro code  0x08005eca      0x4  startup_stm32f407xx.o [1]
  .text              ro code  0x08005ece      0x4  startup_stm32f407xx.o [1]
  .text              ro code  0x08005ed2      0x4  startup_stm32f407xx.o [1]
  .text              ro code  0x08005ed6      0x4  startup_stm32f407xx.o [1]
  .text              ro code  0x08005eda      0x4  startup_stm32f407xx.o [1]
  .text              ro code  0x08005ede      0x4  startup_stm32f407xx.o [1]
  .text              ro code  0x08005ee2      0x4  startup_stm32f407xx.o [1]
  .text              ro code  0x08005ee6      0x4  startup_stm32f407xx.o [1]
  .text              ro code  0x08005eea      0x4  startup_stm32f407xx.o [1]
  .text              ro code  0x08005eee      0x4  startup_stm32f407xx.o [1]
  .text              ro code  0x08005ef2      0x4  startup_stm32f407xx.o [1]
  .text              ro code  0x08005ef6      0x4  startup_stm32f407xx.o [1]
  .text              ro code  0x08005efa      0x4  startup_stm32f407xx.o [1]
  .text              ro code  0x08005efe      0x4  startup_stm32f407xx.o [1]
  .text              ro code  0x08005f02      0x4  startup_stm32f407xx.o [1]
  .text              ro code  0x08005f06      0x4  startup_stm32f407xx.o [1]
  .text              ro code  0x08005f0a      0x4  startup_stm32f407xx.o [1]
  .text              ro code  0x08005f0e      0x4  startup_stm32f407xx.o [1]
  .text              ro code  0x08005f12      0x4  startup_stm32f407xx.o [1]
  .text              ro code  0x08005f16      0x4  startup_stm32f407xx.o [1]
  .text              ro code  0x08005f1a      0x4  startup_stm32f407xx.o [1]
  .text              ro code  0x08005f1e      0x4  startup_stm32f407xx.o [1]
  .text              ro code  0x08005f22      0x4  startup_stm32f407xx.o [1]
  .text              ro code  0x08005f26      0x4  startup_stm32f407xx.o [1]
  .text              ro code  0x08005f2a      0x4  startup_stm32f407xx.o [1]
  .text              ro code  0x08005f2e      0x4  startup_stm32f407xx.o [1]
  .text              ro code  0x08005f32      0x4  startup_stm32f407xx.o [1]
  .text              ro code  0x08005f36      0x4  startup_stm32f407xx.o [1]
  .text              ro code  0x08005f3a      0x4  startup_stm32f407xx.o [1]
  .text              ro code  0x08005f3e      0x4  startup_stm32f407xx.o [1]
  .text              ro code  0x08005f42      0x4  startup_stm32f407xx.o [1]
  .text              ro code  0x08005f46      0x4  startup_stm32f407xx.o [1]
  .text              ro code  0x08005f4a      0x4  startup_stm32f407xx.o [1]
  .text              ro code  0x08005f4e      0x4  startup_stm32f407xx.o [1]
  .text              ro code  0x08005f52      0x4  startup_stm32f407xx.o [1]
  .text              ro code  0x08005f56      0x4  startup_stm32f407xx.o [1]
  .text              ro code  0x08005f5a      0x4  startup_stm32f407xx.o [1]
  .text              ro code  0x08005f5e      0x4  startup_stm32f407xx.o [1]
  .text              ro code  0x08005f62      0x4  startup_stm32f407xx.o [1]
  .text              ro code  0x08005f66      0x4  startup_stm32f407xx.o [1]
  .text              ro code  0x08005f6a      0x4  startup_stm32f407xx.o [1]
  .text              ro code  0x08005f6e      0x4  startup_stm32f407xx.o [1]
  .text              ro code  0x08005f72      0x4  startup_stm32f407xx.o [1]
  .text              ro code  0x08005f76      0x4  startup_stm32f407xx.o [1]
  .text              ro code  0x08005f7a      0x4  startup_stm32f407xx.o [1]
  .text              ro code  0x08005f7e      0x4  startup_stm32f407xx.o [1]
  .text              ro code  0x08005f82      0x4  startup_stm32f407xx.o [1]
  .text              ro code  0x08005f86      0x4  startup_stm32f407xx.o [1]
  .text              ro code  0x08005f8a      0x4  startup_stm32f407xx.o [1]
  .text              ro code  0x08005f8e      0x4  startup_stm32f407xx.o [1]
  .text              ro code  0x08005f92      0x4  startup_stm32f407xx.o [1]
  .text              ro code  0x08005f96      0x4  startup_stm32f407xx.o [1]
  .text              ro code  0x08005f9a      0x4  startup_stm32f407xx.o [1]
  .text              ro code  0x08005f9e      0x4  startup_stm32f407xx.o [1]
  .text              ro code  0x08005fa2      0x4  startup_stm32f407xx.o [1]
  .text              ro code  0x08005fa6      0x4  startup_stm32f407xx.o [1]
  .text              ro code  0x08005faa      0x4  startup_stm32f407xx.o [1]
  .text              ro code  0x08005fae      0x4  startup_stm32f407xx.o [1]
  .text              ro code  0x08005fb2      0x4  startup_stm32f407xx.o [1]
  .text              ro code  0x08005fb6      0x4  startup_stm32f407xx.o [1]
  .text              ro code  0x08005fba      0x4  startup_stm32f407xx.o [1]
  .text              ro code  0x08005fbe      0x4  startup_stm32f407xx.o [1]
  .text              ro code  0x08005fc2      0x4  startup_stm32f407xx.o [1]
  .text              ro code  0x08005fc6      0x4  startup_stm32f407xx.o [1]
  .text              ro code  0x08005fca      0x4  startup_stm32f407xx.o [1]
  .text              ro code  0x08005fce      0x4  startup_stm32f407xx.o [1]
  .rodata            const    0x08005fd2      0x0  zero_init3.o [5]
  .rodata            const    0x08005fd2      0x0  packbits_init_single.o [5]
  Initializer bytes  const    0x08005fd2     0x91  <for P2-1>
                            - 0x08006063   0x5edb

"P2", part 1 of 3:                           0xed
  P2-1                        0x20000000     0xed  <Init block>
    .data            inited   0x20000000      0xc  port.o [1]
    .data            inited   0x2000000c      0xc  stm32f4xx_hal.o [1]
    .data            inited   0x20000018      0x4  system_stm32f4xx.o [1]
    .data            inited   0x2000001c      0x8  w25qxx.o [1]
    .data            inited   0x20000024     0x38  xlocale_c.o [3]
    .data            inited   0x2000005c     0x48  xlocale_c.o [3]
    .data            inited   0x200000a4     0x48  xfiles.o [3]
    .data            inited   0x200000ec      0x1  w25qxx.o [1]
                            - 0x200000ed     0xed

"P2", part 2 of 3:                        0x13048
  .bss               zero     0x200000f0  0x12c18  heap_4.o [1]
  .bss               zero     0x20012d08     0xa8  tasks.o [1]
  .bss               zero     0x20012db0     0x5c  tasks.o [1]
  .bss               zero     0x20012e0c     0x58  spi.o [1]
  .bss               zero     0x20012e64     0x54  i2c.o [1]
  .bss               zero     0x20012eb8     0x50  xfiles.o [3]
  .bss               zero     0x20012f08     0x48  adc.o [1]
  .bss               zero     0x20012f50     0x40  queue.o [1]
  .bss               zero     0x20012f90     0x40  tim.o [1]
  .bss               zero     0x20012fd0     0x40  usart.o [1]
  .bss               zero     0x20013010     0x40  usart.o [1]
  .bss               zero     0x20013050     0x40  usart.o [1]
  .bss               zero     0x20013090     0x40  usart.o [1]
  .bss               zero     0x200130d0     0x3c  timers.o [1]
  .bss               zero     0x2001310c     0x28  main.o [1]
  .bss               zero     0x20013134      0x4  xfail_s.o [3]
                            - 0x20013138  0x13048

"P2", part 3 of 3:                          0x400
  CSTACK                      0x20013138    0x400  <Block>
    CSTACK           uninit   0x20013138    0x400  <Block tail>
                            - 0x20013538    0x400


*******************************************************************************
*** INIT TABLE
***

          Address     Size
          -------     ----
Zero (__iar_zero_init3)
    1 destination range, total size 0x13048:
          0x200000f0  0x13048

Copy/packbits (__iar_packbits_init_single3)
    1 source range, total size 0x91 (61% of destination):
          0x08005fd2     0x91
    1 destination range, total size 0xed:
          0x20000000     0xed



*******************************************************************************
*** MODULE SUMMARY
***

    Module                  ro code  ro data  rw data
    ------                  -------  -------  -------
D:\project_file\100_demo\famil_tnb\famil_tnb\EWARM\LED\Obj: [1]
    adc.o                       216                72
    ds3231.o                    216
    gpio.o                      208
    heap_4.o                    436            76 824
    i2c.o                       172                84
    list.o                      142
    main.o                      600                40
    port.o                      496        7       12
    portasm.o                   168
    queue.o                   1 416                64
    spi.o                       176                88
    startup_stm32f407xx.o       716
    stm32f4xx_hal.o             184        7       12
    stm32f4xx_hal_adc.o         656
    stm32f4xx_hal_cortex.o      206
    stm32f4xx_hal_dma.o          36
    stm32f4xx_hal_gpio.o        512
    stm32f4xx_hal_i2c.o       1 250
    stm32f4xx_hal_msp.o          56
    stm32f4xx_hal_rcc.o       1 216
    stm32f4xx_hal_spi.o       1 628
    stm32f4xx_hal_tim.o         978
    stm32f4xx_hal_uart.o      1 332
    stm32f4xx_it.o               78
    system_stm32f4xx.o           44       11        4
    tasks.o                   1 976               260
    tim.o                       240                64
    timers.o                    760                60
    usart.o                     524               256
    w25qxx.o                    380        6        9
    -------------------------------------------------
    Total:                   17 018       31   77 849

command line: [2]
    -------------------------------------------------
    Total:

dl7M_tlf.a: [3]
    abort.o                       6
    exit.o                        4
    low_level_init.o              4
    printf.o                     40
    putchar.o                    12
    xencoding_8859_1.o           30
    xfail_s.o                    68                 4
    xfiles.o                              44      152
    xlocale_c.o                 116       84      128
    xmbcurmax.o                  10
    xprintffull.o             3 954
    xprout.o                     22
    -------------------------------------------------
    Total:                    4 266      128      284

m7M_tls.a: [4]
    DblAdd.o                    360
    DblCmpGe.o                   46
    DblCmpLe.o                   46
    DblDiv.o                    582
    DblMul.o                    418
    DblSub.o                    226
    DblToS32.o                   58
    DblToU32.o                   40
    S32ToDbl.o                   34
    U32ToDbl.o                   26
    fpinit_M.o                   34
    frexp.o                     112
    ldexp.o                     314
    -------------------------------------------------
    Total:                    2 296

rt7M_tl.a: [5]
    ABImemclr4.o                  6
    ABImemcpy.o                 166
    ABImemset48.o                58
    I64DivMod.o                 238
    I64DivZer.o                   2
    cexit.o                      10
    cmain.o                      26
    cstartup_M.o                 12
    data_init.o                  40
    memchr.o                     88
    packbits_init_single.o       56
    strchr.o                     22
    strlen.o                     54
    zero_init3.o                 64
    -------------------------------------------------
    Total:                      842

shb_l.a: [6]
    exit.o                       20
    -------------------------------------------------
    Total:                       20

    Gaps                         40        2
    Linker created                        32    1 024
-----------------------------------------------------
    Grand Total:             24 482      193   79 157


*******************************************************************************
*** ENTRY LIST
***

Entry                      Address     Size  Type      Object
-----                      -------     ----  ----      ------
.iar.init_table$$Base   0x08005e04            --   Gb  - Linker created -
.iar.init_table$$Limit  0x08005e24            --   Gb  - Linker created -
?main                   0x08005e25           Code  Gb  cmain.o [5]
ADC_Init                0x08005b51     0xf8  Code  Lc  stm32f4xx_hal_adc.o [1]
AHBPrescTable           0x08005da8     0x10  Data  Gb  system_stm32f4xx.o [1]
APBPrescTable           0x08005e90      0x8  Data  Gb  system_stm32f4xx.o [1]
B_BCD                   0x08004899     0x10  Code  Gb  ds3231.o [1]
BusFault_Handler        0x08005ce3      0x2  Code  Gb  stm32f4xx_it.o [1]
CSTACK$$Base            0x20013138            --   Gb  - Linker created -
CSTACK$$Limit           0x20013538            --   Gb  - Linker created -
CacheMore               0x0800111d     0x24  Code  Lc  xlocale_c.o [3]
CheckBusy               0x08004979     0x40  Code  Gb  w25qxx.o [1]
DS3231_Init             0x080048cb     0x22  Code  Gb  ds3231.o [1]
DS3231_WR_Byte          0x080048a9     0x22  Code  Gb  ds3231.o [1]
DebugMon_Handler        0x08005ce7      0x2  Code  Gb  stm32f4xx_it.o [1]
Error_Handler           0x08003bc1      0x2  Code  Gb  main.o [1]
HAL_ADC_ConfigChannel   0x08005a21    0x11a  Code  Gb  stm32f4xx_hal_adc.o [1]
HAL_ADC_Init            0x080059d1     0x50  Code  Gb  stm32f4xx_hal_adc.o [1]
HAL_ADC_MspInit         0x08004737     0x5c  Code  Gb  adc.o [1]
HAL_DMA_Abort_IT        0x0800537d     0x24  Code  Gb  stm32f4xx_hal_dma.o [1]
HAL_Delay               0x08005c61     0x28  Code  Wk  stm32f4xx_hal.o [1]
HAL_GPIO_Init           0x08003be5    0x1c6  Code  Gb  stm32f4xx_hal_gpio.o [1]
HAL_GPIO_WritePin       0x08003dab      0x8  Code  Gb  stm32f4xx_hal_gpio.o [1]
HAL_GetTick             0x08003979      0xc  Code  Wk  stm32f4xx_hal.o [1]
HAL_I2C_Init            0x080054ed    0x124  Code  Gb  stm32f4xx_hal_i2c.o [1]
HAL_I2C_Mem_Write       0x0800562d     0xf4  Code  Gb  stm32f4xx_hal_i2c.o [1]
HAL_I2C_MspInit         0x0800444b     0x64  Code  Gb  i2c.o [1]
HAL_IncTick             0x08005d05     0x10  Code  Wk  stm32f4xx_hal.o [1]
HAL_Init                0x08004315     0x30  Code  Gb  stm32f4xx_hal.o [1]
HAL_InitTick            0x08005475     0x40  Code  Wk  stm32f4xx_hal.o [1]
HAL_MspInit             0x080054b5     0x38  Code  Gb  stm32f4xx_hal_msp.o [1]
HAL_NVIC_EnableIRQ      0x08005417     0x16  Code  Gb  stm32f4xx_hal_cortex.o [1]
HAL_NVIC_SetPriority    0x080053dd     0x3a  Code  Gb  stm32f4xx_hal_cortex.o [1]
HAL_NVIC_SetPriorityGrouping
                        0x080053c3     0x1a  Code  Gb  stm32f4xx_hal_cortex.o [1]
HAL_RCC_ClockConfig     0x080051d9    0x100  Code  Gb  stm32f4xx_hal_rcc.o [1]
HAL_RCC_GetPCLK1Freq    0x080052e5     0x10  Code  Gb  stm32f4xx_hal_rcc.o [1]
HAL_RCC_GetPCLK2Freq    0x080052f5      0xe  Code  Gb  stm32f4xx_hal_rcc.o [1]
HAL_RCC_OscConfig       0x08004ebd    0x31c  Code  Wk  stm32f4xx_hal_rcc.o [1]
HAL_SPI_Init            0x0800326d     0x78  Code  Gb  stm32f4xx_hal_spi.o [1]
HAL_SPI_MspInit         0x08003905     0x64  Code  Gb  spi.o [1]
HAL_SPI_Receive         0x08003447    0x130  Code  Gb  stm32f4xx_hal_spi.o [1]
HAL_SPI_Transmit        0x080032e5    0x162  Code  Gb  stm32f4xx_hal_spi.o [1]
HAL_SPI_TransmitReceive
                        0x0800358b    0x1bc  Code  Gb  stm32f4xx_hal_spi.o [1]
HAL_SYSTICK_Config      0x0800542d     0x28  Code  Gb  stm32f4xx_hal_cortex.o [1]
HAL_SYSTICK_IRQHandler  0x0800546d      0x4  Code  Gb  stm32f4xx_hal_cortex.o [1]
HAL_TIM_Base_Init       0x08004aed     0x1a  Code  Gb  stm32f4xx_hal_tim.o [1]
HAL_TIM_Base_MspInit    0x08004811     0x26  Code  Gb  tim.o [1]
HAL_TIM_MspPostInit     0x08004837     0x4c  Code  Gb  tim.o [1]
HAL_TIM_PWM_ConfigChannel
                        0x08004b99     0xc0  Code  Gb  stm32f4xx_hal_tim.o [1]
HAL_TIM_PWM_Init        0x08004b3b     0x1a  Code  Gb  stm32f4xx_hal_tim.o [1]
HAL_TIM_PWM_Start       0x08004b55     0x18  Code  Gb  stm32f4xx_hal_tim.o [1]
HAL_UART_IRQHandler     0x08003fb7    0x156  Code  Gb  stm32f4xx_hal_uart.o [1]
HAL_UART_Init           0x08003de5     0x1e  Code  Gb  stm32f4xx_hal_uart.o [1]
HAL_UART_MspInit        0x0800452b    0x13a  Code  Gb  usart.o [1]
HAL_UART_Receive_IT     0x08003f51     0x54  Code  Gb  stm32f4xx_hal_uart.o [1]
HAL_UART_RxCpltCallback
                        0x08003985     0x62  Code  Gb  main.o [1]
HAL_UART_Transmit       0x08003e5d     0xac  Code  Gb  stm32f4xx_hal_uart.o [1]
HAL_UART_Transmit_IT    0x08003f11     0x40  Code  Gb  stm32f4xx_hal_uart.o [1]
HardFault_Handler       0x08005cdf      0x2  Code  Gb  stm32f4xx_it.o [1]
I2C_IsAcknowledgeFailed
                        0x0800599f     0x30  Code  Lc  stm32f4xx_hal_i2c.o [1]
I2C_RequestMemoryWrite  0x08005783     0x94  Code  Lc  stm32f4xx_hal_i2c.o [1]
I2C_WaitOnBTFFlagUntilTimeout
                        0x08005935     0x38  Code  Lc  stm32f4xx_hal_i2c.o [1]
I2C_WaitOnFlagUntilTimeout
                        0x08005829     0x52  Code  Lc  stm32f4xx_hal_i2c.o [1]
I2C_WaitOnMasterAddressFlagUntilTimeout
                        0x0800587b     0x74  Code  Lc  stm32f4xx_hal_i2c.o [1]
I2C_WaitOnTXEFlagUntilTimeout
                        0x080058fd     0x38  Code  Lc  stm32f4xx_hal_i2c.o [1]
LoadInt                 0x08000357     0x7a  Code  Lc  xprintffull.o [3]
MX_ADC1_Init            0x080046d1     0x66  Code  Gb  adc.o [1]
MX_GPIO_Init            0x08004349     0xb0  Code  Gb  gpio.o [1]
MX_I2C1_Init            0x08004419     0x32  Code  Gb  i2c.o [1]
MX_SPI1_Init            0x080038c9     0x3c  Code  Gb  spi.o [1]
MX_TIM14_Init           0x080047a9     0x68  Code  Gb  tim.o [1]
MX_UART4_Init           0x080044c5     0x10  Code  Gb  usart.o [1]
MX_USART1_UART_Init     0x080044d5     0x10  Code  Gb  usart.o [1]
MX_USART2_UART_Init     0x080044ed     0x10  Code  Gb  usart.o [1]
MX_USART3_UART_Init     0x0800451b     0x10  Code  Gb  usart.o [1]
MemManage_Handler       0x08005ce1      0x2  Code  Gb  stm32f4xx_it.o [1]
NMI_Handler             0x08005cdd      0x2  Code  Gb  stm32f4xx_it.o [1]
PendSV_Handler          0x08002c3d           Code  Gb  portasm.o [1]
ReadData                0x080049b9     0x80  Code  Gb  w25qxx.o [1]
Region$$Table$$Base     0x08005e04            --   Gb  - Linker created -
Region$$Table$$Limit    0x08005e24            --   Gb  - Linker created -
SPI_EndRxTransaction    0x08003811     0x50  Code  Lc  stm32f4xx_hal_spi.o [1]
SPI_EndRxTxTransaction  0x08003861     0x52  Code  Lc  stm32f4xx_hal_spi.o [1]
SPI_WaitFlagStateUntilTimeout
                        0x0800377b     0x8a  Code  Lc  stm32f4xx_hal_spi.o [1]
SVC_Handler             0x08002c95           Code  Gb  portasm.o [1]
Set_DS3231_Time         0x080048ed     0x80  Code  Gb  ds3231.o [1]
SysTick_Handler         0x08005ce9     0x1a  Code  Gb  stm32f4xx_it.o [1]
SystemClock_Config      0x08003b01     0x8c  Code  Gb  main.o [1]
SystemCoreClock         0x20000018      0x4  Data  Gb  system_stm32f4xx.o [1]
SystemInit              0x08005d8d     0x14  Code  Gb  system_stm32f4xx.o [1]
TIM_Base_SetConfig      0x08004c81     0x96  Code  Gb  stm32f4xx_hal_tim.o [1]
TIM_CCxChannelCmd       0x08004ea1     0x16  Code  Gb  stm32f4xx_hal_tim.o [1]
TIM_OC1_SetConfig       0x08004d17     0x52  Code  Lc  stm32f4xx_hal_tim.o [1]
TIM_OC2_SetConfig       0x08004d69     0x60  Code  Gb  stm32f4xx_hal_tim.o [1]
TIM_OC3_SetConfig       0x08004dc9     0x58  Code  Lc  stm32f4xx_hal_tim.o [1]
TIM_OC4_SetConfig       0x08004e2d     0x46  Code  Lc  stm32f4xx_hal_tim.o [1]
Task0_Task              0x08003ab9     0x2a  Code  Gb  main.o [1]
Task1_Task              0x08003ae5     0x1c  Code  Gb  main.o [1]
UART4_IRQHandler        0x08005cc7      0x6  Code  Gb  stm32f4xx_it.o [1]
UART_DMAAbortOnError    0x0800418d      0xc  Code  Lc  stm32f4xx_hal_uart.o [1]
UART_EndRxTransfer      0x08004171     0x1c  Code  Lc  stm32f4xx_hal_uart.o [1]
UART_Receive_IT         0x08004199     0x96  Code  Lc  stm32f4xx_hal_uart.o [1]
UART_SetConfig          0x0800422f     0xca  Code  Lc  stm32f4xx_hal_uart.o [1]
UART_WaitOnFlagUntilTimeout
                        0x0800410d     0x56  Code  Lc  stm32f4xx_hal_uart.o [1]
USART1_IRQHandler       0x08005cb5      0x6  Code  Gb  stm32f4xx_it.o [1]
USART2_IRQHandler       0x08005cbb      0x6  Code  Gb  stm32f4xx_it.o [1]
USART3_IRQHandler       0x08005cc1      0x6  Code  Gb  stm32f4xx_it.o [1]
UsageFault_Handler      0x08005ce5      0x2  Code  Gb  stm32f4xx_it.o [1]
WriteData               0x08004a43     0x58  Code  Gb  w25qxx.o [1]
_Encoding_8859_1_Mbrlen
                        0x0800110d      0x2  Code  Gb  xencoding_8859_1.o [3]
_Encoding_8859_1_Wctomb
                        0x080010fb     0x12  Code  Gb  xencoding_8859_1.o [3]
_GenldFull              0x08000dcb    0x27e  Code  Lc  xprintffull.o [3]
_LdtobFull              0x080009b1    0x3f0  Code  Lc  xprintffull.o [3]
_LitobFull              0x08000855    0x116  Code  Lc  xprintffull.o [3]
_Locale_lconv           0x20000024     0x38  Data  Lc  xlocale_c.o [3]
_PrintfFull             0x08000189    0x1b6  Code  Gb  xprintffull.o [3]
_Prout                  0x08005e53     0x16  Code  Gb  xprout.o [3]
_PutcharsFull           0x08001049     0x2e  Code  Lc  xprintffull.o [3]
_PutfldFull             0x080003d1    0x2d0  Code  Lc  xprintffull.o [3]
_PutstrFull             0x08000797     0xbe  Code  Lc  xprintffull.o [3]
_PuttxtFull             0x080006a1     0xf6  Code  Lc  xprintffull.o [3]
__NVIC_SetPriority      0x080053a5     0x1e  Code  Lc  stm32f4xx_hal_cortex.o [1]
__aeabi_cdcmple         0x08001631           Code  Gb  DblCmpLe.o [4]
__aeabi_cdrcmple        0x08001661           Code  Gb  DblCmpGe.o [4]
__aeabi_d2iz            0x080017cd           Code  Gb  DblToS32.o [4]
__aeabi_d2uiz           0x08001b59           Code  Gb  DblToU32.o [4]
__aeabi_ddiv            0x08001911           Code  Gb  DblDiv.o [4]
__aeabi_dmul            0x0800141d           Code  Gb  DblMul.o [4]
__aeabi_dsub            0x0800182d           Code  Gb  DblSub.o [4]
__aeabi_i2d             0x08001809           Code  Gb  S32ToDbl.o [4]
__aeabi_ldiv0           0x08001ba1           Code  Gb  I64DivZer.o [5]
__aeabi_memclr4         0x08003bdd           Code  Gb  ABImemclr4.o [5]
__aeabi_memcpy          0x08001285           Code  Gb  ABImemcpy.o [5]
__aeabi_memcpy4         0x080012a5           Code  Gb  ABImemcpy.o [5]
__aeabi_memcpy8         0x080012a5           Code  Gb  ABImemcpy.o [5]
__aeabi_memset4         0x0800268d           Code  Gb  ABImemset48.o [5]
__aeabi_memset8         0x0800268d           Code  Gb  ABImemset48.o [5]
__aeabi_ui2d            0x08001b81           Code  Gb  U32ToDbl.o [4]
__aeabi_uldivmod        0x0800132d           Code  Gb  I64DivMod.o [5]
__cmain                 0x08005e25           Code  Gb  cmain.o [5]
__exit                  0x08001d0d     0x14  Code  Gb  exit.o [6]
__iar_Fail_s            0x080011a5     0x1e  Code  Gb  xfail_s.o [3]
__iar_Mbcurmax          0x08001279      0xa  Code  Gb  xmbcurmax.o [3]
__iar_Memchr            0x08001221           Code  Gb  memchr.o [5]
__iar_Memset4_word      0x08002695           Code  Gb  ABImemset48.o [5]
__iar_Memset8_word      0x08002695           Code  Gb  ABImemset48.o [5]
__iar_Stdout            0x200000a4     0x48  Data  Gb  xfiles.o [3]
__iar_Strchr            0x0800118d           Code  Gb  strchr.o [5]
__iar_dadd              0x0800183d           Code  Gb  DblSub.o [4]
__iar_data_init3        0x08005db9     0x28  Code  Gb  data_init.o [5]
__iar_dsub              0x08001ba5           Code  Gb  DblAdd.o [4]
__iar_dsubStart         0x08001bb7           Code  Gb  DblAdd.o [4]
__iar_frexp             0x080015cd           Code  Gb  frexp.o [4]
__iar_frexpl            0x080015cd           Code  Gb  frexp.o [4]
__iar_globLocale        0x2000005c     0x48  Data  Lc  xlocale_c.o [3]
__iar_global_Locale     0x08001119      0x4  Code  Gb  xlocale_c.o [3]
__iar_init_vfp          0x08005de1           Code  Gb  fpinit_M.o [4]
__iar_ldexp64           0x08001691           Code  Gb  ldexp.o [4]
__iar_packbits_init_single3
                        0x08005d55     0x38  Code  Gb  packbits_init_single.o [5]
__iar_program_start     0x08005e85           Code  Gb  cstartup_M.o [5]
__iar_scalbln64         0x08001691           Code  Gb  ldexp.o [4]
__iar_scalbn64          0x08001691           Code  Gb  ldexp.o [4]
__iar_softfp___iar_frexp64
                        0x080015c1           Code  Gb  frexp.o [4]
__iar_softfp_frexp      0x080015c1           Code  Gb  frexp.o [4]
__iar_softfp_frexpl     0x080015c1           Code  Gb  frexp.o [4]
__iar_systems$$module {Abs}
                        0x00000001           Data  Gb  command line/config [2]
__iar_zero_init3        0x08005d15     0x40  Code  Gb  zero_init3.o [5]
__low_level_init        0x08005e3f      0x4  Code  Gb  low_level_init.o [3]
__vector_table          0x08000000           Data  Gb  startup_stm32f407xx.o [1]
_call_main              0x08005e31           Code  Gb  cmain.o [5]
_exit                   0x08005e49           Code  Gb  cexit.o [5]
_gLocale_mblen          0x08001179      0x4  Code  Gb  xlocale_c.o [3]
_gLocale_mblenInt       0x08001141     0x34  Code  Gb  xlocale_c.o [3]
_gLocale_wctomb         0x0800117d      0x4  Code  Gb  xlocale_c.o [3]
_gLocale_wctombInt      0x08001175      0x4  Code  Gb  xlocale_c.o [3]
_main                   0x08005e3b           Code  Gb  cmain.o [5]
abort                   0x08001b9b      0x6  Code  Gb  abort.o [3]
check_addr              0x200000ec      0x1  Data  Gb  w25qxx.o [1]
enable_write            0x2000001c      0x1  Data  Gb  w25qxx.o [1]
erase_addr              0x2000001d      0x1  Data  Gb  w25qxx.o [1]
exit                    0x08005e43      0x4  Code  Gb  exit.o [3]
fputc                   0x0800468f     0x14  Code  Gb  usart.o [1]
hadc1                   0x20012f08     0x48  Data  Gb  adc.o [1]
hi2c1                   0x20012e64     0x54  Data  Gb  i2c.o [1]
hspi1                   0x20012e0c     0x58  Data  Gb  spi.o [1]
htim14                  0x20012f90     0x40  Data  Gb  tim.o [1]
huart1                  0x20013010     0x40  Data  Gb  usart.o [1]
huart2                  0x20013050     0x40  Data  Gb  usart.o [1]
huart3                  0x20013090     0x40  Data  Gb  usart.o [1]
huart4                  0x20012fd0     0x40  Data  Gb  usart.o [1]
ldexp                   0x08001691           Code  Gb  ldexp.o [4]
ldexpl                  0x08001691           Code  Gb  ldexp.o [4]
localeconv              0x08001181      0x4  Code  Gb  xlocale_c.o [3]
m_addr                  0x20000020      0x4  Data  Gb  w25qxx.o [1]
main                    0x080039fb     0xbc  Code  Gb  main.o [1]
memchr                  0x08001221           Code  Gb  memchr.o [5]
obuf                    0x20012eb8     0x50  Data  Lc  xfiles.o [3]
printf                  0x08005c89     0x28  Code  Gb  printf.o [3]
prvAddCurrentTaskToDelayedList
                        0x08002457     0x6c  Code  Lc  tasks.o [1]
prvAddNewTaskToReadyList
                        0x08001e05     0xaa  Code  Lc  tasks.o [1]
prvCheckForValidListAndQueue
                        0x08002bdf     0x46  Code  Lc  timers.o [1]
prvCopyDataFromQueue    0x0800315b     0x28  Code  Lc  queue.o [1]
prvCopyDataToQueue      0x080030f3     0x68  Code  Lc  queue.o [1]
prvDeleteTCB            0x080022cd     0x14  Code  Lc  tasks.o [1]
prvIdleTask             0x0800226d     0x5a  Code  Lc  tasks.o [1]
prvInitialiseNewQueue   0x08002d91     0x1e  Code  Lc  queue.o [1]
prvInitialiseNewTask    0x08001d79     0x8c  Code  Lc  tasks.o [1]
prvInsertBlockIntoFreeList
                        0x0800263f     0x46  Code  Lc  heap_4.o [1]
prvInsertTimerInActiveList
                        0x08002b03     0x34  Code  Lc  timers.o [1]
prvIsQueueEmpty         0x080031e5     0x16  Code  Lc  queue.o [1]
prvProcessReceivedCommands
                        0x08002b39     0xa6  Code  Lc  timers.o [1]
prvProcessTimerOrBlockTask
                        0x080029df     0x9a  Code  Lc  timers.o [1]
prvResetNextTaskUnblockTime
                        0x080022e1     0x1c  Code  Lc  tasks.o [1]
prvSampleTimeNow        0x08002a79     0x7a  Code  Lc  timers.o [1]
prvSampleTimeNow::xLastTime
                        0x200130e0      0x4  Data  Lc  timers.o [1]
prvTaskExitError        0x0800277d     0x28  Code  Lc  port.o [1]
prvTimerTask            0x080029c1     0x1e  Code  Lc  timers.o [1]
prvUnlockQueue          0x08003183     0x62  Code  Lc  queue.o [1]
putchar                 0x08005e69      0xc  Code  Gb  putchar.o [3]
pvPortMalloc            0x080024d9    0x104  Code  Gb  heap_4.o [1]
pvTaskIncrementMutexHeldCount
                        0x0800241d     0x14  Code  Gb  tasks.o [1]
pxCurrentTCB            0x20012d6c      0x4  Data  Gb  tasks.o [1]
pxCurrentTimerList      0x200130d0      0x4  Data  Lc  timers.o [1]
pxDelayedTaskList       0x20012d70      0x4  Data  Lc  tasks.o [1]
pxEnd                   0x200000f8      0x4  Data  Lc  heap_4.o [1]
pxOverflowDelayedTaskList
                        0x20012d74      0x4  Data  Lc  tasks.o [1]
pxOverflowTimerList     0x200130d4      0x4  Data  Lc  timers.o [1]
pxPortInitialiseStack   0x08002755     0x26  Code  Gb  port.o [1]
pxReadyTasksLists       0x20012d08     0x64  Data  Lc  tasks.o [1]
read_addr               0x2000001f      0x1  Data  Gb  w25qxx.o [1]
recv_buf                0x2001310c     0x14  Data  Gb  main.o [1]
recv_buf1               0x20013120     0x14  Data  Gb  main.o [1]
scalbln                 0x08001691           Code  Gb  ldexp.o [4]
scalblnl                0x08001691           Code  Gb  ldexp.o [4]
scalbn                  0x08001691           Code  Gb  ldexp.o [4]
scalbnl                 0x08001691           Code  Gb  ldexp.o [4]
scale                   0x0800096b     0x46  Code  Lc  xprintffull.o [3]
sec_hand                0x20013134      0x4  Data  Lc  xfail_s.o [3]
strchr                  0x0800118d           Code  Gb  strchr.o [5]
strlen                  0x080011e9           Code  Gb  strlen.o [5]
ucHeap                  0x20000108  0x12c00  Data  Lc  heap_4.o [1]
ucMaxSysCallPriority    0x20000000      0x1  Data  Lc  port.o [1]
ulMaxPRIGROUPValue      0x20000008      0x4  Data  Lc  port.o [1]
uwTick                  0x20000010      0x4  Data  Gb  stm32f4xx_hal.o [1]
uwTickFreq              0x2000000c      0x1  Data  Gb  stm32f4xx_hal.o [1]
uwTickPrio              0x20000014      0x4  Data  Gb  stm32f4xx_hal.o [1]
uxCriticalNesting       0x20000004      0x4  Data  Lc  port.o [1]
uxCurrentNumberOfTasks  0x20012d78      0x4  Data  Lc  tasks.o [1]
uxDeletedTasksWaitingCleanUp
                        0x20012dd8      0x4  Data  Lc  tasks.o [1]
uxListRemove            0x08002731     0x24  Code  Gb  list.o [1]
uxPendedTicks           0x20012df8      0x4  Data  Lc  tasks.o [1]
uxSchedulerSuspended    0x20012d84      0x4  Data  Lc  tasks.o [1]
uxTaskNumber            0x20012e00      0x4  Data  Lc  tasks.o [1]
uxTopReadyPriority      0x20012d7c      0x4  Data  Lc  tasks.o [1]
vListInitialise         0x080026c7     0x1a  Code  Gb  list.o [1]
vListInitialiseItem     0x080026e1      0x6  Code  Gb  list.o [1]
vListInsert             0x080026ff     0x32  Code  Gb  list.o [1]
vListInsertEnd          0x080026e7     0x18  Code  Gb  list.o [1]
vPortEnableVFP          0x08002cc9           Code  Gb  portasm.o [1]
vPortEnterCritical      0x08002841     0x32  Code  Gb  port.o [1]
vPortExitCritical       0x08002873     0x22  Code  Gb  port.o [1]
vPortFree               0x080025eb     0x46  Code  Gb  heap_4.o [1]
vPortStartFirstTask     0x08002cb1           Code  Gb  portasm.o [1]
vPortValidateInterruptPriority
                        0x080028bd     0x42  Code  Gb  port.o [1]
vQueueAddToRegistry     0x080031fb     0x20  Code  Gb  queue.o [1]
vQueueWaitForMessageRestricted
                        0x08003225     0x48  Code  Gb  queue.o [1]
vTaskDelay              0x08001eaf     0x2e  Code  Gb  tasks.o [1]
vTaskMissedYield        0x08002263      0xa  Code  Gb  tasks.o [1]
vTaskPlaceOnEventList   0x08002127     0x14  Code  Gb  tasks.o [1]
vTaskPlaceOnEventListRestricted
                        0x08002153     0x1e  Code  Gb  tasks.o [1]
vTaskPriorityInherit    0x08002317     0x76  Code  Gb  tasks.o [1]
vTaskSetTimeOutState    0x080021e3     0x20  Code  Gb  tasks.o [1]
vTaskStartScheduler     0x08001ef3     0x5e  Code  Gb  tasks.o [1]
vTaskSuspendAll         0x08001f51      0xc  Code  Gb  tasks.o [1]
vTaskSwitchContext      0x080020d5     0x52  Code  Gb  tasks.o [1]
write_addr              0x2000001e      0x1  Data  Gb  w25qxx.o [1]
xActiveTimerList1       0x200130e4     0x14  Data  Lc  timers.o [1]
xActiveTimerList2       0x200130f8     0x14  Data  Lc  timers.o [1]
xBlockAllocatedBit      0x20000104      0x4  Data  Lc  heap_4.o [1]
xDelayedTaskList1       0x20012d88     0x14  Data  Lc  tasks.o [1]
xDelayedTaskList2       0x20012d9c     0x14  Data  Lc  tasks.o [1]
xFreeBytesRemaining     0x200000fc      0x4  Data  Lc  heap_4.o [1]
xIdleTaskHandle         0x20012e08      0x4  Data  Lc  tasks.o [1]
xMinimumEverFreeBytesRemaining
                        0x20000100      0x4  Data  Lc  heap_4.o [1]
xNextTaskUnblockTime    0x20012e04      0x4  Data  Lc  tasks.o [1]
xNumOfOverflows         0x20012dfc      0x4  Data  Lc  tasks.o [1]
xPendingReadyList       0x20012db0     0x14  Data  Lc  tasks.o [1]
xPortStartScheduler     0x080027a5     0x8a  Code  Gb  port.o [1]
xPortSysTickHandler     0x08002895     0x26  Code  Gb  port.o [1]
xQueueGenericCreate     0x08002d59     0x38  Code  Gb  queue.o [1]
xQueueGenericReceive    0x08002f9d    0x136  Code  Gb  queue.o [1]
xQueueGenericReset      0x08002ce5     0x74  Code  Gb  queue.o [1]
xQueueGenericSend       0x08002dbf    0x122  Code  Gb  queue.o [1]
xQueueGenericSendFromISR
                        0x08002ee1     0x92  Code  Gb  queue.o [1]
xQueueRegistry          0x20012f50     0x40  Data  Gb  queue.o [1]
xSchedulerRunning       0x20012df4      0x4  Data  Lc  tasks.o [1]
xStart                  0x200000f0      0x8  Data  Lc  heap_4.o [1]
xSuspendedTaskList      0x20012ddc     0x14  Data  Lc  tasks.o [1]
xTaskCheckForTimeOut    0x08002203     0x60  Code  Gb  tasks.o [1]
xTaskCreate             0x08001d21     0x58  Code  Gb  tasks.o [1]
xTaskGetSchedulerState  0x080022fd     0x1a  Code  Gb  tasks.o [1]
xTaskGetTickCount       0x08002009      0x8  Code  Gb  tasks.o [1]
xTaskIncrementTick      0x08002011     0xc4  Code  Gb  tasks.o [1]
xTaskPriorityDisinherit
                        0x08002395     0x82  Code  Gb  tasks.o [1]
xTaskRemoveFromEventList
                        0x0800218f     0x4e  Code  Gb  tasks.o [1]
xTaskResumeAll          0x08001f5d     0xa4  Code  Gb  tasks.o [1]
xTasksWaitingTermination
                        0x20012dc4     0x14  Data  Lc  tasks.o [1]
xTickCount              0x20012df0      0x4  Data  Lc  tasks.o [1]
xTimerCreateTimerTask   0x08002945     0x34  Code  Gb  timers.o [1]
xTimerGenericCommand    0x08002979     0x48  Code  Gb  timers.o [1]
xTimerQueue             0x200130d8      0x4  Data  Lc  timers.o [1]
xTimerTaskHandle        0x200130dc      0x4  Data  Lc  timers.o [1]
xYieldPending           0x20012d80      0x4  Data  Lc  tasks.o [1]


[1] = D:\project_file\100_demo\famil_tnb\famil_tnb\EWARM\LED\Obj
[2] = command line
[3] = dl7M_tlf.a
[4] = m7M_tls.a
[5] = rt7M_tl.a
[6] = shb_l.a

  24 482 bytes of readonly  code memory
     193 bytes of readonly  data memory
  79 157 bytes of readwrite data memory

Errors: none
Warnings: none
