###############################################################################
#
# IAR ELF Linker V8.11.3.13950/W32 for ARM                05/Mar/2021  23:47:02
# Copyright 2007-2017 IAR Systems AB.
#
#    Output file  =  
#        D:\project_file\100_demo\famil_tnb\famil_tnb\EWARM\famil_tnb\Exe\famil_tnb.out
#    Map file     =  
#        D:\project_file\100_demo\famil_tnb\famil_tnb\EWARM\famil_tnb\List\famil_tnb.map
#    Command line =  
#        -f C:\Users\GAO'LI~1\AppData\Local\Temp\EW99F0.tmp
#        (D:\project_file\100_demo\famil_tnb\famil_tnb\EWARM\famil_tnb\Obj\b_image.o
#        D:\project_file\100_demo\famil_tnb\famil_tnb\EWARM\famil_tnb\Obj\crc.o
#        D:\project_file\100_demo\famil_tnb\famil_tnb\EWARM\famil_tnb\Obj\croutine.o
#        D:\project_file\100_demo\famil_tnb\famil_tnb\EWARM\famil_tnb\Obj\delay.o
#        D:\project_file\100_demo\famil_tnb\famil_tnb\EWARM\famil_tnb\Obj\dht11.o
#        D:\project_file\100_demo\famil_tnb\famil_tnb\EWARM\famil_tnb\Obj\ds3231.o
#        D:\project_file\100_demo\famil_tnb\famil_tnb\EWARM\famil_tnb\Obj\event_groups.o
#        D:\project_file\100_demo\famil_tnb\famil_tnb\EWARM\famil_tnb\Obj\font_micro_25.o
#        D:\project_file\100_demo\famil_tnb\famil_tnb\EWARM\famil_tnb\Obj\font_micro_32.o
#        D:\project_file\100_demo\famil_tnb\famil_tnb\EWARM\famil_tnb\Obj\font_micro_64.o
#        D:\project_file\100_demo\famil_tnb\famil_tnb\EWARM\famil_tnb\Obj\FramewinDLG.o
#        D:\project_file\100_demo\famil_tnb\famil_tnb\EWARM\famil_tnb\Obj\fsmc.o
#        D:\project_file\100_demo\famil_tnb\famil_tnb\EWARM\famil_tnb\Obj\gpio.o
#        D:\project_file\100_demo\famil_tnb\famil_tnb\EWARM\famil_tnb\Obj\gui_common.o
#        D:\project_file\100_demo\famil_tnb\famil_tnb\EWARM\famil_tnb\Obj\gui_keypad.o
#        D:\project_file\100_demo\famil_tnb\famil_tnb\EWARM\famil_tnb\Obj\gui_warning.o
#        D:\project_file\100_demo\famil_tnb\famil_tnb\EWARM\famil_tnb\Obj\GUI_X_OS.o
#        D:\project_file\100_demo\famil_tnb\famil_tnb\EWARM\famil_tnb\Obj\GUI_X_Touch_Analog.o
#        D:\project_file\100_demo\famil_tnb\famil_tnb\EWARM\famil_tnb\Obj\GUIConf.o
#        D:\project_file\100_demo\famil_tnb\famil_tnb\EWARM\famil_tnb\Obj\heap_4.o
#        D:\project_file\100_demo\famil_tnb\famil_tnb\EWARM\famil_tnb\Obj\i2c.o
#        D:\project_file\100_demo\famil_tnb\famil_tnb\EWARM\famil_tnb\Obj\ILI93xx.o
#        D:\project_file\100_demo\famil_tnb\famil_tnb\EWARM\famil_tnb\Obj\LCDConf_FlexColor_Template.o
#        D:\project_file\100_demo\famil_tnb\famil_tnb\EWARM\famil_tnb\Obj\list.o
#        D:\project_file\100_demo\famil_tnb\famil_tnb\EWARM\famil_tnb\Obj\main.o
#        D:\project_file\100_demo\famil_tnb\famil_tnb\EWARM\famil_tnb\Obj\mylib.o
#        D:\project_file\100_demo\famil_tnb\famil_tnb\EWARM\famil_tnb\Obj\port.o
#        D:\project_file\100_demo\famil_tnb\famil_tnb\EWARM\famil_tnb\Obj\portasm.o
#        D:\project_file\100_demo\famil_tnb\famil_tnb\EWARM\famil_tnb\Obj\queue.o
#        D:\project_file\100_demo\famil_tnb\famil_tnb\EWARM\famil_tnb\Obj\spi.o
#        D:\project_file\100_demo\famil_tnb\famil_tnb\EWARM\famil_tnb\Obj\startup_stm32f407xx.o
#        D:\project_file\100_demo\famil_tnb\famil_tnb\STemWin\Lib\STemWin_CM4_OS_wc16.a
#        D:\project_file\100_demo\famil_tnb\famil_tnb\EWARM\famil_tnb\Obj\stm32f4xx_hal.o
#        D:\project_file\100_demo\famil_tnb\famil_tnb\EWARM\famil_tnb\Obj\stm32f4xx_hal_cortex.o
#        D:\project_file\100_demo\famil_tnb\famil_tnb\EWARM\famil_tnb\Obj\stm32f4xx_hal_crc.o
#        D:\project_file\100_demo\famil_tnb\famil_tnb\EWARM\famil_tnb\Obj\stm32f4xx_hal_dma.o
#        D:\project_file\100_demo\famil_tnb\famil_tnb\EWARM\famil_tnb\Obj\stm32f4xx_hal_dma_ex.o
#        D:\project_file\100_demo\famil_tnb\famil_tnb\EWARM\famil_tnb\Obj\stm32f4xx_hal_exti.o
#        D:\project_file\100_demo\famil_tnb\famil_tnb\EWARM\famil_tnb\Obj\stm32f4xx_hal_flash.o
#        D:\project_file\100_demo\famil_tnb\famil_tnb\EWARM\famil_tnb\Obj\stm32f4xx_hal_flash_ex.o
#        D:\project_file\100_demo\famil_tnb\famil_tnb\EWARM\famil_tnb\Obj\stm32f4xx_hal_flash_ramfunc.o
#        D:\project_file\100_demo\famil_tnb\famil_tnb\EWARM\famil_tnb\Obj\stm32f4xx_hal_gpio.o
#        D:\project_file\100_demo\famil_tnb\famil_tnb\EWARM\famil_tnb\Obj\stm32f4xx_hal_i2c.o
#        D:\project_file\100_demo\famil_tnb\famil_tnb\EWARM\famil_tnb\Obj\stm32f4xx_hal_i2c_ex.o
#        D:\project_file\100_demo\famil_tnb\famil_tnb\EWARM\famil_tnb\Obj\stm32f4xx_hal_msp.o
#        D:\project_file\100_demo\famil_tnb\famil_tnb\EWARM\famil_tnb\Obj\stm32f4xx_hal_pwr.o
#        D:\project_file\100_demo\famil_tnb\famil_tnb\EWARM\famil_tnb\Obj\stm32f4xx_hal_pwr_ex.o
#        D:\project_file\100_demo\famil_tnb\famil_tnb\EWARM\famil_tnb\Obj\stm32f4xx_hal_rcc.o
#        D:\project_file\100_demo\famil_tnb\famil_tnb\EWARM\famil_tnb\Obj\stm32f4xx_hal_rcc_ex.o
#        D:\project_file\100_demo\famil_tnb\famil_tnb\EWARM\famil_tnb\Obj\stm32f4xx_hal_spi.o
#        D:\project_file\100_demo\famil_tnb\famil_tnb\EWARM\famil_tnb\Obj\stm32f4xx_hal_sram.o
#        D:\project_file\100_demo\famil_tnb\famil_tnb\EWARM\famil_tnb\Obj\stm32f4xx_hal_tim.o
#        D:\project_file\100_demo\famil_tnb\famil_tnb\EWARM\famil_tnb\Obj\stm32f4xx_hal_tim_ex.o
#        D:\project_file\100_demo\famil_tnb\famil_tnb\EWARM\famil_tnb\Obj\stm32f4xx_hal_uart.o
#        D:\project_file\100_demo\famil_tnb\famil_tnb\EWARM\famil_tnb\Obj\stm32f4xx_it.o
#        D:\project_file\100_demo\famil_tnb\famil_tnb\EWARM\famil_tnb\Obj\stm32f4xx_ll_fsmc.o
#        D:\project_file\100_demo\famil_tnb\famil_tnb\EWARM\famil_tnb\Obj\stm32f4xx_ll_gpio.o
#        D:\project_file\100_demo\famil_tnb\famil_tnb\EWARM\famil_tnb\Obj\system_stm32f4xx.o
#        D:\project_file\100_demo\famil_tnb\famil_tnb\EWARM\famil_tnb\Obj\task_core.o
#        D:\project_file\100_demo\famil_tnb\famil_tnb\EWARM\famil_tnb\Obj\task_lcd.o
#        D:\project_file\100_demo\famil_tnb\famil_tnb\EWARM\famil_tnb\Obj\task_led.o
#        D:\project_file\100_demo\famil_tnb\famil_tnb\EWARM\famil_tnb\Obj\task_touch.o
#        D:\project_file\100_demo\famil_tnb\famil_tnb\EWARM\famil_tnb\Obj\tasks.o
#        D:\project_file\100_demo\famil_tnb\famil_tnb\EWARM\famil_tnb\Obj\timers.o
#        D:\project_file\100_demo\famil_tnb\famil_tnb\EWARM\famil_tnb\Obj\touch.o
#        D:\project_file\100_demo\famil_tnb\famil_tnb\EWARM\famil_tnb\Obj\ui_clock.o
#        D:\project_file\100_demo\famil_tnb\famil_tnb\EWARM\famil_tnb\Obj\ui_main.o
#        D:\project_file\100_demo\famil_tnb\famil_tnb\EWARM\famil_tnb\Obj\usart.o
#        D:\project_file\100_demo\famil_tnb\famil_tnb\EWARM\famil_tnb\Obj\w25qxx.o
#        --redirect _Printf=_PrintfFull --redirect _Scanf=_ScanfFull -o
#        D:\project_file\100_demo\famil_tnb\famil_tnb\EWARM\famil_tnb\Exe\famil_tnb.out
#        --map
#        D:\project_file\100_demo\famil_tnb\famil_tnb\EWARM\famil_tnb\List\famil_tnb.map
#        --config
#        D:\project_file\100_demo\famil_tnb\famil_tnb\EWARM/stm32f407xx_flash.icf
#        --semihosting --entry __iar_program_start --vfe --text_out locale)
#
###############################################################################

*******************************************************************************
*** MESSAGES
***

Warning[Lt009]: Inconsistent wchar_t size
            GUI_DrawBitmap_565.o(STemWin_CM4_OS_wc16.a) and 144 other objects
                      have wchar_t size 16 bits
            b_image.o and 197 other objects have wchar_t size 32 bits


*******************************************************************************
*** RUNTIME MODEL ATTRIBUTES
***

CppFlavor       = *
__SystemLibrary = DLib
__dlib_version  = 6


*******************************************************************************
*** HEAP SELECTION
***

The basic heap was selected because no calls to memory allocation
functions were found in the application outside of system library
functions, and there are calls to deallocation functions in the
application.


*******************************************************************************
*** PLACEMENT SUMMARY
***

"A0":  place at 0x08000000 { ro section .intvec };
"P1":  place in [from 0x08000000 to 0x080fffff] { ro };
define block CSTACK with size = 1K, alignment = 8 { };
define block HEAP with size = 512, alignment = 8 { };
"P2":  place in [from 0x20000000 to 0x2001ffff] {
          rw, block CSTACK, block HEAP };
initialize by copy { rw };

  Section                 Kind        Address     Size  Object
  -------                 ----        -------     ----  ------
"A0":                                            0x188
  .intvec                 ro code  0x08000000    0x188  startup_stm32f407xx.o [1]
                                 - 0x08000188    0x188

"P1":                                          0x2bbdb
  .rodata                 const    0x08000188   0x1c48  F32_ASCII.o [3]
  .rodata                 const    0x08001dd0   0x1484  GUI_CursorResource.o [3]
  .text                   ro code  0x08003254   0x12c0  stm32f4xx_hal_i2c.o [1]
  .text                   ro code  0x08004514     0xd0  i2c.o [1]
  .text                   ro code  0x080045e4    0x230  stm32f4xx_hal_rcc.o [1]
  .text                   ro code  0x08004814      0xc  stm32f4xx_hal.o [1]
  .text                   ro code  0x08004820    0x1ce  main.o [1]
  .text                   ro code  0x080049ee     0x7a  lz77_init_single.o [6]
  .text                   ro code  0x08004a68      0x6  ABImemclr4.o [6]
  .text._ReadRect_16bpp_B16_I
                          ro code  0x08004a6e     0x62  GUIDRV_FlexColor_Func66709.o [3]
  .text                   ro code  0x08004ad0    0x27c  stm32f4xx_hal_gpio.o [1]
  .text                   ro code  0x08004d4c     0x4c  stm32f4xx_hal.o [1]
  .text                   ro code  0x08004d98     0xee  I64DivMod.o [6]
  .text._GetDevProp       ro code  0x08004e86     0x5a  GUIDRV_FlexColor.o [3]
  .text                   ro code  0x08004ee0     0x40  stm32f4xx_hal.o [1]
  .text                   ro code  0x08004f20     0x50  crc.o [1]
  .text                   ro code  0x08004f70    0x194  gpio.o [1]
  .text                   ro code  0x08005104    0x13c  fsmc.o [1]
  .text                   ro code  0x08005240    0x100  spi.o [1]
  .text                   ro code  0x08005340    0x350  usart.o [1]
  .text                   ro code  0x08005690    0x884  stm32f4xx_hal_uart.o [1]
  .text                   ro code  0x08005f14    0x7ac  queue.o [1]
  .text                   ro code  0x080066c0    0xb1c  tasks.o [1]
  .text.GUI_TOUCH_Exec    ro code  0x080071dc     0xa8  GUI_TOUCH_DriverAnalog.o [3]
  .text                   ro code  0x08007284    0x40c  stm32f4xx_hal_rcc.o [1]
  .text                   ro code  0x08007690     0x32  ABImemset48.o [6]
  .text.GUI__MixColors    ro code  0x080076c2     0x56  GUI__Alpha.o [3]
  .text                   ro code  0x08007718    0x15e  stm32f4xx_hal_cortex.o [1]
  .text._ReadRectCust_16bpp
                          ro code  0x08007876     0x3a  GUIDRV_FlexColor.o [3]
  .text                   ro code  0x080078b0      0x2  I64DivZer.o [6]
  .text._ReadRectCust_18bpp
                          ro code  0x080078b2     0x3a  GUIDRV_FlexColor.o [3]
  .text                   ro code  0x080078ec     0x48  stm32f4xx_hal_msp.o [1]
  .text                   ro code  0x08007934     0x24  stm32f4xx_hal_crc.o [1]
  .text                   ro code  0x08007958     0x5c  stm32f4xx_hal_sram.o [1]
  .text                   ro code  0x080079b4    0x454  stm32f4xx_hal_spi.o [1]
  .text                   ro code  0x08007e08     0x28  stm32f4xx_hal_dma.o [1]
  .text                   ro code  0x08007e30      0x2  stm32f4xx_hal_uart.o [1]
  .text                   ro code  0x08007e32      0x2  stm32f4xx_hal_uart.o [1]
  .text                   ro code  0x08007e34    0x25c  port.o [1]
  .text                   ro code  0x08008090     0x9a  list.o [1]
  .text.GUIMONO_IsInFont  ro code  0x0800812a     0x36  GUI_CharM.o [3]
  .text                   ro code  0x08008160    0x278  heap_4.o [1]
  .text                   ro code  0x080083d8     0xa6  ABImemcpy.o [6]
  .text                   ro code  0x0800847e     0x26  xencoding_8859_1.o [4]
  .text                   ro code  0x080084a4     0x66  ABImemset.o [6]
  .text                   ro code  0x0800850a     0x1e  xsscin.o [4]
  .text                   ro code  0x08008528    0x430  timers.o [1]
  .text                   ro code  0x08008958     0x18  GUI_X_Touch_Analog.o [1]
  .text.GUI_TOUCH_GetLayer
                          ro code  0x08008970      0xc  GUI_TOUCH_StoreState.o [3]
  .text.GUI_TOUCH_CalibratePoint
                          ro code  0x0800897c     0x34  GUI_TOUCH_Calibrate.o [3]
  .text.GUI_TOUCH_StoreStateEx
                          ro code  0x080089b0     0x50  GUI_TOUCH.o [3]
  .text                   ro code  0x08008a00     0xec  stm32f4xx_ll_fsmc.o [1]
  CODE                    ro code  0x08008aec     0xa8  portasm.o [1]
  .text                   ro code  0x08008b94    0xef0  touch.o [1]
  .text.GUI_TOUCH_TransformPoint
                          ro code  0x08009a84     0x70  GUI_TOUCH_Calibrate.o [3]
  .text                   ro code  0x08009af4     0x68  memcmp.o [6]
  .text.GUI_PID_StoreState
                          ro code  0x08009b5c     0xb8  GUI_PID.o [3]
  .text                   ro code  0x08009c14     0x64  delay.o [1]
  .text                   ro code  0x08009c78    0xa66  ILI93xx.o [1]
  .text                   ro code  0x0800a6de     0x1a  xsnprout.o [4]
  .text                   ro code  0x0800a6f8    0x298  w25qxx.o [1]
  .text                   ro code  0x0800a990      0x8  abs.o [4]
  .text                   ro code  0x0800a998     0x1a  U32ToDbl.o [5]
  .text._SetReg_B8        ro code  0x0800a9b2     0x1a  GUIDRV_FlexColor_Func66709.o [3]
  .text                   ro code  0x0800a9cc    0x102  sqrt.o [5]
  .text._GetRect          ro code  0x0800aace     0x16  GUIDRV_FlexColor.o [3]
  .text                   ro code  0x0800aae4     0x3a  DblToS32.o [5]
  .text._DrawVLine        ro code  0x0800ab1e     0x12  GUIDRV_FlexColor.o [3]
  .text                   ro code  0x0800ab30     0x48  FltToDbl.o [5]
  .text                   ro code  0x0800ab78     0x2e  DblCmpLe.o [5]
  .text._DrawBitmap       ro code  0x0800aba6      0xe  GUIDRV_FlexColor.o [3]
  .text                   ro code  0x0800abb4     0x2e  DblCmpGe.o [5]
  .text                   ro code  0x0800abe2      0xa  xsprout.o [4]
  .text                   ro code  0x0800abec    0x1a2  DblMul.o [5]
  .text._GetDevProp       ro code  0x0800ad8e      0xa  GUIDEV_32.o [3]
  .text.GUI__RegisterExit
                          ro code  0x0800ad98     0x28  GUI_Core.o [3]
  .text.GUI_SignalEvent   ro code  0x0800adc0     0x10  GUI_WaitEvent.o [3]
  .text                   ro code  0x0800add0     0x28  stm32f4xx_hal.o [1]
  .text                   ro code  0x0800adf8     0x28  printf.o [4]
  .text                   ro code  0x0800ae20    0xf72  xprintffull.o [4]
  .text._ReadData         ro code  0x0800bd92      0xa  GUIDRV_FlexColor_16bpp_C0B16.o [3]
  .text                   ro code  0x0800bd9c    0x108  xlocale_c.o [4]
  .text                   ro code  0x0800bea4     0x16  strchr.o [6]
  .text._ReadPixelCust_16bpp
                          ro code  0x0800beba      0xa  GUIDRV_FlexColor.o [3]
  .text                   ro code  0x0800bec4     0x44  xfail_s.o [4]
  .text                   ro code  0x0800bf08     0x36  strlen.o [6]
  .text._ReadPixelCust_18bpp
                          ro code  0x0800bf3e      0xa  GUIDRV_FlexColor.o [3]
  .text                   ro code  0x0800bf48     0x58  memchr.o [6]
  .text                   ro code  0x0800bfa0      0xa  xmbcurmax.o [4]
  .text.GUIMONO_GetFontInfo
                          ro code  0x0800bfaa      0x6  GUI_CharM.o [3]
  .text                   ro code  0x0800bfb0     0x70  frexp.o [5]
  .text                   ro code  0x0800c020    0x13a  ldexp.o [5]
  .text.GUIPROP_EXT_GetFontInfo
                          ro code  0x0800c15a      0x6  GUI_CharPExt.o [3]
  .text                   ro code  0x0800c160     0x22  S32ToDbl.o [5]
  .text.GUIPROP_GetFontInfo
                          ro code  0x0800c182      0x6  GUI_CharP.o [3]
  .text                   ro code  0x0800c188     0xe2  DblSub.o [5]
  .text._Encode           ro code  0x0800c26a      0x6  GUI_UC_EncodeNone.o [3]
  .text                   ro code  0x0800c270    0x246  DblDiv.o [5]
  .text._GetIndexMask_565
                          ro code  0x0800c4b6      0x6  GUICC_565.o [3]
  .text                   ro code  0x0800c4bc     0x28  DblToU32.o [5]
  .text                   ro code  0x0800c4e4      0x6  abort.o [4]
  .text._GetIndexMask_8888
                          ro code  0x0800c4ea      0x6  GUICC_8888.o [3]
  .text                   ro code  0x0800c4f0    0x178  DblAdd.o [5]
  .text                   ro code  0x0800c668     0x14  exit.o [7]
  .text                   ro code  0x0800c67c    0xeb8  xscanffull.o [4]
  .text                   ro code  0x0800d534     0x3c  wctob.o [4]
  .text                   ro code  0x0800d570     0x14  isspace.o [4]
  .text                   ro code  0x0800d584     0x9c  iar_Stollx.o [4]
  .text                   ro code  0x0800d620    0x1b4  iar_Stoullx.o [4]
  .text._GetDevFunc       ro code  0x0800d7d4     0x7c  GUIDRV_FlexColor.o [3]
  .text                   ro code  0x0800d850    0x590  strto64.o [5]
  .text                   ro code  0x0800dde0     0x14  isalpha.o [4]
  .text                   ro code  0x0800ddf4     0x68  DblToFlt.o [5]
  .text                   ro code  0x0800de5c     0x14  tolower.o [4]
  .text                   ro code  0x0800de70    0x122  iar_Stopfx.o [4]
  .rodata                 const    0x0800df92      0x2  font_micro_25.o [1]
  .text                   ro code  0x0800df94    0x1c8  iar_Stoflt.o [4]
  .text                   ro code  0x0800e15c    0x23c  iar_Stoxflt.o [4]
  .rodata                 const    0x0800e398    0xd5c  ILI93xx.o [1]
  .text                   ro code  0x0800f0f4    0xc20  gui_keypad.o [1]
  .text.WM_GetDialogItem  ro code  0x0800fd14     0x4c  WM_Lib.o [3]
  .text.EDIT_SetText      ro code  0x0800fd60     0xe4  EDIT.o [3]
  .text                   ro code  0x0800fe44     0x44  snprintf.o [4]
  .text.FRAMEWIN_SetFont  ro code  0x0800fe88     0x6e  FRAMEWIN.o [3]
  .text.FRAMEWIN_SetTextAlign
                          ro code  0x0800fef6     0x34  FRAMEWIN.o [3]
  .text.FRAMEWIN_SetTitleHeight
                          ro code  0x0800ff2a     0x7e  FRAMEWIN.o [3]
  .text.FRAMEWIN_SetText  ro code  0x0800ffa8     0x48  FRAMEWIN.o [3]
  .text.GUI_SetColor      ro code  0x0800fff0     0x16  GUI_Common.o [3]
  .text.EDIT_SetFont      ro code  0x08010006     0x2e  EDIT.o [3]
  .text.EDIT_SetTextAlign
                          ro code  0x08010034     0x2c  EDIT.o [3]
  .text.EDIT_EnableBlink  ro code  0x08010060     0x56  EDIT.o [3]
  .text.BUTTON_SetFont    ro code  0x080100b6     0x2e  BUTTON.o [3]
  .text.EDIT_SetMaxLen    ro code  0x080100e4     0x78  EDIT.o [3]
  .text                   ro code  0x0801015c     0x28  sscanf.o [4]
  .text.WM_HideWindow     ro code  0x08010184     0x38  WM_Hide.o [3]
  .text.WM_MakeModal      ro code  0x080101bc     0x64  WM_MakeModal.o [3]
  .text.WM_SelectWindow   ro code  0x08010220     0x48  WM.o [3]
  .text.WM_SetFocus       ro code  0x08010268     0xa8  WM_Lib.o [3]
  .text.EDIT_GetText      ro code  0x08010310     0x68  EDIT.o [3]
  .text                   ro code  0x08010378    0x210  gui_warning.o [1]
  .text                   ro code  0x08010588    0x174  iar_Stoulx.o [4]
  .text                   ro code  0x080106fc      0xe  math_wrappers64.o [5]
  .rodata                 const    0x0801070a      0x2  font_micro_25.o [1]
  .text                   ro code  0x0801070c    0x240  gui_common.o [1]
  .text.WM_GetId          ro code  0x0801094c     0x20  WM_Lib.o [3]
  .text.EDIT_AddKey       ro code  0x0801096c    0x1e6  EDIT.o [3]
  .text.EDIT_GetCursorCharPos
                          ro code  0x08010b52     0x28  EDIT.o [3]
  .rodata                 const    0x08010b7a      0x2  font_micro_32.o [1]
  .text                   ro code  0x08010b7c     0x40  sprintf.o [4]
  .text.WM_DefaultProc    ro code  0x08010bbc     0x48  WM.o [3]
  .text.GUI_ALLOC_GetNumFreeBytes
                          ro code  0x08010c04     0x10  GUI_Alloc.o [3]
  .text.WM_ShowWindow     ro code  0x08010c14     0x32  WM_Lib.o [3]
  .rodata                 const    0x08010c46      0x2  gui_keypad.o [1]
  .text.WM_BringToTop     ro code  0x08010c48     0x80  WM_BringToTop.o [3]
  .text.WM_GetDesktopWindow
                          ro code  0x08010cc8     0x18  WM_Lib.o [3]
  .text.GUI_CreateDialogBox
                          ro code  0x08010ce0     0xb2  DIALOG.o [3]
  .rodata                 const    0x08010d92      0x2  gui_keypad.o [1]
  .text.GUI_Lock          ro code  0x08010d94     0x78  GUI_Task.o [3]
  .text.GUI_ALLOC_LockH   ro code  0x08010e0c     0x1c  GUI_Alloc.o [3]
  .text.GUI_ALLOC_UnlockH
                          ro code  0x08010e28     0x30  GUI_Alloc.o [3]
  .text._GetDialogItem    ro code  0x08010e58     0x46  WM_Lib.o [3]
  .rodata                 const    0x08010e9e      0x2  gui_keypad.o [1]
  .text.GUI_ALLOC_h2p     ro code  0x08010ea0     0x14  GUI_Alloc.o [3]
  .text.GUI_Unlock        ro code  0x08010eb4     0x14  GUI_Task.o [3]
  .text.GUI__GetNumChars  ro code  0x08010ec8     0x1c  GUI_UC.o [3]
  .text.GUI_UC__NumChars2NumBytes
                          ro code  0x08010ee4     0x24  GUI_UC.o [3]
  .text._IsSpaceInBuffer  ro code  0x08010f08     0x58  EDIT.o [3]
  .text.GUI_ALLOC_FreePtr
                          ro code  0x08010f60     0x1a  GUI_Alloc.o [3]
  .text.WM_InvalidateWindow
                          ro code  0x08010f7a      0x6  WM.o [3]
  .text.FRAMEWIN__CalcTitleHeight
                          ro code  0x08010f80     0x22  FRAMEWIN.o [3]
  .text.FRAMEWIN__UpdatePositions
                          ro code  0x08010fa2     0x6e  FRAMEWIN.o [3]
  .text.FRAMEWIN__UpdateButtons
                          ro code  0x08011010     0xea  FRAMEWIN__UpdateButtons.o [3]
  .rodata                 const    0x080110fa      0x2  gui_keypad.o [1]
  .text.GUI__SetText      ro code  0x080110fc     0x7c  GUI__Private.o [3]
  .text.LCD_SetColor      ro code  0x08011178      0xc  LCD.o [3]
  .text.WM_CreateTimer    ro code  0x08011184     0x68  WM_Timer.o [3]
  .text.WM_DeleteTimer    ro code  0x080111ec     0x30  WM_Timer.o [3]
  .text._IncrementBuffer  ro code  0x0801121c     0x6c  EDIT.o [3]
  .text.WM__InvalidateRectEx
                          ro code  0x08011288      0x6  WM.o [3]
  .text.WM_ReleaseCapture
                          ro code  0x0801128e     0x12  WM_SetCapture.o [3]
  .text.WM__IsInModalArea
                          ro code  0x080112a0     0x60  WM_Touch.o [3]
  .text                   ro code  0x08011300     0x14  memset.o [6]
  .text.WM__SendPIDMessage
                          ro code  0x08011314     0x42  WM_Touch.o [3]
  .text.WM__SelectTopLevelLayer
                          ro code  0x08011356     0x14  WM.o [3]
  .rodata                 const    0x0801136a      0x2  gui_keypad.o [1]
  .text.LCD_SetClipRectMax
                          ro code  0x0801136c     0x1c  LCD.o [3]
  .text.WM__SendMessage   ro code  0x08011388     0x3c  WM__Private.o [3]
  .text.WM_GetParent      ro code  0x080113c4     0x1a  WM_Lib.o [3]
  .text.WM_IsWindow       ro code  0x080113de     0x18  WM_Lib.o [3]
  .text.FRAMEWIN_SetTextColor
                          ro code  0x080113f6     0x30  FRAMEWIN.o [3]
  .text.TEXT_SetFont      ro code  0x08011426     0x30  TEXT.o [3]
  .text.TEXT_SetTextAlign
                          ro code  0x08011456     0x30  TEXT.o [3]
  .text.TEXT_SetTextColor
                          ro code  0x08011486     0x30  TEXT.o [3]
  .text.TEXT_SetText      ro code  0x080114b6     0x5c  TEXT.o [3]
  .rodata                 const    0x08011512      0x2  gui_keypad.o [1]
  .text                   ro code  0x08011514     0x4c  strcpy.o [6]
  .text.BUTTON_GetUserData
                          ro code  0x08011560      0x6  BUTTON.o [3]
  .text.BUTTON_IsPressed  ro code  0x08011566     0x2c  BUTTON.o [3]
  .rodata                 const    0x08011592      0x2  gui_keypad.o [1]
  .text.GUI_DrawGradientV
                          ro code  0x08011594     0x74  GUI_DrawGradient.o [3]
  .text.BUTTON_DrawSkinFlex
                          ro code  0x08011608    0x238  BUTTON_SkinFlex.o [3]
  .text.BUTTON_SetUserData
                          ro code  0x08011840      0x6  BUTTON.o [3]
  .text.BUTTON_SetTextColor
                          ro code  0x08011846     0x34  BUTTON.o [3]
  .text.BUTTON_SetText    ro code  0x0801187a     0x5c  BUTTON.o [3]
  .rodata                 const    0x080118d6      0x2  gui_keypad.o [1]
  .text.BUTTON_SetSkin    ro code  0x080118d8     0x34  BUTTON_Skin.o [3]
  .text.WM_SendMessage    ro code  0x0801190c     0x1e  WM.o [3]
  .rodata                 const    0x0801192a      0x2  gui_keypad.o [1]
  .text.GUI_UC_GetCharCode
                          ro code  0x0801192c     0x20  GUI_UC.o [3]
  .text._ChangeCharacter  ro code  0x0801194c     0x4c  EDIT.o [3]
  .text.EDIT__SetCursorPos
                          ro code  0x08011998     0x56  EDIT.o [3]
  .text._DeleteChar       ro code  0x080119ee     0x6a  EDIT.o [3]
  .text.GUI_UC__CalcSizeOfChar
                          ro code  0x08011a58      0xc  GUI_UC.o [3]
  .text                   ro code  0x08011a64      0xc  memmove.o [6]
  .text.GUI_UC_Encode     ro code  0x08011a70     0x24  GUI_UC.o [3]
  .text.WM_NotifyParent   ro code  0x08011a94     0x14  WM_Lib.o [3]
  .text.WM__GetClientRectEx
                          ro code  0x08011aa8     0x22  WM__Private.o [3]
  .text.WM_SendToParent   ro code  0x08011aca     0x26  WM_Lib.o [3]
  .text.WM_InvalidateWindowAndDescs
                          ro code  0x08011af0     0x34  WM_Lib.o [3]
  .text.WM__RemoveWindowFromList
                          ro code  0x08011b24     0x3c  WM.o [3]
  .text.WM__InsertWindowIntoList
                          ro code  0x08011b60     0xac  WM.o [3]
  .text.WM_ForEachDesc    ro code  0x08011c0c     0x1e  WM_Lib.o [3]
  .text.WM_GetClientWindow
                          ro code  0x08011c2a     0x1a  WM_Lib.o [3]
  .text.WIDGET_OrState    ro code  0x08011c44     0x34  WIDGET.o [3]
  .text.WM_DeleteWindow   ro code  0x08011c78    0x124  WM.o [3]
  .text.WM_SendMessageNoPara
                          ro code  0x08011d9c     0x1a  WM_Lib.o [3]
  .rodata                 const    0x08011db6      0x2  gui_keypad.o [1]
  .text.WM_GetFocusedWindow
                          ro code  0x08011db8     0x20  WM_Lib.o [3]
  .text.WM_SetFocusOnNextChild
                          ro code  0x08011dd8     0x64  WM_SetFocusOnNextChild.o [3]
  .text                   ro code  0x08011e3c     0xbc  GUI_X_OS.o [1]
  .text._GetTaskNo        ro code  0x08011ef8     0x3c  GUI_Task.o [3]
  .text.GUI_DEVICE_UnlinkTaskDevices
                          ro code  0x08011f34      0x4  GUI_Device.o [3]
  .text.GUI_DEVICE_LinkDevices
                          ro code  0x08011f38     0x10  GUI_Device.o [3]
  .text.GUI_UC__GetCharCodeInc
                          ro code  0x08011f48     0x28  GUI_UC.o [3]
  .text.GUI_ALLOC_Free    ro code  0x08011f70     0x30  GUI_Alloc.o [3]
  .text.WM_InvalidateRect
                          ro code  0x08011fa0     0x82  WM.o [3]
  .text.GUI_GetYSizeOfFont
                          ro code  0x08012022      0x8  GUI_Common.o [3]
  .text.FRAMEWIN__CalcPositions
                          ro code  0x0801202a     0xec  FRAMEWIN.o [3]
  .text.WM_MoveChildTo    ro code  0x08012116     0x60  WM_Lib.o [3]
  .text.WM_SetSize        ro code  0x08012176     0x56  WM_Lib.o [3]
  .text.WM_GetFirstChild  ro code  0x080121cc     0x1a  WM_Lib.o [3]
  .text.WM_ResizeWindow   ro code  0x080121e6    0x108  WM_Lib.o [3]
  .text.WM_MoveWindow     ro code  0x080122ee     0x1e  WM_Move.o [3]
  .text.WM_GetNextSibling
                          ro code  0x0801230c     0x1a  WM_Lib.o [3]
  .text.GUI__strcmp_hp    ro code  0x08012326     0x28  GUI__Private.o [3]
  .text.GUI__strlen       ro code  0x0801234e     0x18  GUI__Private.o [3]
  .rodata                 const    0x08012366      0x2  gui_keypad.o [1]
  .text.GUI_ALLOC_GetSize
                          ro code  0x08012368     0x18  GUI_Alloc.o [3]
  .text.GUI_ALLOC_AllocNoInit
                          ro code  0x08012380     0x1a  GUI_Alloc.o [3]
  .text.LCD_Index2Color_888
                          ro code  0x0801239a      0x2  GUICC_888_Index2Color.o [3]
  .text.GUI_ALLOC_AllocZero
                          ro code  0x0801239c     0x3c  GUI_Alloc.o [3]
  .text.GUI_GetTime       ro code  0x080123d8      0x4  GUI_Time.o [3]
  .text.GUI_TIMER_Create  ro code  0x080123dc     0x9c  GUI_Timer.o [3]
  .text.GUI_TIMER_SetPeriod
                          ro code  0x08012478     0x28  GUI_Timer.o [3]
  .text.GUI_TIMER_Delete  ro code  0x080124a0     0x70  GUI_Timer.o [3]
  .text.GUI_ALLOC_Realloc
                          ro code  0x08012510     0x64  GUI_Alloc.o [3]
  .text.WM__InvalidateRect
                          ro code  0x08012574     0x76  WM.o [3]
  .text.LCD_Index2Color_8888
                          ro code  0x080125ea      0x2  GUICC_8888_Index2Color.o [3]
  .text.WM__ReleaseCapture
                          ro code  0x080125ec     0x30  WM_SetCapture.o [3]
  .text.WM__IsAncestor    ro code  0x0801261c     0x22  WM__Private.o [3]
  .text.WM__SendMessageIfEnabled
                          ro code  0x0801263e     0x1a  WM__Private.o [3]
  .text.WM__GetTopLevelLayer
                          ro code  0x08012658     0x28  WM.o [3]
  .text.GUI_SelectLayer   ro code  0x08012680     0x38  GUI_SelectLayer.o [3]
  .text.WM__IsWindow      ro code  0x080126b8     0x20  WM.o [3]
  .text.WM__GetUserDataEx
                          ro code  0x080126d8     0x48  WM_UserData.o [3]
  .text.WM__InitIVRSearch
                          ro code  0x08012720    0x100  WM.o [3]
  .text._DrawGradient     ro code  0x08012820    0x194  GUI_DrawGradient.o [3]
  .text.WM__GetNextIVR    ro code  0x080129b4    0x184  WM.o [3]
  .text.WM_SetHasTrans    ro code  0x08012b38     0x48  WM_SetTrans.o [3]
  .text.GUI__DrawTwinArc4
                          ro code  0x08012b80    0x1e0  GUI__DrawTwinArc.o [3]
  .text.GUI_DrawHLine     ro code  0x08012d60     0x5c  GUI_DrawLib.o [3]
  .text.GUI_DrawVLine     ro code  0x08012dbc     0x50  GUI_DrawLib.o [3]
  .text.GUI_FillRect      ro code  0x08012e0c     0x54  GUI_DrawLib.o [3]
  .text.GUI_DrawRect      ro code  0x08012e60     0x90  GUI_2DLib.o [3]
  .text.WM__IsEnabled     ro code  0x08012ef0     0x12  WM__Private.o [3]
  .text.GUI_DRAW__Draw    ro code  0x08012f02     0x32  GUI_DRAW.o [3]
  .text.GUI_SetFont       ro code  0x08012f34     0x20  GUI_Common.o [3]
  .text.GUI_GetClientRect
                          ro code  0x08012f54      0x8  GUI_Common.o [3]
  .text.GUI_MoveRect      ro code  0x08012f5c     0x20  GUI_Common.o [3]
  .text.GUI_SetTextMode   ro code  0x08012f7c     0x20  GUI_Common.o [3]
  .text.GUI_DispStringInRect
                          ro code  0x08012f9c      0x8  GUI_DispString.o [3]
  .text.WM__SetUserDataEx
                          ro code  0x08012fa4     0x54  WM_UserData.o [3]
  .text                   ro code  0x08012ff8      0xc  memcpy.o [6]
  .text.GUI_UC_GetCharSize
                          ro code  0x08013004     0x20  GUI_UC.o [3]
  .text                   ro code  0x08013024     0x96  ABImemmove.o [6]
  .text.WM__GetClientRectWin
                          ro code  0x080130ba     0x18  WM.o [3]
  .text.WM__ForEachDesc   ro code  0x080130d2     0x2a  WM__Private.o [3]
  .text.WM__SendMsgNoData
                          ro code  0x080130fc     0x16  WM.o [3]
  .text.WM__DeleteAssocTimer
                          ro code  0x08013112     0x52  WM_Timer.o [3]
  .text.GUI_MEMDEV_Delete
                          ro code  0x08013164     0x4c  GUIDEV.o [3]
  .text.WM__DetachWindow  ro code  0x080131b0     0x2a  WM.o [3]
  .text.WM__SendMessageNoPara
                          ro code  0x080131da     0x28  WM__Private.o [3]
  .text._Color2Index_8888
                          ro code  0x08013202      0x2  GUICC_8888.o [3]
  .text.WM__GetFocusedChild
                          ro code  0x08013204     0x24  WM__Private.o [3]
  .text._GetNextChild     ro code  0x08013228     0x26  WM_SetFocusOnNextChild.o [3]
  .text.WM_IsFocusable    ro code  0x0801324e     0x3c  WM_Lib.o [3]
  .text._GetDevFunc_SetRect
                          ro code  0x0801328a      0x2  GUIDRV_FlexColor.o [3]
  .text.GUI_DEVICE_Link   ro code  0x0801328c     0x84  GUI_Device.o [3]
  .text._AddFreeMemory    ro code  0x08013310     0xa4  GUI_Alloc.o [3]
  .text._PushFreeBlock    ro code  0x080133b4     0x24  GUI_Alloc.o [3]
  .text.WM__InvalidateDrawAndDescs
                          ro code  0x080133d8     0x50  WM.o [3]
  .text.WM__Client2Screen
                          ro code  0x08013428     0x10  WM.o [3]
  .text.GUI__IntersectRect
                          ro code  0x08013438     0x3a  GUI__Private.o [3]
  .text._Log2VisBuffered  ro code  0x08013472      0x2  GUI_CharLine.o [3]
  .text.WM__ClipAtParentBorders
                          ro code  0x08013474     0x58  WM.o [3]
  .text.WM__Invalidate1Abs
                          ro code  0x080134cc      0x6  WM.o [3]
  .text.WM__GetWindowSizeX
                          ro code  0x080134d2      0xe  WM_GetWindowSize.o [3]
  .text.WM__GetWindowSizeY
                          ro code  0x080134e0      0xe  WM_GetWindowSize.o [3]
  .text.WM_GetWindowSizeY
                          ro code  0x080134ee     0x38  WM_GetWindowSize.o [3]
  .text.FRAMEWIN__GetTitleLimits
                          ro code  0x08013526     0x8a  FRAMEWIN.o [3]
  .text.WM__MoveWindow    ro code  0x080135b0     0xa8  WM_Move.o [3]
  .text.GUI_MergeRect     ro code  0x08013658     0x56  GUI_Common.o [3]
  .text.WM__UpdateChildPositions
                          ro code  0x080136ae     0xec  WM__Private.o [3]
  .rodata                 const    0x0801379a      0x1  font_micro_25.o [1]
  .rodata                 const    0x0801379b      0x1  font_micro_25.o [1]
  .text.GUI__strcmp       ro code  0x0801379c     0x2c  GUI__Private.o [3]
  .text._Alloc            ro code  0x080137c8     0xf0  GUI_Alloc.o [3]
  .text._Link             ro code  0x080138b8     0x90  GUI_Timer.o [3]
  .text._Unlink           ro code  0x08013948     0x4c  GUI_Timer.o [3]
  .text.GUI__IntersectRects
                          ro code  0x08013994     0x56  GUI__Private.o [3]
  .rodata                 const    0x080139ea      0x1  font_micro_25.o [1]
  .rodata                 const    0x080139eb      0x1  font_micro_32.o [1]
  .text._Invalidate1Abs   ro code  0x080139ec     0xa0  WM.o [3]
  .text.WM_InvalidateWindowAndDescsEx
                          ro code  0x08013a8c     0x64  WM.o [3]
  .text.GUI_DEVICE__GetpDriver
                          ro code  0x08013af0     0x20  GUI_Device.o [3]
  .text.GUI_SelectLCD     ro code  0x08013b10     0x1a  GUI_Common.o [3]
  .rodata                 const    0x08013b2a      0x1  font_micro_32.o [1]
  .rodata                 const    0x08013b2b      0x1  font_micro_64.o [1]
  .text.WM__ActivateClipRect
                          ro code  0x08013b2c     0x48  WM.o [3]
  .text.GUI_GetColor      ro code  0x08013b74     0x18  GUI_Common.o [3]
  .text.LCD_FillRect      ro code  0x08013b8c     0x58  LCD.o [3]
  .text._Findy1           ro code  0x08013be4     0xa6  WM.o [3]
  .text._Findx0           ro code  0x08013c8a     0x86  WM.o [3]
  .text._Findx1           ro code  0x08013d10     0x72  WM.o [3]
  .rodata                 const    0x08013d82      0x1  font_micro_64.o [1]
  .rodata                 const    0x08013d83      0x1  gui_keypad.o [1]
  .text.WM_ValidateWindow
                          ro code  0x08013d84     0x38  WM_Lib.o [3]
  .text._GetTwinArcPara   ro code  0x08013dbc     0x54  GUI__DrawTwinArc.o [3]
  .text.LCD_DrawHLine     ro code  0x08013e10     0x50  LCD.o [3]
  .text.LCD_DrawVLine     ro code  0x08013e60     0x54  LCD.o [3]
  .text.WM_GetClientRect  ro code  0x08013eb4     0x2c  WM_Lib.o [3]
  .text.GUI_DispStringInRectMax
                          ro code  0x08013ee0     0x4e  GUI_DispString.o [3]
  .rodata                 const    0x08013f2e      0x1  ui_main.o [1]
  .rodata.str1.1          const    0x08013f2f      0x1  GUI__Private.o [3]
  .text.GUI_TIMER__GetFirstTimer
                          ro code  0x08013f30     0x30  GUI_Timer.o [3]
  .text.GUI_TIMER_GetFlag
                          ro code  0x08013f60     0x36  GUI_Timer.o [3]
  .text.GUI_TIMER__GetNextTimerLin
                          ro code  0x08013f96     0x38  GUI_Timer.o [3]
  .text.GUI_USAGE_DecUseCnt
                          ro code  0x08013fce     0x32  GUIDEV_Usage.o [3]
  .text.GUI_DEVICE_Delete
                          ro code  0x08014000      0x4  GUI_Device.o [3]
  .text.WM__IsChild       ro code  0x08014004     0x28  WM__Private.o [3]
  .text._RemoveFreeBlock  ro code  0x0801402c     0x40  GUI_Alloc.o [3]
  .text.WM_GetActiveWindow
                          ro code  0x0801406c      0xc  WM.o [3]
  .text._MoveDescendents  ro code  0x08014078     0x72  WM_Move.o [3]
  .text.WM__InvalidateParent
                          ro code  0x080140ea     0x2a  WM.o [3]
  .text._InitOnce         ro code  0x08014114     0x68  GUI_Alloc.o [3]
  .text._EnlargeBlocks    ro code  0x0801417c     0x9c  GUI_Alloc.o [3]
  .text._RemoveHoles      ro code  0x08014218     0x9c  GUI_Alloc.o [3]
  .text.WM__RectIsNZ      ro code  0x080142b4     0x22  WM.o [3]
  .text.LCD_SelectLCD     ro code  0x080142d8     0x40  LCD_SelectLCD.o [3]
  .text.LCD_UpdateColorIndices
                          ro code  0x08014318     0x24  LCD_UpdateColorIndices.o [3]
  .text.WM_Activate       ro code  0x0801433c     0x10  WM.o [3]
  .text._SetClipRectUserIntersect
                          ro code  0x0801434c     0x50  WM.o [3]
  .text.LCD_GetColorIndex
                          ro code  0x0801439c     0x10  LCD_GetColorIndex.o [3]
  .text.LCD_Index2Color   ro code  0x080143ac     0x1c  LCD.o [3]
  .text.GUI_RectsIntersect
                          ro code  0x080143c8     0x3a  GUI_Common.o [3]
  .text.GUI__sqrt32       ro code  0x08014402     0x24  GUI__Private.o [3]
  .text.WM_GetClientRectEx
                          ro code  0x08014426     0x1a  WM_Lib.o [3]
  .text.WM_SetUserClipRect
                          ro code  0x08014440     0x20  WM_Lib.o [3]
  .text.GUI__DispStringInRect
                          ro code  0x08014460    0x14c  GUI_DispString.o [3]
  .text.GUI_ALLOC_FreeFixedBlock
                          ro code  0x080145ac     0x14  GUI_Alloc.o [3]
  .text.GUI_DEVICE_Unlink
                          ro code  0x080145c0     0x30  GUI_Device.o [3]
  .text.LCD_Color2Index   ro code  0x080145f0     0x1c  LCD.o [3]
  .text.LCD_SetColorIndex
                          ro code  0x0801460c     0x18  LCD.o [3]
  .text.LCD_SetBkColorIndex
                          ro code  0x08014624     0x18  LCD.o [3]
  .text.LCD_SetClipRectEx
                          ro code  0x0801463c     0x30  LCD_SetClipRectEx.o [3]
  .text.GUI_GetFontDistY  ro code  0x0801466c     0x1c  GUI_Char.o [3]
  .text.GUI__GetLineNumChars
                          ro code  0x08014688     0x38  GUI_CharLine.o [3]
  .text.GUI__HandleEOLine
                          ro code  0x080146c0     0x26  GUI__Private.o [3]
  .text.GUI__GetLineDistX
                          ro code  0x080146e8     0x60  GUI_CharLine.o [3]
  .text.GUI__DispLine     ro code  0x08014748     0xa8  GUI_CharLine.o [3]
  .text.GUI_GetCharDistX  ro code  0x080147f0     0x24  GUI_Char.o [3]
  .text.GUI__GetOverlap   ro code  0x08014814     0x1c  GUI_CharLine.o [3]
  .text._DispLine         ro code  0x08014830     0x9c  GUI_CharLine.o [3]
  .text.GUI_GetCharDistXEx
                          ro code  0x080148cc     0x28  GUI_Char.o [3]
  .text.GUI__ManageCache  ro code  0x080148f4     0x10  GUI__ManageCache.o [3]
  .text.GUI__ManageCacheEx
                          ro code  0x08014904     0xdc  GUI__ManageCache.o [3]
  .text                   ro code  0x080149e0    0x898  ui_clock.o [1]
  .text.WM_RestartTimer   ro code  0x08015278     0x38  WM_Timer.o [3]
  .text.GUI_DispStringHCenterAt
                          ro code  0x080152b0     0x34  GUI_DispString.o [3]
  .text                   ro code  0x080152e4    0x5c8  ui_main.o [1]
  .text.GUI_TIMER_Restart
                          ro code  0x080158ac     0x3c  GUI_Timer.o [3]
  .text.GUI_SetTextAlign  ro code  0x080158e8     0x20  GUI_Common.o [3]
  .text.GUI_DispStringAt  ro code  0x08015908     0x28  GUI_DispString.o [3]
  .text.TEXT_SetBkColor   ro code  0x08015930     0x42  TEXT.o [3]
  .text.GUI_DispString    ro code  0x08015974    0x120  GUI_DispString.o [3]
  .text.WM_ClrHasTrans    ro code  0x08015a94     0x40  WM_SetTrans.o [3]
  .text.GUI_GetYAdjust    ro code  0x08015ad4     0x3c  GUI_Char.o [3]
  .rodata                 const    0x08015b10    0x86b  F13_1.o [3]
  .rodata                 const    0x0801637c    0x822  F13_ASCII.o [3]
  .rodata                 const    0x08016ba0    0x774  font_micro_25.o [1]
  .text.GUI_MEMDEV__WriteToActiveOpaque
                          ro code  0x08017314    0x74c  GUIDEV_WriteToActiveOpaque.o [3]
  .text.GUI_MEMDEV_GetBitsPerPixel
                          ro code  0x08017a60     0x34  GUIDEV.o [3]
  .text.GUI_GetBitsPerPixelEx
                          ro code  0x08017a94     0x14  LCD_GetEx.o [3]
  .text.GUI_GetpfIndex2ColorEx
                          ro code  0x08017aa8     0x10  LCD_GetEx.o [3]
  .text.GUI_GetpfColor2IndexEx
                          ro code  0x08017ab8     0x10  LCD_GetEx.o [3]
  .text.GUI_MEMDEV_GetDataPtr
                          ro code  0x08017ac8     0x2a  GUIDEV_GetDataPtr.o [3]
  .text._Convert16        ro code  0x08017af2     0x3e  GUIDEV_WriteToActiveOpaque.o [3]
  .text._Convert8         ro code  0x08017b30     0x42  GUIDEV_WriteToActiveOpaque.o [3]
  .text.LCD_DrawBitmap    ro code  0x08017b74    0x224  LCD.o [3]
  .text.LCD__DrawBitmap_1bpp
                          ro code  0x08017d98    0x1d8  LCD.o [3]
  .text.LCD__GetBPPDevice
                          ro code  0x08017f70     0x2c  LCD_GetEx.o [3]
  .text.GUI__CompactPixelIndices
                          ro code  0x08017f9c    0x15e  GUI__CompactPixelIndices.o [3]
  .text.LCD__GetBPP       ro code  0x080180fa     0x7e  LCD_GetEx.o [3]
  .text._DrawBitmap       ro code  0x08018178    0x740  GUIDEV_16.o [3]
  .text.GUI_USAGE_AddRect
                          ro code  0x080188b8     0x26  GUIDEV_Usage.o [3]
  .text._XY2PTR           ro code  0x080188e0     0x40  GUIDEV_16.o [3]
  .rodata                 const    0x08018920    0x73c  F6x8.o [3]
  .text._DrawBitmap       ro code  0x0801905c    0x718  GUIDEV_32.o [3]
  .text._XY2PTR           ro code  0x08019774     0x40  GUIDEV_32.o [3]
  .rodata                 const    0x080197b4    0x690  font_micro_32.o [1]
  .rodata                 const    0x08019e44    0x5f0  ILI93xx.o [1]
  .text._DrawBitmap       ro code  0x0801a434    0x534  GUIDRV_FlexColor_16bpp_C0B16.o [3]
  .text.GUI_SPRITE_SetPosition
                          ro code  0x0801a968    0x4c4  GUI_SPRITE.o [3]
  .text.GUI_MEMDEV_Select
                          ro code  0x0801ae2c     0x54  GUIDEV.o [3]
  .text._GetDeviceRect    ro code  0x0801ae80     0x3c  GUI_SPRITE.o [3]
  .text._CreateBuffer     ro code  0x0801aebc     0xaa  GUI_SPRITE.o [3]
  .text.GUI_GetBitmapPixelIndex
                          ro code  0x0801af66     0x18  GUI_Common.o [3]
  .text._GetBkIndex.isra.0
                          ro code  0x0801af7e     0x70  GUI_SPRITE.o [3]
  .text._SetBkIndexBuffered
                          ro code  0x0801afee     0x44  GUI_SPRITE.o [3]
  .text._GetBkIndexAlpha.isra.2
                          ro code  0x0801b032     0x7a  GUI_SPRITE.o [3]
  .text._ReleaseBuffer.isra.6
                          ro code  0x0801b0ac     0x1e  GUI_SPRITE.o [3]
  .text.WM_Deactivate     ro code  0x0801b0cc     0x20  WM.o [3]
  .text.LCD_GetXSizeEx    ro code  0x0801b0ec      0x6  LCD_GetEx.o [3]
  .text.LCD_GetYSizeEx    ro code  0x0801b0f2      0x6  LCD_GetEx.o [3]
  .text.GUI_ALLOC_GetMaxSize
                          ro code  0x0801b0f8     0x3c  GUI_Alloc.o [3]
  .text.GUI_GetBitmapPixelIndexEx
                          ro code  0x0801b134     0x88  GUI_Common.o [3]
  .text._FlushBuffer.isra.5
                          ro code  0x0801b1bc     0x7a  GUI_SPRITE.o [3]
  .text._GetDevProp       ro code  0x0801b236     0x1e  LCD_GetEx.o [3]
  .rodata                 const    0x0801b254    0x480  font_micro_64.o [1]
  .rodata                 const    0x0801b6d4    0x474  ILI93xx.o [1]
  .text._DrawBitmap       ro code  0x0801bb48    0x3e4  GUI_SPRITE.o [3]
  .text._GetClipRect      ro code  0x0801bf2c     0xec  GUI_SPRITE.o [3]
  .text._GetClipParam     ro code  0x0801c018    0x130  GUI_SPRITE.o [3]
  .text.WM_HandlePID      ro code  0x0801c148    0x3a0  WM_Touch.o [3]
  .text.GUI_PID_IsEmpty   ro code  0x0801c4e8     0x10  GUI_PID.o [3]
  .text.GUI_PID_GetState  ro code  0x0801c4f8     0x50  GUI_PID.o [3]
  .text.GUI_GetLayerPosEx
                          ro code  0x0801c548     0x28  GUI_SelectLayer.o [3]
  .text.WM__AddCriticalHandle
                          ro code  0x0801c570     0x10  WM__Private.o [3]
  .text.GUI_CURSOR_SetPositionEx
                          ro code  0x0801c580     0x6c  GUI_Cursor.o [3]
  .text.WM_Screen2hWin    ro code  0x0801c5ec     0x2c  WM_Screen2Win.o [3]
  .text.WM__SendTouchMessage
                          ro code  0x0801c618     0x3a  WM_Touch.o [3]
  .text.WM_PID__SetPrevState
                          ro code  0x0801c654     0x14  WM_PID__GetPrevState.o [3]
  .text.WM__RemoveCriticalHandle
                          ro code  0x0801c668     0x2c  WM__Private.o [3]
  .text.LCD_GetPosEx      ro code  0x0801c694     0x32  LCD_Set.o [3]
  .text.GUI_GetCursorLayer
                          ro code  0x0801c6c8     0x14  GUI_SelectLayer.o [3]
  .text.GUI_SetLayerPosEx
                          ro code  0x0801c6dc     0x20  GUI_SelectLayer.o [3]
  .text.WM_GetDesktopWindowEx
                          ro code  0x0801c6fc     0x14  WM_Lib.o [3]
  .text._Screen2hWin      ro code  0x0801c710     0x60  WM_Screen2Win.o [3]
  .text.LCD_SetPosEx      ro code  0x0801c770     0x30  LCD_Set.o [3]
  .text.WM__IsInWindow    ro code  0x0801c7a0     0x36  WM_Screen2Win.o [3]
  .text.FRAMEWIN_DrawSkinFlex
                          ro code  0x0801c7d8    0x378  FRAMEWIN_SkinFlex.o [3]
  .text.FRAMEWIN_GetActive
                          ro code  0x0801cb50     0x2e  FRAMEWIN.o [3]
  .text.GUI__DrawTwinArc2
                          ro code  0x0801cb80    0x174  GUI__DrawTwinArc.o [3]
  .text.GUI_DrawPixel     ro code  0x0801ccf4     0x50  GUI_DrawLib.o [3]
  .text.GUI_FillRectEx    ro code  0x0801cd44     0x14  GUI_DrawLib.o [3]
  .rodata                 const    0x0801cd58    0x370  GUI__DivTbl.o [3]
  .text.GUI_TOUCH_CalcCoefficients
                          ro code  0x0801d0c8    0x320  GUI_TOUCH_Calibrate.o [3]
  .text.FRAMEWIN_Callback
                          ro code  0x0801d3e8    0x27c  FRAMEWIN.o [3]
  .text.WM_SetCaptureMove
                          ro code  0x0801d664     0x9c  WM_SetCaptureMove.o [3]
  .text.WM_HasFocus       ro code  0x0801d700     0x1c  WM_Lib.o [3]
  .text.FRAMEWIN_SetActive
                          ro code  0x0801d71c     0x1e  FRAMEWIN.o [3]
  .text.WM__IsAncestorOrSelf
                          ro code  0x0801d73a      0xc  WM__Private.o [3]
  .text._SetActive        ro code  0x0801d746     0x38  FRAMEWIN.o [3]
  .text.WIDGET_HandleActive
                          ro code  0x0801d77e    0x14a  WIDGET.o [3]
  .text.WM_HasCaptured    ro code  0x0801d8c8     0x1c  WM_Lib.o [3]
  .text.WM_SetCapture     ro code  0x0801d8e4     0x40  WM_SetCapture.o [3]
  .text.WM_GetWindowRectEx
                          ro code  0x0801d924     0x26  WM_Lib.o [3]
  .text.GUI__ReduceRect   ro code  0x0801d94a     0x1c  GUI__Private.o [3]
  .text.WIDGET_SetState   ro code  0x0801d966     0x2e  WIDGET.o [3]
  .text.WIDGET__GetInsideRect
                          ro code  0x0801d994     0x1a  WIDGET.o [3]
  .text                   ro code  0x0801d9b0    0x24c  ds3231.o [1]
  .text._Paint            ro code  0x0801dbfc    0x240  EDIT.o [3]
  .text.LCD_SetBkColor    ro code  0x0801de3c      0xc  LCD.o [3]
  .text.GUI__CalcTextRect
                          ro code  0x0801de48     0x90  GUI__Private.o [3]
  .text.GUI__GetCursorCharacter
                          ro code  0x0801ded8     0x14  GUI__GetCursorPos.o [3]
  .text.GUI__GetCursorPosX
                          ro code  0x0801deec     0x18  GUI__GetCursorPos.o [3]
  .text.WIDGET__FillStringInRect
                          ro code  0x0801df04    0x10c  WIDGET.o [3]
  .text.GUI_SetBkColor    ro code  0x0801e010     0x16  GUI_Common.o [3]
  .text.GUI__InvertRectColors
                          ro code  0x0801e028     0x54  GUI_Common.o [3]
  .text.WIDGET__EFFECT_DrawDown
                          ro code  0x0801e07c      0x6  WIDGET.o [3]
  .text.GUI_GetStringDistX
                          ro code  0x0801e082     0x14  GUI_DispString.o [3]
  .text.GUI_GetBkColor    ro code  0x0801e096     0x18  GUI_Common.o [3]
  .text.GUI_ClearRect     ro code  0x0801e0b0     0x6c  GUI_Core.o [3]
  .text.GUI_ClearRectEx   ro code  0x0801e11c     0x14  GUI_Core.o [3]
  .text.LCD_GetPixelIndex
                          ro code  0x0801e130     0x5c  LCD_GetP.o [3]
  .text.LCD_SetPixelIndex
                          ro code  0x0801e18c     0x4c  LCD.o [3]
  .text.WIDGET__EFFECT_DrawDownRect
                          ro code  0x0801e1d8     0x38  WIDGET.o [3]
  .text.LCD_GetBkColorIndex
                          ro code  0x0801e210     0x10  LCD_GetColorIndex.o [3]
  .text.LCD_SetDrawMode   ro code  0x0801e220      0xc  LCD.o [3]
  .text.WIDGET__RotateRect90
                          ro code  0x0801e22c     0x28  WIDGET.o [3]
  .text._EffectRequiresRedraw
                          ro code  0x0801e254     0x60  WIDGET.o [3]
  .text.WM__Screen2Client
                          ro code  0x0801e2b4     0x14  WM__Private.o [3]
  .rodata                 const    0x0801e2c8    0x1f8  ui_clock.o [1]
  .text._FillRect         ro code  0x0801e4c0    0x1ec  GUI_SPRITE.o [3]
  .text._SpriteDraw       ro code  0x0801e6ac    0x1e8  GUI_SPRITE.o [3]
  .text._DrawHLine        ro code  0x0801e894    0x1d8  GUI_SPRITE.o [3]
  .text.GUI__DoAlphaBlending
                          ro code  0x0801ea6c    0x1d4  GUI__Alpha.o [3]
  .text.GUI__GetAlphaBuffer
                          ro code  0x0801ec40     0xb8  GUI__Alpha.o [3]
  .text.GUI_ReadRectEx    ro code  0x0801ecf8     0x60  LCD_ReadRect.o [3]
  .text.GUI__ExpandPixelIndicesEx
                          ro code  0x0801ed58    0x17c  GUI__ExpandPixelIndices.o [3]
  .text.LCD_GetVXSizeMax  ro code  0x0801eed4      0x6  LCD_GetEx.o [3]
  .text.GUI_ALLOC_GetFixedBlock
                          ro code  0x0801eedc     0xa4  GUI_Alloc.o [3]
  .text.LCD_ReadRectEx    ro code  0x0801ef80    0x1a4  LCD_ReadRect.o [3]
  .text._GetMaxValue      ro code  0x0801f124     0x22  LCD_GetEx.o [3]
  .rodata                 const    0x0801f148    0x1c0  gui_keypad.o [1]
  .text._DrawVLine        ro code  0x0801f308    0x1c0  GUI_SPRITE.o [3]
  .text                   ro code  0x0801f4c8    0x1a4  dht11.o [1]
  .text.GUI__ConvertColor2Index
                          ro code  0x0801f66c    0x196  GUI__CompactPixelIndices.o [3]
  .text                   ro code  0x0801f804    0x190  mylib.o [1]
  .rodata                 const    0x0801f994    0x188  ui_main.o [1]
  .text.GUI_MEMDEV__WriteToActiveAlpha
                          ro code  0x0801fb1c    0x184  GUIDEV_WriteToActiveAlpha.o [3]
  .text.GUI__AllocAlphaBuffer
                          ro code  0x0801fca0     0x1a  GUI__Alpha.o [3]
  .text.GUI__CompactPixelIndicesEx
                          ro code  0x0801fcba      0xe  GUI__CompactPixelIndices.o [3]
  .text                   ro code  0x0801fcc8    0x174  task_core.o [1]
  .text.GUI_MEMDEV_Draw   ro code  0x0801fe3c    0x170  GUIDEV_Banding.o [3]
  .text.LCD_GetVXSizeEx   ro code  0x0801ffac      0x6  LCD_GetEx.o [3]
  .text.LCD_GetVYSizeEx   ro code  0x0801ffb2      0x6  LCD_GetEx.o [3]
  .text.GUI_GetOrg        ro code  0x0801ffb8     0x2c  GUI_Common.o [3]
  .text.GUI_MEMDEV_CreateEx
                          ro code  0x0801ffe4     0x84  GUIDEV.o [3]
  .text.GUI_MEMDEV_GetYSize
                          ro code  0x08020068     0x38  GUIDEV_GetYSize.o [3]
  .text.GUI_MEMDEV_ReduceYSize
                          ro code  0x080200a0     0x38  GUIDEV_ReduceYSize.o [3]
  .text.GUI_MEMDEV_SetOrg
                          ro code  0x080200d8     0x64  GUIDEV_SetOrg.o [3]
  .text.GUI_MEMDEV_Clear  ro code  0x0802013c     0x4c  GUIDEV_Clear.o [3]
  .text.GUI_MEMDEV_CopyToLCD
                          ro code  0x08020188      0xc  GUIDEV.o [3]
  .text.GUI_MEMDEV__CreateFixed
                          ro code  0x08020194    0x124  GUIDEV.o [3]
  .text.GUI_MEMDEV_CopyToLCDAt
                          ro code  0x080202b8     0xac  GUIDEV.o [3]
  .text.GUI_DEVICE_Create
                          ro code  0x08020364     0x4c  GUI_Device.o [3]
  .text.GUI_ALLOC_RequestSize
                          ro code  0x080203b0     0x38  GUI_Alloc.o [3]
  .text.GUI_USAGE_BM_Create
                          ro code  0x080203e8     0x60  GUIDEV_UsageBM.o [3]
  .text.GUI_SetDrawMode   ro code  0x08020448     0x18  GUI_Common.o [3]
  .text.WM_CreateWindowAsChild
                          ro code  0x08020460    0x168  WM.o [3]
  .text.WM_BringToBottom  ro code  0x080205c8     0x90  WM_Lib.o [3]
  .text.WM__GetPrevSibling
                          ro code  0x08020658     0x26  WM__Private.o [3]
  .text.WM__GetFirstSibling
                          ro code  0x0802067e     0x12  WM__Private.o [3]
  .text._CreateStaticDevice
                          ro code  0x08020690    0x164  GUIDEV_StaticDevices.o [3]
  .text.GUI__AlphaPreserveTrans
                          ro code  0x080207f4     0x24  GUI_SetAlpha.o [3]
  .text.WM_GetWindowOrgX  ro code  0x08020818     0x1c  WM_Lib.o [3]
  .text.WM__Paint1        ro code  0x08020834     0x94  WM.o [3]
  .text.LCD_GetXSize      ro code  0x080208c8     0x10  LCD_GetEx.o [3]
  .text.LCD_GetYSize      ro code  0x080208d8     0x10  LCD_GetEx.o [3]
  .text.LCD_AA_SetAndMask
                          ro code  0x080208e8     0x10  LCD_AA.o [3]
  .text.WM_SetDefault     ro code  0x080208f8     0x14  WM.o [3]
  .text.GL_SetDefault     ro code  0x0802090c     0x48  GUI_Common.o [3]
  .text.GUI_SetPenSize    ro code  0x08020954     0x1c  GUI_Common.o [3]
  .text.GUI_SetLineStyle  ro code  0x08020970     0x1c  GUI_Common.o [3]
  .text.GUI_DispStringInRectWrap
                          ro code  0x0802098c    0x14e  GUI_DispString.o [3]
  .text.GUI_WrapGetNumLines
                          ro code  0x08020ada     0x28  GUI_DispString.o [3]
  .text.GUI__WrapGetNumCharsDisp
                          ro code  0x08020b02      0x6  GUI__Wrap.o [3]
  .text.GUI__WrapGetNumBytesToNextLine
                          ro code  0x08020b08     0x14  GUI__Wrap.o [3]
  .text._WrapGetNumCharsDisp
                          ro code  0x08020b1c     0x34  GUI__Wrap.o [3]
  .text.GUI__WrapGetNumCharsToNextLine
                          ro code  0x08020b50     0x5e  GUI__Wrap.o [3]
  .text.GUIMONO_DispChar  ro code  0x08020bb0    0x13c  GUI_CharM.o [3]
  .text.WINDOW_Callback   ro code  0x08020cec    0x122  WINDOW.o [3]
  .text.WM_SetFocusOnPrevChild
                          ro code  0x08020e0e     0x42  WM_SetFocusOnPrevChild.o [3]
  .text.GUI_Clear         ro code  0x08020e50     0x20  GUI_Core.o [3]
  .text._GetPrevChild     ro code  0x08020e70     0x1e  WM_SetFocusOnPrevChild.o [3]
  .text.GUI_GotoXY        ro code  0x08020e90     0x20  GUI_Common.o [3]
  .text.WM__GetLastSibling
                          ro code  0x08020eb0     0x18  WM__Private.o [3]
  .text.FRAMEWIN_CreateUser
                          ro code  0x08020ec8    0x10c  FRAMEWIN.o [3]
  .text.WIDGET__Init      ro code  0x08020fd4     0x10  WIDGET.o [3]
  .text.WM_DisableMemdev  ro code  0x08020fe4     0x26  WM_MemDev.o [3]
  .rodata                 const    0x0802100c    0x104  font_micro_64.o [1]
  .rodata                 const    0x08021110    0x100  LCD_Mirror.o [3]
  .text                   ro code  0x08021210    0x100  LCDConf_FlexColor_Template.o [1]
  .text.GUI_DEVICE_CreateAndLink
                          ro code  0x08021310     0x28  GUI_Device.o [3]
  .text.LCD_SetSizeEx     ro code  0x08021338     0x30  LCD_Set.o [3]
  .text.LCD_SetVSizeEx    ro code  0x08021368     0x30  LCD_Set.o [3]
  .text.GUIDRV_FlexColor_Config
                          ro code  0x08021398     0x3c  GUIDRV_FlexColor.o [3]
  .text.GUIDRV_FlexColor_SetFunc
                          ro code  0x080213d4     0x32  GUIDRV_FlexColor.o [3]
  .text.GUI_TOUCH_Calibrate
                          ro code  0x08021408     0xbc  GUI_TOUCH_DriverAnalog.o [3]
  .text.GUIDRV_FlexColor__InitOnce
                          ro code  0x080214c4     0x3c  GUIDRV_FlexColor.o [3]
  .text._Paint            ro code  0x08021500     0xfe  FRAMEWIN_Skin.o [3]
  .text.WM_GetWindowSizeX
                          ro code  0x080215fe     0x38  WM_GetWindowSize.o [3]
  .text.EDIT_Callback     ro code  0x08021638     0xfc  EDIT.o [3]
  .text.EDIT_SetCursorAtPixel
                          ro code  0x08021734     0xba  EDIT.o [3]
  .text.GUI__GetCursorPosChar
                          ro code  0x080217f0     0x18  GUI__GetCursorPos.o [3]
  .text.GUI_Init          ro code  0x08021808     0xfc  GUI_Core.o [3]
  .text.GUI__Config       ro code  0x08021904     0x98  GUI_Core.o [3]
  .text._InitContext      ro code  0x0802199c     0x84  GUI_Core.o [3]
  .text.emWin_LCD_Init    ro code  0x08021a20     0xa4  LCD.o [3]
  .text.LCD_GetXSizeDisplay
                          ro code  0x08021ac4      0xc  LCD_GetEx.o [3]
  .text.LCD_GetYSizeDisplay
                          ro code  0x08021ad0      0xc  LCD_GetEx.o [3]
  .text.LCD_GetXSizeMax   ro code  0x08021adc      0x6  LCD_GetEx.o [3]
  .text.LCD_GetYSizeMax   ro code  0x08021ae2      0x6  LCD_GetEx.o [3]
  .text.LCD_SetDisplaySize
                          ro code  0x08021ae8      0xc  LCD_GetEx.o [3]
  .text.GUI_SetOrg        ro code  0x08021af4     0x40  GUI_Common.o [3]
  .text.WM_Init           ro code  0x08021b34     0xf0  WM.o [3]
  .text.GUITASK_CopyContext
                          ro code  0x08021c24     0x70  GUI_Task.o [3]
  .text.GUI_GetVersionString
                          ro code  0x08021c94     0x18  GUI_Common.o [3]
  .text                   ro code  0x08021cac     0x2c  GUIConf.o [1]
  .text.GUITASK_Init      ro code  0x08021cd8     0x4c  GUI_Task.o [3]
  .text.LCD_InitColors    ro code  0x08021d24     0x3c  LCD_Color.o [3]
  .text.LCD_InitLUT       ro code  0x08021d60     0x88  LCD_Color.o [3]
  .text.GUI_ALLOC_AssignMemory
                          ro code  0x08021de8     0x10  GUI_Alloc.o [3]
  .text.GUI_SetDefaultFont
                          ro code  0x08021df8      0xc  GUI_Core.o [3]
  .text.LCD_GetNumLayers  ro code  0x08021e04     0x1e  LCD_GetNumDisplays.o [3]
  .text.LCD_GetBitsPerPixelEx
                          ro code  0x08021e22      0x6  LCD_GetEx.o [3]
  .text.LCD_GetNumColorsEx
                          ro code  0x08021e28      0x6  LCD_GetEx.o [3]
  .text.LCD_SetLUTEntryEx
                          ro code  0x08021e2e     0x30  LCD_Set.o [3]
  .text.GUIPROP_EXT__ClearLine
                          ro code  0x08021e60     0xf4  GUI_EncExt.o [3]
  .text.GUIPROP_EXT__FindChar
                          ro code  0x08021f54     0x14  GUI_CharPExt.o [3]
  .text._FillRect         ro code  0x08021f68     0xf0  GUIDRV_FlexColor_16bpp_C0B16.o [3]
  .text.GUI__memset16     ro code  0x08022058     0x64  GUI__Private.o [3]
  .text._Undraw           ro code  0x080220bc     0xf0  GUI_SPRITE.o [3]
  .text.GUIPROP_DispChar  ro code  0x080221ac     0xec  GUI_CharP.o [3]
  .text.GUIPROP__FindChar
                          ro code  0x08022298     0x14  GUI_CharP.o [3]
  .rodata                 const    0x080222ac     0xe4  font_micro_64.o [1]
  .text.FRAMEWIN__cbClient
                          ro code  0x08022390     0xe2  FRAMEWIN.o [3]
  .text._XorPixel         ro code  0x08022474     0xe0  GUI_SPRITE.o [3]
  .text._PixelExists      ro code  0x08022554     0x44  GUI_SPRITE.o [3]
  .rodata                 const    0x08022598     0xd8  font_micro_64.o [1]
  .text.BUTTON_Callback   ro code  0x08022670     0xd8  BUTTON.o [3]
  .text.GUI_ALLOC_FreePtrArray
                          ro code  0x08022748     0x1a  GUI_Alloc.o [3]
  .text._OnButtonPressed  ro code  0x08022762     0x30  BUTTON.o [3]
  .text._OnButtonReleased
                          ro code  0x08022792     0x40  BUTTON.o [3]
  .text.WIDGET_AndState   ro code  0x080227d2     0x34  WIDGET.o [3]
  .text.GUI_StoreKey      ro code  0x08022808     0x10  GUI_OnKey.o [3]
  .text.GUI_CURSOR_SelectEx
                          ro code  0x08022818     0xcc  GUI_Cursor.o [3]
  .text.GUI_DrawBitmap    ro code  0x080228e4     0x58  GUI_DrawBitmap.o [3]
  .text.GUI_SetLayerSizeEx
                          ro code  0x0802293c     0x20  GUI_SelectLayer.o [3]
  .text.GUI_SPRITE_Delete
                          ro code  0x0802295c     0x4c  GUI_SPRITE.o [3]
  .text.GUI_SPRITE__CreateEx
                          ro code  0x080229a8     0xcc  GUI_SPRITE.o [3]
  .text._Show             ro code  0x08022a74     0x30  GUI_Cursor.o [3]
  .text.GL_DrawBitmap     ro code  0x08022aa4     0xa8  GUI_DrawBitmap.o [3]
  .text._Unlink           ro code  0x08022b4c     0x1c  GUI_SPRITE.o [3]
  .text._DoColorConversion.isra.3
                          ro code  0x08022b68     0x8c  GUI_SPRITE.o [3]
  .text._Link             ro code  0x08022bf4     0x1c  GUI_SPRITE.o [3]
  .text.GUI_SetLayerVisEx
                          ro code  0x08022c10     0x1c  GUI_SelectLayer.o [3]
  .text.GUI_SPRITE_Show   ro code  0x08022c2c     0x4c  GUI_SPRITE.o [3]
  .text.LCD_SetVisEx      ro code  0x08022c78     0x2c  LCD_Set.o [3]
  .text._SetPixelIndex    ro code  0x08022ca4     0xcc  GUI_SPRITE.o [3]
  .text.TEXT_Callback     ro code  0x08022d70     0xc6  TEXT.o [3]
  .text.WM_GetHasTrans    ro code  0x08022e36     0x1e  WM_SetTrans.o [3]
  .rodata                 const    0x08022e54     0xc0  font_micro_64.o [1]
  .rodata                 const    0x08022f14     0xc0  font_micro_64.o [1]
  .rodata                 const    0x08022fd4     0xc0  font_micro_64.o [1]
  .rodata                 const    0x08023094     0xc0  font_micro_64.o [1]
  .rodata                 const    0x08023154     0xc0  font_micro_64.o [1]
  .text._DrawVLine        ro code  0x08023214     0xbc  GUIDEV_16.o [3]
  .text.GUIPROP_EXT_DispChar
                          ro code  0x080232d0     0xb4  GUI_CharPExt.o [3]
  .text.WM__Paint         ro code  0x08023384     0xb4  WM.o [3]
  .text.WM__PaintWinAndOverlays
                          ro code  0x08023438     0x78  WM.o [3]
  .text._Paint1           ro code  0x080234b0     0x28  WM.o [3]
  .text._PaintTransChildren
                          ro code  0x080234d8     0xae  WM.o [3]
  .text._Paint1Trans      ro code  0x08023588     0x94  WM.o [3]
  .text._DrawVLine        ro code  0x0802361c     0xb4  GUIDEV_32.o [3]
  .text._FillRect         ro code  0x080236d0     0xb4  GUIDEV_16.o [3]
  .text._FillRect         ro code  0x08023784     0xb4  GUIDEV_32.o [3]
  .text.GUIDRV_FlexColor__GetPixelIndexNoCache
                          ro code  0x08023838     0xb2  GUIDRV_FlexColor.o [3]
  .text.EDIT_CreateUser   ro code  0x080238ec     0xac  EDIT.o [3]
  .text._SetPhysRAMAddr   ro code  0x08023998     0xa6  GUIDRV_FlexColor_Func66709.o [3]
  .text._SetRect          ro code  0x08023a3e     0xa6  GUIDRV_FlexColor_Func66709.o [3]
  .rodata                 const    0x08023ae4     0xa0  font_micro_64.o [1]
  .rodata                 const    0x08023b84     0xa0  font_micro_64.o [1]
  .text.TEXT_CreateUser   ro code  0x08023c24     0xa0  TEXT.o [3]
  .rodata                 const    0x08023cc4     0x9c  font_micro_64.o [1]
  .rodata                 const    0x08023d60     0x9c  font_micro_64.o [1]
  .rodata                 const    0x08023dfc     0x9c  font_micro_64.o [1]
  .rodata                 const    0x08023e98     0x9c  font_micro_64.o [1]
  .text.GUI_USAGE_BM_GetNextDirty
                          ro code  0x08023f34     0x9c  GUIDEV_UsageBM.o [3]
  .text._OnExit           ro code  0x08023fd0     0x9c  WM.o [3]
  .text._SetDevFunc       ro code  0x0802406c     0x9c  GUIDRV_FlexColor.o [3]
  .rodata                 const    0x08024108     0x98  font_micro_64.o [1]
  .rodata                 const    0x080241a0     0x98  font_micro_64.o [1]
  .rodata                 const    0x08024238     0x98  font_micro_64.o [1]
  .rodata                 const    0x080242d0     0x98  font_micro_64.o [1]
  .rodata                 const    0x08024368     0x98  font_micro_64.o [1]
  .rodata                 const    0x08024400     0x98  font_micro_64.o [1]
  .rodata                 const    0x08024498     0x98  font_micro_64.o [1]
  .rodata                 const    0x08024530     0x98  font_micro_64.o [1]
  .rodata                 const    0x080245c8     0x98  font_micro_64.o [1]
  .rodata                 const    0x08024660     0x98  font_micro_64.o [1]
  .rodata                 const    0x080246f8     0x98  font_micro_64.o [1]
  .rodata                 const    0x08024790     0x98  font_micro_64.o [1]
  .rodata                 const    0x08024828     0x98  font_micro_64.o [1]
  .rodata                 const    0x080248c0     0x98  font_micro_64.o [1]
  .rodata                 const    0x08024958     0x98  font_micro_64.o [1]
  .rodata                 const    0x080249f0     0x98  font_micro_64.o [1]
  .text._GetWordWrap      ro code  0x08024a88     0x98  GUI__Wrap.o [3]
  .text._Exec1Draw        ro code  0x08024b20     0x94  WM.o [3]
  .text.GUI_SaveContext_W
                          ro code  0x08024bb4     0x14  GUI_Common.o [3]
  .text.GUI_RestoreContext
                          ro code  0x08024bc8     0x14  GUI_Common.o [3]
  .rodata                 const    0x08024bdc     0x90  font_micro_64.o [1]
  .rodata                 const    0x08024c6c     0x8c  font_micro_64.o [1]
  .text._Exec1Input       ro code  0x08024cf8     0x8c  WM.o [3]
  .text.GUI_PollKeyMsg    ro code  0x08024d84     0x3c  GUI_OnKey.o [3]
  .text.WM_OnKey          ro code  0x08024dc0     0x44  WM_Lib.o [3]
  .rodata                 const    0x08024e04     0x88  font_micro_64.o [1]
  .rodata                 const    0x08024e8c     0x88  font_micro_64.o [1]
  .text.BUTTON_CreateUser
                          ro code  0x08024f14     0x88  BUTTON.o [3]
  .text.GUIDRV_FlexColor__SetPixelIndexNoCache
                          ro code  0x08024f9c     0x88  GUIDRV_FlexColor.o [3]
  .text.GUI__MixColorsBulk
                          ro code  0x08025024     0x88  GUI__Alpha.o [3]
  .text.WM_Exec           ro code  0x080250ac     0x88  WM.o [3]
  .rodata                 const    0x08025134     0x84  font_micro_64.o [1]
  .rodata                 const    0x080251b8     0x84  font_micro_64.o [1]
  .text._Paint            ro code  0x0802523c     0x84  BUTTON_Skin.o [3]
  .rodata                 const    0x080252c0     0x78  font_micro_64.o [1]
  .rodata                 const    0x08025338     0x78  font_micro_64.o [1]
  .rodata                 const    0x080253b0     0x78  font_micro_64.o [1]
  .rodata                 const    0x08025428     0x78  touch.o [1]
  .text.GUI_TIMER_Exec    ro code  0x080254a0     0x78  GUI_Timer.o [3]
  .text.GUI_USAGE_BM_AddHLine
                          ro code  0x08025518     0x78  GUIDEV_UsageBM.o [3]
  .rodata                 const    0x08025590     0x74  font_micro_64.o [1]
  .rodata                 const    0x08025604     0x74  font_micro_64.o [1]
  .rodata                 const    0x08025678     0x74  font_micro_64.o [1]
  .rodata                 const    0x080256ec     0x74  font_micro_64.o [1]
  .rodata                 const    0x08025760     0x74  font_micro_64.o [1]
  .rodata                 const    0x080257d4     0x74  font_micro_64.o [1]
  .rodata                 const    0x08025848     0x74  font_micro_64.o [1]
  .rodata                 const    0x080258bc     0x74  font_micro_64.o [1]
  .rodata                 const    0x08025930     0x74  font_micro_64.o [1]
  .rodata                 const    0x080259a4     0x74  font_micro_64.o [1]
  .rodata                 const    0x08025a18     0x74  font_micro_64.o [1]
  .rodata                 const    0x08025a8c     0x74  font_micro_64.o [1]
  .rodata                 const    0x08025b00     0x74  font_micro_64.o [1]
  .rodata                 const    0x08025b74     0x74  GUIDRV_FlexColor.o [3]
  .rodata                 const    0x08025be8     0x74  GUIDEV_16.o [3]
  .rodata                 const    0x08025c5c     0x74  GUIDEV_32.o [3]
  .text.WINDOW_CreateUser
                          ro code  0x08025cd0     0x70  WINDOW.o [3]
  .rodata                 const    0x08025d40     0x6c  font_micro_64.o [1]
  .rodata                 const    0x08025dac     0x6c  font_micro_64.o [1]
  .text.GUIDRV_FlexColor_SetFunc66709
                          ro code  0x08025e18     0x6c  GUIDRV_FlexColor_Func66709.o [3]
  .text.GUI_Delay         ro code  0x08025e84     0x6c  GUI_Time.o [3]
  .text.GUI_Exec          ro code  0x08025ef0     0x12  GUI_Common.o [3]
  .text.GUI_ALLOC_Lock    ro code  0x08025f04     0x10  GUI_Alloc.o [3]
  .text.GUI_ALLOC_Unlock  ro code  0x08025f14     0x10  GUI_Alloc.o [3]
  .text.GUI_Exec1         ro code  0x08025f24     0x40  GUI_Common.o [3]
  .text.GUI_MEMDEV_WriteAt
                          ro code  0x08025f64     0x6c  GUIDEV_Write.o [3]
  .text.GUI_MEMDEV__WriteToActiveAt
                          ro code  0x08025fd0     0x38  GUIDEV.o [3]
  .text.LCD_GetpPalConvTableUncached
                          ro code  0x08026008     0x6c  LCD_Color.o [3]
  .text._cbPaintMemDev    ro code  0x08026074     0x6c  WM.o [3]
  .rodata                 const    0x080260e0     0x68  font_micro_64.o [1]
  .text.GUIDRV_FlexColor_SetMode16bppC0B16
                          ro code  0x08026148     0x68  GUIDRV_FlexColor_16bpp_C0B16.o [3]
  .text.GUI_MULTIBUF_BeginEx
                          ro code  0x080261b0     0x68  GUI_MULTIBUF.o [3]
  .text._cbBackWin        ro code  0x08026218     0x68  WM.o [3]
  .rodata                 const    0x08026280     0x64  font_micro_32.o [1]
  .text._GetPixelIndex    ro code  0x080262e4     0x64  GUI_SPRITE.o [3]
  .rodata                 const    0x08026348     0x60  font_micro_32.o [1]
  .rodata                 const    0x080263a8     0x60  font_micro_32.o [1]
  .rodata                 const    0x08026408     0x60  font_micro_32.o [1]
  .text.LCD_DrawPixel     ro code  0x08026468     0x60  LCD.o [3]
  .text._ReadRect_16bpp_B8
                          ro code  0x080264c8     0x60  GUIDRV_FlexColor_Func66709.o [3]
  .rodata                 const    0x08026528     0x5c  font_micro_32.o [1]
  .rodata                 const    0x08026584     0x5c  font_micro_32.o [1]
  .rodata                 const    0x080265e0     0x5c  font_micro_32.o [1]
  .rodata                 const    0x0802663c     0x5c  font_micro_32.o [1]
  .rodata                 const    0x08026698     0x5c  font_micro_32.o [1]
  .rodata                 const    0x080266f4     0x5c  font_micro_32.o [1]
  .rodata                 const    0x08026750     0x5c  font_micro_64.o [1]
  .rodata                 const    0x080267ac     0x5c  font_micro_64.o [1]
  .rodata                 const    0x08026808     0x5c  font_micro_64.o [1]
  .rodata                 const    0x08026864     0x5c  font_micro_64.o [1]
  .rodata                 const    0x080268c0     0x5c  font_micro_64.o [1]
  .rodata                 const    0x0802691c     0x5c  font_micro_64.o [1]
  .text                   ro code  0x08026978     0x5c  stm32f4xx_it.o [1]
  .text                   ro code  0x080269d4     0x18  stm32f4xx_hal.o [1]
  .text.GUI_MULTIBUF_EndEx
                          ro code  0x080269ec     0x5c  GUI_MULTIBUF.o [3]
  .text.GUI_DCACHE_Clear  ro code  0x08026a48     0x24  GUI_Core.o [3]
  .text._XorPixel         ro code  0x08026a6c     0x5c  GUIDEV_32.o [3]
  .rodata                 const    0x08026ac8     0x58  font_micro_32.o [1]
  .text._XorPixel         ro code  0x08026b20     0x58  GUIDEV_16.o [3]
  .rodata                 const    0x08026b78     0x54  font_micro_32.o [1]
  .rodata                 const    0x08026bcc     0x54  font_micro_64.o [1]
  .rodata                 const    0x08026c20     0x54  font_micro_64.o [1]
  .rodata                 const    0x08026c74     0x54  font_micro_64.o [1]
  .rodata                 const    0x08026cc8     0x54  font_micro_64.o [1]
  .rodata                 const    0x08026d1c     0x54  font_micro_64.o [1]
  .rodata                 const    0x08026d70     0x54  font_micro_64.o [1]
  .rodata                 const    0x08026dc4     0x54  font_micro_64.o [1]
  .rodata                 const    0x08026e18     0x54  font_micro_64.o [1]
  .rodata                 const    0x08026e6c     0x54  gui_warning.o [1]
  .text._Color2Index_0    ro code  0x08026ec0     0x52  GUICC_0.o [3]
  .text.LCD_GetNumColors  ro code  0x08026f14     0x10  LCD_GetEx.o [3]
  .text.LCD_GetPalette    ro code  0x08026f24     0x10  LCD_GetEx.o [3]
  .text.GUI_CalcColorDist
                          ro code  0x08026f34     0x4a  GUI_Common.o [3]
  .text.LCD_GetPaletteEx  ro code  0x08026f7e     0x16  LCD_GetEx.o [3]
  .text._GetIndexMask_0   ro code  0x08026f94     0x52  GUICC_0.o [3]
  .rodata                 const    0x08026fe8     0x4c  font_micro_32.o [1]
  .rodata                 const    0x08027034     0x4c  font_micro_32.o [1]
  .rodata                 const    0x08027080     0x4c  font_micro_32.o [1]
  .rodata                 const    0x080270cc     0x4c  font_micro_64.o [1]
  .rodata                 const    0x08027118     0x4c  font_micro_64.o [1]
  .rodata                 const    0x08027164     0x4c  font_micro_64.o [1]
  .rodata                 const    0x080271b0     0x4c  font_micro_64.o [1]
  .text.EDIT_CreateIndirect
                          ro code  0x080271fc     0x4c  EDIT.o [3]
  .text._Encode           ro code  0x08027248     0x4c  GUI_UC_EncodeUTF8.o [3]
  .text._CalcSizeOfChar   ro code  0x08027294     0x18  GUI_UC_EncodeUTF8.o [3]
  .text._SetPixelIndex    ro code  0x080272ac     0x4c  GUIDEV_16.o [3]
  .text._SetPixelIndex    ro code  0x080272f8     0x4c  GUIDEV_32.o [3]
  .text._GetDevFunc_Init  ro code  0x08027344     0x4a  GUIDRV_FlexColor.o [3]
  .rodata                 const    0x08027390     0x48  font_micro_32.o [1]
  .rodata                 const    0x080273d8     0x48  font_micro_32.o [1]
  .rodata                 const    0x08027420     0x48  font_micro_32.o [1]
  .rodata                 const    0x08027468     0x48  font_micro_32.o [1]
  .rodata                 const    0x080274b0     0x48  font_micro_32.o [1]
  .rodata                 const    0x080274f8     0x48  font_micro_32.o [1]
  .rodata                 const    0x08027540     0x48  font_micro_32.o [1]
  .rodata                 const    0x08027588     0x48  font_micro_32.o [1]
  .rodata                 const    0x080275d0     0x48  font_micro_32.o [1]
  .rodata                 const    0x08027618     0x48  font_micro_32.o [1]
  .rodata                 const    0x08027660     0x48  font_micro_32.o [1]
  .rodata                 const    0x080276a8     0x48  font_micro_32.o [1]
  .rodata                 const    0x080276f0     0x48  font_micro_32.o [1]
  .rodata                 const    0x08027738     0x48  font_micro_32.o [1]
  .rodata                 const    0x08027780     0x48  font_micro_32.o [1]
  .rodata                 const    0x080277c8     0x48  font_micro_32.o [1]
  .rodata                 const    0x08027810     0x48  font_micro_32.o [1]
  .rodata                 const    0x08027858     0x48  font_micro_32.o [1]
  .rodata                 const    0x080278a0     0x48  font_micro_64.o [1]
  .rodata                 const    0x080278e8     0x48  font_micro_64.o [1]
  .rodata                 const    0x08027930     0x48  task_core.o [1]
  .text                   ro code  0x08027978     0x48  task_lcd.o [1]
  .text.GUI_CURSOR_Show   ro code  0x080279c0     0x10  GUI_Cursor.o [3]
  .text.WM_MULTIBUF_Enable
                          ro code  0x080279d0     0x20  WM_MULTIBUF.o [3]
  .text.GUI_UC_SetEncodeUTF8
                          ro code  0x080279f0     0x1c  GUI_UC_EncodeUTF8.o [3]
  .text.GUI_CURSOR_ShowEx
                          ro code  0x08027a0c     0x38  GUI_Cursor.o [3]
  .text.GUIDRV_FlexColor__SetLog2Phys
                          ro code  0x08027a44     0x48  GUIDRV_FlexColor.o [3]
  .text.GUIPROP_EXT__DispLine
                          ro code  0x08027a8c     0x48  GUI_EncExt.o [3]
  .text.LCD_AA_MixColors16
                          ro code  0x08027ad4     0x48  LCD_AA.o [3]
  .text._Index2ColorBulk  ro code  0x08027b1c     0x48  GUICC_565.o [3]
  .text._OnExit           ro code  0x08027b64     0x48  GUI_Core.o [3]
  .text.BUTTON_CreateIndirect
                          ro code  0x08027bac     0x46  BUTTON.o [3]
  .rodata                 const    0x08027bf4     0x44  font_micro_32.o [1]
  .rodata                 const    0x08027c38     0x44  font_micro_32.o [1]
  .rodata                 const    0x08027c7c     0x44  font_micro_32.o [1]
  .rodata                 const    0x08027cc0     0x44  font_micro_32.o [1]
  .rodata                 const    0x08027d04     0x44  font_micro_32.o [1]
  .rodata                 const    0x08027d48     0x44  font_micro_32.o [1]
  .rodata                 const    0x08027d8c     0x44  font_micro_32.o [1]
  .rodata                 const    0x08027dd0     0x44  font_micro_64.o [1]
  .rodata                 const    0x08027e14     0x44  font_micro_64.o [1]
  .text.FRAMEWIN_CreateIndirect
                          ro code  0x08027e58     0x44  FRAMEWIN.o [3]
  .text.FRAMEWIN__GetBorderSize
                          ro code  0x08027e9c     0x44  FRAMEWIN.o [3]
  .text._GetCursorPosChar
                          ro code  0x08027ee0     0x42  GUI__GetCursorPos.o [3]
  .text.GUI_UC__NumBytes2NumChars
                          ro code  0x08027f24     0x30  GUI_UC.o [3]
  .rodata                 const    0x08027f54     0x40  font_micro_32.o [1]
  .rodata                 const    0x08027f94     0x40  font_micro_32.o [1]
  .rodata                 const    0x08027fd4     0x40  font_micro_32.o [1]
  .text.TEXT_CreateIndirect
                          ro code  0x08028014     0x40  TEXT.o [3]
  .text.WINDOW_CreateIndirect
                          ro code  0x08028054     0x40  WINDOW.o [3]
  .text._GetBorderSize    ro code  0x08028094     0x40  FRAMEWIN_Skin.o [3]
  .text._GetCharCode      ro code  0x080280d4     0x40  GUI_UC_EncodeUTF8.o [3]
  .text._GetDevFunc_SetRectOutside
                          ro code  0x08028114     0x40  GUIDRV_FlexColor.o [3]
  .text._OnTouchDefault   ro code  0x08028154     0x40  BUTTON.o [3]
  .text._SetOrientation   ro code  0x08028194     0x40  GUIDRV_FlexColor_Func66709.o [3]
  .text                   ro code  0x080281d4     0x40  zero_init3.o [6]
  .rodata                 const    0x08028214     0x3c  font_micro_25.o [1]
  .rodata                 const    0x08028250     0x3c  font_micro_25.o [1]
  .rodata                 const    0x0802828c     0x3c  font_micro_25.o [1]
[...]
                        0x0802af28     0x10  Data  Gb  font_micro_64.o [1]
acGUI_Font_micro_64_0061
                        0x08026bcc     0x54  Data  Gb  font_micro_64.o [1]
acGUI_Font_micro_64_0062
                        0x08023ae4     0xa0  Data  Gb  font_micro_64.o [1]
acGUI_Font_micro_64_0063
                        0x08026c20     0x54  Data  Gb  font_micro_64.o [1]
acGUI_Font_micro_64_0064
                        0x08023b84     0xa0  Data  Gb  font_micro_64.o [1]
acGUI_Font_micro_64_0065
                        0x08026c74     0x54  Data  Gb  font_micro_64.o [1]
acGUI_Font_micro_64_0066
                        0x080252c0     0x78  Data  Gb  font_micro_64.o [1]
acGUI_Font_micro_64_0067
                        0x08023cc4     0x9c  Data  Gb  font_micro_64.o [1]
acGUI_Font_micro_64_0068
                        0x08025338     0x78  Data  Gb  font_micro_64.o [1]
acGUI_Font_micro_64_0069
                        0x08029b54     0x28  Data  Gb  font_micro_64.o [1]
acGUI_Font_micro_64_006A
                        0x080260e0     0x68  Data  Gb  font_micro_64.o [1]
acGUI_Font_micro_64_006B
                        0x080253b0     0x78  Data  Gb  font_micro_64.o [1]
acGUI_Font_micro_64_006C
                        0x08029b7c     0x28  Data  Gb  font_micro_64.o [1]
acGUI_Font_micro_64_006D
                        0x08024e04     0x88  Data  Gb  font_micro_64.o [1]
acGUI_Font_micro_64_006E
                        0x08026cc8     0x54  Data  Gb  font_micro_64.o [1]
acGUI_Font_micro_64_006F
                        0x08025d40     0x6c  Data  Gb  font_micro_64.o [1]
acGUI_Font_micro_64_0070
                        0x08023d60     0x9c  Data  Gb  font_micro_64.o [1]
acGUI_Font_micro_64_0071
                        0x08023dfc     0x9c  Data  Gb  font_micro_64.o [1]
acGUI_Font_micro_64_0072
                        0x08028d18     0x38  Data  Gb  font_micro_64.o [1]
acGUI_Font_micro_64_0073
                        0x08026d1c     0x54  Data  Gb  font_micro_64.o [1]
acGUI_Font_micro_64_0074
                        0x080278e8     0x48  Data  Gb  font_micro_64.o [1]
acGUI_Font_micro_64_0075
                        0x08026d70     0x54  Data  Gb  font_micro_64.o [1]
acGUI_Font_micro_64_0076
                        0x08025dac     0x6c  Data  Gb  font_micro_64.o [1]
acGUI_Font_micro_64_0077
                        0x08024e8c     0x88  Data  Gb  font_micro_64.o [1]
acGUI_Font_micro_64_0078
                        0x08026dc4     0x54  Data  Gb  font_micro_64.o [1]
acGUI_Font_micro_64_0079
                        0x08023e98     0x9c  Data  Gb  font_micro_64.o [1]
acGUI_Font_micro_64_007A
                        0x08026e18     0x54  Data  Gb  font_micro_64.o [1]
acGUI_Font_micro_64_007B
                        0x080268c0     0x5c  Data  Gb  font_micro_64.o [1]
acGUI_Font_micro_64_007C
                        0x080290a0     0x34  Data  Gb  font_micro_64.o [1]
acGUI_Font_micro_64_007D
                        0x0802691c     0x5c  Data  Gb  font_micro_64.o [1]
acGUI_Font_micro_64_007E
                        0x08029e70     0x24  Data  Gb  font_micro_64.o [1]
acGUI_Font_micro_64_007F
                        0x08013d82      0x1  Data  Gb  font_micro_64.o [1]
asc2_1206               0x0801b6d4    0x474  Data  Gb  ILI93xx.o [1]
asc2_1608               0x08019e44    0x5f0  Data  Gb  ILI93xx.o [1]
asc2_2412               0x0800e398    0xd5c  Data  Gb  ILI93xx.o [1]
atof                    0x0800dd91      0x8  Code  Gb  strto64.o [5]
atoi                    0x080106a1      0x2  Code  Gb  iar_Stoulx.o [4]
axRef.9609              0x2001455c      0x8  Data  Lc  GUI_TOUCH_DriverAnalog.o [3]
axSample.9611           0x20014564      0x8  Data  Lc  GUI_TOUCH_DriverAnalog.o [3]
ayRef.9610              0x2001456c      0x8  Data  Lc  GUI_TOUCH_DriverAnalog.o [3]
aySample.9612           0x20014574      0x8  Data  Lc  GUI_TOUCH_DriverAnalog.o [3]
button_user_clock_set   0x080108df     0x4e  Code  Gb  gui_common.o [1]
button_user_skin_set    0x080107d3     0x4e  Code  Gb  gui_common.o [1]
calendar                0x20014810      0xc  Data  Gb  ds3231.o [1]
checkIP                 0x0800f369     0x7a  Code  Lc  gui_keypad.o [1]
data_copy               0x0801fcc9     0x5a  Code  Gb  task_core.o [1]
data_set_lcd            0x200145f8     0x20  Data  Gb  gui_common.o [1]
ddiv                    0x0800d925     0xd0  Code  Lc  strto64.o [5]
delay_ms                0x08009c6d      0xc  Code  Gb  delay.o [1]
delay_us                0x08009c15     0x54  Code  Gb  delay.o [1]
digits                  0x080106ac     0x28  Data  Lc  iar_Stoulx.o [4]
digits                  0x0800d784     0x28  Data  Lc  iar_Stoullx.o [4]
dmul                    0x0800d851     0xd2  Code  Lc  strto64.o [5]
drawWarn                0x080103c3     0x66  Code  Lc  gui_warning.o [1]
emWin_LCD_Init          0x08021a21     0xa4  Code  Gb  LCD.o [3]
endKeyPadShow           0x0800f3e3     0x2c  Code  Gb  gui_keypad.o [1]
endWarningShow          0x08010429     0x24  Code  Gb  gui_warning.o [1]
exit                    0x0802a7b7      0x4  Code  Gb  exit.o [4]
exitCancel              0x0800f415      0xa  Code  Lc  gui_keypad.o [1]
exitConfirm             0x0800f41f    0x2bc  Code  Lc  gui_keypad.o [1]
flash_tp_dve            0x200147c0     0x10  Data  Gb  touch.o [1]
fputc                   0x08005643     0x18  Code  Gb  usart.o [1]
hcrc                    0x20014840      0x8  Data  Gb  crc.o [1]
hi2c1                   0x20014268     0x54  Data  Gb  i2c.o [1]
hspi1                   0x200141b8     0x58  Data  Gb  spi.o [1]
hsram1                  0x200142bc     0x50  Data  Gb  fsmc.o [1]
huart1                  0x20014428     0x40  Data  Gb  usart.o [1]
huart2                  0x20014468     0x40  Data  Gb  usart.o [1]
huart3                  0x200144a8     0x40  Data  Gb  usart.o [1]
huart4                  0x200143e8     0x40  Data  Gb  usart.o [1]
humi                    0x200149c4      0x1  Data  Gb  task_core.o [1]
iWin.10693              0x2001454c      0x4  Data  Lc  WM.o [3]
ii                      0x200149b6      0x2  Data  Gb  ui_clock.o [1]
initEditShowStr         0x0800f0f7     0xf8  Code  Gb  gui_keypad.o [1]
isalpha                 0x0800dde1     0x14  Code  Gb  isalpha.o [4]
isspace                 0x0800d571     0x14  Code  Gb  isspace.o [4]
keypad                  0x200144e8     0x38  Data  Gb  gui_keypad.o [1]
keypadEditInt           0x0800fc3b     0x4a  Code  Gb  gui_keypad.o [1]
lcddev                  0x200147b0     0x10  Data  Gb  ILI93xx.o [1]
ldexp                   0x0800c021           Code  Gb  ldexp.o [5]
ldexpl                  0x0800c021           Code  Gb  ldexp.o [5]
localeconv              0x0800be99      0x4  Code  Gb  xlocale_c.o [4]
main                    0x08004821     0x9a  Code  Gb  main.o [1]
memchr                  0x0800bf49           Code  Gb  memchr.o [6]
memcmp                  0x08009af5           Code  Gb  memcmp.o [6]
memcpy                  0x08012ff9      0xc  Code  Gb  memcpy.o [6]
memmove                 0x08011a65      0xc  Code  Gb  memmove.o [6]
memset                  0x08011301     0x14  Code  Gb  memset.o [6]
ndigs                   0x080106d4     0x28  Data  Lc  iar_Stoulx.o [4]
ndigs                   0x0800d7ac     0x28  Data  Lc  iar_Stoullx.o [4]
obuf                    0x2001430c     0x50  Data  Lc  xfiles.o [4]
pcInterruptPriorityRegisters
                        0x0802b9b8      0x4  Data  Lc  port.o [1]
pfSetRect.9753          0x20014638      0x4  Data  Lc  GUIDRV_FlexColor.o [3]
pows                    0x0800dd98     0x48  Data  Lc  strto64.o [5]
printf                  0x0800adf9     0x28  Code  Gb  printf.o [4]
prvAddCurrentTaskToDelayedList
                        0x0800711d     0x7e  Code  Lc  tasks.o [1]
prvAddNewTaskToReadyList
                        0x08006819     0xc2  Code  Lc  tasks.o [1]
prvCheckForValidListAndQueue
                        0x080088e5     0x4c  Code  Lc  timers.o [1]
prvCheckTasksWaitingTermination
                        0x08006ead     0x64  Code  Lc  tasks.o [1]
prvCopyDataFromQueue    0x0800656d     0x30  Code  Lc  queue.o [1]
prvCopyDataToQueue      0x080064d5     0x98  Code  Lc  queue.o [1]
prvDeleteTCB            0x08006f11     0x12  Code  Lc  tasks.o [1]
prvGetNextExpireTime    0x080086df     0x2a  Code  Lc  timers.o [1]
prvHeapInit             0x080082f5     0x66  Code  Lc  heap_4.o [1]
prvIdleTask             0x08006e2d     0x26  Code  Lc  tasks.o [1]
prvInitialiseMutex      0x08006039     0x22  Code  Lc  queue.o [1]
prvInitialiseNewQueue   0x08006003     0x36  Code  Lc  queue.o [1]
prvInitialiseNewTask    0x08006739     0xe0  Code  Lc  tasks.o [1]
prvInitialiseTaskLists  0x08006e53     0x5a  Code  Lc  tasks.o [1]
prvInsertBlockIntoFreeList
                        0x0800835b     0x60  Code  Lc  heap_4.o [1]
prvInsertTimerInActiveList
                        0x08008731     0x50  Code  Lc  timers.o [1]
prvIsQueueEmpty         0x0800660b     0x1c  Code  Lc  queue.o [1]
prvIsQueueFull          0x08006627     0x1e  Code  Lc  queue.o [1]
prvProcessExpiredTimer  0x080085f5     0x5c  Code  Lc  timers.o [1]
prvProcessReceivedCommands
                        0x08008781     0xde  Code  Lc  timers.o [1]
prvProcessTimerOrBlockTask
                        0x0800866f     0x70  Code  Lc  timers.o [1]
prvResetNextTaskUnblockTime
                        0x08006f23     0x2a  Code  Lc  tasks.o [1]
prvSampleTimeNow        0x08008709     0x28  Code  Lc  timers.o [1]
prvSampleTimeNow::xLastTime
                        0x20014924      0x4  Data  Lc  timers.o [1]
prvSwitchTimerLists     0x0800885f     0x86  Code  Lc  timers.o [1]
prvTaskExitError        0x08007e5d     0x2a  Code  Lc  port.o [1]
prvTimerTask            0x08008655     0x1a  Code  Lc  timers.o [1]
prvUnlockQueue          0x0800659d     0x6e  Code  Lc  queue.o [1]
putchar                 0x0802a9f1      0xc  Code  Gb  putchar.o [4]
pvPortMalloc            0x08008161    0x11a  Code  Gb  heap_4.o [1]
pvTaskIncrementMutexHeldCount
                        0x080070df     0x1e  Code  Gb  tasks.o [1]
pxCurrentTCB            0x200148d8      0x4  Data  Gb  tasks.o [1]
pxCurrentTimerList      0x20014914      0x4  Data  Lc  timers.o [1]
pxDelayedTaskList       0x200148dc      0x4  Data  Lc  tasks.o [1]
pxEnd                   0x200148b8      0x4  Data  Lc  heap_4.o [1]
pxOverflowDelayedTaskList
                        0x200148e0      0x4  Data  Lc  tasks.o [1]
pxOverflowTimerList     0x20014918      0x4  Data  Lc  timers.o [1]
pxPortInitialiseStack   0x08007e35     0x28  Code  Gb  port.o [1]
pxReadyTasksLists       0x200140f4     0x64  Data  Lc  tasks.o [1]
ranmatch                0x0800c9fb     0x42  Code  Lc  xscanffull.o [4]
recv_buf                0x200146ac     0x14  Data  Gb  main.o [1]
recv_buf1               0x200146c0     0x14  Data  Gb  main.o [1]
refresh_page            0x080149e1    0x378  Code  Lc  ui_clock.o [1]
refresh_page            0x080152e5    0x404  Code  Lc  ui_main.o [1]
scalbln                 0x0800c021           Code  Gb  ldexp.o [5]
scalblnl                0x0800c021           Code  Gb  ldexp.o [5]
scalbn                  0x0800c021           Code  Gb  ldexp.o [5]
scalbnl                 0x0800c021           Code  Gb  ldexp.o [5]
scale                   0x0800b603     0x46  Code  Lc  xprintffull.o [4]
sec_hand                0x200149b0      0x4  Data  Lc  xfail_s.o [4]
sensor_data_core        0x200146d4     0x14  Data  Gb  task_core.o [1]
sensor_data_lcd         0x200146e8     0x14  Data  Gb  task_lcd.o [1]
sgp30_data              0x200148cc      0x4  Data  Gb  mylib.o [1]
sgp30_init              0x0801f84b     0x36  Code  Gb  mylib.o [1]
sgp30_send_cmd          0x0801f805     0x28  Code  Lc  mylib.o [1]
sgp30_soft_reset        0x0801f82d     0x1e  Code  Lc  mylib.o [1]
sgp30_start             0x0801f881      0xc  Code  Lc  mylib.o [1]
snprintf                0x0800fe45     0x44  Code  Gb  snprintf.o [4]
spg30_read              0x0801f8cb     0xae  Code  Gb  mylib.o [1]
sprintf                 0x08010b7d     0x40  Code  Gb  sprintf.o [4]
sqrt                    0x0800a9dd           Code  Gb  sqrt.o [5]
sqrtl                   0x0800a9dd           Code  Gb  sqrt.o [5]
sscanf                  0x0801015d     0x28  Code  Gb  sscanf.o [4]
strchr                  0x0800bea5           Code  Gb  strchr.o [6]
strcpy                  0x08011515           Code  Gb  strcpy.o [6]
strlen                  0x0800bf09           Code  Gb  strlen.o [6]
strtoll                 0x0800d61b      0x2  Code  Gb  iar_Stollx.o [4]
strtoull                0x0800d77d      0x2  Code  Gb  iar_Stoullx.o [4]
temp                    0x200149c3      0x1  Data  Gb  task_core.o [1]
tolower                 0x0800de5d     0x14  Code  Gb  tolower.o [4]
tp_dev                  0x2000000c     0x48  Data  Gb  touch.o [1]
ucHeap                  0x2000038c  0x12c00  Data  Lc  heap_4.o [1]
ucMaxSysCallPriority    0x200149c2      0x1  Data  Lc  port.o [1]
uiKeypad                0x0800fbb5     0x86  Code  Gb  gui_keypad.o [1]
uiWarning               0x080104dd     0x80  Code  Gb  gui_warning.o [1]
ui_clock                0x080151b7     0x32  Code  Gb  ui_clock.o [1]
ui_clock_hWin           0x20014928      0x4  Data  Gb  ui_clock.o [1]
ui_keyPad_hWin          0x2001489c      0x4  Data  Gb  gui_keypad.o [1]
ui_keyWarnParent_hWin   0x200148a8      0x4  Data  Gb  gui_warning.o [1]
ui_keyWarn_hWin         0x200148a4      0x4  Data  Gb  gui_warning.o [1]
ui_main                 0x080157f5     0x3e  Code  Gb  ui_main.o [1]
ui_main_hWin            0x2001492c      0x4  Data  Gb  ui_main.o [1]
ulMaxPRIGROUPValue      0x200148d0      0x4  Data  Lc  port.o [1]
uwTick                  0x200148d4      0x4  Data  Gb  stm32f4xx_hal.o [1]
uwTickFreq              0x2000037e      0x1  Data  Gb  stm32f4xx_hal.o [1]
uwTickPrio              0x20000004      0x4  Data  Gb  stm32f4xx_hal.o [1]
uxCriticalNesting       0x20000000      0x4  Data  Lc  port.o [1]
uxCurrentNumberOfTasks  0x200148e8      0x4  Data  Lc  tasks.o [1]
uxDeletedTasksWaitingCleanUp
                        0x200148e4      0x4  Data  Lc  tasks.o [1]
uxListRemove            0x08008103     0x28  Code  Gb  list.o [1]
uxPendedTicks           0x200148f8      0x4  Data  Lc  tasks.o [1]
uxSchedulerSuspended    0x20014910      0x4  Data  Lc  tasks.o [1]
uxTaskNumber            0x20014904      0x4  Data  Lc  tasks.o [1]
uxTopReadyPriority      0x200148f0      0x4  Data  Lc  tasks.o [1]
vListInitialise         0x08008091     0x1e  Code  Gb  list.o [1]
vListInitialiseItem     0x080080af      0x6  Code  Gb  list.o [1]
vListInsert             0x080080cd     0x36  Code  Gb  list.o [1]
vListInsertEnd          0x080080b5     0x18  Code  Gb  list.o [1]
vPortEnableVFP          0x08008b79           Code  Gb  portasm.o [1]
vPortEnterCritical      0x08007f53     0x3a  Code  Gb  port.o [1]
vPortExitCritical       0x08007f8d     0x32  Code  Gb  port.o [1]
vPortFree               0x0800827b     0x7a  Code  Gb  heap_4.o [1]
vPortStartFirstTask     0x08008b61           Code  Gb  portasm.o [1]
vPortValidateInterruptPriority
                        0x08007fe9     0x4e  Code  Gb  port.o [1]
vQueueAddToRegistry     0x08006645     0x26  Code  Gb  queue.o [1]
vQueueWaitForMessageRestricted
                        0x08006675     0x4c  Code  Gb  queue.o [1]
vTaskDelay              0x080068db     0x4e  Code  Gb  tasks.o [1]
vTaskMissedYield        0x08006e1b      0xa  Code  Gb  tasks.o [1]
vTaskPlaceOnEventList   0x08006c59     0x34  Code  Gb  tasks.o [1]
vTaskPlaceOnEventListRestricted
                        0x08006c99     0x40  Code  Gb  tasks.o [1]
vTaskPriorityInherit    0x08006f77     0xae  Code  Gb  tasks.o [1]
vTaskSetTimeOutState    0x08006d6d     0x26  Code  Gb  tasks.o [1]
vTaskStartScheduler     0x08006929     0x72  Code  Gb  tasks.o [1]
vTaskSuspendAll         0x0800699b     0x10  Code  Gb  tasks.o [1]
vTaskSwitchContext      0x08006be1     0x6e  Code  Gb  tasks.o [1]
warnStr                 0x20014684     0x14  Data  Lc  gui_warning.o [1]
warnTitle               0x20014698     0x14  Data  Lc  gui_warning.o [1]
warnType                0x200148a0      0x4  Data  Lc  gui_warning.o [1]
wctob                   0x0800d535     0x34  Code  Gb  wctob.o [4]
x0.9866                 0x20014640      0x4  Data  Lc  GUIDRV_FlexColor.o [3]
x1.9868                 0x20014648      0x4  Data  Lc  GUIDRV_FlexColor.o [3]
xActiveTimerList1       0x20014760     0x14  Data  Lc  timers.o [1]
xActiveTimerList2       0x20014774     0x14  Data  Lc  timers.o [1]
xBlockAllocatedBit      0x200148c4      0x4  Data  Lc  heap_4.o [1]
xDelayedTaskList1       0x200146fc     0x14  Data  Lc  tasks.o [1]
xDelayedTaskList2       0x20014710     0x14  Data  Lc  tasks.o [1]
xFreeBytesRemaining     0x200148bc      0x4  Data  Lc  heap_4.o [1]
xHeapStructSize         0x0802b9b4      0x4  Data  Lc  heap_4.o [1]
xIdleTaskHandle         0x2001490c      0x4  Data  Lc  tasks.o [1]
xLast.9626              0x20000198      0x4  Data  Lc  GUI_TOUCH_DriverAnalog.o [3]
xMinimumEverFreeBytesRemaining
                        0x200148c0      0x4  Data  Lc  heap_4.o [1]
xNextTaskUnblockTime    0x20014908      0x4  Data  Lc  tasks.o [1]
xNumOfOverflows         0x20014900      0x4  Data  Lc  tasks.o [1]
xPendingReadyList       0x20014724     0x14  Data  Lc  tasks.o [1]
xPortStartScheduler     0x08007e87     0xcc  Code  Gb  port.o [1]
xPortSysTickHandler     0x08007fbf     0x28  Code  Gb  port.o [1]
xQueueCreateMutex       0x0800605b     0x20  Code  Gb  queue.o [1]
xQueueGenericCreate     0x08005fad     0x56  Code  Gb  queue.o [1]
xQueueGenericReceive    0x080062ff    0x1d6  Code  Gb  queue.o [1]
xQueueGenericReset      0x08005f15     0x98  Code  Gb  queue.o [1]
xQueueGenericSend       0x0800607b    0x1a6  Code  Gb  queue.o [1]
xQueueGenericSendFromISR
                        0x08006221     0xde  Code  Gb  queue.o [1]
xQueueMutex             0x200148ac      0x4  Data  Lc  GUI_X_OS.o [1]
xQueueRegistry          0x200143a8     0x40  Data  Gb  queue.o [1]
xSchedulerRunning       0x200148f4      0x4  Data  Lc  tasks.o [1]
xSemaTxDone             0x200148b0      0x4  Data  Lc  GUI_X_OS.o [1]
xStart                  0x20014848      0x8  Data  Lc  heap_4.o [1]
xSuspendedTaskList      0x2001474c     0x14  Data  Lc  tasks.o [1]
xTaskCheckForTimeOut    0x08006d99     0x82  Code  Gb  tasks.o [1]
xTaskCreate             0x080066c1     0x78  Code  Gb  tasks.o [1]
xTaskGetCurrentTaskHandle
                        0x08006f4d      0x8  Code  Gb  tasks.o [1]
xTaskGetSchedulerState  0x08006f57     0x20  Code  Gb  tasks.o [1]
xTaskGetTickCount       0x08006aa7      0x8  Code  Gb  tasks.o [1]
xTaskIncrementTick      0x08006aaf    0x12a  Code  Gb  tasks.o [1]
xTaskPriorityDisinherit
                        0x08007025     0xba  Code  Gb  tasks.o [1]
xTaskRemoveFromEventList
                        0x08006cdb     0x86  Code  Gb  tasks.o [1]
xTaskResumeAll          0x080069ab     0xfc  Code  Gb  tasks.o [1]
xTasksWaitingTermination
                        0x20014738     0x14  Data  Lc  tasks.o [1]
xTickCount              0x200148ec      0x4  Data  Lc  tasks.o [1]
xTimerCreateTimerTask   0x08008529     0x48  Code  Gb  timers.o [1]
xTimerGenericCommand    0x08008571     0x84  Code  Gb  timers.o [1]
xTimerQueue             0x2001491c      0x4  Data  Lc  timers.o [1]
xTimerTaskHandle        0x20014920      0x4  Data  Lc  timers.o [1]
xYieldPending           0x200148fc      0x4  Data  Lc  tasks.o [1]
y0.9867                 0x20014644      0x4  Data  Lc  GUIDRV_FlexColor.o [3]
y1.9869                 0x2001464c      0x4  Data  Lc  GUIDRV_FlexColor.o [3]
yLast.9627              0x2000019c      0x4  Data  Lc  GUI_TOUCH_DriverAnalog.o [3]


[1] = D:\project_file\100_demo\famil_tnb\famil_tnb\EWARM\famil_tnb\Obj
[2] = command line
[3] = STemWin_CM4_OS_wc16.a
[4] = dl7M_tlf.a
[5] = m7M_tls.a
[6] = rt7M_tl.a
[7] = shb_l.a

  121 329 bytes of readonly  code memory
   58 226 bytes of readonly  data memory
   85 449 bytes of readwrite data memory

Errors: none
Warnings: 1
