###############################################################################
#
# IAR ELF Linker V8.11.3.13950/W32 for ARM                10/Mar/2021  11:14:18
# Copyright 2007-2017 IAR Systems AB.
#
#    Output file  =  
#        D:\project_file\100_demo\famil_tnb\famil_tnb\EWARM\famil_tnb\Exe\famil_tnb.out
#    Map file     =  
#        D:\project_file\100_demo\famil_tnb\famil_tnb\EWARM\famil_tnb\List\famil_tnb.map
#    Command line =  
#        -f C:\Users\GAO'LI~1\AppData\Local\Temp\EWD338.tmp
#        (D:\project_file\100_demo\famil_tnb\famil_tnb\EWARM\famil_tnb\Obj\b_image.o
#        D:\project_file\100_demo\famil_tnb\famil_tnb\EWARM\famil_tnb\Obj\crc.o
#        D:\project_file\100_demo\famil_tnb\famil_tnb\EWARM\famil_tnb\Obj\croutine.o
#        D:\project_file\100_demo\famil_tnb\famil_tnb\EWARM\famil_tnb\Obj\delay.o
#        D:\project_file\100_demo\famil_tnb\famil_tnb\EWARM\famil_tnb\Obj\dht11.o
#        D:\project_file\100_demo\famil_tnb\famil_tnb\EWARM\famil_tnb\Obj\ds3231.o
#        D:\project_file\100_demo\famil_tnb\famil_tnb\EWARM\famil_tnb\Obj\event_groups.o
#        D:\project_file\100_demo\famil_tnb\famil_tnb\EWARM\famil_tnb\Obj\font_micro_25.o
#        D:\project_file\100_demo\famil_tnb\famil_tnb\EWARM\famil_tnb\Obj\font_micro_32.o
#        D:\project_file\100_demo\famil_tnb\famil_tnb\EWARM\famil_tnb\Obj\font_micro_64.o
#        D:\project_file\100_demo\famil_tnb\famil_tnb\EWARM\famil_tnb\Obj\FramewinDLG.o
#        D:\project_file\100_demo\famil_tnb\famil_tnb\EWARM\famil_tnb\Obj\fsmc.o
#        D:\project_file\100_demo\famil_tnb\famil_tnb\EWARM\famil_tnb\Obj\gpio.o
#        D:\project_file\100_demo\famil_tnb\famil_tnb\EWARM\famil_tnb\Obj\gui_common.o
#        D:\project_file\100_demo\famil_tnb\famil_tnb\EWARM\famil_tnb\Obj\gui_keypad.o
#        D:\project_file\100_demo\famil_tnb\famil_tnb\EWARM\famil_tnb\Obj\gui_warning.o
#        D:\project_file\100_demo\famil_tnb\famil_tnb\EWARM\famil_tnb\Obj\GUI_X_OS.o
#        D:\project_file\100_demo\famil_tnb\famil_tnb\EWARM\famil_tnb\Obj\GUI_X_Touch_Analog.o
#        D:\project_file\100_demo\famil_tnb\famil_tnb\EWARM\famil_tnb\Obj\GUIConf.o
#        D:\project_file\100_demo\famil_tnb\famil_tnb\EWARM\famil_tnb\Obj\heap_4.o
#        D:\project_file\100_demo\famil_tnb\famil_tnb\EWARM\famil_tnb\Obj\i2c.o
#        D:\project_file\100_demo\famil_tnb\famil_tnb\EWARM\famil_tnb\Obj\ILI93xx.o
#        D:\project_file\100_demo\famil_tnb\famil_tnb\EWARM\famil_tnb\Obj\LCDConf_FlexColor_Template.o
#        D:\project_file\100_demo\famil_tnb\famil_tnb\EWARM\famil_tnb\Obj\list.o
#        D:\project_file\100_demo\famil_tnb\famil_tnb\EWARM\famil_tnb\Obj\main.o
#        D:\project_file\100_demo\famil_tnb\famil_tnb\EWARM\famil_tnb\Obj\mylib.o
#        D:\project_file\100_demo\famil_tnb\famil_tnb\EWARM\famil_tnb\Obj\port.o
#        D:\project_file\100_demo\famil_tnb\famil_tnb\EWARM\famil_tnb\Obj\portasm.o
#        D:\project_file\100_demo\famil_tnb\famil_tnb\EWARM\famil_tnb\Obj\queue.o
#        D:\project_file\100_demo\famil_tnb\famil_tnb\EWARM\famil_tnb\Obj\spi.o
#        D:\project_file\100_demo\famil_tnb\famil_tnb\EWARM\famil_tnb\Obj\startup_stm32f407xx.o
#        D:\project_file\100_demo\famil_tnb\famil_tnb\STemWin\Lib\STemWin_CM4_OS_wc16.a
#        D:\project_file\100_demo\famil_tnb\famil_tnb\EWARM\famil_tnb\Obj\stm32f4xx_hal.o
#        D:\project_file\100_demo\famil_tnb\famil_tnb\EWARM\famil_tnb\Obj\stm32f4xx_hal_cortex.o
#        D:\project_file\100_demo\famil_tnb\famil_tnb\EWARM\famil_tnb\Obj\stm32f4xx_hal_crc.o
#        D:\project_file\100_demo\famil_tnb\famil_tnb\EWARM\famil_tnb\Obj\stm32f4xx_hal_dma.o
#        D:\project_file\100_demo\famil_tnb\famil_tnb\EWARM\famil_tnb\Obj\stm32f4xx_hal_dma_ex.o
#        D:\project_file\100_demo\famil_tnb\famil_tnb\EWARM\famil_tnb\Obj\stm32f4xx_hal_exti.o
#        D:\project_file\100_demo\famil_tnb\famil_tnb\EWARM\famil_tnb\Obj\stm32f4xx_hal_flash.o
#        D:\project_file\100_demo\famil_tnb\famil_tnb\EWARM\famil_tnb\Obj\stm32f4xx_hal_flash_ex.o
#        D:\project_file\100_demo\famil_tnb\famil_tnb\EWARM\famil_tnb\Obj\stm32f4xx_hal_flash_ramfunc.o
#        D:\project_file\100_demo\famil_tnb\famil_tnb\EWARM\famil_tnb\Obj\stm32f4xx_hal_gpio.o
#        D:\project_file\100_demo\famil_tnb\famil_tnb\EWARM\famil_tnb\Obj\stm32f4xx_hal_i2c.o
#        D:\project_file\100_demo\famil_tnb\famil_tnb\EWARM\famil_tnb\Obj\stm32f4xx_hal_i2c_ex.o
#        D:\project_file\100_demo\famil_tnb\famil_tnb\EWARM\famil_tnb\Obj\stm32f4xx_hal_msp.o
#        D:\project_file\100_demo\famil_tnb\famil_tnb\EWARM\famil_tnb\Obj\stm32f4xx_hal_pwr.o
#        D:\project_file\100_demo\famil_tnb\famil_tnb\EWARM\famil_tnb\Obj\stm32f4xx_hal_pwr_ex.o
#        D:\project_file\100_demo\famil_tnb\famil_tnb\EWARM\famil_tnb\Obj\stm32f4xx_hal_rcc.o
#        D:\project_file\100_demo\famil_tnb\famil_tnb\EWARM\famil_tnb\Obj\stm32f4xx_hal_rcc_ex.o
#        D:\project_file\100_demo\famil_tnb\famil_tnb\EWARM\famil_tnb\Obj\stm32f4xx_hal_spi.o
#        D:\project_file\100_demo\famil_tnb\famil_tnb\EWARM\famil_tnb\Obj\stm32f4xx_hal_sram.o
#        D:\project_file\100_demo\famil_tnb\famil_tnb\EWARM\famil_tnb\Obj\stm32f4xx_hal_tim.o
#        D:\project_file\100_demo\famil_tnb\famil_tnb\EWARM\famil_tnb\Obj\stm32f4xx_hal_tim_ex.o
#        D:\project_file\100_demo\famil_tnb\famil_tnb\EWARM\famil_tnb\Obj\stm32f4xx_hal_uart.o
#        D:\project_file\100_demo\famil_tnb\famil_tnb\EWARM\famil_tnb\Obj\stm32f4xx_it.o
#        D:\project_file\100_demo\famil_tnb\famil_tnb\EWARM\famil_tnb\Obj\stm32f4xx_ll_fsmc.o
#        D:\project_file\100_demo\famil_tnb\famil_tnb\EWARM\famil_tnb\Obj\stm32f4xx_ll_gpio.o
#        D:\project_file\100_demo\famil_tnb\famil_tnb\EWARM\famil_tnb\Obj\system_stm32f4xx.o
#        D:\project_file\100_demo\famil_tnb\famil_tnb\EWARM\famil_tnb\Obj\task_core.o
#        D:\project_file\100_demo\famil_tnb\famil_tnb\EWARM\famil_tnb\Obj\task_lcd.o
#        D:\project_file\100_demo\famil_tnb\famil_tnb\EWARM\famil_tnb\Obj\task_led.o
#        D:\project_file\100_demo\famil_tnb\famil_tnb\EWARM\famil_tnb\Obj\task_touch.o
#        D:\project_file\100_demo\famil_tnb\famil_tnb\EWARM\famil_tnb\Obj\tasks.o
#        D:\project_file\100_demo\famil_tnb\famil_tnb\EWARM\famil_tnb\Obj\timers.o
#        D:\project_file\100_demo\famil_tnb\famil_tnb\EWARM\famil_tnb\Obj\touch.o
#        D:\project_file\100_demo\famil_tnb\famil_tnb\EWARM\famil_tnb\Obj\ui_clock.o
#        D:\project_file\100_demo\famil_tnb\famil_tnb\EWARM\famil_tnb\Obj\ui_main.o
#        D:\project_file\100_demo\famil_tnb\famil_tnb\EWARM\famil_tnb\Obj\ui_parameter.o
#        D:\project_file\100_demo\famil_tnb\famil_tnb\EWARM\famil_tnb\Obj\usart.o
#        D:\project_file\100_demo\famil_tnb\famil_tnb\EWARM\famil_tnb\Obj\w25qxx.o
#        --redirect _Printf=_PrintfFull --redirect _Scanf=_ScanfFull -o
#        D:\project_file\100_demo\famil_tnb\famil_tnb\EWARM\famil_tnb\Exe\famil_tnb.out
#        --map
#        D:\project_file\100_demo\famil_tnb\famil_tnb\EWARM\famil_tnb\List\famil_tnb.map
#        --config
#        D:\project_file\100_demo\famil_tnb\famil_tnb\EWARM/stm32f407xx_flash.icf
#        --semihosting --entry __iar_program_start --vfe --text_out locale)
#
###############################################################################

*******************************************************************************
*** MESSAGES
***

Warning[Lt009]: Inconsistent wchar_t size
            GUI_DrawBitmap_565.o(STemWin_CM4_OS_wc16.a) and 144 other objects
                      have wchar_t size 16 bits
            b_image.o and 199 other objects have wchar_t size 32 bits


*******************************************************************************
*** RUNTIME MODEL ATTRIBUTES
***

CppFlavor       = *
__SystemLibrary = DLib
__dlib_version  = 6


*******************************************************************************
*** HEAP SELECTION
***

The basic heap was selected because no calls to memory allocation
functions were found in the application outside of system library
functions, and there are calls to deallocation functions in the
application.


*******************************************************************************
*** PLACEMENT SUMMARY
***

"A0":  place at 0x08000000 { ro section .intvec };
"P1":  place in [from 0x08000000 to 0x080fffff] { ro };
define block CSTACK with size = 1K, alignment = 8 { };
define block HEAP with size = 512, alignment = 8 { };
"P2":  place in [from 0x20000000 to 0x2001ffff] {
          rw, block CSTACK, block HEAP };
initialize by copy { rw };

  Section                 Kind        Address     Size  Object
  -------                 ----        -------     ----  ------
"A0":                                            0x188
  .intvec                 ro code  0x08000000    0x188  startup_stm32f407xx.o [1]
                                 - 0x08000188    0x188

"P1":                                          0x2ca75
  .rodata                 const    0x08000188   0x1c48  F32_ASCII.o [3]
  .rodata                 const    0x08001dd0   0x1484  GUI_CursorResource.o [3]
  .text                   ro code  0x08003254   0x12c0  stm32f4xx_hal_i2c.o [1]
  .text                   ro code  0x08004514     0xd0  i2c.o [1]
  .text                   ro code  0x080045e4    0x230  stm32f4xx_hal_rcc.o [1]
  .text                   ro code  0x08004814      0xc  stm32f4xx_hal.o [1]
  .text                   ro code  0x08004820    0x206  main.o [1]
  .text                   ro code  0x08004a26     0x7a  lz77_init_single.o [6]
  .text                   ro code  0x08004aa0      0x6  ABImemclr4.o [6]
  .text._ReadRect_16bpp_B16_I
                          ro code  0x08004aa6     0x62  GUIDRV_FlexColor_Func66709.o [3]
  .text                   ro code  0x08004b08    0x27c  stm32f4xx_hal_gpio.o [1]
  .text                   ro code  0x08004d84     0x4c  stm32f4xx_hal.o [1]
  .text                   ro code  0x08004dd0     0xee  I64DivMod.o [6]
  .text._GetDevProp       ro code  0x08004ebe     0x5a  GUIDRV_FlexColor.o [3]
  .text                   ro code  0x08004f18     0x40  stm32f4xx_hal.o [1]
  .text                   ro code  0x08004f58     0x50  crc.o [1]
  .text                   ro code  0x08004fa8    0x194  gpio.o [1]
  .text                   ro code  0x0800513c    0x13c  fsmc.o [1]
  .text                   ro code  0x08005278    0x100  spi.o [1]
  .text                   ro code  0x08005378    0x350  usart.o [1]
  .text                   ro code  0x080056c8    0x884  stm32f4xx_hal_uart.o [1]
  .text                   ro code  0x08005f4c    0x7ac  queue.o [1]
  .text                   ro code  0x080066f8    0xb1c  tasks.o [1]
  .text.GUI_TOUCH_Exec    ro code  0x08007214     0xa8  GUI_TOUCH_DriverAnalog.o [3]
  .text                   ro code  0x080072bc    0x40c  stm32f4xx_hal_rcc.o [1]
  .text                   ro code  0x080076c8     0x32  ABImemset48.o [6]
  .text.GUI__MixColors    ro code  0x080076fa     0x56  GUI__Alpha.o [3]
  .text                   ro code  0x08007750    0x15e  stm32f4xx_hal_cortex.o [1]
  .text._ReadRectCust_16bpp
                          ro code  0x080078ae     0x3a  GUIDRV_FlexColor.o [3]
  .text                   ro code  0x080078e8      0x2  I64DivZer.o [6]
  .text._ReadRectCust_18bpp
                          ro code  0x080078ea     0x3a  GUIDRV_FlexColor.o [3]
  .text                   ro code  0x08007924     0x48  stm32f4xx_hal_msp.o [1]
  .text                   ro code  0x0800796c     0x24  stm32f4xx_hal_crc.o [1]
  .text                   ro code  0x08007990     0x5c  stm32f4xx_hal_sram.o [1]
  .text                   ro code  0x080079ec    0x454  stm32f4xx_hal_spi.o [1]
  .text                   ro code  0x08007e40     0x28  stm32f4xx_hal_dma.o [1]
  .text                   ro code  0x08007e68      0x2  stm32f4xx_hal_uart.o [1]
  .text                   ro code  0x08007e6a      0x2  stm32f4xx_hal_uart.o [1]
  .text                   ro code  0x08007e6c    0x25c  port.o [1]
  .text                   ro code  0x080080c8     0x9a  list.o [1]
  .text.GUIMONO_IsInFont  ro code  0x08008162     0x36  GUI_CharM.o [3]
  .text                   ro code  0x08008198    0x278  heap_4.o [1]
  .text                   ro code  0x08008410     0xa6  ABImemcpy.o [6]
  .text                   ro code  0x080084b6     0x26  xencoding_8859_1.o [4]
  .text                   ro code  0x080084dc     0x66  ABImemset.o [6]
  .text                   ro code  0x08008542     0x1e  xsscin.o [4]
  .text                   ro code  0x08008560    0x430  timers.o [1]
  .text                   ro code  0x08008990     0x18  GUI_X_Touch_Analog.o [1]
  .text.GUI_TOUCH_GetLayer
                          ro code  0x080089a8      0xc  GUI_TOUCH_StoreState.o [3]
  .text.GUI_TOUCH_CalibratePoint
                          ro code  0x080089b4     0x34  GUI_TOUCH_Calibrate.o [3]
  .text.GUI_TOUCH_StoreStateEx
                          ro code  0x080089e8     0x50  GUI_TOUCH.o [3]
  .text                   ro code  0x08008a38     0xec  stm32f4xx_ll_fsmc.o [1]
  CODE                    ro code  0x08008b24     0xa8  portasm.o [1]
  .text                   ro code  0x08008bcc    0xef0  touch.o [1]
  .text.GUI_TOUCH_TransformPoint
                          ro code  0x08009abc     0x70  GUI_TOUCH_Calibrate.o [3]
  .text                   ro code  0x08009b2c     0x68  memcmp.o [6]
  .text.GUI_PID_StoreState
                          ro code  0x08009b94     0xb8  GUI_PID.o [3]
  .text                   ro code  0x08009c4c     0x64  delay.o [1]
  .text                   ro code  0x08009cb0    0xa66  ILI93xx.o [1]
  .text                   ro code  0x0800a716     0x1a  xsnprout.o [4]
  .text                   ro code  0x0800a730    0x298  w25qxx.o [1]
  .text                   ro code  0x0800a9c8      0x8  abs.o [4]
  .text                   ro code  0x0800a9d0     0x1a  U32ToDbl.o [5]
  .text._SetReg_B8        ro code  0x0800a9ea     0x1a  GUIDRV_FlexColor_Func66709.o [3]
  .text                   ro code  0x0800aa04    0x102  sqrt.o [5]
  .text._GetRect          ro code  0x0800ab06     0x16  GUIDRV_FlexColor.o [3]
  .text                   ro code  0x0800ab1c     0x3a  DblToS32.o [5]
  .text._DrawVLine        ro code  0x0800ab56     0x12  GUIDRV_FlexColor.o [3]
  .text                   ro code  0x0800ab68     0x48  FltToDbl.o [5]
  .text                   ro code  0x0800abb0     0x2e  DblCmpLe.o [5]
  .text._DrawBitmap       ro code  0x0800abde      0xe  GUIDRV_FlexColor.o [3]
  .text                   ro code  0x0800abec     0x2e  DblCmpGe.o [5]
  .text                   ro code  0x0800ac1a      0xa  xsprout.o [4]
  .text                   ro code  0x0800ac24    0x1a2  DblMul.o [5]
  .text._GetDevProp       ro code  0x0800adc6      0xa  GUIDEV_32.o [3]
  .text.GUI__RegisterExit
                          ro code  0x0800add0     0x28  GUI_Core.o [3]
  .text.GUI_SignalEvent   ro code  0x0800adf8     0x10  GUI_WaitEvent.o [3]
  .text                   ro code  0x0800ae08     0x28  stm32f4xx_hal.o [1]
  .text                   ro code  0x0800ae30     0x28  printf.o [4]
  .text                   ro code  0x0800ae58    0xf72  xprintffull.o [4]
  .text._ReadData         ro code  0x0800bdca      0xa  GUIDRV_FlexColor_16bpp_C0B16.o [3]
  .text                   ro code  0x0800bdd4    0x108  xlocale_c.o [4]
  .text                   ro code  0x0800bedc     0x16  strchr.o [6]
  .text._ReadPixelCust_16bpp
                          ro code  0x0800bef2      0xa  GUIDRV_FlexColor.o [3]
  .text                   ro code  0x0800befc     0x44  xfail_s.o [4]
  .text                   ro code  0x0800bf40     0x36  strlen.o [6]
  .text._ReadPixelCust_18bpp
                          ro code  0x0800bf76      0xa  GUIDRV_FlexColor.o [3]
  .text                   ro code  0x0800bf80     0x58  memchr.o [6]
  .text                   ro code  0x0800bfd8      0xa  xmbcurmax.o [4]
  .text.GUIMONO_GetFontInfo
                          ro code  0x0800bfe2      0x6  GUI_CharM.o [3]
  .text                   ro code  0x0800bfe8     0x70  frexp.o [5]
  .text                   ro code  0x0800c058    0x13a  ldexp.o [5]
  .text.GUIPROP_EXT_GetFontInfo
                          ro code  0x0800c192      0x6  GUI_CharPExt.o [3]
  .text                   ro code  0x0800c198     0x22  S32ToDbl.o [5]
  .text.GUIPROP_GetFontInfo
                          ro code  0x0800c1ba      0x6  GUI_CharP.o [3]
  .text                   ro code  0x0800c1c0     0xe2  DblSub.o [5]
  .text._Encode           ro code  0x0800c2a2      0x6  GUI_UC_EncodeNone.o [3]
  .text                   ro code  0x0800c2a8    0x246  DblDiv.o [5]
  .text._GetIndexMask_565
                          ro code  0x0800c4ee      0x6  GUICC_565.o [3]
  .text                   ro code  0x0800c4f4     0x28  DblToU32.o [5]
  .text                   ro code  0x0800c51c      0x6  abort.o [4]
  .text._GetIndexMask_8888
                          ro code  0x0800c522      0x6  GUICC_8888.o [3]
  .text                   ro code  0x0800c528    0x178  DblAdd.o [5]
  .text                   ro code  0x0800c6a0     0x14  exit.o [7]
  .text                   ro code  0x0800c6b4    0xeb8  xscanffull.o [4]
  .text                   ro code  0x0800d56c     0x3c  wctob.o [4]
  .text                   ro code  0x0800d5a8     0x14  isspace.o [4]
  .text                   ro code  0x0800d5bc     0x9c  iar_Stollx.o [4]
  .text                   ro code  0x0800d658    0x1b4  iar_Stoullx.o [4]
  .text._GetDevFunc       ro code  0x0800d80c     0x7c  GUIDRV_FlexColor.o [3]
  .text                   ro code  0x0800d888    0x590  strto64.o [5]
  .text                   ro code  0x0800de18     0x14  isalpha.o [4]
  .text                   ro code  0x0800de2c     0x68  DblToFlt.o [5]
  .text                   ro code  0x0800de94     0x14  tolower.o [4]
  .text                   ro code  0x0800dea8    0x122  iar_Stopfx.o [4]
  .rodata                 const    0x0800dfca      0x2  font_micro_25.o [1]
  .text                   ro code  0x0800dfcc    0x1c8  iar_Stoflt.o [4]
  .text                   ro code  0x0800e194    0x23c  iar_Stoxflt.o [4]
  .rodata                 const    0x0800e3d0    0xd5c  ILI93xx.o [1]
  .text                   ro code  0x0800f12c    0xc20  gui_keypad.o [1]
  .text.WM_GetDialogItem  ro code  0x0800fd4c     0x4c  WM_Lib.o [3]
  .text.EDIT_SetText      ro code  0x0800fd98     0xe4  EDIT.o [3]
  .text                   ro code  0x0800fe7c     0x44  snprintf.o [4]
  .text.FRAMEWIN_SetFont  ro code  0x0800fec0     0x6e  FRAMEWIN.o [3]
  .text.FRAMEWIN_SetTextAlign
                          ro code  0x0800ff2e     0x34  FRAMEWIN.o [3]
  .text.FRAMEWIN_SetTitleHeight
                          ro code  0x0800ff62     0x7e  FRAMEWIN.o [3]
  .text.FRAMEWIN_SetText  ro code  0x0800ffe0     0x48  FRAMEWIN.o [3]
  .text.GUI_SetColor      ro code  0x08010028     0x16  GUI_Common.o [3]
  .text.EDIT_SetFont      ro code  0x0801003e     0x2e  EDIT.o [3]
  .text.EDIT_SetTextAlign
                          ro code  0x0801006c     0x2c  EDIT.o [3]
  .text.EDIT_EnableBlink  ro code  0x08010098     0x56  EDIT.o [3]
  .text.BUTTON_SetFont    ro code  0x080100ee     0x2e  BUTTON.o [3]
  .text.EDIT_SetMaxLen    ro code  0x0801011c     0x78  EDIT.o [3]
  .text                   ro code  0x08010194     0x28  sscanf.o [4]
  .text.WM_HideWindow     ro code  0x080101bc     0x38  WM_Hide.o [3]
  .text.WM_MakeModal      ro code  0x080101f4     0x64  WM_MakeModal.o [3]
  .text.WM_SelectWindow   ro code  0x08010258     0x48  WM.o [3]
  .text.WM_SetFocus       ro code  0x080102a0     0xa8  WM_Lib.o [3]
  .text.EDIT_GetText      ro code  0x08010348     0x68  EDIT.o [3]
  .text                   ro code  0x080103b0    0x224  gui_warning.o [1]
  .text                   ro code  0x080105d4    0x174  iar_Stoulx.o [4]
  .text                   ro code  0x08010748      0xe  math_wrappers64.o [5]
  .rodata                 const    0x08010756      0x2  font_micro_25.o [1]
  .text                   ro code  0x08010758    0x240  gui_common.o [1]
  .text.WM_GetId          ro code  0x08010998     0x20  WM_Lib.o [3]
  .text.EDIT_AddKey       ro code  0x080109b8    0x1e6  EDIT.o [3]
  .text.EDIT_GetCursorCharPos
                          ro code  0x08010b9e     0x28  EDIT.o [3]
  .rodata                 const    0x08010bc6      0x2  font_micro_32.o [1]
  .text                   ro code  0x08010bc8     0x40  sprintf.o [4]
  .text.WM_DefaultProc    ro code  0x08010c08     0x48  WM.o [3]
  .text.GUI_ALLOC_GetNumFreeBytes
                          ro code  0x08010c50     0x10  GUI_Alloc.o [3]
  .text.WM_ShowWindow     ro code  0x08010c60     0x32  WM_Lib.o [3]
  .rodata                 const    0x08010c92      0x2  gui_keypad.o [1]
  .text.WM_BringToTop     ro code  0x08010c94     0x80  WM_BringToTop.o [3]
  .text.WM_GetDesktopWindow
                          ro code  0x08010d14     0x18  WM_Lib.o [3]
  .text.GUI_CreateDialogBox
                          ro code  0x08010d2c     0xb2  DIALOG.o [3]
  .rodata                 const    0x08010dde      0x2  gui_keypad.o [1]
  .text.GUI_Lock          ro code  0x08010de0     0x78  GUI_Task.o [3]
  .text.GUI_ALLOC_LockH   ro code  0x08010e58     0x1c  GUI_Alloc.o [3]
  .text.GUI_ALLOC_UnlockH
                          ro code  0x08010e74     0x30  GUI_Alloc.o [3]
  .text._GetDialogItem    ro code  0x08010ea4     0x46  WM_Lib.o [3]
  .rodata                 const    0x08010eea      0x2  gui_keypad.o [1]
  .text.GUI_ALLOC_h2p     ro code  0x08010eec     0x14  GUI_Alloc.o [3]
  .text.GUI_Unlock        ro code  0x08010f00     0x14  GUI_Task.o [3]
  .text.GUI__GetNumChars  ro code  0x08010f14     0x1c  GUI_UC.o [3]
  .text.GUI_UC__NumChars2NumBytes
                          ro code  0x08010f30     0x24  GUI_UC.o [3]
  .text._IsSpaceInBuffer  ro code  0x08010f54     0x58  EDIT.o [3]
  .text.GUI_ALLOC_FreePtr
                          ro code  0x08010fac     0x1a  GUI_Alloc.o [3]
  .text.WM_InvalidateWindow
                          ro code  0x08010fc6      0x6  WM.o [3]
  .text.FRAMEWIN__CalcTitleHeight
                          ro code  0x08010fcc     0x22  FRAMEWIN.o [3]
  .text.FRAMEWIN__UpdatePositions
                          ro code  0x08010fee     0x6e  FRAMEWIN.o [3]
  .text.FRAMEWIN__UpdateButtons
                          ro code  0x0801105c     0xea  FRAMEWIN__UpdateButtons.o [3]
  .rodata                 const    0x08011146      0x2  gui_keypad.o [1]
  .text.GUI__SetText      ro code  0x08011148     0x7c  GUI__Private.o [3]
  .text.LCD_SetColor      ro code  0x080111c4      0xc  LCD.o [3]
  .text.WM_CreateTimer    ro code  0x080111d0     0x68  WM_Timer.o [3]
  .text.WM_DeleteTimer    ro code  0x08011238     0x30  WM_Timer.o [3]
  .text._IncrementBuffer  ro code  0x08011268     0x6c  EDIT.o [3]
  .text.WM__InvalidateRectEx
                          ro code  0x080112d4      0x6  WM.o [3]
  .text.WM_ReleaseCapture
                          ro code  0x080112da     0x12  WM_SetCapture.o [3]
  .text.WM__IsInModalArea
                          ro code  0x080112ec     0x60  WM_Touch.o [3]
  .text                   ro code  0x0801134c     0x14  memset.o [6]
  .text.WM__SendPIDMessage
                          ro code  0x08011360     0x42  WM_Touch.o [3]
  .text.WM__SelectTopLevelLayer
                          ro code  0x080113a2     0x14  WM.o [3]
  .rodata                 const    0x080113b6      0x2  gui_keypad.o [1]
  .text.LCD_SetClipRectMax
                          ro code  0x080113b8     0x1c  LCD.o [3]
  .text.WM__SendMessage   ro code  0x080113d4     0x3c  WM__Private.o [3]
  .text.WM_GetParent      ro code  0x08011410     0x1a  WM_Lib.o [3]
  .text.WM_IsWindow       ro code  0x0801142a     0x18  WM_Lib.o [3]
  .text.FRAMEWIN_SetTextColor
                          ro code  0x08011442     0x30  FRAMEWIN.o [3]
  .text.TEXT_SetFont      ro code  0x08011472     0x30  TEXT.o [3]
  .text.TEXT_SetTextAlign
                          ro code  0x080114a2     0x30  TEXT.o [3]
  .text.TEXT_SetTextColor
                          ro code  0x080114d2     0x30  TEXT.o [3]
  .text.TEXT_SetText      ro code  0x08011502     0x5c  TEXT.o [3]
  .rodata                 const    0x0801155e      0x2  gui_keypad.o [1]
  .text                   ro code  0x08011560     0x4c  strcpy.o [6]
  .text.BUTTON_GetUserData
                          ro code  0x080115ac      0x6  BUTTON.o [3]
  .text.BUTTON_IsPressed  ro code  0x080115b2     0x2c  BUTTON.o [3]
  .rodata                 const    0x080115de      0x2  gui_keypad.o [1]
  .text.GUI_DrawGradientV
                          ro code  0x080115e0     0x74  GUI_DrawGradient.o [3]
  .text.BUTTON_DrawSkinFlex
                          ro code  0x08011654    0x238  BUTTON_SkinFlex.o [3]
  .text.BUTTON_SetUserData
                          ro code  0x0801188c      0x6  BUTTON.o [3]
  .text.BUTTON_SetTextColor
                          ro code  0x08011892     0x34  BUTTON.o [3]
  .text.BUTTON_SetText    ro code  0x080118c6     0x5c  BUTTON.o [3]
  .rodata                 const    0x08011922      0x2  gui_keypad.o [1]
  .text.BUTTON_SetSkin    ro code  0x08011924     0x34  BUTTON_Skin.o [3]
  .text.WM_SendMessage    ro code  0x08011958     0x1e  WM.o [3]
  .rodata                 const    0x08011976      0x2  gui_keypad.o [1]
  .text.GUI_UC_GetCharCode
                          ro code  0x08011978     0x20  GUI_UC.o [3]
  .text._ChangeCharacter  ro code  0x08011998     0x4c  EDIT.o [3]
  .text.EDIT__SetCursorPos
                          ro code  0x080119e4     0x56  EDIT.o [3]
  .text._DeleteChar       ro code  0x08011a3a     0x6a  EDIT.o [3]
  .text.GUI_UC__CalcSizeOfChar
                          ro code  0x08011aa4      0xc  GUI_UC.o [3]
  .text                   ro code  0x08011ab0      0xc  memmove.o [6]
  .text.GUI_UC_Encode     ro code  0x08011abc     0x24  GUI_UC.o [3]
  .text.WM_NotifyParent   ro code  0x08011ae0     0x14  WM_Lib.o [3]
  .text.WM__GetClientRectEx
                          ro code  0x08011af4     0x22  WM__Private.o [3]
  .text.WM_SendToParent   ro code  0x08011b16     0x26  WM_Lib.o [3]
  .text.WM_InvalidateWindowAndDescs
                          ro code  0x08011b3c     0x34  WM_Lib.o [3]
  .text.WM__RemoveWindowFromList
                          ro code  0x08011b70     0x3c  WM.o [3]
  .text.WM__InsertWindowIntoList
                          ro code  0x08011bac     0xac  WM.o [3]
  .text.WM_ForEachDesc    ro code  0x08011c58     0x1e  WM_Lib.o [3]
  .text.WM_GetClientWindow
                          ro code  0x08011c76     0x1a  WM_Lib.o [3]
  .text.WIDGET_OrState    ro code  0x08011c90     0x34  WIDGET.o [3]
  .text.WM_DeleteWindow   ro code  0x08011cc4    0x124  WM.o [3]
  .text.WM_SendMessageNoPara
                          ro code  0x08011de8     0x1a  WM_Lib.o [3]
  .rodata                 const    0x08011e02      0x2  gui_keypad.o [1]
  .text.WM_GetFocusedWindow
                          ro code  0x08011e04     0x20  WM_Lib.o [3]
  .text.WM_SetFocusOnNextChild
                          ro code  0x08011e24     0x64  WM_SetFocusOnNextChild.o [3]
  .text                   ro code  0x08011e88     0xbc  GUI_X_OS.o [1]
  .text._GetTaskNo        ro code  0x08011f44     0x3c  GUI_Task.o [3]
  .text.GUI_DEVICE_UnlinkTaskDevices
                          ro code  0x08011f80      0x4  GUI_Device.o [3]
  .text.GUI_DEVICE_LinkDevices
                          ro code  0x08011f84     0x10  GUI_Device.o [3]
  .text.GUI_UC__GetCharCodeInc
                          ro code  0x08011f94     0x28  GUI_UC.o [3]
  .text.GUI_ALLOC_Free    ro code  0x08011fbc     0x30  GUI_Alloc.o [3]
  .text.WM_InvalidateRect
                          ro code  0x08011fec     0x82  WM.o [3]
  .text.GUI_GetYSizeOfFont
                          ro code  0x0801206e      0x8  GUI_Common.o [3]
  .text.FRAMEWIN__CalcPositions
                          ro code  0x08012076     0xec  FRAMEWIN.o [3]
  .text.WM_MoveChildTo    ro code  0x08012162     0x60  WM_Lib.o [3]
  .text.WM_SetSize        ro code  0x080121c2     0x56  WM_Lib.o [3]
  .text.WM_GetFirstChild  ro code  0x08012218     0x1a  WM_Lib.o [3]
  .text.WM_ResizeWindow   ro code  0x08012232    0x108  WM_Lib.o [3]
  .text.WM_MoveWindow     ro code  0x0801233a     0x1e  WM_Move.o [3]
  .text.WM_GetNextSibling
                          ro code  0x08012358     0x1a  WM_Lib.o [3]
  .text.GUI__strcmp_hp    ro code  0x08012372     0x28  GUI__Private.o [3]
  .text.GUI__strlen       ro code  0x0801239a     0x18  GUI__Private.o [3]
  .rodata                 const    0x080123b2      0x2  gui_keypad.o [1]
  .text.GUI_ALLOC_GetSize
                          ro code  0x080123b4     0x18  GUI_Alloc.o [3]
  .text.GUI_ALLOC_AllocNoInit
                          ro code  0x080123cc     0x1a  GUI_Alloc.o [3]
  .text.LCD_Index2Color_888
                          ro code  0x080123e6      0x2  GUICC_888_Index2Color.o [3]
  .text.GUI_ALLOC_AllocZero
                          ro code  0x080123e8     0x3c  GUI_Alloc.o [3]
  .text.GUI_GetTime       ro code  0x08012424      0x4  GUI_Time.o [3]
  .text.GUI_TIMER_Create  ro code  0x08012428     0x9c  GUI_Timer.o [3]
  .text.GUI_TIMER_SetPeriod
                          ro code  0x080124c4     0x28  GUI_Timer.o [3]
  .text.GUI_TIMER_Delete  ro code  0x080124ec     0x70  GUI_Timer.o [3]
  .text.GUI_ALLOC_Realloc
                          ro code  0x0801255c     0x64  GUI_Alloc.o [3]
  .text.WM__InvalidateRect
                          ro code  0x080125c0     0x76  WM.o [3]
  .text.LCD_Index2Color_8888
                          ro code  0x08012636      0x2  GUICC_8888_Index2Color.o [3]
  .text.WM__ReleaseCapture
                          ro code  0x08012638     0x30  WM_SetCapture.o [3]
  .text.WM__IsAncestor    ro code  0x08012668     0x22  WM__Private.o [3]
  .text.WM__SendMessageIfEnabled
                          ro code  0x0801268a     0x1a  WM__Private.o [3]
  .text.WM__GetTopLevelLayer
                          ro code  0x080126a4     0x28  WM.o [3]
  .text.GUI_SelectLayer   ro code  0x080126cc     0x38  GUI_SelectLayer.o [3]
  .text.WM__IsWindow      ro code  0x08012704     0x20  WM.o [3]
  .text.WM__GetUserDataEx
                          ro code  0x08012724     0x48  WM_UserData.o [3]
  .text.WM__InitIVRSearch
                          ro code  0x0801276c    0x100  WM.o [3]
  .text._DrawGradient     ro code  0x0801286c    0x194  GUI_DrawGradient.o [3]
  .text.WM__GetNextIVR    ro code  0x08012a00    0x184  WM.o [3]
  .text.WM_SetHasTrans    ro code  0x08012b84     0x48  WM_SetTrans.o [3]
  .text.GUI__DrawTwinArc4
                          ro code  0x08012bcc    0x1e0  GUI__DrawTwinArc.o [3]
  .text.GUI_DrawHLine     ro code  0x08012dac     0x5c  GUI_DrawLib.o [3]
  .text.GUI_DrawVLine     ro code  0x08012e08     0x50  GUI_DrawLib.o [3]
  .text.GUI_FillRect      ro code  0x08012e58     0x54  GUI_DrawLib.o [3]
  .text.GUI_DrawRect      ro code  0x08012eac     0x90  GUI_2DLib.o [3]
  .text.WM__IsEnabled     ro code  0x08012f3c     0x12  WM__Private.o [3]
  .text.GUI_DRAW__Draw    ro code  0x08012f4e     0x32  GUI_DRAW.o [3]
  .text.GUI_SetFont       ro code  0x08012f80     0x20  GUI_Common.o [3]
  .text.GUI_GetClientRect
                          ro code  0x08012fa0      0x8  GUI_Common.o [3]
  .text.GUI_MoveRect      ro code  0x08012fa8     0x20  GUI_Common.o [3]
  .text.GUI_SetTextMode   ro code  0x08012fc8     0x20  GUI_Common.o [3]
  .text.GUI_DispStringInRect
                          ro code  0x08012fe8      0x8  GUI_DispString.o [3]
  .text.WM__SetUserDataEx
                          ro code  0x08012ff0     0x54  WM_UserData.o [3]
  .text                   ro code  0x08013044      0xc  memcpy.o [6]
  .text.GUI_UC_GetCharSize
                          ro code  0x08013050     0x20  GUI_UC.o [3]
  .text                   ro code  0x08013070     0x96  ABImemmove.o [6]
  .text.WM__GetClientRectWin
                          ro code  0x08013106     0x18  WM.o [3]
  .text.WM__ForEachDesc   ro code  0x0801311e     0x2a  WM__Private.o [3]
  .text.WM__SendMsgNoData
                          ro code  0x08013148     0x16  WM.o [3]
  .text.WM__DeleteAssocTimer
                          ro code  0x0801315e     0x52  WM_Timer.o [3]
  .text.GUI_MEMDEV_Delete
                          ro code  0x080131b0     0x4c  GUIDEV.o [3]
  .text.WM__DetachWindow  ro code  0x080131fc     0x2a  WM.o [3]
  .text.WM__SendMessageNoPara
                          ro code  0x08013226     0x28  WM__Private.o [3]
  .text._Color2Index_8888
                          ro code  0x0801324e      0x2  GUICC_8888.o [3]
  .text.WM__GetFocusedChild
                          ro code  0x08013250     0x24  WM__Private.o [3]
  .text._GetNextChild     ro code  0x08013274     0x26  WM_SetFocusOnNextChild.o [3]
  .text.WM_IsFocusable    ro code  0x0801329a     0x3c  WM_Lib.o [3]
  .text._GetDevFunc_SetRect
                          ro code  0x080132d6      0x2  GUIDRV_FlexColor.o [3]
  .text.GUI_DEVICE_Link   ro code  0x080132d8     0x84  GUI_Device.o [3]
  .text._AddFreeMemory    ro code  0x0801335c     0xa4  GUI_Alloc.o [3]
  .text._PushFreeBlock    ro code  0x08013400     0x24  GUI_Alloc.o [3]
  .text.WM__InvalidateDrawAndDescs
                          ro code  0x08013424     0x50  WM.o [3]
  .text.WM__Client2Screen
                          ro code  0x08013474     0x10  WM.o [3]
  .text.GUI__IntersectRect
                          ro code  0x08013484     0x3a  GUI__Private.o [3]
  .text._Log2VisBuffered  ro code  0x080134be      0x2  GUI_CharLine.o [3]
  .text.WM__ClipAtParentBorders
                          ro code  0x080134c0     0x58  WM.o [3]
  .text.WM__Invalidate1Abs
                          ro code  0x08013518      0x6  WM.o [3]
  .text.WM__GetWindowSizeX
                          ro code  0x0801351e      0xe  WM_GetWindowSize.o [3]
  .text.WM__GetWindowSizeY
                          ro code  0x0801352c      0xe  WM_GetWindowSize.o [3]
  .text.WM_GetWindowSizeY
                          ro code  0x0801353a     0x38  WM_GetWindowSize.o [3]
  .text.FRAMEWIN__GetTitleLimits
                          ro code  0x08013572     0x8a  FRAMEWIN.o [3]
  .text.WM__MoveWindow    ro code  0x080135fc     0xa8  WM_Move.o [3]
  .text.GUI_MergeRect     ro code  0x080136a4     0x56  GUI_Common.o [3]
  .text.WM__UpdateChildPositions
                          ro code  0x080136fa     0xec  WM__Private.o [3]
  .rodata                 const    0x080137e6      0x1  font_micro_25.o [1]
  .rodata                 const    0x080137e7      0x1  font_micro_25.o [1]
  .text.GUI__strcmp       ro code  0x080137e8     0x2c  GUI__Private.o [3]
  .text._Alloc            ro code  0x08013814     0xf0  GUI_Alloc.o [3]
  .text._Link             ro code  0x08013904     0x90  GUI_Timer.o [3]
  .text._Unlink           ro code  0x08013994     0x4c  GUI_Timer.o [3]
  .text.GUI__IntersectRects
                          ro code  0x080139e0     0x56  GUI__Private.o [3]
  .rodata                 const    0x08013a36      0x1  font_micro_25.o [1]
  .rodata                 const    0x08013a37      0x1  font_micro_32.o [1]
  .text._Invalidate1Abs   ro code  0x08013a38     0xa0  WM.o [3]
  .text.WM_InvalidateWindowAndDescsEx
                          ro code  0x08013ad8     0x64  WM.o [3]
  .text.GUI_DEVICE__GetpDriver
                          ro code  0x08013b3c     0x20  GUI_Device.o [3]
  .text.GUI_SelectLCD     ro code  0x08013b5c     0x1a  GUI_Common.o [3]
  .rodata                 const    0x08013b76      0x1  font_micro_32.o [1]
  .rodata                 const    0x08013b77      0x1  font_micro_64.o [1]
  .text.WM__ActivateClipRect
                          ro code  0x08013b78     0x48  WM.o [3]
  .text.GUI_GetColor      ro code  0x08013bc0     0x18  GUI_Common.o [3]
  .text.LCD_FillRect      ro code  0x08013bd8     0x58  LCD.o [3]
  .text._Findy1           ro code  0x08013c30     0xa6  WM.o [3]
  .text._Findx0           ro code  0x08013cd6     0x86  WM.o [3]
  .text._Findx1           ro code  0x08013d5c     0x72  WM.o [3]
  .rodata                 const    0x08013dce      0x1  font_micro_64.o [1]
  .rodata                 const    0x08013dcf      0x1  gui_keypad.o [1]
  .text.WM_ValidateWindow
                          ro code  0x08013dd0     0x38  WM_Lib.o [3]
  .text._GetTwinArcPara   ro code  0x08013e08     0x54  GUI__DrawTwinArc.o [3]
  .text.LCD_DrawHLine     ro code  0x08013e5c     0x50  LCD.o [3]
  .text.LCD_DrawVLine     ro code  0x08013eac     0x54  LCD.o [3]
  .text.WM_GetClientRect  ro code  0x08013f00     0x2c  WM_Lib.o [3]
  .text.GUI_DispStringInRectMax
                          ro code  0x08013f2c     0x4e  GUI_DispString.o [3]
  .rodata                 const    0x08013f7a      0x1  ui_main.o [1]
  .rodata                 const    0x08013f7b      0x1  ui_parameter.o [1]
  .text.GUI_TIMER__GetFirstTimer
                          ro code  0x08013f7c     0x30  GUI_Timer.o [3]
  .text.GUI_TIMER_GetFlag
                          ro code  0x08013fac     0x36  GUI_Timer.o [3]
  .text.GUI_TIMER__GetNextTimerLin
                          ro code  0x08013fe2     0x38  GUI_Timer.o [3]
  .text.GUI_USAGE_DecUseCnt
                          ro code  0x0801401a     0x32  GUIDEV_Usage.o [3]
  .text.GUI_DEVICE_Delete
                          ro code  0x0801404c      0x4  GUI_Device.o [3]
  .text.WM__IsChild       ro code  0x08014050     0x28  WM__Private.o [3]
  .text._RemoveFreeBlock  ro code  0x08014078     0x40  GUI_Alloc.o [3]
  .text.WM_GetActiveWindow
                          ro code  0x080140b8      0xc  WM.o [3]
  .text._MoveDescendents  ro code  0x080140c4     0x72  WM_Move.o [3]
  .text.WM__InvalidateParent
                          ro code  0x08014136     0x2a  WM.o [3]
  .text._InitOnce         ro code  0x08014160     0x68  GUI_Alloc.o [3]
  .text._EnlargeBlocks    ro code  0x080141c8     0x9c  GUI_Alloc.o [3]
  .text._RemoveHoles      ro code  0x08014264     0x9c  GUI_Alloc.o [3]
  .text.WM__RectIsNZ      ro code  0x08014300     0x22  WM.o [3]
  .rodata.str1.1          const    0x08014322      0x1  GUI__Private.o [3]
  .text.LCD_SelectLCD     ro code  0x08014324     0x40  LCD_SelectLCD.o [3]
  .text.LCD_UpdateColorIndices
                          ro code  0x08014364     0x24  LCD_UpdateColorIndices.o [3]
  .text.WM_Activate       ro code  0x08014388     0x10  WM.o [3]
  .text._SetClipRectUserIntersect
                          ro code  0x08014398     0x50  WM.o [3]
  .text.LCD_GetColorIndex
                          ro code  0x080143e8     0x10  LCD_GetColorIndex.o [3]
  .text.LCD_Index2Color   ro code  0x080143f8     0x1c  LCD.o [3]
  .text.GUI_RectsIntersect
                          ro code  0x08014414     0x3a  GUI_Common.o [3]
  .text.GUI__sqrt32       ro code  0x0801444e     0x24  GUI__Private.o [3]
  .text.WM_GetClientRectEx
                          ro code  0x08014472     0x1a  WM_Lib.o [3]
  .text.WM_SetUserClipRect
                          ro code  0x0801448c     0x20  WM_Lib.o [3]
  .text.GUI__DispStringInRect
                          ro code  0x080144ac    0x14c  GUI_DispString.o [3]
  .text.GUI_ALLOC_FreeFixedBlock
                          ro code  0x080145f8     0x14  GUI_Alloc.o [3]
  .text.GUI_DEVICE_Unlink
                          ro code  0x0801460c     0x30  GUI_Device.o [3]
  .text.LCD_Color2Index   ro code  0x0801463c     0x1c  LCD.o [3]
  .text.LCD_SetColorIndex
                          ro code  0x08014658     0x18  LCD.o [3]
  .text.LCD_SetBkColorIndex
                          ro code  0x08014670     0x18  LCD.o [3]
  .text.LCD_SetClipRectEx
                          ro code  0x08014688     0x30  LCD_SetClipRectEx.o [3]
  .text.GUI_GetFontDistY  ro code  0x080146b8     0x1c  GUI_Char.o [3]
  .text.GUI__GetLineNumChars
                          ro code  0x080146d4     0x38  GUI_CharLine.o [3]
  .text.GUI__HandleEOLine
                          ro code  0x0801470c     0x26  GUI__Private.o [3]
  .text.GUI__GetLineDistX
                          ro code  0x08014734     0x60  GUI_CharLine.o [3]
  .text.GUI__DispLine     ro code  0x08014794     0xa8  GUI_CharLine.o [3]
  .text.GUI_GetCharDistX  ro code  0x0801483c     0x24  GUI_Char.o [3]
  .text.GUI__GetOverlap   ro code  0x08014860     0x1c  GUI_CharLine.o [3]
  .text._DispLine         ro code  0x0801487c     0x9c  GUI_CharLine.o [3]
  .text.GUI_GetCharDistXEx
                          ro code  0x08014918     0x28  GUI_Char.o [3]
  .text.GUI__ManageCache  ro code  0x08014940     0x10  GUI__ManageCache.o [3]
  .text.GUI__ManageCacheEx
                          ro code  0x08014950     0xdc  GUI__ManageCache.o [3]
  .text                   ro code  0x08014a2c    0x98c  ui_clock.o [1]
  .text.WM_RestartTimer   ro code  0x080153b8     0x38  WM_Timer.o [3]
  .text.GUI_DispStringHCenterAt
                          ro code  0x080153f0     0x34  GUI_DispString.o [3]
  .text                   ro code  0x08015424    0x614  ui_main.o [1]
  .text.GUI_TIMER_Restart
                          ro code  0x08015a38     0x3c  GUI_Timer.o [3]
  .text.GUI_SetTextAlign  ro code  0x08015a74     0x20  GUI_Common.o [3]
  .text.GUI_DispStringAt  ro code  0x08015a94     0x28  GUI_DispString.o [3]
  .text.TEXT_SetBkColor   ro code  0x08015abc     0x42  TEXT.o [3]
  .text                   ro code  0x08015b00    0x36c  ui_parameter.o [1]
  .text.GUI_DispString    ro code  0x08015e6c    0x120  GUI_DispString.o [3]
  .text.WM_ClrHasTrans    ro code  0x08015f8c     0x40  WM_SetTrans.o [3]
  .text.GUI_GetYAdjust    ro code  0x08015fcc     0x3c  GUI_Char.o [3]
  .rodata                 const    0x08016008    0x86b  F13_1.o [3]
  .rodata                 const    0x08016874    0x822  F13_ASCII.o [3]
  .rodata                 const    0x08017098    0x7a4  font_micro_25.o [1]
  .text.GUI_MEMDEV__WriteToActiveOpaque
                          ro code  0x0801783c    0x74c  GUIDEV_WriteToActiveOpaque.o [3]
  .text.GUI_MEMDEV_GetBitsPerPixel
                          ro code  0x08017f88     0x34  GUIDEV.o [3]
  .text.GUI_GetBitsPerPixelEx
                          ro code  0x08017fbc     0x14  LCD_GetEx.o [3]
  .text.GUI_GetpfIndex2ColorEx
                          ro code  0x08017fd0     0x10  LCD_GetEx.o [3]
  .text.GUI_GetpfColor2IndexEx
                          ro code  0x08017fe0     0x10  LCD_GetEx.o [3]
  .text.GUI_MEMDEV_GetDataPtr
                          ro code  0x08017ff0     0x2a  GUIDEV_GetDataPtr.o [3]
  .text._Convert16        ro code  0x0801801a     0x3e  GUIDEV_WriteToActiveOpaque.o [3]
  .text._Convert8         ro code  0x08018058     0x42  GUIDEV_WriteToActiveOpaque.o [3]
  .text.LCD_DrawBitmap    ro code  0x0801809c    0x224  LCD.o [3]
  .text.LCD__DrawBitmap_1bpp
                          ro code  0x080182c0    0x1d8  LCD.o [3]
  .text.LCD__GetBPPDevice
                          ro code  0x08018498     0x2c  LCD_GetEx.o [3]
  .text.GUI__CompactPixelIndices
                          ro code  0x080184c4    0x15e  GUI__CompactPixelIndices.o [3]
  .text.LCD__GetBPP       ro code  0x08018622     0x7e  LCD_GetEx.o [3]
  .text._DrawBitmap       ro code  0x080186a0    0x740  GUIDEV_16.o [3]
  .text.GUI_USAGE_AddRect
                          ro code  0x08018de0     0x26  GUIDEV_Usage.o [3]
  .text._XY2PTR           ro code  0x08018e08     0x40  GUIDEV_16.o [3]
  .rodata                 const    0x08018e48    0x73c  F6x8.o [3]
  .text._DrawBitmap       ro code  0x08019584    0x718  GUIDEV_32.o [3]
  .text._XY2PTR           ro code  0x08019c9c     0x40  GUIDEV_32.o [3]
  .rodata                 const    0x08019cdc    0x690  font_micro_32.o [1]
  .text                   ro code  0x0801a36c    0x61c  task_core.o [1]
  .text                   ro code  0x0801a988    0x24c  ds3231.o [1]
  .text                   ro code  0x0801abd4    0x260  mylib.o [1]
  .text                   ro code  0x0801ae34    0x1a4  dht11.o [1]
  .text                   ro code  0x0801afd8     0xb0  rand.o [4]
  .rodata                 const    0x0801b088    0x5f0  ILI93xx.o [1]
  .text._DrawBitmap       ro code  0x0801b678    0x534  GUIDRV_FlexColor_16bpp_C0B16.o [3]
  .text.GUI_SPRITE_SetPosition
                          ro code  0x0801bbac    0x4c4  GUI_SPRITE.o [3]
  .text.GUI_MEMDEV_Select
                          ro code  0x0801c070     0x54  GUIDEV.o [3]
  .text._GetDeviceRect    ro code  0x0801c0c4     0x3c  GUI_SPRITE.o [3]
  .text._CreateBuffer     ro code  0x0801c100     0xaa  GUI_SPRITE.o [3]
  .text.GUI_GetBitmapPixelIndex
                          ro code  0x0801c1aa     0x18  GUI_Common.o [3]
  .text._GetBkIndex.isra.0
                          ro code  0x0801c1c2     0x70  GUI_SPRITE.o [3]
  .text._SetBkIndexBuffered
                          ro code  0x0801c232     0x44  GUI_SPRITE.o [3]
  .text._GetBkIndexAlpha.isra.2
                          ro code  0x0801c276     0x7a  GUI_SPRITE.o [3]
  .text._ReleaseBuffer.isra.6
                          ro code  0x0801c2f0     0x1e  GUI_SPRITE.o [3]
  .text.WM_Deactivate     ro code  0x0801c310     0x20  WM.o [3]
  .text.LCD_GetXSizeEx    ro code  0x0801c330      0x6  LCD_GetEx.o [3]
  .text.LCD_GetYSizeEx    ro code  0x0801c336      0x6  LCD_GetEx.o [3]
  .text.GUI_ALLOC_GetMaxSize
                          ro code  0x0801c33c     0x3c  GUI_Alloc.o [3]
  .text.GUI_GetBitmapPixelIndexEx
                          ro code  0x0801c378     0x88  GUI_Common.o [3]
  .text._FlushBuffer.isra.5
                          ro code  0x0801c400     0x7a  GUI_SPRITE.o [3]
  .text._GetDevProp       ro code  0x0801c47a     0x1e  LCD_GetEx.o [3]
  .rodata                 const    0x0801c498    0x480  font_micro_64.o [1]
  .rodata                 const    0x0801c918    0x474  ILI93xx.o [1]
  .text._DrawBitmap       ro code  0x0801cd8c    0x3e4  GUI_SPRITE.o [3]
  .text._GetClipRect      ro code  0x0801d170     0xec  GUI_SPRITE.o [3]
  .text._GetClipParam     ro code  0x0801d25c    0x130  GUI_SPRITE.o [3]
  .text.WM_HandlePID      ro code  0x0801d38c    0x3a0  WM_Touch.o [3]
  .text.GUI_PID_IsEmpty   ro code  0x0801d72c     0x10  GUI_PID.o [3]
  .text.GUI_PID_GetState  ro code  0x0801d73c     0x50  GUI_PID.o [3]
  .text.GUI_GetLayerPosEx
                          ro code  0x0801d78c     0x28  GUI_SelectLayer.o [3]
  .text.WM__AddCriticalHandle
                          ro code  0x0801d7b4     0x10  WM__Private.o [3]
  .text.GUI_CURSOR_SetPositionEx
                          ro code  0x0801d7c4     0x6c  GUI_Cursor.o [3]
  .text.WM_Screen2hWin    ro code  0x0801d830     0x2c  WM_Screen2Win.o [3]
  .text.WM__SendTouchMessage
                          ro code  0x0801d85c     0x3a  WM_Touch.o [3]
  .text.WM_PID__SetPrevState
                          ro code  0x0801d898     0x14  WM_PID__GetPrevState.o [3]
  .text.WM__RemoveCriticalHandle
                          ro code  0x0801d8ac     0x2c  WM__Private.o [3]
  .text.LCD_GetPosEx      ro code  0x0801d8d8     0x32  LCD_Set.o [3]
  .text.GUI_GetCursorLayer
                          ro code  0x0801d90c     0x14  GUI_SelectLayer.o [3]
  .text.GUI_SetLayerPosEx
                          ro code  0x0801d920     0x20  GUI_SelectLayer.o [3]
  .text.WM_GetDesktopWindowEx
                          ro code  0x0801d940     0x14  WM_Lib.o [3]
  .text._Screen2hWin      ro code  0x0801d954     0x60  WM_Screen2Win.o [3]
  .text.LCD_SetPosEx      ro code  0x0801d9b4     0x30  LCD_Set.o [3]
  .text.WM__IsInWindow    ro code  0x0801d9e4     0x36  WM_Screen2Win.o [3]
  .text.FRAMEWIN_DrawSkinFlex
                          ro code  0x0801da1c    0x378  FRAMEWIN_SkinFlex.o [3]
  .text.FRAMEWIN_GetActive
                          ro code  0x0801dd94     0x2e  FRAMEWIN.o [3]
  .text.GUI__DrawTwinArc2
                          ro code  0x0801ddc4    0x174  GUI__DrawTwinArc.o [3]
  .text.GUI_DrawPixel     ro code  0x0801df38     0x50  GUI_DrawLib.o [3]
  .text.GUI_FillRectEx    ro code  0x0801df88     0x14  GUI_DrawLib.o [3]
  .rodata                 const    0x0801df9c    0x370  GUI__DivTbl.o [3]
  .text.GUI_TOUCH_CalcCoefficients
                          ro code  0x0801e30c    0x320  GUI_TOUCH_Calibrate.o [3]
  .text.FRAMEWIN_Callback
                          ro code  0x0801e62c    0x27c  FRAMEWIN.o [3]
  .text.WM_SetCaptureMove
                          ro code  0x0801e8a8     0x9c  WM_SetCaptureMove.o [3]
  .text.WM_HasFocus       ro code  0x0801e944     0x1c  WM_Lib.o [3]
  .text.FRAMEWIN_SetActive
                          ro code  0x0801e960     0x1e  FRAMEWIN.o [3]
  .text.WM__IsAncestorOrSelf
                          ro code  0x0801e97e      0xc  WM__Private.o [3]
  .text._SetActive        ro code  0x0801e98a     0x38  FRAMEWIN.o [3]
  .text.WIDGET_HandleActive
                          ro code  0x0801e9c2    0x14a  WIDGET.o [3]
  .text.WM_HasCaptured    ro code  0x0801eb0c     0x1c  WM_Lib.o [3]
  .text.WM_SetCapture     ro code  0x0801eb28     0x40  WM_SetCapture.o [3]
  .text.WM_GetWindowRectEx
                          ro code  0x0801eb68     0x26  WM_Lib.o [3]
  .text.GUI__ReduceRect   ro code  0x0801eb8e     0x1c  GUI__Private.o [3]
  .text.WIDGET_SetState   ro code  0x0801ebaa     0x2e  WIDGET.o [3]
  .text.WIDGET__GetInsideRect
                          ro code  0x0801ebd8     0x1a  WIDGET.o [3]
  .text._Paint            ro code  0x0801ebf4    0x240  EDIT.o [3]
  .text.LCD_SetBkColor    ro code  0x0801ee34      0xc  LCD.o [3]
  .text.GUI__CalcTextRect
                          ro code  0x0801ee40     0x90  GUI__Private.o [3]
  .text.GUI__GetCursorCharacter
                          ro code  0x0801eed0     0x14  GUI__GetCursorPos.o [3]
  .text.GUI__GetCursorPosX
                          ro code  0x0801eee4     0x18  GUI__GetCursorPos.o [3]
  .text.WIDGET__FillStringInRect
                          ro code  0x0801eefc    0x10c  WIDGET.o [3]
  .text.GUI_SetBkColor    ro code  0x0801f008     0x16  GUI_Common.o [3]
  .text.GUI__InvertRectColors
                          ro code  0x0801f020     0x54  GUI_Common.o [3]
  .text.WIDGET__EFFECT_DrawDown
                          ro code  0x0801f074      0x6  WIDGET.o [3]
  .text.GUI_GetStringDistX
                          ro code  0x0801f07a     0x14  GUI_DispString.o [3]
  .text.GUI_GetBkColor    ro code  0x0801f08e     0x18  GUI_Common.o [3]
  .text.GUI_ClearRect     ro code  0x0801f0a8     0x6c  GUI_Core.o [3]
  .text.GUI_ClearRectEx   ro code  0x0801f114     0x14  GUI_Core.o [3]
  .text.LCD_GetPixelIndex
                          ro code  0x0801f128     0x5c  LCD_GetP.o [3]
  .text.LCD_SetPixelIndex
                          ro code  0x0801f184     0x4c  LCD.o [3]
  .text.WIDGET__EFFECT_DrawDownRect
                          ro code  0x0801f1d0     0x38  WIDGET.o [3]
  .text.LCD_GetBkColorIndex
                          ro code  0x0801f208     0x10  LCD_GetColorIndex.o [3]
  .text.LCD_SetDrawMode   ro code  0x0801f218      0xc  LCD.o [3]
  .text.WIDGET__RotateRect90
                          ro code  0x0801f224     0x28  WIDGET.o [3]
  .text._EffectRequiresRedraw
                          ro code  0x0801f24c     0x60  WIDGET.o [3]
  .text.WM__Screen2Client
                          ro code  0x0801f2ac     0x14  WM__Private.o [3]
  .rodata                 const    0x0801f2c0    0x1f8  ui_clock.o [1]
  .text._FillRect         ro code  0x0801f4b8    0x1ec  GUI_SPRITE.o [3]
  .text._SpriteDraw       ro code  0x0801f6a4    0x1e8  GUI_SPRITE.o [3]
  .text._DrawHLine        ro code  0x0801f88c    0x1d8  GUI_SPRITE.o [3]
  .text.GUI__DoAlphaBlending
                          ro code  0x0801fa64    0x1d4  GUI__Alpha.o [3]
  .text.GUI__GetAlphaBuffer
                          ro code  0x0801fc38     0xb8  GUI__Alpha.o [3]
  .text.GUI_ReadRectEx    ro code  0x0801fcf0     0x60  LCD_ReadRect.o [3]
  .text.GUI__ExpandPixelIndicesEx
                          ro code  0x0801fd50    0x17c  GUI__ExpandPixelIndices.o [3]
  .text.LCD_GetVXSizeMax  ro code  0x0801fecc      0x6  LCD_GetEx.o [3]
  .text.GUI_ALLOC_GetFixedBlock
                          ro code  0x0801fed4     0xa4  GUI_Alloc.o [3]
  .text.LCD_ReadRectEx    ro code  0x0801ff78    0x1a4  LCD_ReadRect.o [3]
  .text._GetMaxValue      ro code  0x0802011c     0x22  LCD_GetEx.o [3]
  .rodata                 const    0x08020140    0x1c0  gui_keypad.o [1]
  .text._DrawVLine        ro code  0x08020300    0x1c0  GUI_SPRITE.o [3]
  .text.GUI__ConvertColor2Index
                          ro code  0x080204c0    0x196  GUI__CompactPixelIndices.o [3]
  .rodata                 const    0x08020658    0x188  ui_main.o [1]
  .text.GUI_MEMDEV__WriteToActiveAlpha
                          ro code  0x080207e0    0x184  GUIDEV_WriteToActiveAlpha.o [3]
  .text.GUI__AllocAlphaBuffer
                          ro code  0x08020964     0x1a  GUI__Alpha.o [3]
  .text.GUI__CompactPixelIndicesEx
                          ro code  0x0802097e      0xe  GUI__CompactPixelIndices.o [3]
  .text.GUI_MEMDEV_Draw   ro code  0x0802098c    0x170  GUIDEV_Banding.o [3]
  .text.LCD_GetVXSizeEx   ro code  0x08020afc      0x6  LCD_GetEx.o [3]
  .text.LCD_GetVYSizeEx   ro code  0x08020b02      0x6  LCD_GetEx.o [3]
  .text.GUI_GetOrg        ro code  0x08020b08     0x2c  GUI_Common.o [3]
  .text.GUI_MEMDEV_CreateEx
                          ro code  0x08020b34     0x84  GUIDEV.o [3]
  .text.GUI_MEMDEV_GetYSize
                          ro code  0x08020bb8     0x38  GUIDEV_GetYSize.o [3]
  .text.GUI_MEMDEV_ReduceYSize
                          ro code  0x08020bf0     0x38  GUIDEV_ReduceYSize.o [3]
  .text.GUI_MEMDEV_SetOrg
                          ro code  0x08020c28     0x64  GUIDEV_SetOrg.o [3]
  .text.GUI_MEMDEV_Clear  ro code  0x08020c8c     0x4c  GUIDEV_Clear.o [3]
  .text.GUI_MEMDEV_CopyToLCD
                          ro code  0x08020cd8      0xc  GUIDEV.o [3]
  .text.GUI_MEMDEV__CreateFixed
                          ro code  0x08020ce4    0x124  GUIDEV.o [3]
  .text.GUI_MEMDEV_CopyToLCDAt
                          ro code  0x08020e08     0xac  GUIDEV.o [3]
  .text.GUI_DEVICE_Create
                          ro code  0x08020eb4     0x4c  GUI_Device.o [3]
  .text.GUI_ALLOC_RequestSize
                          ro code  0x08020f00     0x38  GUI_Alloc.o [3]
  .text.GUI_USAGE_BM_Create
                          ro code  0x08020f38     0x60  GUIDEV_UsageBM.o [3]
  .text.GUI_SetDrawMode   ro code  0x08020f98     0x18  GUI_Common.o [3]
  .text.WM_CreateWindowAsChild
                          ro code  0x08020fb0    0x168  WM.o [3]
  .text.WM_BringToBottom  ro code  0x08021118     0x90  WM_Lib.o [3]
  .text.WM__GetPrevSibling
                          ro code  0x080211a8     0x26  WM__Private.o [3]
  .text.WM__GetFirstSibling
                          ro code  0x080211ce     0x12  WM__Private.o [3]
  .text._CreateStaticDevice
                          ro code  0x080211e0    0x164  GUIDEV_StaticDevices.o [3]
  .text.GUI__AlphaPreserveTrans
                          ro code  0x08021344     0x24  GUI_SetAlpha.o [3]
  .text.WM_GetWindowOrgX  ro code  0x08021368     0x1c  WM_Lib.o [3]
  .text.WM__Paint1        ro code  0x08021384     0x94  WM.o [3]
  .text.LCD_GetXSize      ro code  0x08021418     0x10  LCD_GetEx.o [3]
  .text.LCD_GetYSize      ro code  0x08021428     0x10  LCD_GetEx.o [3]
  .text.LCD_AA_SetAndMask
                          ro code  0x08021438     0x10  LCD_AA.o [3]
  .text.WM_SetDefault     ro code  0x08021448     0x14  WM.o [3]
  .text.GL_SetDefault     ro code  0x0802145c     0x48  GUI_Common.o [3]
  .text.GUI_SetPenSize    ro code  0x080214a4     0x1c  GUI_Common.o [3]
  .text.GUI_SetLineStyle  ro code  0x080214c0     0x1c  GUI_Common.o [3]
  .text.GUI_DispStringInRectWrap
                          ro code  0x080214dc    0x14e  GUI_DispString.o [3]
  .text.GUI_WrapGetNumLines
                          ro code  0x0802162a     0x28  GUI_DispString.o [3]
  .text.GUI__WrapGetNumCharsDisp
                          ro code  0x08021652      0x6  GUI__Wrap.o [3]
  .text.GUI__WrapGetNumBytesToNextLine
                          ro code  0x08021658     0x14  GUI__Wrap.o [3]
  .text._WrapGetNumCharsDisp
                          ro code  0x0802166c     0x34  GUI__Wrap.o [3]
  .text.GUI__WrapGetNumCharsToNextLine
                          ro code  0x080216a0     0x5e  GUI__Wrap.o [3]
  .text.GUIMONO_DispChar  ro code  0x08021700    0x13c  GUI_CharM.o [3]
  .text.WINDOW_Callback   ro code  0x0802183c    0x122  WINDOW.o [3]
  .text.WM_SetFocusOnPrevChild
                          ro code  0x0802195e     0x42  WM_SetFocusOnPrevChild.o [3]
  .text.GUI_Clear         ro code  0x080219a0     0x20  GUI_Core.o [3]
  .text._GetPrevChild     ro code  0x080219c0     0x1e  WM_SetFocusOnPrevChild.o [3]
  .text.GUI_GotoXY        ro code  0x080219e0     0x20  GUI_Common.o [3]
  .text.WM__GetLastSibling
                          ro code  0x08021a00     0x18  WM__Private.o [3]
  .text.FRAMEWIN_CreateUser
                          ro code  0x08021a18    0x10c  FRAMEWIN.o [3]
  .text.WIDGET__Init      ro code  0x08021b24     0x10  WIDGET.o [3]
  .text.WM_DisableMemdev  ro code  0x08021b34     0x26  WM_MemDev.o [3]
  .rodata                 const    0x08021b5c    0x104  font_micro_64.o [1]
  .rodata                 const    0x08021c60    0x100  LCD_Mirror.o [3]
  .text                   ro code  0x08021d60    0x100  LCDConf_FlexColor_Template.o [1]
  .text.GUI_DEVICE_CreateAndLink
                          ro code  0x08021e60     0x28  GUI_Device.o [3]
  .text.LCD_SetSizeEx     ro code  0x08021e88     0x30  LCD_Set.o [3]
  .text.LCD_SetVSizeEx    ro code  0x08021eb8     0x30  LCD_Set.o [3]
  .text.GUIDRV_FlexColor_Config
                          ro code  0x08021ee8     0x3c  GUIDRV_FlexColor.o [3]
  .text.GUIDRV_FlexColor_SetFunc
                          ro code  0x08021f24     0x32  GUIDRV_FlexColor.o [3]
  .text.GUI_TOUCH_Calibrate
                          ro code  0x08021f58     0xbc  GUI_TOUCH_DriverAnalog.o [3]
  .text.GUIDRV_FlexColor__InitOnce
                          ro code  0x08022014     0x3c  GUIDRV_FlexColor.o [3]
  .text._Paint            ro code  0x08022050     0xfe  FRAMEWIN_Skin.o [3]
  .text.WM_GetWindowSizeX
                          ro code  0x0802214e     0x38  WM_GetWindowSize.o [3]
  .rodata                 const    0x08022188     0xfc  ui_parameter.o [1]
  .text.EDIT_Callback     ro code  0x08022284     0xfc  EDIT.o [3]
  .text.EDIT_SetCursorAtPixel
                          ro code  0x08022380     0xba  EDIT.o [3]
  .text.GUI__GetCursorPosChar
                          ro code  0x0802243c     0x18  GUI__GetCursorPos.o [3]
  .text.GUI_Init          ro code  0x08022454     0xfc  GUI_Core.o [3]
  .text.GUI__Config       ro code  0x08022550     0x98  GUI_Core.o [3]
  .text._InitContext      ro code  0x080225e8     0x84  GUI_Core.o [3]
  .text.emWin_LCD_Init    ro code  0x0802266c     0xa4  LCD.o [3]
  .text.LCD_GetXSizeDisplay
                          ro code  0x08022710      0xc  LCD_GetEx.o [3]
  .text.LCD_GetYSizeDisplay
                          ro code  0x0802271c      0xc  LCD_GetEx.o [3]
  .text.LCD_GetXSizeMax   ro code  0x08022728      0x6  LCD_GetEx.o [3]
  .text.LCD_GetYSizeMax   ro code  0x0802272e      0x6  LCD_GetEx.o [3]
  .text.LCD_SetDisplaySize
                          ro code  0x08022734      0xc  LCD_GetEx.o [3]
  .text.GUI_SetOrg        ro code  0x08022740     0x40  GUI_Common.o [3]
  .text.WM_Init           ro code  0x08022780     0xf0  WM.o [3]
  .text.GUITASK_CopyContext
                          ro code  0x08022870     0x70  GUI_Task.o [3]
  .text.GUI_GetVersionString
                          ro code  0x080228e0     0x18  GUI_Common.o [3]
  .text                   ro code  0x080228f8     0x2c  GUIConf.o [1]
  .text.GUITASK_Init      ro code  0x08022924     0x4c  GUI_Task.o [3]
  .text.LCD_InitColors    ro code  0x08022970     0x3c  LCD_Color.o [3]
  .text.LCD_InitLUT       ro code  0x080229ac     0x88  LCD_Color.o [3]
  .text.GUI_ALLOC_AssignMemory
                          ro code  0x08022a34     0x10  GUI_Alloc.o [3]
  .text.GUI_SetDefaultFont
                          ro code  0x08022a44      0xc  GUI_Core.o [3]
  .text.LCD_GetNumLayers  ro code  0x08022a50     0x1e  LCD_GetNumDisplays.o [3]
  .text.LCD_GetBitsPerPixelEx
                          ro code  0x08022a6e      0x6  LCD_GetEx.o [3]
  .text.LCD_GetNumColorsEx
                          ro code  0x08022a74      0x6  LCD_GetEx.o [3]
  .text.LCD_SetLUTEntryEx
                          ro code  0x08022a7a     0x30  LCD_Set.o [3]
  .text.GUIPROP_EXT__ClearLine
                          ro code  0x08022aac     0xf4  GUI_EncExt.o [3]
  .text.GUIPROP_EXT__FindChar
                          ro code  0x08022ba0     0x14  GUI_CharPExt.o [3]
  .text._FillRect         ro code  0x08022bb4     0xf0  GUIDRV_FlexColor_16bpp_C0B16.o [3]
  .text.GUI__memset16     ro code  0x08022ca4     0x64  GUI__Private.o [3]
  .text._Undraw           ro code  0x08022d08     0xf0  GUI_SPRITE.o [3]
  .text.GUIPROP_DispChar  ro code  0x08022df8     0xec  GUI_CharP.o [3]
  .text.GUIPROP__FindChar
                          ro code  0x08022ee4     0x14  GUI_CharP.o [3]
  .rodata                 const    0x08022ef8     0xe4  font_micro_64.o [1]
  .text.FRAMEWIN__cbClient
                          ro code  0x08022fdc     0xe2  FRAMEWIN.o [3]
  .text._XorPixel         ro code  0x080230c0     0xe0  GUI_SPRITE.o [3]
  .text._PixelExists      ro code  0x080231a0     0x44  GUI_SPRITE.o [3]
  .rodata                 const    0x080231e4     0xd8  font_micro_64.o [1]
  .text.BUTTON_Callback   ro code  0x080232bc     0xd8  BUTTON.o [3]
  .text.GUI_ALLOC_FreePtrArray
                          ro code  0x08023394     0x1a  GUI_Alloc.o [3]
  .text._OnButtonPressed  ro code  0x080233ae     0x30  BUTTON.o [3]
  .text._OnButtonReleased
                          ro code  0x080233de     0x40  BUTTON.o [3]
  .text.WIDGET_AndState   ro code  0x0802341e     0x34  WIDGET.o [3]
  .text.GUI_StoreKey      ro code  0x08023454     0x10  GUI_OnKey.o [3]
  .text.GUI_CURSOR_SelectEx
                          ro code  0x08023464     0xcc  GUI_Cursor.o [3]
  .text.GUI_DrawBitmap    ro code  0x08023530     0x58  GUI_DrawBitmap.o [3]
  .text.GUI_SetLayerSizeEx
                          ro code  0x08023588     0x20  GUI_SelectLayer.o [3]
  .text.GUI_SPRITE_Delete
                          ro code  0x080235a8     0x4c  GUI_SPRITE.o [3]
  .text.GUI_SPRITE__CreateEx
                          ro code  0x080235f4     0xcc  GUI_SPRITE.o [3]
  .text._Show             ro code  0x080236c0     0x30  GUI_Cursor.o [3]
  .text.GL_DrawBitmap     ro code  0x080236f0     0xa8  GUI_DrawBitmap.o [3]
  .text._Unlink           ro code  0x08023798     0x1c  GUI_SPRITE.o [3]
  .text._DoColorConversion.isra.3
                          ro code  0x080237b4     0x8c  GUI_SPRITE.o [3]
  .text._Link             ro code  0x08023840     0x1c  GUI_SPRITE.o [3]
  .text.GUI_SetLayerVisEx
                          ro code  0x0802385c     0x1c  GUI_SelectLayer.o [3]
  .text.GUI_SPRITE_Show   ro code  0x08023878     0x4c  GUI_SPRITE.o [3]
  .text.LCD_SetVisEx      ro code  0x080238c4     0x2c  LCD_Set.o [3]
  .text._SetPixelIndex    ro code  0x080238f0     0xcc  GUI_SPRITE.o [3]
  .text.TEXT_Callback     ro code  0x080239bc     0xc6  TEXT.o [3]
  .text.WM_GetHasTrans    ro code  0x08023a82     0x1e  WM_SetTrans.o [3]
  .rodata                 const    0x08023aa0     0xc0  font_micro_64.o [1]
  .rodata                 const    0x08023b60     0xc0  font_micro_64.o [1]
  .rodata                 const    0x08023c20     0xc0  font_micro_64.o [1]
  .rodata                 const    0x08023ce0     0xc0  font_micro_64.o [1]
  .rodata                 const    0x08023da0     0xc0  font_micro_64.o [1]
  .text._DrawVLine        ro code  0x08023e60     0xbc  GUIDEV_16.o [3]
  .text.GUIPROP_EXT_DispChar
                          ro code  0x08023f1c     0xb4  GUI_CharPExt.o [3]
  .text.WM__Paint         ro code  0x08023fd0     0xb4  WM.o [3]
  .text.WM__PaintWinAndOverlays
                          ro code  0x08024084     0x78  WM.o [3]
  .text._Paint1           ro code  0x080240fc     0x28  WM.o [3]
  .text._PaintTransChildren
                          ro code  0x08024124     0xae  WM.o [3]
  .text._Paint1Trans      ro code  0x080241d4     0x94  WM.o [3]
  .text._DrawVLine        ro code  0x08024268     0xb4  GUIDEV_32.o [3]
  .text._FillRect         ro code  0x0802431c     0xb4  GUIDEV_16.o [3]
  .text._FillRect         ro code  0x080243d0     0xb4  GUIDEV_32.o [3]
  .text.GUIDRV_FlexColor__GetPixelIndexNoCache
                          ro code  0x08024484     0xb2  GUIDRV_FlexColor.o [3]
  .text.EDIT_CreateUser   ro code  0x08024538     0xac  EDIT.o [3]
  .text._SetPhysRAMAddr   ro code  0x080245e4     0xa6  GUIDRV_FlexColor_Func66709.o [3]
  .text._SetRect          ro code  0x0802468a     0xa6  GUIDRV_FlexColor_Func66709.o [3]
  .rodata                 const    0x08024730     0xa0  font_micro_64.o [1]
  .rodata                 const    0x080247d0     0xa0  font_micro_64.o [1]
  .text.TEXT_CreateUser   ro code  0x08024870     0xa0  TEXT.o [3]
  .rodata                 const    0x08024910     0x9c  font_micro_64.o [1]
  .rodata                 const    0x080249ac     0x9c  font_micro_64.o [1]
  .rodata                 const    0x08024a48     0x9c  font_micro_64.o [1]
  .rodata                 const    0x08024ae4     0x9c  font_micro_64.o [1]
  .text.GUI_USAGE_BM_GetNextDirty
                          ro code  0x08024b80     0x9c  GUIDEV_UsageBM.o [3]
  .text._OnExit           ro code  0x08024c1c     0x9c  WM.o [3]
  .text._SetDevFunc       ro code  0x08024cb8     0x9c  GUIDRV_FlexColor.o [3]
  .rodata                 const    0x08024d54     0x98  font_micro_64.o [1]
  .rodata                 const    0x08024dec     0x98  font_micro_64.o [1]
  .rodata                 const    0x08024e84     0x98  font_micro_64.o [1]
  .rodata                 const    0x08024f1c     0x98  font_micro_64.o [1]
  .rodata                 const    0x08024fb4     0x98  font_micro_64.o [1]
  .rodata                 const    0x0802504c     0x98  font_micro_64.o [1]
  .rodata                 const    0x080250e4     0x98  font_micro_64.o [1]
  .rodata                 const    0x0802517c     0x98  font_micro_64.o [1]
  .rodata                 const    0x08025214     0x98  font_micro_64.o [1]
  .rodata                 const    0x080252ac     0x98  font_micro_64.o [1]
  .rodata                 const    0x08025344     0x98  font_micro_64.o [1]
  .rodata                 const    0x080253dc     0x98  font_micro_64.o [1]
  .rodata                 const    0x08025474     0x98  font_micro_64.o [1]
  .rodata                 const    0x0802550c     0x98  font_micro_64.o [1]
  .rodata                 const    0x080255a4     0x98  font_micro_64.o [1]
  .rodata                 const    0x0802563c     0x98  font_micro_64.o [1]
  .text._GetWordWrap      ro code  0x080256d4     0x98  GUI__Wrap.o [3]
  .text._Exec1Draw        ro code  0x0802576c     0x94  WM.o [3]
  .text.GUI_SaveContext_W
                          ro code  0x08025800     0x14  GUI_Common.o [3]
  .text.GUI_RestoreContext
                          ro code  0x08025814     0x14  GUI_Common.o [3]
  .rodata                 const    0x08025828     0x90  font_micro_64.o [1]
  .rodata                 const    0x080258b8     0x8c  font_micro_64.o [1]
  .text._Exec1Input       ro code  0x08025944     0x8c  WM.o [3]
  .text.GUI_PollKeyMsg    ro code  0x080259d0     0x3c  GUI_OnKey.o [3]
  .text.WM_OnKey          ro code  0x08025a0c     0x44  WM_Lib.o [3]
  .rodata                 const    0x08025a50     0x88  font_micro_64.o [1]
  .rodata                 const    0x08025ad8     0x88  font_micro_64.o [1]
  .text.BUTTON_CreateUser
                          ro code  0x08025b60     0x88  BUTTON.o [3]
  .text.GUIDRV_FlexColor__SetPixelIndexNoCache
                          ro code  0x08025be8     0x88  GUIDRV_FlexColor.o [3]
  .text.GUI__MixColorsBulk
                          ro code  0x08025c70     0x88  GUI__Alpha.o [3]
  .text.WM_Exec           ro code  0x08025cf8     0x88  WM.o [3]
  .rodata                 const    0x08025d80     0x84  font_micro_64.o [1]
  .rodata                 const    0x08025e04     0x84  font_micro_64.o [1]
  .text._Paint            ro code  0x08025e88     0x84  BUTTON_Skin.o [3]
  .rodata                 const    0x08025f0c     0x78  font_micro_64.o [1]
  .rodata                 const    0x08025f84     0x78  font_micro_64.o [1]
  .rodata                 const    0x08025ffc     0x78  font_micro_64.o [1]
  .rodata                 const    0x08026074     0x78  touch.o [1]
  .text.GUI_TIMER_Exec    ro code  0x080260ec     0x78  GUI_Timer.o [3]
  .text.GUI_USAGE_BM_AddHLine
                          ro code  0x08026164     0x78  GUIDEV_UsageBM.o [3]
  .rodata                 const    0x080261dc     0x74  font_micro_64.o [1]
  .rodata                 const    0x08026250     0x74  font_micro_64.o [1]
  .rodata                 const    0x080262c4     0x74  font_micro_64.o [1]
  .rodata                 const    0x08026338     0x74  font_micro_64.o [1]
  .rodata                 const    0x080263ac     0x74  font_micro_64.o [1]
  .rodata                 const    0x08026420     0x74  font_micro_64.o [1]
  .rodata                 const    0x08026494     0x74  font_micro_64.o [1]
  .rodata                 const    0x08026508     0x74  font_micro_64.o [1]
  .rodata                 const    0x0802657c     0x74  font_micro_64.o [1]
  .rodata                 const    0x080265f0     0x74  font_micro_64.o [1]
  .rodata                 const    0x08026664     0x74  font_micro_64.o [1]
  .rodata                 const    0x080266d8     0x74  font_micro_64.o [1]
  .rodata                 const    0x0802674c     0x74  font_micro_64.o [1]
  .rodata                 const    0x080267c0     0x74  GUIDRV_FlexColor.o [3]
  .rodata                 const    0x08026834     0x74  GUIDEV_16.o [3]
  .rodata                 const    0x080268a8     0x74  GUIDEV_32.o [3]
  .text.WINDOW_CreateUser
                          ro code  0x0802691c     0x70  WINDOW.o [3]
  .rodata                 const    0x0802698c     0x6c  font_micro_64.o [1]
  .rodata                 const    0x080269f8     0x6c  font_micro_64.o [1]
  .text.GUIDRV_FlexColor_SetFunc66709
                          ro code  0x08026a64     0x6c  GUIDRV_FlexColor_Func66709.o [3]
  .text.GUI_Delay         ro code  0x08026ad0     0x6c  GUI_Time.o [3]
  .text.GUI_Exec          ro code  0x08026b3c     0x12  GUI_Common.o [3]
  .text.GUI_ALLOC_Lock    ro code  0x08026b50     0x10  GUI_Alloc.o [3]
  .text.GUI_ALLOC_Unlock  ro code  0x08026b60     0x10  GUI_Alloc.o [3]
  .text.GUI_Exec1         ro code  0x08026b70     0x40  GUI_Common.o [3]
  .text.GUI_MEMDEV_WriteAt
                          ro code  0x08026bb0     0x6c  GUIDEV_Write.o [3]
  .text.GUI_MEMDEV__WriteToActiveAt
                          ro code  0x08026c1c     0x38  GUIDEV.o [3]
  .text.LCD_GetpPalConvTableUncached
                          ro code  0x08026c54     0x6c  LCD_Color.o [3]
  .text._cbPaintMemDev    ro code  0x08026cc0     0x6c  WM.o [3]
  .rodata                 const    0x08026d2c     0x68  font_micro_64.o [1]
  .text.GUIDRV_FlexColor_SetMode16bppC0B16
                          ro code  0x08026d94     0x68  GUIDRV_FlexColor_16bpp_C0B16.o [3]
  .text.GUI_MULTIBUF_BeginEx
                          ro code  0x08026dfc     0x68  GUI_MULTIBUF.o [3]
  .text._cbBackWin        ro code  0x08026e64     0x68  WM.o [3]
  .rodata                 const    0x08026ecc     0x64  font_micro_32.o [1]
  .text._GetPixelIndex    ro code  0x08026f30     0x64  GUI_SPRITE.o [3]
  .rodata                 const    0x08026f94     0x60  font_micro_32.o [1]
  .rodata                 const    0x08026ff4     0x60  font_micro_32.o [1]
  .rodata                 const    0x08027054     0x60  font_micro_32.o [1]
  .text.LCD_DrawPixel     ro code  0x080270b4     0x60  LCD.o [3]
  .text._ReadRect_16bpp_B8
                          ro code  0x08027114     0x60  GUIDRV_FlexColor_Func66709.o [3]
  .rodata                 const    0x08027174     0x5c  font_micro_32.o [1]
  .rodata                 const    0x080271d0     0x5c  font_micro_32.o [1]
  .rodata                 const    0x0802722c     0x5c  font_micro_32.o [1]
  .rodata                 const    0x08027288     0x5c  font_micro_32.o [1]
  .rodata                 const    0x080272e4     0x5c  font_micro_32.o [1]
  .rodata                 const    0x08027340     0x5c  font_micro_32.o [1]
  .rodata                 const    0x0802739c     0x5c  font_micro_64.o [1]
  .rodata                 const    0x080273f8     0x5c  font_micro_64.o [1]
  .rodata                 const    0x08027454     0x5c  font_micro_64.o [1]
  .rodata                 const    0x080274b0     0x5c  font_micro_64.o [1]
  .rodata                 const    0x0802750c     0x5c  font_micro_64.o [1]
  .rodata                 const    0x08027568     0x5c  font_micro_64.o [1]
  .text                   ro code  0x080275c4     0x5c  stm32f4xx_it.o [1]
  .text                   ro code  0x08027620     0x18  stm32f4xx_hal.o [1]
  .text.GUI_MULTIBUF_EndEx
                          ro code  0x08027638     0x5c  GUI_MULTIBUF.o [3]
  .text.GUI_DCACHE_Clear  ro code  0x08027694     0x24  GUI_Core.o [3]
  .text._XorPixel         ro code  0x080276b8     0x5c  GUIDEV_32.o [3]
  .rodata                 const    0x08027714     0x58  font_micro_32.o [1]
  .text._XorPixel         ro code  0x0802776c     0x58  GUIDEV_16.o [3]
  .rodata                 const    0x080277c4     0x54  font_micro_32.o [1]
  .rodata                 const    0x08027818     0x54  font_micro_64.o [1]
  .rodata                 const    0x0802786c     0x54  font_micro_64.o [1]
  .rodata                 const    0x080278c0     0x54  font_micro_64.o [1]
  .rodata                 const    0x08027914     0x54  font_micro_64.o [1]
  .rodata                 const    0x08027968     0x54  font_micro_64.o [1]
  .rodata                 const    0x080279bc     0x54  font_micro_64.o [1]
  .rodata                 const    0x08027a10     0x54  font_micro_64.o [1]
  .rodata                 const    0x08027a64     0x54  font_micro_64.o [1]
  .rodata                 const    0x08027ab8     0x54  gui_warning.o [1]
  .text._Color2Index_0    ro code  0x08027b0c     0x52  GUICC_0.o [3]
  .text.LCD_GetNumColors  ro code  0x08027b60     0x10  LCD_GetEx.o [3]
  .text.LCD_GetPalette    ro code  0x08027b70     0x10  LCD_GetEx.o [3]
  .text.GUI_CalcColorDist
                          ro code  0x08027b80     0x4a  GUI_Common.o [3]
  .text.LCD_GetPaletteEx  ro code  0x08027bca     0x16  LCD_GetEx.o [3]
  .text._GetIndexMask_0   ro code  0x08027be0     0x52  GUICC_0.o [3]
  .rodata                 const    0x08027c34     0x4c  font_micro_32.o [1]
  .rodata                 const    0x08027c80     0x4c  font_micro_32.o [1]
  .rodata                 const    0x08027ccc     0x4c  font_micro_32.o [1]
  .rodata                 const    0x08027d18     0x4c  font_micro_64.o [1]
  .rodata                 const    0x08027d64     0x4c  font_micro_64.o [1]
  .rodata                 const    0x08027db0     0x4c  font_micro_64.o [1]
  .rodata                 const    0x08027dfc     0x4c  font_micro_64.o [1]
  .text.EDIT_CreateIndirect
                          ro code  0x08027e48     0x4c  EDIT.o [3]
  .text._Encode           ro code  0x08027e94     0x4c  GUI_UC_EncodeUTF8.o [3]
  .text._CalcSizeOfChar   ro code  0x08027ee0     0x18  GUI_UC_EncodeUTF8.o [3]
  .text._SetPixelIndex    ro code  0x08027ef8     0x4c  GUIDEV_16.o [3]
  .text._SetPixelIndex    ro code  0x08027f44     0x4c  GUIDEV_32.o [3]
  .text._GetDevFunc_Init  ro code  0x08027f90     0x4a  GUIDRV_FlexColor.o [3]
  .rodata                 const    0x08027fdc     0x48  font_micro_32.o [1]
  .rodata                 const    0x08028024     0x48  font_micro_32.o [1]
  .rodata                 const    0x0802806c     0x48  font_micro_32.o [1]
  .rodata                 const    0x080280b4     0x48  font_micro_32.o [1]
  .rodata                 const    0x080280fc     0x48  font_micro_32.o [1]
  .rodata                 const    0x08028144     0x48  font_micro_32.o [1]
  .rodata                 const    0x0802818c     0x48  font_micro_32.o [1]
  .rodata                 const    0x080281d4     0x48  font_micro_32.o [1]
  .rodata                 const    0x0802821c     0x48  font_micro_32.o [1]
  .rodata                 const    0x08028264     0x48  font_micro_32.o [1]
  .rodata                 const    0x080282ac     0x48  font_micro_32.o [1]
  .rodata                 const    0x080282f4     0x48  font_micro_32.o [1]
  .rodata                 const    0x0802833c     0x48  font_micro_32.o [1]
  .rodata                 const    0x08028384     0x48  font_micro_32.o [1]
  .rodata                 const    0x080283cc     0x48  font_micro_32.o [1]
  .rodata                 const    0x08028414     0x48  font_micro_32.o [1]
  .rodata                 const    0x0802845c     0x48  font_micro_32.o [1]
  .rodata                 const    0x080284a4     0x48  font_micro_32.o [1]
  .rodata                 const    0x080284ec     0x48  font_micro_64.o [1]
  .rodata                 const    0x08028534     0x48  font_micro_64.o [1]
  .rodata                 const    0x0802857c     0x48  task_core.o [1]
  .text                   ro code  0x080285c4     0x48  task_lcd.o [1]
  .text.GUI_CURSOR_Show   ro code  0x0802860c     0x10  GUI_Cursor.o [3]
  .text.WM_MULTIBUF_Enable
                          ro code  0x0802861c     0x20  WM_MULTIBUF.o [3]
  .text.GUI_UC_SetEncodeUTF8
                          ro code  0x0802863c     0x1c  GUI_UC_EncodeUTF8.o [3]
  .text.GUI_CURSOR_ShowEx
                          ro code  0x08028658     0x38  GUI_Cursor.o [3]
  .text.GUIDRV_FlexColor__SetLog2Phys
                          ro code  0x08028690     0x48  GUIDRV_FlexColor.o [3]
  .text.GUIPROP_EXT__DispLine
                          ro code  0x080286d8     0x48  GUI_EncExt.o [3]
  .text.LCD_AA_MixColors16
                          ro code  0x08028720     0x48  LCD_AA.o [3]
  .text._Index2ColorBulk  ro code  0x08028768     0x48  GUICC_565.o [3]
  .text._OnExit           ro code  0x080287b0     0x48  GUI_Core.o [3]
  .text.BUTTON_CreateIndirect
                          ro code  0x080287f8     0x46  BUTTON.o [3]
  .rodata                 const    0x08028840     0x44  font_micro_32.o [1]
  .rodata                 const    0x08028884     0x44  font_micro_32.o [1]
  .rodata                 const    0x080288c8     0x44  font_micro_32.o [1]
  .rodata                 const    0x0802890c     0x44  font_micro_32.o [1]
  .rodata                 const    0x08028950     0x44  font_micro_32.o [1]
  .rodata                 const    0x08028994     0x44  font_micro_32.o [1]
  .rodata                 const    0x080289d8     0x44  font_micro_32.o [1]
  .rodata                 const    0x08028a1c     0x44  font_micro_64.o [1]
  .rodata                 const    0x08028a60     0x44  font_micro_64.o [1]
  .text.FRAMEWIN_CreateIndirect
                          ro code  0x08028aa4     0x44  FRAMEWIN.o [3]
  .text.FRAMEWIN__GetBorderSize
                          ro code  0x08028ae8     0x44  FRAMEWIN.o [3]
  .text._GetCursorPosChar
                          ro code  0x08028b2c     0x42  GUI__GetCursorPos.o [3]
  .text.GUI_UC__NumBytes2NumChars
                          ro code  0x08028b70     0x30  GUI_UC.o [3]
  .rodata                 const    0x08028ba0     0x40  font_micro_32.o [1]
  .rodata                 const    0x08028be0     0x40  font_micro_32.o [1]
  .rodata                 const    0x08028c20     0x40  font_micro_32.o [1]
  .text.TEXT_CreateIndirect
                          ro code  0x08028c60     0x40  TEXT.o [3]
  .text.WINDOW_CreateIndirect
                          ro code  0x08028ca0     0x40  WINDOW.o [3]
  .text._GetBorderSize    ro code  0x08028ce0     0x40  FRAMEWIN_Skin.o [3]
  .text._GetCharCode      ro code  0x08028d20     0x40  GUI_UC_EncodeUTF8.o [3]
  .text._GetDevFunc_SetRectOutside
                          ro code  0x08028d60     0x40  GUIDRV_FlexColor.o [3]
  .text._OnTouchDefault   ro code  0x08028da0     0x40  BUTTON.o [3]
[...]
acGUI_Font_micro_64_006B
                        0x08025ffc     0x78  Data  Gb  font_micro_64.o [1]
acGUI_Font_micro_64_006C
                        0x0802a888     0x28  Data  Gb  font_micro_64.o [1]
acGUI_Font_micro_64_006D
                        0x08025a50     0x88  Data  Gb  font_micro_64.o [1]
acGUI_Font_micro_64_006E
                        0x08027914     0x54  Data  Gb  font_micro_64.o [1]
acGUI_Font_micro_64_006F
                        0x0802698c     0x6c  Data  Gb  font_micro_64.o [1]
acGUI_Font_micro_64_0070
                        0x080249ac     0x9c  Data  Gb  font_micro_64.o [1]
acGUI_Font_micro_64_0071
                        0x08024a48     0x9c  Data  Gb  font_micro_64.o [1]
acGUI_Font_micro_64_0072
                        0x080298bc     0x38  Data  Gb  font_micro_64.o [1]
acGUI_Font_micro_64_0073
                        0x08027968     0x54  Data  Gb  font_micro_64.o [1]
acGUI_Font_micro_64_0074
                        0x08028534     0x48  Data  Gb  font_micro_64.o [1]
acGUI_Font_micro_64_0075
                        0x080279bc     0x54  Data  Gb  font_micro_64.o [1]
acGUI_Font_micro_64_0076
                        0x080269f8     0x6c  Data  Gb  font_micro_64.o [1]
acGUI_Font_micro_64_0077
                        0x08025ad8     0x88  Data  Gb  font_micro_64.o [1]
acGUI_Font_micro_64_0078
                        0x08027a10     0x54  Data  Gb  font_micro_64.o [1]
acGUI_Font_micro_64_0079
                        0x08024ae4     0x9c  Data  Gb  font_micro_64.o [1]
acGUI_Font_micro_64_007A
                        0x08027a64     0x54  Data  Gb  font_micro_64.o [1]
acGUI_Font_micro_64_007B
                        0x0802750c     0x5c  Data  Gb  font_micro_64.o [1]
acGUI_Font_micro_64_007C
                        0x08029d7c     0x34  Data  Gb  font_micro_64.o [1]
acGUI_Font_micro_64_007D
                        0x08027568     0x5c  Data  Gb  font_micro_64.o [1]
acGUI_Font_micro_64_007E
                        0x0802ab7c     0x24  Data  Gb  font_micro_64.o [1]
acGUI_Font_micro_64_007F
                        0x08013dce      0x1  Data  Gb  font_micro_64.o [1]
asc2_1206               0x0801c918    0x474  Data  Gb  ILI93xx.o [1]
asc2_1608               0x0801b088    0x5f0  Data  Gb  ILI93xx.o [1]
asc2_2412               0x0800e3d0    0xd5c  Data  Gb  ILI93xx.o [1]
atof                    0x0800ddc9      0x8  Code  Gb  strto64.o [5]
atoi                    0x080106ed      0x2  Code  Gb  iar_Stoulx.o [4]
axRef.9609              0x200145e8      0x8  Data  Lc  GUI_TOUCH_DriverAnalog.o [3]
axSample.9611           0x200145f0      0x8  Data  Lc  GUI_TOUCH_DriverAnalog.o [3]
ayRef.9610              0x200145f8      0x8  Data  Lc  GUI_TOUCH_DriverAnalog.o [3]
aySample.9612           0x20014600      0x8  Data  Lc  GUI_TOUCH_DriverAnalog.o [3]
button_user_clock_set   0x0801092b     0x4e  Code  Gb  gui_common.o [1]
button_user_skin_set    0x0801081f     0x4e  Code  Gb  gui_common.o [1]
calendar                0x200148d4      0xc  Data  Gb  ds3231.o [1]
checkIP                 0x0800f3a1     0x7a  Code  Lc  gui_keypad.o [1]
clock_comparison        0x0801a4f3     0x62  Code  Gb  task_core.o [1]
clock_core              0x0801a555    0x316  Code  Gb  task_core.o [1]
clock_core::j           0x20014aa2      0x2  Data  Lc  task_core.o [1]
clock_core::on_off      0x20014aa6      0x2  Data  Lc  task_core.o [1]
clock_core::y           0x20014aa4      0x2  Data  Lc  task_core.o [1]
data_copy               0x0801a36d     0x86  Code  Gb  task_core.o [1]
data_set_core           0x20014638     0x2c  Data  Gb  task_core.o [1]
data_set_lcd            0x2001460c     0x2c  Data  Gb  gui_common.o [1]
ddiv                    0x0800d95d     0xd0  Code  Lc  strto64.o [5]
delay_ms                0x08009ca5      0xc  Code  Gb  delay.o [1]
delay_us                0x08009c4d     0x54  Code  Gb  delay.o [1]
digits                  0x080106f8     0x28  Data  Lc  iar_Stoulx.o [4]
digits                  0x0800d7bc     0x28  Data  Lc  iar_Stoullx.o [4]
dmul                    0x0800d889     0xd2  Code  Lc  strto64.o [5]
drawWarn                0x080103fb     0x66  Code  Lc  gui_warning.o [1]
emWin_LCD_Init          0x0802266d     0xa4  Code  Gb  LCD.o [3]
endKeyPadShow           0x0800f41b     0x2c  Code  Gb  gui_keypad.o [1]
endWarningShow          0x08010461     0x32  Code  Gb  gui_warning.o [1]
exit                    0x0802b4fb      0x4  Code  Gb  exit.o [4]
exitCancel              0x0800f44d      0xa  Code  Lc  gui_keypad.o [1]
exitConfirm             0x0800f457    0x2bc  Code  Lc  gui_keypad.o [1]
flash_cope              0x0801a86b     0x68  Code  Gb  task_core.o [1]
flash_tp_dve            0x20014884     0x10  Data  Gb  touch.o [1]
fputc                   0x0800567b     0x18  Code  Gb  usart.o [1]
hcrc                    0x2001491c      0x8  Data  Gb  crc.o [1]
hi2c1                   0x200142f4     0x54  Data  Gb  i2c.o [1]
hspi1                   0x20014244     0x58  Data  Gb  spi.o [1]
hsram1                  0x20014348     0x50  Data  Gb  fsmc.o [1]
huart1                  0x200144b4     0x40  Data  Gb  usart.o [1]
huart2                  0x200144f4     0x40  Data  Gb  usart.o [1]
huart3                  0x20014534     0x40  Data  Gb  usart.o [1]
huart4                  0x20014474     0x40  Data  Gb  usart.o [1]
humi                    0x20014ab4      0x1  Data  Gb  task_core.o [1]
iWin.10693              0x200145d8      0x4  Data  Lc  WM.o [3]
initEditShowStr         0x0800f12f     0xf8  Code  Gb  gui_keypad.o [1]
isalpha                 0x0800de19     0x14  Code  Gb  isalpha.o [4]
isspace                 0x0800d5a9     0x14  Code  Gb  isspace.o [4]
keypad                  0x20014574     0x38  Data  Gb  gui_keypad.o [1]
keypadEditInt           0x0800fc73     0x4a  Code  Gb  gui_keypad.o [1]
lcddev                  0x20014874     0x10  Data  Gb  ILI93xx.o [1]
ldexp                   0x0800c059           Code  Gb  ldexp.o [5]
ldexpl                  0x0800c059           Code  Gb  ldexp.o [5]
localeconv              0x0800bed1      0x4  Code  Gb  xlocale_c.o [4]
main                    0x08004821     0xc4  Code  Gb  main.o [1]
memchr                  0x0800bf81           Code  Gb  memchr.o [6]
memcmp                  0x08009b2d           Code  Gb  memcmp.o [6]
memcpy                  0x08013045      0xc  Code  Gb  memcpy.o [6]
memmove                 0x08011ab1      0xc  Code  Gb  memmove.o [6]
memset                  0x0801134d     0x14  Code  Gb  memset.o [6]
mp3_control             0x0801ac89     0x14  Code  Gb  mylib.o [1]
ndigs                   0x08010720     0x28  Data  Lc  iar_Stoulx.o [4]
ndigs                   0x0800d7e4     0x28  Data  Lc  iar_Stoullx.o [4]
obuf                    0x20014398     0x50  Data  Lc  xfiles.o [4]
pcInterruptPriorityRegisters
                        0x0802c850      0x4  Data  Lc  port.o [1]
pfSetRect.9753          0x200146fc      0x4  Data  Lc  GUIDRV_FlexColor.o [3]
pows                    0x0800ddd0     0x48  Data  Lc  strto64.o [5]
printf                  0x0800ae31     0x28  Code  Gb  printf.o [4]
prvAddCurrentTaskToDelayedList
                        0x08007155     0x7e  Code  Lc  tasks.o [1]
prvAddNewTaskToReadyList
                        0x08006851     0xc2  Code  Lc  tasks.o [1]
prvCheckForValidListAndQueue
                        0x0800891d     0x4c  Code  Lc  timers.o [1]
prvCheckTasksWaitingTermination
                        0x08006ee5     0x64  Code  Lc  tasks.o [1]
prvCopyDataFromQueue    0x080065a5     0x30  Code  Lc  queue.o [1]
prvCopyDataToQueue      0x0800650d     0x98  Code  Lc  queue.o [1]
prvDeleteTCB            0x08006f49     0x12  Code  Lc  tasks.o [1]
prvGetNextExpireTime    0x08008717     0x2a  Code  Lc  timers.o [1]
prvHeapInit             0x0800832d     0x66  Code  Lc  heap_4.o [1]
prvIdleTask             0x08006e65     0x26  Code  Lc  tasks.o [1]
prvInitialiseMutex      0x08006071     0x22  Code  Lc  queue.o [1]
prvInitialiseNewQueue   0x0800603b     0x36  Code  Lc  queue.o [1]
prvInitialiseNewTask    0x08006771     0xe0  Code  Lc  tasks.o [1]
prvInitialiseTaskLists  0x08006e8b     0x5a  Code  Lc  tasks.o [1]
prvInsertBlockIntoFreeList
                        0x08008393     0x60  Code  Lc  heap_4.o [1]
prvInsertTimerInActiveList
                        0x08008769     0x50  Code  Lc  timers.o [1]
prvIsQueueEmpty         0x08006643     0x1c  Code  Lc  queue.o [1]
prvIsQueueFull          0x0800665f     0x1e  Code  Lc  queue.o [1]
prvProcessExpiredTimer  0x0800862d     0x5c  Code  Lc  timers.o [1]
prvProcessReceivedCommands
                        0x080087b9     0xde  Code  Lc  timers.o [1]
prvProcessTimerOrBlockTask
                        0x080086a7     0x70  Code  Lc  timers.o [1]
prvResetNextTaskUnblockTime
                        0x08006f5b     0x2a  Code  Lc  tasks.o [1]
prvSampleTimeNow        0x08008741     0x28  Code  Lc  timers.o [1]
prvSampleTimeNow::xLastTime
                        0x20014a0c      0x4  Data  Lc  timers.o [1]
prvSwitchTimerLists     0x08008897     0x86  Code  Lc  timers.o [1]
prvTaskExitError        0x08007e95     0x2a  Code  Lc  port.o [1]
prvTimerTask            0x0800868d     0x1a  Code  Lc  timers.o [1]
prvUnlockQueue          0x080065d5     0x6e  Code  Lc  queue.o [1]
putchar                 0x0802b735      0xc  Code  Gb  putchar.o [4]
pvPortMalloc            0x08008199    0x11a  Code  Gb  heap_4.o [1]
pvTaskIncrementMutexHeldCount
                        0x08007117     0x1e  Code  Gb  tasks.o [1]
pxCurrentTCB            0x200149c0      0x4  Data  Gb  tasks.o [1]
pxCurrentTimerList      0x200149fc      0x4  Data  Lc  timers.o [1]
pxDelayedTaskList       0x200149c4      0x4  Data  Lc  tasks.o [1]
pxEnd                   0x20014994      0x4  Data  Lc  heap_4.o [1]
pxOverflowDelayedTaskList
                        0x200149c8      0x4  Data  Lc  tasks.o [1]
pxOverflowTimerList     0x20014a00      0x4  Data  Lc  timers.o [1]
pxPortInitialiseStack   0x08007e6d     0x28  Code  Gb  port.o [1]
pxReadyTasksLists       0x20014180     0x64  Data  Lc  tasks.o [1]
rand                    0x0801afd9     0x96  Code  Gb  rand.o [4]
ranmatch                0x0800ca33     0x42  Code  Lc  xscanffull.o [4]
recv_buf                0x20014770     0x14  Data  Gb  main.o [1]
recv_buf1               0x20014784     0x14  Data  Gb  main.o [1]
refresh_page            0x08014a2d    0x45a  Code  Lc  ui_clock.o [1]
refresh_page            0x08015425    0x43c  Code  Lc  ui_main.o [1]
refresh_page            0x08015b01    0x152  Code  Lc  ui_parameter.o [1]
scalbln                 0x0800c059           Code  Gb  ldexp.o [5]
scalblnl                0x0800c059           Code  Gb  ldexp.o [5]
scalbn                  0x0800c059           Code  Gb  ldexp.o [5]
scalbnl                 0x0800c059           Code  Gb  ldexp.o [5]
scale                   0x0800b63b     0x46  Code  Lc  xprintffull.o [4]
sec_hand                0x20014a9c      0x4  Data  Lc  xfail_s.o [4]
sensor_data_core        0x20014798     0x14  Data  Gb  task_core.o [1]
sensor_data_lcd         0x200147ac     0x14  Data  Gb  task_lcd.o [1]
sensor_init             0x0801a3f3     0x26  Code  Gb  task_core.o [1]
sensor_run              0x0801a419     0xda  Code  Gb  task_core.o [1]
sgp30_data              0x200149b4      0x4  Data  Gb  mylib.o [1]
sgp30_init              0x0801ace3     0x36  Code  Gb  mylib.o [1]
sgp30_send_cmd          0x0801ac9d     0x28  Code  Lc  mylib.o [1]
sgp30_soft_reset        0x0801acc5     0x1e  Code  Lc  mylib.o [1]
sgp30_start             0x0801ad19      0xc  Code  Lc  mylib.o [1]
snprintf                0x0800fe7d     0x44  Code  Gb  snprintf.o [4]
spg30_read              0x0801ad63     0xae  Code  Gb  mylib.o [1]
sprintf                 0x08010bc9     0x40  Code  Gb  sprintf.o [4]
sqrt                    0x0800aa15           Code  Gb  sqrt.o [5]
sqrtl                   0x0800aa15           Code  Gb  sqrt.o [5]
srand                   0x0801b06f      0xa  Code  Gb  rand.o [4]
sscanf                  0x08010195     0x28  Code  Gb  sscanf.o [4]
strchr                  0x0800bedd           Code  Gb  strchr.o [6]
strcpy                  0x08011561           Code  Gb  strcpy.o [6]
strlen                  0x0800bf41           Code  Gb  strlen.o [6]
strtoll                 0x0800d653      0x2  Code  Gb  iar_Stollx.o [4]
strtoull                0x0800d7b5      0x2  Code  Gb  iar_Stoullx.o [4]
temp                    0x20014ab3      0x1  Data  Gb  task_core.o [1]
tolower                 0x0800de95     0x14  Code  Gb  tolower.o [4]
tp_dev                  0x2000000c     0x48  Data  Gb  touch.o [1]
ucHeap                  0x20000394  0x12c00  Data  Lc  heap_4.o [1]
ucMaxSysCallPriority    0x20014ab2      0x1  Data  Lc  port.o [1]
uiKeypad                0x0800fbed     0x86  Code  Gb  gui_keypad.o [1]
uiWarning               0x08010523     0x80  Code  Gb  gui_warning.o [1]
ui_clock                0x080152b5     0x40  Code  Gb  ui_clock.o [1]
ui_clock_hWin           0x20014a10      0x4  Data  Gb  ui_clock.o [1]
ui_keyPad_hWin          0x20014978      0x4  Data  Gb  gui_keypad.o [1]
ui_keyWarnParent_hWin   0x20014984      0x4  Data  Gb  gui_warning.o [1]
ui_keyWarn_hWin         0x20014980      0x4  Data  Gb  gui_warning.o [1]
ui_main                 0x08015977     0x46  Code  Gb  ui_main.o [1]
ui_main_hWin            0x20014a14      0x4  Data  Gb  ui_main.o [1]
ui_parameter            0x08015def     0x30  Code  Gb  ui_parameter.o [1]
ui_parameter_hWin       0x20014a18      0x4  Data  Gb  ui_parameter.o [1]
ulMaxPRIGROUPValue      0x200149b8      0x4  Data  Lc  port.o [1]
un_system_data_core     0x200148ec      0xc  Data  Gb  task_core.o [1]
uwTick                  0x200149bc      0x4  Data  Gb  stm32f4xx_hal.o [1]
uwTickFreq              0x20000386      0x1  Data  Gb  stm32f4xx_hal.o [1]
uwTickPrio              0x20000004      0x4  Data  Gb  stm32f4xx_hal.o [1]
uxCriticalNesting       0x20000000      0x4  Data  Lc  port.o [1]
uxCurrentNumberOfTasks  0x200149d0      0x4  Data  Lc  tasks.o [1]
uxDeletedTasksWaitingCleanUp
                        0x200149cc      0x4  Data  Lc  tasks.o [1]
uxListRemove            0x0800813b     0x28  Code  Gb  list.o [1]
uxPendedTicks           0x200149e0      0x4  Data  Lc  tasks.o [1]
uxSchedulerSuspended    0x200149f8      0x4  Data  Lc  tasks.o [1]
uxTaskNumber            0x200149ec      0x4  Data  Lc  tasks.o [1]
uxTopReadyPriority      0x200149d8      0x4  Data  Lc  tasks.o [1]
vListInitialise         0x080080c9     0x1e  Code  Gb  list.o [1]
vListInitialiseItem     0x080080e7      0x6  Code  Gb  list.o [1]
vListInsert             0x08008105     0x36  Code  Gb  list.o [1]
vListInsertEnd          0x080080ed     0x18  Code  Gb  list.o [1]
vPortEnableVFP          0x08008bb1           Code  Gb  portasm.o [1]
vPortEnterCritical      0x08007f8b     0x3a  Code  Gb  port.o [1]
vPortExitCritical       0x08007fc5     0x32  Code  Gb  port.o [1]
vPortFree               0x080082b3     0x7a  Code  Gb  heap_4.o [1]
vPortStartFirstTask     0x08008b99           Code  Gb  portasm.o [1]
vPortValidateInterruptPriority
                        0x08008021     0x4e  Code  Gb  port.o [1]
vQueueAddToRegistry     0x0800667d     0x26  Code  Gb  queue.o [1]
vQueueWaitForMessageRestricted
                        0x080066ad     0x4c  Code  Gb  queue.o [1]
vTaskDelay              0x08006913     0x4e  Code  Gb  tasks.o [1]
vTaskMissedYield        0x08006e53      0xa  Code  Gb  tasks.o [1]
vTaskPlaceOnEventList   0x08006c91     0x34  Code  Gb  tasks.o [1]
vTaskPlaceOnEventListRestricted
                        0x08006cd1     0x40  Code  Gb  tasks.o [1]
vTaskPriorityInherit    0x08006faf     0xae  Code  Gb  tasks.o [1]
vTaskSetTimeOutState    0x08006da5     0x26  Code  Gb  tasks.o [1]
vTaskStartScheduler     0x08006961     0x72  Code  Gb  tasks.o [1]
vTaskSuspendAll         0x080069d3     0x10  Code  Gb  tasks.o [1]
vTaskSwitchContext      0x08006c19     0x6e  Code  Gb  tasks.o [1]
warnStr                 0x20014748     0x14  Data  Lc  gui_warning.o [1]
warnTitle               0x2001475c     0x14  Data  Lc  gui_warning.o [1]
warnType                0x2001497c      0x4  Data  Lc  gui_warning.o [1]
wctob                   0x0800d56d     0x34  Code  Gb  wctob.o [4]
x0.9866                 0x20014704      0x4  Data  Lc  GUIDRV_FlexColor.o [3]
x1.9868                 0x2001470c      0x4  Data  Lc  GUIDRV_FlexColor.o [3]
xActiveTimerList1       0x20014824     0x14  Data  Lc  timers.o [1]
xActiveTimerList2       0x20014838     0x14  Data  Lc  timers.o [1]
xBlockAllocatedBit      0x200149a0      0x4  Data  Lc  heap_4.o [1]
xDelayedTaskList1       0x200147c0     0x14  Data  Lc  tasks.o [1]
xDelayedTaskList2       0x200147d4     0x14  Data  Lc  tasks.o [1]
xFreeBytesRemaining     0x20014998      0x4  Data  Lc  heap_4.o [1]
xHeapStructSize         0x0802c84c      0x4  Data  Lc  heap_4.o [1]
xIdleTaskHandle         0x200149f4      0x4  Data  Lc  tasks.o [1]
xLast.9626              0x20000198      0x4  Data  Lc  GUI_TOUCH_DriverAnalog.o [3]
xMinimumEverFreeBytesRemaining
                        0x2001499c      0x4  Data  Lc  heap_4.o [1]
xNextTaskUnblockTime    0x200149f0      0x4  Data  Lc  tasks.o [1]
xNumOfOverflows         0x200149e8      0x4  Data  Lc  tasks.o [1]
xPendingReadyList       0x200147e8     0x14  Data  Lc  tasks.o [1]
xPortStartScheduler     0x08007ebf     0xcc  Code  Gb  port.o [1]
xPortSysTickHandler     0x08007ff7     0x28  Code  Gb  port.o [1]
xQueueCreateMutex       0x08006093     0x20  Code  Gb  queue.o [1]
xQueueGenericCreate     0x08005fe5     0x56  Code  Gb  queue.o [1]
xQueueGenericReceive    0x08006337    0x1d6  Code  Gb  queue.o [1]
xQueueGenericReset      0x08005f4d     0x98  Code  Gb  queue.o [1]
xQueueGenericSend       0x080060b3    0x1a6  Code  Gb  queue.o [1]
xQueueGenericSendFromISR
                        0x08006259     0xde  Code  Gb  queue.o [1]
xQueueMutex             0x20014988      0x4  Data  Lc  GUI_X_OS.o [1]
xQueueRegistry          0x20014434     0x40  Data  Gb  queue.o [1]
xSchedulerRunning       0x200149dc      0x4  Data  Lc  tasks.o [1]
xSemaTxDone             0x2001498c      0x4  Data  Lc  GUI_X_OS.o [1]
xStart                  0x20014924      0x8  Data  Lc  heap_4.o [1]
xSuspendedTaskList      0x20014810     0x14  Data  Lc  tasks.o [1]
xTaskCheckForTimeOut    0x08006dd1     0x82  Code  Gb  tasks.o [1]
xTaskCreate             0x080066f9     0x78  Code  Gb  tasks.o [1]
xTaskGetCurrentTaskHandle
                        0x08006f85      0x8  Code  Gb  tasks.o [1]
xTaskGetSchedulerState  0x08006f8f     0x20  Code  Gb  tasks.o [1]
xTaskGetTickCount       0x08006adf      0x8  Code  Gb  tasks.o [1]
xTaskIncrementTick      0x08006ae7    0x12a  Code  Gb  tasks.o [1]
xTaskPriorityDisinherit
                        0x0800705d     0xba  Code  Gb  tasks.o [1]
xTaskRemoveFromEventList
                        0x08006d13     0x86  Code  Gb  tasks.o [1]
xTaskResumeAll          0x080069e3     0xfc  Code  Gb  tasks.o [1]
xTasksWaitingTermination
                        0x200147fc     0x14  Data  Lc  tasks.o [1]
xTickCount              0x200149d4      0x4  Data  Lc  tasks.o [1]
xTimerCreateTimerTask   0x08008561     0x48  Code  Gb  timers.o [1]
xTimerGenericCommand    0x080085a9     0x84  Code  Gb  timers.o [1]
xTimerQueue             0x20014a04      0x4  Data  Lc  timers.o [1]
xTimerTaskHandle        0x20014a08      0x4  Data  Lc  timers.o [1]
xYieldPending           0x200149e4      0x4  Data  Lc  tasks.o [1]
y0.9867                 0x20014708      0x4  Data  Lc  GUIDRV_FlexColor.o [3]
y1.9869                 0x20014710      0x4  Data  Lc  GUIDRV_FlexColor.o [3]
yLast.9627              0x2000019c      0x4  Data  Lc  GUI_TOUCH_DriverAnalog.o [3]


[1] = D:\project_file\100_demo\famil_tnb\famil_tnb\EWARM\famil_tnb\Obj
[2] = command line
[3] = STemWin_CM4_OS_wc16.a
[4] = dl7M_tlf.a
[5] = m7M_tls.a
[6] = rt7M_tl.a
[7] = shb_l.a

  124 172 bytes of readonly  code memory
   59 121 bytes of readonly  data memory
   85 689 bytes of readwrite data memory

Errors: none
Warnings: 1
