###############################################################################
#
# IAR ELF Linker V8.11.3.13950/W32 for ARM                03/Mar/2021  11:53:53
# Copyright 2007-2017 IAR Systems AB.
#
#    Output file  =  
#        D:\project_file\famil_tnb\EWARM\famil_tnb\Exe\famil_tnb.out
#    Map file     =  
#        D:\project_file\famil_tnb\EWARM\famil_tnb\List\famil_tnb.map
#    Command line =  
#        -f C:\Users\GAO'LI~1\AppData\Local\Temp\EW567C.tmp
#        (D:\project_file\famil_tnb\EWARM\famil_tnb\Obj\crc.o
#        D:\project_file\famil_tnb\EWARM\famil_tnb\Obj\croutine.o
#        D:\project_file\famil_tnb\EWARM\famil_tnb\Obj\delay.o
#        D:\project_file\famil_tnb\EWARM\famil_tnb\Obj\dht11.o
#        D:\project_file\famil_tnb\EWARM\famil_tnb\Obj\ds3231.o
#        D:\project_file\famil_tnb\EWARM\famil_tnb\Obj\event_groups.o
#        D:\project_file\famil_tnb\EWARM\famil_tnb\Obj\FramewinDLG.o
#        D:\project_file\famil_tnb\EWARM\famil_tnb\Obj\fsmc.o
#        D:\project_file\famil_tnb\EWARM\famil_tnb\Obj\gpio.o
#        D:\project_file\famil_tnb\EWARM\famil_tnb\Obj\GUI_X_OS.o
#        D:\project_file\famil_tnb\EWARM\famil_tnb\Obj\GUI_X_Touch_Analog.o
#        D:\project_file\famil_tnb\EWARM\famil_tnb\Obj\GUIConf.o
#        D:\project_file\famil_tnb\EWARM\famil_tnb\Obj\heap_4.o
#        D:\project_file\famil_tnb\EWARM\famil_tnb\Obj\i2c.o
#        D:\project_file\famil_tnb\EWARM\famil_tnb\Obj\ILI93xx.o
#        D:\project_file\famil_tnb\EWARM\famil_tnb\Obj\LCDConf_FlexColor_Template.o
#        D:\project_file\famil_tnb\EWARM\famil_tnb\Obj\list.o
#        D:\project_file\famil_tnb\EWARM\famil_tnb\Obj\main.o
#        D:\project_file\famil_tnb\EWARM\famil_tnb\Obj\mylib.o
#        D:\project_file\famil_tnb\EWARM\famil_tnb\Obj\port.o
#        D:\project_file\famil_tnb\EWARM\famil_tnb\Obj\portasm.o
#        D:\project_file\famil_tnb\EWARM\famil_tnb\Obj\queue.o
#        D:\project_file\famil_tnb\EWARM\famil_tnb\Obj\spi.o
#        D:\project_file\famil_tnb\EWARM\famil_tnb\Obj\startup_stm32f407xx.o
#        D:\project_file\famil_tnb\STemWin\Lib\STemWin_CM4_OS_wc16.a
#        D:\project_file\famil_tnb\EWARM\famil_tnb\Obj\stm32f4xx_hal.o
#        D:\project_file\famil_tnb\EWARM\famil_tnb\Obj\stm32f4xx_hal_cortex.o
#        D:\project_file\famil_tnb\EWARM\famil_tnb\Obj\stm32f4xx_hal_crc.o
#        D:\project_file\famil_tnb\EWARM\famil_tnb\Obj\stm32f4xx_hal_dma.o
#        D:\project_file\famil_tnb\EWARM\famil_tnb\Obj\stm32f4xx_hal_dma_ex.o
#        D:\project_file\famil_tnb\EWARM\famil_tnb\Obj\stm32f4xx_hal_exti.o
#        D:\project_file\famil_tnb\EWARM\famil_tnb\Obj\stm32f4xx_hal_flash.o
#        D:\project_file\famil_tnb\EWARM\famil_tnb\Obj\stm32f4xx_hal_flash_ex.o
#        D:\project_file\famil_tnb\EWARM\famil_tnb\Obj\stm32f4xx_hal_flash_ramfunc.o
#        D:\project_file\famil_tnb\EWARM\famil_tnb\Obj\stm32f4xx_hal_gpio.o
#        D:\project_file\famil_tnb\EWARM\famil_tnb\Obj\stm32f4xx_hal_i2c.o
#        D:\project_file\famil_tnb\EWARM\famil_tnb\Obj\stm32f4xx_hal_i2c_ex.o
#        D:\project_file\famil_tnb\EWARM\famil_tnb\Obj\stm32f4xx_hal_msp.o
#        D:\project_file\famil_tnb\EWARM\famil_tnb\Obj\stm32f4xx_hal_pwr.o
#        D:\project_file\famil_tnb\EWARM\famil_tnb\Obj\stm32f4xx_hal_pwr_ex.o
#        D:\project_file\famil_tnb\EWARM\famil_tnb\Obj\stm32f4xx_hal_rcc.o
#        D:\project_file\famil_tnb\EWARM\famil_tnb\Obj\stm32f4xx_hal_rcc_ex.o
#        D:\project_file\famil_tnb\EWARM\famil_tnb\Obj\stm32f4xx_hal_spi.o
#        D:\project_file\famil_tnb\EWARM\famil_tnb\Obj\stm32f4xx_hal_sram.o
#        D:\project_file\famil_tnb\EWARM\famil_tnb\Obj\stm32f4xx_hal_tim.o
#        D:\project_file\famil_tnb\EWARM\famil_tnb\Obj\stm32f4xx_hal_tim_ex.o
#        D:\project_file\famil_tnb\EWARM\famil_tnb\Obj\stm32f4xx_hal_uart.o
#        D:\project_file\famil_tnb\EWARM\famil_tnb\Obj\stm32f4xx_it.o
#        D:\project_file\famil_tnb\EWARM\famil_tnb\Obj\stm32f4xx_ll_fsmc.o
#        D:\project_file\famil_tnb\EWARM\famil_tnb\Obj\stm32f4xx_ll_gpio.o
#        D:\project_file\famil_tnb\EWARM\famil_tnb\Obj\system_stm32f4xx.o
#        D:\project_file\famil_tnb\EWARM\famil_tnb\Obj\tasks.o
#        D:\project_file\famil_tnb\EWARM\famil_tnb\Obj\timers.o
#        D:\project_file\famil_tnb\EWARM\famil_tnb\Obj\touch.o
#        D:\project_file\famil_tnb\EWARM\famil_tnb\Obj\usart.o
#        D:\project_file\famil_tnb\EWARM\famil_tnb\Obj\w25qxx.o --redirect
#        _Printf=_PrintfFull --redirect _Scanf=_ScanfFull -o
#        D:\project_file\famil_tnb\EWARM\famil_tnb\Exe\famil_tnb.out --map
#        D:\project_file\famil_tnb\EWARM\famil_tnb\List\famil_tnb.map --config
#        D:\project_file\famil_tnb\EWARM/stm32f407xx_flash.icf --semihosting
#        --entry __iar_program_start --vfe --text_out locale)
#
###############################################################################

*******************************************************************************
*** MESSAGES
***

Warning[Lt009]: Inconsistent wchar_t size
            BUTTON.o(STemWin_CM4_OS_wc16.a) and 129 other objects have wchar_t
                      size 16 bits
            crc.o and 79 other objects have wchar_t size 32 bits


*******************************************************************************
*** RUNTIME MODEL ATTRIBUTES
***

CppFlavor       = *
__SystemLibrary = DLib
__dlib_version  = 6


*******************************************************************************
*** HEAP SELECTION
***

The basic heap was selected because no calls to memory allocation
functions were found in the application outside of system library
functions, and there are calls to deallocation functions in the
application.


*******************************************************************************
*** PLACEMENT SUMMARY
***

"A0":  place at 0x08000000 { ro section .intvec };
"P1":  place in [from 0x08000000 to 0x080fffff] { ro };
define block CSTACK with size = 1K, alignment = 8 { };
define block HEAP with size = 512, alignment = 8 { };
"P2":  place in [from 0x20000000 to 0x2001ffff] {
          rw, block CSTACK, block HEAP };
initialize by copy { rw };

  Section                 Kind        Address     Size  Object
  -------                 ----        -------     ----  ------
"A0":                                            0x188
  .intvec                 ro code  0x08000000    0x188  startup_stm32f407xx.o [1]
                                 - 0x08000188    0x188

"P1":                                          0x1ea5b
  .rodata                 const    0x08000188   0x1484  GUI_CursorResource.o [3]
  .text                   ro code  0x0800160c   0x12c0  stm32f4xx_hal_i2c.o [1]
  .text                   ro code  0x080028cc     0xd0  i2c.o [1]
  .text                   ro code  0x0800299c    0x230  stm32f4xx_hal_rcc.o [1]
  .text                   ro code  0x08002bcc      0xc  stm32f4xx_hal.o [1]
  .text                   ro code  0x08002bd8    0x2ce  main.o [1]
  .text                   ro code  0x08002ea6     0x7a  lz77_init_single.o [6]
  .text                   ro code  0x08002f20      0x6  ABImemclr4.o [6]
  .text._ReadRect_16bpp_B16_I
                          ro code  0x08002f26     0x62  GUIDRV_FlexColor_Func66709.o [3]
  .text                   ro code  0x08002f88    0x27c  stm32f4xx_hal_gpio.o [1]
  .text                   ro code  0x08003204     0x4c  stm32f4xx_hal.o [1]
  .text                   ro code  0x08003250     0xee  I64DivMod.o [6]
  .text._GetDevProp       ro code  0x0800333e     0x5a  GUIDRV_FlexColor.o [3]
  .text                   ro code  0x08003398     0x40  stm32f4xx_hal.o [1]
  .text                   ro code  0x080033d8     0x50  crc.o [1]
  .text                   ro code  0x08003428    0x194  gpio.o [1]
  .text                   ro code  0x080035bc    0x13c  fsmc.o [1]
  .text                   ro code  0x080036f8    0x100  spi.o [1]
  .text                   ro code  0x080037f8    0x350  usart.o [1]
  .text                   ro code  0x08003b48    0x884  stm32f4xx_hal_uart.o [1]
  .text                   ro code  0x080043cc    0xb1c  tasks.o [1]
  .text                   ro code  0x08004ee8    0x24c  ds3231.o [1]
  .text                   ro code  0x08005134    0x190  mylib.o [1]
  .text                   ro code  0x080052c4     0x28  printf.o [4]
  .text                   ro code  0x080052ec    0x1a4  dht11.o [1]
  .text.GUI_TOUCH_Exec    ro code  0x08005490     0xa8  GUI_TOUCH_DriverAnalog.o [3]
  .text                   ro code  0x08005538    0xa66  ILI93xx.o [1]
  .text.GUI__MixColors    ro code  0x08005f9e     0x56  GUI__Alpha.o [3]
  .text                   ro code  0x08005ff4    0xef0  touch.o [1]
  .text.GUI_Init          ro code  0x08006ee4     0xfc  GUI_Core.o [3]
  .text.GUI_CURSOR_Show   ro code  0x08006fe0     0x10  GUI_Cursor.o [3]
  .text                   ro code  0x08006ff0     0x88  FramewinDLG.o [1]
  .text.WM_MULTIBUF_Enable
                          ro code  0x08007078     0x20  WM_MULTIBUF.o [3]
  .text.GUI_Delay         ro code  0x08007098     0x6c  GUI_Time.o [3]
  .text                   ro code  0x08007104    0x40c  stm32f4xx_hal_rcc.o [1]
  .text                   ro code  0x08007510     0x32  ABImemset48.o [6]
  .text._ReadRectCust_16bpp
                          ro code  0x08007542     0x3a  GUIDRV_FlexColor.o [3]
  .text                   ro code  0x0800757c    0x15e  stm32f4xx_hal_cortex.o [1]
  .text._ReadRectCust_18bpp
                          ro code  0x080076da     0x3a  GUIDRV_FlexColor.o [3]
  .text                   ro code  0x08007714      0x2  I64DivZer.o [6]
  .text.GUIMONO_IsInFont  ro code  0x08007716     0x36  GUI_CharM.o [3]
  .text                   ro code  0x0800774c     0x48  stm32f4xx_hal_msp.o [1]
  .text                   ro code  0x08007794     0x24  stm32f4xx_hal_crc.o [1]
  .text                   ro code  0x080077b8     0x5c  stm32f4xx_hal_sram.o [1]
  .text                   ro code  0x08007814    0x454  stm32f4xx_hal_spi.o [1]
  .text                   ro code  0x08007c68     0x28  stm32f4xx_hal_dma.o [1]
  .text                   ro code  0x08007c90      0x2  stm32f4xx_hal_uart.o [1]
  .text                   ro code  0x08007c92      0x2  stm32f4xx_hal_uart.o [1]
  .text                   ro code  0x08007c94    0x278  heap_4.o [1]
  .text                   ro code  0x08007f0c     0x66  ABImemset.o [6]
  .text                   ro code  0x08007f72     0x9a  list.o [1]
  .text                   ro code  0x0800800c    0x25c  port.o [1]
  .text                   ro code  0x08008268    0x430  timers.o [1]
  .text                   ro code  0x08008698     0x28  stm32f4xx_hal.o [1]
  .text                   ro code  0x080086c0    0xf72  xprintffull.o [4]
  .text                   ro code  0x08009632     0x1e  xencoding_8859_1.o [4]
  .text                   ro code  0x08009650     0x64  delay.o [1]
  .text                   ro code  0x080096b4     0x18  GUI_X_Touch_Analog.o [1]
  .text.GUI_TOUCH_GetLayer
                          ro code  0x080096cc      0xc  GUI_TOUCH_StoreState.o [3]
  .text.GUI_TOUCH_CalibratePoint
                          ro code  0x080096d8     0x34  GUI_TOUCH_Calibrate.o [3]
  .text.GUI_TOUCH_StoreStateEx
                          ro code  0x0800970c     0x50  GUI_TOUCH.o [3]
  .text                   ro code  0x0800975c    0x298  w25qxx.o [1]
  .text                   ro code  0x080099f4      0x8  abs.o [4]
  .text                   ro code  0x080099fc     0x1a  U32ToDbl.o [5]
  .text._SetReg_B8        ro code  0x08009a16     0x1a  GUIDRV_FlexColor_Func66709.o [3]
  .text                   ro code  0x08009a30    0x102  sqrt.o [5]
  .text._GetRect          ro code  0x08009b32     0x16  GUIDRV_FlexColor.o [3]
  .text                   ro code  0x08009b48     0x3a  DblToS32.o [5]
  .text._DrawVLine        ro code  0x08009b82     0x12  GUIDRV_FlexColor.o [3]
  .text                   ro code  0x08009b94     0x48  FltToDbl.o [5]
  .text                   ro code  0x08009bdc     0x2e  DblCmpLe.o [5]
  .text._DrawBitmap       ro code  0x08009c0a      0xe  GUIDRV_FlexColor.o [3]
  .text                   ro code  0x08009c18     0x2e  DblCmpGe.o [5]
  .text._GetDevProp       ro code  0x08009c46      0xa  GUIDEV_32.o [3]
  .text                   ro code  0x08009c50    0x1a2  DblMul.o [5]
  .text._ReadData         ro code  0x08009df2      0xa  GUIDRV_FlexColor_16bpp_C0B16.o [3]
  .text.GUI__Config       ro code  0x08009dfc     0x98  GUI_Core.o [3]
  .text                   ro code  0x08009e94     0xbc  GUI_X_OS.o [1]
  .text._InitContext      ro code  0x08009f50     0x84  GUI_Core.o [3]
  .text.emWin_LCD_Init    ro code  0x08009fd4     0xa4  LCD.o [3]
  .text.LCD_GetXSizeDisplay
                          ro code  0x0800a078      0xc  LCD_GetEx.o [3]
  .text.LCD_GetYSizeDisplay
                          ro code  0x0800a084      0xc  LCD_GetEx.o [3]
  .text.LCD_GetXSizeMax   ro code  0x0800a090      0x6  LCD_GetEx.o [3]
  .text.LCD_GetYSizeMax   ro code  0x0800a096      0x6  LCD_GetEx.o [3]
  .text.LCD_SetDisplaySize
                          ro code  0x0800a09c      0xc  LCD_GetEx.o [3]
  .text.GUI_SetOrg        ro code  0x0800a0a8     0x40  GUI_Common.o [3]
  .text.WM_Init           ro code  0x0800a0e8     0xf0  WM.o [3]
  .text.GUITASK_CopyContext
                          ro code  0x0800a1d8     0x70  GUI_Task.o [3]
  .text.GUI_CURSOR_ShowEx
                          ro code  0x0800a248     0x38  GUI_Cursor.o [3]
  .text.FRAMEWIN_SetText  ro code  0x0800a280     0x48  FRAMEWIN.o [3]
  .text.FRAMEWIN_SetTitleHeight
                          ro code  0x0800a2c8     0x7e  FRAMEWIN.o [3]
  .text.WM_GetId          ro code  0x0800a346     0x20  WM_Lib.o [3]
  .text.WM_DefaultProc    ro code  0x0800a366     0x48  WM.o [3]
  .text._ReadPixelCust_16bpp
                          ro code  0x0800a3ae      0xa  GUIDRV_FlexColor.o [3]
  .text.WM_GetDesktopWindow
                          ro code  0x0800a3b8     0x18  WM_Lib.o [3]
  .text.GUI_CreateDialogBox
                          ro code  0x0800a3d0     0xb2  DIALOG.o [3]
  .text.GUI_Exec          ro code  0x0800a482     0x12  GUI_Common.o [3]
  .text.GUI_Lock          ro code  0x0800a494     0x78  GUI_Task.o [3]
  .text.GUI_ALLOC_Lock    ro code  0x0800a50c     0x10  GUI_Alloc.o [3]
  .text.GUI_Unlock        ro code  0x0800a51c     0x14  GUI_Task.o [3]
  .text.GUI_ALLOC_Unlock  ro code  0x0800a530     0x10  GUI_Alloc.o [3]
  .text                   ro code  0x0800a540     0xec  stm32f4xx_ll_fsmc.o [1]
  CODE                    ro code  0x0800a62c     0xa8  portasm.o [1]
  .text                   ro code  0x0800a6d4    0x7ac  queue.o [1]
  .text                   ro code  0x0800ae80     0x74  xlocale_c.o [4]
  .text                   ro code  0x0800aef4     0x16  strchr.o [6]
  .text._ReadPixelCust_18bpp
                          ro code  0x0800af0a      0xa  GUIDRV_FlexColor.o [3]
  .text                   ro code  0x0800af14     0x44  xfail_s.o [4]
  .text                   ro code  0x0800af58     0x36  strlen.o [6]
  .text.GUIMONO_GetFontInfo
                          ro code  0x0800af8e      0x6  GUI_CharM.o [3]
  .text                   ro code  0x0800af94     0x58  memchr.o [6]
  .text                   ro code  0x0800afec      0xa  xmbcurmax.o [4]
  .text.GUIPROP_GetFontInfo
                          ro code  0x0800aff6      0x6  GUI_CharP.o [3]
  .text                   ro code  0x0800affc     0xa6  ABImemcpy.o [6]
  .text._Encode           ro code  0x0800b0a2      0x6  GUI_UC_EncodeNone.o [3]
  .text                   ro code  0x0800b0a8     0x70  frexp.o [5]
  .text                   ro code  0x0800b118    0x13a  ldexp.o [5]
  .text._GetIndexMask_8888
                          ro code  0x0800b252      0x6  GUICC_8888.o [3]
  .text                   ro code  0x0800b258     0x22  S32ToDbl.o [5]
  .text._GetIndexMask_M565
                          ro code  0x0800b27a      0x6  GUICC_M565.o [3]
  .text                   ro code  0x0800b280     0xe2  DblSub.o [5]
  .text.LCD_Index2Color_888
                          ro code  0x0800b362      0x2  GUICC_888_Index2Color.o [3]
  .text                   ro code  0x0800b364    0x246  DblDiv.o [5]
  .text.LCD_Index2Color_8888
                          ro code  0x0800b5aa      0x2  GUICC_8888_Index2Color.o [3]
  .text                   ro code  0x0800b5ac     0x28  DblToU32.o [5]
  .text.GUI_TOUCH_TransformPoint
                          ro code  0x0800b5d4     0x70  GUI_TOUCH_Calibrate.o [3]
  .text                   ro code  0x0800b644     0x68  memcmp.o [6]
  .text.GUI_PID_StoreState
                          ro code  0x0800b6ac     0xb8  GUI_PID.o [3]
  .text.GUI_GetVersionString
                          ro code  0x0800b764     0x18  GUI_Common.o [3]
  .text                   ro code  0x0800b77c     0x2c  GUIConf.o [1]
  .text.GUITASK_Init      ro code  0x0800b7a8     0x4c  GUI_Task.o [3]
  .text                   ro code  0x0800b7f4    0x100  LCDConf_FlexColor_Template.o [1]
  .text.GUI__RegisterExit
                          ro code  0x0800b8f4     0x28  GUI_Core.o [3]
  .text.LCD_SetBkColor    ro code  0x0800b91c      0xc  LCD.o [3]
  .text.LCD_SetColor      ro code  0x0800b928      0xc  LCD.o [3]
  .text.LCD_SetClipRectMax
                          ro code  0x0800b934     0x1c  LCD.o [3]
  .text.LCD_InitColors    ro code  0x0800b950     0x3c  LCD_Color.o [3]
  .text.GUI_DEVICE__GetpDriver
                          ro code  0x0800b98c     0x20  GUI_Device.o [3]
  .text.LCD_InitLUT       ro code  0x0800b9ac     0x88  LCD_Color.o [3]
  .text.GUI_SelectLayer   ro code  0x0800ba34     0x38  GUI_SelectLayer.o [3]
  .text.LCD_SetDrawMode   ro code  0x0800ba6c      0xc  LCD.o [3]
  .text.LCD_FillRect      ro code  0x0800ba78     0x58  LCD.o [3]
  .text._GetMaxValue      ro code  0x0800bad0     0x22  LCD_GetEx.o [3]
  .text._Color2Index_8888
                          ro code  0x0800baf2      0x2  GUICC_8888.o [3]
  .text.WM_CreateWindowAsChild
                          ro code  0x0800baf4    0x168  WM.o [3]
  .text.WM_InvalidateWindow
                          ro code  0x0800bc5c      0x6  WM.o [3]
  .text._GetDevFunc_SetRect
                          ro code  0x0800bc62      0x2  GUIDRV_FlexColor.o [3]
  .text.WM__AddCriticalHandle
                          ro code  0x0800bc64     0x10  WM__Private.o [3]
  .text.WM_SelectWindow   ro code  0x0800bc74     0x48  WM.o [3]
  .text.WM_Activate       ro code  0x0800bcbc     0x10  WM.o [3]
  .text                   ro code  0x0800bccc      0xc  memcpy.o [6]
  .text._GetTaskNo        ro code  0x0800bcd8     0x3c  GUI_Task.o [3]
  .text.GUI_CURSOR_SelectEx
                          ro code  0x0800bd14     0xcc  GUI_Cursor.o [3]
  .text._Show             ro code  0x0800bde0     0x30  GUI_Cursor.o [3]
  .text.GUI_ALLOC_LockH   ro code  0x0800be10     0x1c  GUI_Alloc.o [3]
  .text.GUI_ALLOC_UnlockH
                          ro code  0x0800be2c     0x30  GUI_Alloc.o [3]
  .text.GUI__SetText      ro code  0x0800be5c     0x7c  GUI__Private.o [3]
  .text.FRAMEWIN__CalcTitleHeight
                          ro code  0x0800bed8     0x22  FRAMEWIN.o [3]
  .text.FRAMEWIN__UpdatePositions
                          ro code  0x0800befa     0x6e  FRAMEWIN.o [3]
  .text.FRAMEWIN__UpdateButtons
                          ro code  0x0800bf68     0xea  FRAMEWIN__UpdateButtons.o [3]
  .text                   ro code  0x0800c052     0x14  memset.o [6]
  .text.WM_SendMessage    ro code  0x0800c066     0x1e  WM.o [3]
  .text.WM__GetClientRectEx
                          ro code  0x0800c084     0x22  WM__Private.o [3]
  .text.WM_SendToParent   ro code  0x0800c0a6     0x26  WM_Lib.o [3]
  .text.WM_GetClientWindow
                          ro code  0x0800c0cc     0x1a  WM_Lib.o [3]
  .text.WIDGET_OrState    ro code  0x0800c0e6     0x34  WIDGET.o [3]
  .text.WM_ShowWindow     ro code  0x0800c11a     0x32  WM_Lib.o [3]
  .text.WM_DeleteWindow   ro code  0x0800c14c    0x124  WM.o [3]
  .text.WM_SendMessageNoPara
                          ro code  0x0800c270     0x1a  WM_Lib.o [3]
  .text._Log2VisBuffered  ro code  0x0800c28a      0x2  GUI_CharLine.o [3]
  .text.WM_GetFocusedWindow
                          ro code  0x0800c28c     0x20  WM_Lib.o [3]
  .text.GUI_ALLOC_h2p     ro code  0x0800c2ac     0x14  GUI_Alloc.o [3]
  .text.WM_SetFocusOnNextChild
                          ro code  0x0800c2c0     0x64  WM_SetFocusOnNextChild.o [3]
  .text.GUI_Exec1         ro code  0x0800c324     0x40  GUI_Common.o [3]
  .text.GUI_DEVICE_UnlinkTaskDevices
                          ro code  0x0800c364      0x4  GUI_Device.o [3]
  .text.GUI_DEVICE_LinkDevices
                          ro code  0x0800c368     0x10  GUI_Device.o [3]
  .text                   ro code  0x0800c378      0x6  abort.o [4]
  .rodata.str1.1          const    0x0800c37e      0x1  GUI__Private.o [3]
  .text                   ro code  0x0800c380    0x168  DblAdd.o [5]
  .text.GUI_SignalEvent   ro code  0x0800c4e8     0x10  GUI_WaitEvent.o [3]
  .text.GUI_ALLOC_AssignMemory
                          ro code  0x0800c4f8     0x10  GUI_Alloc.o [3]
  .text.GUI_SetDefaultFont
                          ro code  0x0800c508      0xc  GUI_Core.o [3]
  .text.GUI_ALLOC_GetFixedBlock
                          ro code  0x0800c514     0xa4  GUI_Alloc.o [3]
  .text.GUI_DEVICE_CreateAndLink
                          ro code  0x0800c5b8     0x28  GUI_Device.o [3]
  .text.LCD_SetSizeEx     ro code  0x0800c5e0     0x30  LCD_Set.o [3]
  .text.LCD_SetVSizeEx    ro code  0x0800c610     0x30  LCD_Set.o [3]
  .text.GUIDRV_FlexColor_Config
                          ro code  0x0800c640     0x3c  GUIDRV_FlexColor.o [3]
  .text.GUIDRV_FlexColor_SetFunc
                          ro code  0x0800c67c     0x32  GUIDRV_FlexColor.o [3]
  .text.GUI_TOUCH_Calibrate
                          ro code  0x0800c6b0     0xbc  GUI_TOUCH_DriverAnalog.o [3]
  .text.LCD_GetNumLayers  ro code  0x0800c76c     0x1e  LCD_GetNumDisplays.o [3]
  .text.LCD_GetBitsPerPixelEx
                          ro code  0x0800c78a      0x6  LCD_GetEx.o [3]
  .text.LCD_GetNumColorsEx
                          ro code  0x0800c790      0x6  LCD_GetEx.o [3]
  .text.LCD_Index2Color   ro code  0x0800c798     0x1c  LCD.o [3]
  .text.LCD_SetLUTEntryEx
                          ro code  0x0800c7b4     0x30  LCD_Set.o [3]
  .text.GUI_SelectLCD     ro code  0x0800c7e4     0x1a  GUI_Common.o [3]
  .text._GetDevProp       ro code  0x0800c7fe     0x1e  LCD_GetEx.o [3]
  .text.GUI_ALLOC_AllocZero
                          ro code  0x0800c81c     0x3c  GUI_Alloc.o [3]
  .text.WM__InsertWindowIntoList
                          ro code  0x0800c858     0xac  WM.o [3]
  .text.WM_BringToBottom  ro code  0x0800c904     0x90  WM_Lib.o [3]
  .text.WM__SendMsgNoData
                          ro code  0x0800c994     0x16  WM.o [3]
  .text.WM_InvalidateRect
                          ro code  0x0800c9aa     0x82  WM.o [3]
  .text.WM__SelectTopLevelLayer
                          ro code  0x0800ca2c     0x14  WM.o [3]
  .text.GUI_GetCursorLayer
                          ro code  0x0800ca40     0x14  GUI_SelectLayer.o [3]
  .text.GUI_SetBkColor    ro code  0x0800ca54     0x16  GUI_Common.o [3]
  .text.GUI_Clear         ro code  0x0800ca6c     0x20  GUI_Core.o [3]
  .text.GUI_DrawBitmap    ro code  0x0800ca8c     0x58  GUI_DrawBitmap.o [3]
  .text.GUI_SetLayerSizeEx
                          ro code  0x0800cae4     0x20  GUI_SelectLayer.o [3]
  .text.GUI_SPRITE_Delete
                          ro code  0x0800cb04     0x4c  GUI_SPRITE.o [3]
  .text.GUI_SPRITE__CreateEx
                          ro code  0x0800cb50     0xcc  GUI_SPRITE.o [3]
  .text.GUI_SetLayerVisEx
                          ro code  0x0800cc1c     0x1c  GUI_SelectLayer.o [3]
  .text.GUI_SPRITE_Show   ro code  0x0800cc38     0x4c  GUI_SPRITE.o [3]
  .text.GUI__strcmp_hp    ro code  0x0800cc84     0x28  GUI__Private.o [3]
  .text.GUI__strlen       ro code  0x0800ccac     0x18  GUI__Private.o [3]
  .text.GUI_ALLOC_GetSize
                          ro code  0x0800ccc4     0x18  GUI_Alloc.o [3]
  .text.GUI_ALLOC_AllocNoInit
                          ro code  0x0800ccdc     0x1a  GUI_Alloc.o [3]
  .text                   ro code  0x0800ccf8     0x4c  strcpy.o [6]
  .text.GUI_ALLOC_FreePtr
                          ro code  0x0800cd44     0x1a  GUI_Alloc.o [3]
  .text.GUI_GetYSizeOfFont
                          ro code  0x0800cd5e      0x8  GUI_Common.o [3]
  .text.FRAMEWIN__CalcPositions
                          ro code  0x0800cd66     0xec  FRAMEWIN.o [3]
  .text.WM_MoveChildTo    ro code  0x0800ce52     0x60  WM_Lib.o [3]
  .text.WM_SetSize        ro code  0x0800ceb2     0x56  WM_Lib.o [3]
  .text.WM_GetFirstChild  ro code  0x0800cf08     0x1a  WM_Lib.o [3]
  .text.WM_ResizeWindow   ro code  0x0800cf22    0x108  WM_Lib.o [3]
  .text.WM_MoveWindow     ro code  0x0800d02a     0x1e  WM_Move.o [3]
  .text.WM_GetNextSibling
                          ro code  0x0800d048     0x1a  WM_Lib.o [3]
  .text.WM__SendMessage   ro code  0x0800d064     0x3c  WM__Private.o [3]
  .text.WM__GetClientRectWin
                          ro code  0x0800d0a0     0x18  WM.o [3]
  .text.WM_GetParent      ro code  0x0800d0b8     0x1a  WM_Lib.o [3]
  .text.WM_InvalidateWindowAndDescs
                          ro code  0x0800d0d2     0x34  WM_Lib.o [3]
  .text.WM__IsWindow      ro code  0x0800d108     0x20  WM.o [3]
  .text.WM__GetTopLevelLayer
                          ro code  0x0800d128     0x28  WM.o [3]
  .text.WM__DeleteAssocTimer
                          ro code  0x0800d150     0x52  WM_Timer.o [3]
  .text.GUI_MEMDEV_Delete
                          ro code  0x0800d1a4     0x4c  GUIDEV.o [3]
  .text.WM_NotifyParent   ro code  0x0800d1f0     0x14  WM_Lib.o [3]
  .text.WM__DetachWindow  ro code  0x0800d204     0x2a  WM.o [3]
  .text.GUI_ALLOC_Free    ro code  0x0800d230     0x30  GUI_Alloc.o [3]
  .text.WM__SendMessageNoPara
                          ro code  0x0800d260     0x28  WM__Private.o [3]
  .text.WM__GetFocusedChild
                          ro code  0x0800d288     0x24  WM__Private.o [3]
  .text._GetNextChild     ro code  0x0800d2ac     0x26  WM_SetFocusOnNextChild.o [3]
  .text.WM_IsFocusable    ro code  0x0800d2d2     0x3c  WM_Lib.o [3]
  .text.WM_SetFocus       ro code  0x0800d310     0xa8  WM_Lib.o [3]
  .text.WM_Exec           ro code  0x0800d3b8     0x88  WM.o [3]
  .text.GUI_DEVICE_Link   ro code  0x0800d440     0x84  GUI_Device.o [3]
  .text                   ro code  0x0800d4c4     0x14  exit.o [7]
  .text._InitOnce         ro code  0x0800d4d8     0x68  GUI_Alloc.o [3]
  .text._RemoveHoles      ro code  0x0800d540     0x9c  GUI_Alloc.o [3]
  .text._RemoveFreeBlock  ro code  0x0800d5dc     0x40  GUI_Alloc.o [3]
  .text._AddFreeMemory    ro code  0x0800d61c     0xa4  GUI_Alloc.o [3]
  .text.GUI_DEVICE_Create
                          ro code  0x0800d6c0     0x4c  GUI_Device.o [3]
  .text.GUIDRV_FlexColor__InitOnce
                          ro code  0x0800d70c     0x3c  GUIDRV_FlexColor.o [3]
  .text.LCD_GetXSizeEx    ro code  0x0800d748      0x6  LCD_GetEx.o [3]
  .text.LCD_GetYSizeEx    ro code  0x0800d74e      0x6  LCD_GetEx.o [3]
  .text.GUI_TOUCH_CalcCoefficients
                          ro code  0x0800d754    0x320  GUI_TOUCH_Calibrate.o [3]
  .text.LCD_SelectLCD     ro code  0x0800da74     0x40  LCD_SelectLCD.o [3]
  .text.LCD_UpdateColorIndices
                          ro code  0x0800dab4     0x24  LCD_UpdateColorIndices.o [3]
  .text.WM__GetPrevSibling
                          ro code  0x0800dad8     0x26  WM__Private.o [3]
  .text.WM__InvalidateRectEx
                          ro code  0x0800dafe      0x6  WM.o [3]
  .text.WM__InvalidateDrawAndDescs
                          ro code  0x0800db04     0x50  WM.o [3]
  .text.WM__Client2Screen
                          ro code  0x0800db54     0x10  WM.o [3]
  .text.GUI__IntersectRect
                          ro code  0x0800db64     0x3a  GUI__Private.o [3]
  .text.WM__ClipAtParentBorders
                          ro code  0x0800dba0     0x58  WM.o [3]
  .text.WM__Invalidate1Abs
                          ro code  0x0800dbf8      0x6  WM.o [3]
  .text.GUI_GotoXY        ro code  0x0800dc00     0x20  GUI_Common.o [3]
  .text.GUI_ClearRect     ro code  0x0800dc20     0x6c  GUI_Core.o [3]
  .text.WM__InitIVRSearch
                          ro code  0x0800dc8c    0x100  WM.o [3]
  .text.GL_DrawBitmap     ro code  0x0800dd8c     0xa8  GUI_DrawBitmap.o [3]
  .text.WM__GetNextIVR    ro code  0x0800de34    0x184  WM.o [3]
  .text._Undraw           ro code  0x0800dfb8     0xf0  GUI_SPRITE.o [3]
  .text._Unlink           ro code  0x0800e0a8     0x1c  GUI_SPRITE.o [3]
  .text.GUI_ALLOC_FreeFixedBlock
                          ro code  0x0800e0c4     0x14  GUI_Alloc.o [3]
  .text.GUI_DEVICE_Delete
                          ro code  0x0800e0d8      0x4  GUI_Device.o [3]
  .text._DoColorConversion.isra.3
                          ro code  0x0800e0dc     0x8c  GUI_SPRITE.o [3]
  .text._Link             ro code  0x0800e168     0x1c  GUI_SPRITE.o [3]
  .text._SpriteDraw       ro code  0x0800e184    0x1e8  GUI_SPRITE.o [3]
  .text.LCD_SetVisEx      ro code  0x0800e36c     0x2c  LCD_Set.o [3]
  .text.GUI__strcmp       ro code  0x0800e398     0x2c  GUI__Private.o [3]
  .text._Alloc            ro code  0x0800e3c4     0xf0  GUI_Alloc.o [3]
  .text.WM__GetWindowSizeX
                          ro code  0x0800e4b4      0xe  WM_GetWindowSize.o [3]
  .text.WM__GetWindowSizeY
                          ro code  0x0800e4c2      0xe  WM_GetWindowSize.o [3]
  .text.WM_GetWindowSizeY
                          ro code  0x0800e4d0     0x38  WM_GetWindowSize.o [3]
  .text.FRAMEWIN__GetTitleLimits
                          ro code  0x0800e508     0x8a  FRAMEWIN.o [3]
  .text.WM__MoveWindow    ro code  0x0800e592     0xa8  WM_Move.o [3]
  .text.GUI_MergeRect     ro code  0x0800e63a     0x56  GUI_Common.o [3]
  .text.WM__UpdateChildPositions
                          ro code  0x0800e690     0xec  WM__Private.o [3]
  .text.GUI_TIMER__GetFirstTimer
                          ro code  0x0800e77c     0x30  GUI_Timer.o [3]
  .text.GUI_TIMER_GetFlag
                          ro code  0x0800e7ac     0x36  GUI_Timer.o [3]
  .text.GUI_TIMER__GetNextTimerLin
                          ro code  0x0800e7e2     0x38  GUI_Timer.o [3]
  .text.WM_DeleteTimer    ro code  0x0800e81a     0x30  WM_Timer.o [3]
  .text.GUI_USAGE_DecUseCnt
                          ro code  0x0800e84a     0x32  GUIDEV_Usage.o [3]
  .text.WM__RemoveWindowFromList
                          ro code  0x0800e87c     0x3c  WM.o [3]
  .text._PushFreeBlock    ro code  0x0800e8b8     0x24  GUI_Alloc.o [3]
  .text.WM__IsChild       ro code  0x0800e8dc     0x28  WM__Private.o [3]
  .text.WM_IsWindow       ro code  0x0800e904     0x18  WM_Lib.o [3]
  .text._Exec1Input       ro code  0x0800e91c     0x8c  WM.o [3]
  .text._Exec1Draw        ro code  0x0800e9a8     0x94  WM.o [3]
  .text.GUI__ManageCache  ro code  0x0800ea3c     0x10  GUI__ManageCache.o [3]
  .text._EnlargeBlocks    ro code  0x0800ea4c     0x9c  GUI_Alloc.o [3]
  .text                   ro code  0x0800eae8      0xc  memmove.o [6]
  .text.GUI_DEVICE_Unlink
                          ro code  0x0800eaf4     0x30  GUI_Device.o [3]
  .text.LCD_Color2Index   ro code  0x0800eb24     0x1c  LCD.o [3]
  .text.LCD_SetColorIndex
                          ro code  0x0800eb40     0x18  LCD.o [3]
  .text.LCD_SetBkColorIndex
                          ro code  0x0800eb58     0x18  LCD.o [3]
  .text.WM__GetFirstSibling
                          ro code  0x0800eb70     0x12  WM__Private.o [3]
  .text.WM__InvalidateRect
                          ro code  0x0800eb82     0x76  WM.o [3]
  .text.GUI_MoveRect      ro code  0x0800ebf8     0x20  GUI_Common.o [3]
  .text._Invalidate1Abs   ro code  0x0800ec18     0xa0  WM.o [3]
  .text.WM__ActivateClipRect
                          ro code  0x0800ecb8     0x48  WM.o [3]
  .text.GUI_SetDrawMode   ro code  0x0800ed00     0x18  GUI_Common.o [3]
  .text.LCD_DrawBitmap    ro code  0x0800ed18    0x224  LCD.o [3]
  .text._Findy1           ro code  0x0800ef3c     0xa6  WM.o [3]
  .text._Findx0           ro code  0x0800efe2     0x86  WM.o [3]
  .text._Findx1           ro code  0x0800f068     0x72  WM.o [3]
  .text._GetDeviceRect    ro code  0x0800f0dc     0x3c  GUI_SPRITE.o [3]
  .text._CreateBuffer     ro code  0x0800f118     0xaa  GUI_SPRITE.o [3]
  .text.GUI_GetBitmapPixelIndex
                          ro code  0x0800f1c2     0x18  GUI_Common.o [3]
  .text._SetBkIndexBuffered
                          ro code  0x0800f1da     0x44  GUI_SPRITE.o [3]
  .text._ReleaseBuffer.isra.6
                          ro code  0x0800f21e     0x1e  GUI_SPRITE.o [3]
  .text._GetBkIndex.isra.0
                          ro code  0x0800f23c     0x70  GUI_SPRITE.o [3]
  .text._GetBkIndexAlpha.isra.2
                          ro code  0x0800f2ac     0x7a  GUI_SPRITE.o [3]
  .text.WM_GetActiveWindow
                          ro code  0x0800f328      0xc  WM.o [3]
  .text._MoveDescendents  ro code  0x0800f334     0x72  WM_Move.o [3]
  .text.WM__InvalidateParent
                          ro code  0x0800f3a6     0x2a  WM.o [3]
  .text.GUI_TIMER_Delete  ro code  0x0800f3d0     0x70  GUI_Timer.o [3]
  .text.GUI_PollKeyMsg    ro code  0x0800f440     0x3c  GUI_OnKey.o [3]
  .text.GUI_SaveContext_W
                          ro code  0x0800f47c     0x14  GUI_Common.o [3]
  .text.WM__Paint         ro code  0x0800f490     0xb4  WM.o [3]
  .text.GUI_SetColor      ro code  0x0800f544     0x16  GUI_Common.o [3]
  .text.GUI_RestoreContext
                          ro code  0x0800f55c     0x14  GUI_Common.o [3]
  .text.GUI__ManageCacheEx
                          ro code  0x0800f570     0xdc  GUI__ManageCache.o [3]
  .text                   ro code  0x0800f64c     0x96  ABImemmove.o [6]
  .text.GUI__IntersectRects
                          ro code  0x0800f6e2     0x56  GUI__Private.o [3]
  .text.WM_InvalidateWindowAndDescsEx
                          ro code  0x0800f738     0x64  WM.o [3]
  .text.WM__RectIsNZ      ro code  0x0800f79c     0x22  WM.o [3]
  .text._SetClipRectUserIntersect
                          ro code  0x0800f7c0     0x50  WM.o [3]
  .text.GUI_RectsIntersect
                          ro code  0x0800f810     0x3a  GUI_Common.o [3]
  .text.GUI_ALLOC_GetMaxSize
                          ro code  0x0800f84c     0x3c  GUI_Alloc.o [3]
  .text.GUI_GetBitmapPixelIndexEx
                          ro code  0x0800f888     0x88  GUI_Common.o [3]
  .text._FlushBuffer.isra.5
                          ro code  0x0800f910     0x7a  GUI_SPRITE.o [3]
  .text._Unlink           ro code  0x0800f98c     0x4c  GUI_Timer.o [3]
  .text.WM_OnKey          ro code  0x0800f9d8     0x44  WM_Lib.o [3]
  .text.GUI_MEMDEV_Draw   ro code  0x0800fa1c    0x170  GUIDEV_Banding.o [3]
  .text.WM__PaintWinAndOverlays
                          ro code  0x0800fb8c     0x78  WM.o [3]
  .text.LCD_SetClipRectEx
                          ro code  0x0800fc04     0x30  LCD_SetClipRectEx.o [3]
  .text.GUI__CompactPixelIndices
                          ro code  0x0800fc34    0x15e  GUI__CompactPixelIndices.o [3]
  .text.LCD_GetVXSizeEx   ro code  0x0800fd92      0x6  LCD_GetEx.o [3]
  .text.LCD_GetVYSizeEx   ro code  0x0800fd98      0x6  LCD_GetEx.o [3]
  .text.GUI_GetOrg        ro code  0x0800fda0     0x2c  GUI_Common.o [3]
  .text.GUI_MEMDEV_CreateEx
                          ro code  0x0800fdcc     0x84  GUIDEV.o [3]
  .text.GUI_MEMDEV_GetYSize
                          ro code  0x0800fe50     0x38  GUIDEV_GetYSize.o [3]
  .text.GUI_MEMDEV_Select
                          ro code  0x0800fe88     0x54  GUIDEV.o [3]
  .text.GUI_MEMDEV_ReduceYSize
                          ro code  0x0800fedc     0x38  GUIDEV_ReduceYSize.o [3]
  .text.GUI_MEMDEV_SetOrg
                          ro code  0x0800ff14     0x64  GUIDEV_SetOrg.o [3]
  .text.GUI_MEMDEV_Clear  ro code  0x0800ff78     0x4c  GUIDEV_Clear.o [3]
  .text.GUI_MEMDEV_CopyToLCD
                          ro code  0x0800ffc4      0xc  GUIDEV.o [3]
  .text._Paint1           ro code  0x0800ffd0     0x28  WM.o [3]
  .text._PaintTransChildren
                          ro code  0x0800fff8     0xae  WM.o [3]
  .text._Paint1Trans      ro code  0x080100a8     0x94  WM.o [3]
  .text.GUI_MEMDEV__CreateFixed
                          ro code  0x0801013c    0x124  GUIDEV.o [3]
  .text.WM_Deactivate     ro code  0x08010260     0x20  WM.o [3]
  .text.GUI_MEMDEV_CopyToLCDAt
                          ro code  0x08010280     0xac  GUIDEV.o [3]
  .text.LCD__GetBPPDevice
                          ro code  0x0801032c     0x2c  LCD_GetEx.o [3]
  .text.GUI_ALLOC_RequestSize
                          ro code  0x08010358     0x38  GUI_Alloc.o [3]
  .text.GUI_USAGE_BM_Create
                          ro code  0x08010390     0x60  GUIDEV_UsageBM.o [3]
  .text.GUI_MEMDEV__WriteToActiveOpaque
                          ro code  0x080103f0    0x74c  GUIDEV_WriteToActiveOpaque.o [3]
  .text.LCD__GetBPP       ro code  0x08010b3c     0x7e  LCD_GetEx.o [3]
  .text.GUI_MEMDEV_GetBitsPerPixel
                          ro code  0x08010bba     0x34  GUIDEV.o [3]
  .text.GUI_GetBitsPerPixelEx
                          ro code  0x08010bf0     0x14  LCD_GetEx.o [3]
  .text.GUI_GetpfIndex2ColorEx
                          ro code  0x08010c04     0x10  LCD_GetEx.o [3]
  .text.GUI_GetpfColor2IndexEx
                          ro code  0x08010c14     0x10  LCD_GetEx.o [3]
  .text.GUI_MEMDEV_GetDataPtr
                          ro code  0x08010c24     0x2a  GUIDEV_GetDataPtr.o [3]
  .text._Convert16        ro code  0x08010c4e     0x3e  GUIDEV_WriteToActiveOpaque.o [3]
  .text._Convert8         ro code  0x08010c8c     0x42  GUIDEV_WriteToActiveOpaque.o [3]
  .text.LCD__DrawBitmap_1bpp
                          ro code  0x08010cd0    0x1d8  LCD.o [3]
  .rodata                 const    0x08010ea8    0xd5c  ILI93xx.o [1]
  .rodata                 const    0x08011c04    0x86b  F13_1.o [3]
  .rodata                 const    0x08012470    0x822  F13_ASCII.o [3]
  .text._DrawBitmap       ro code  0x08012c94    0x740  GUIDEV_16.o [3]
  .text.GUI_USAGE_AddRect
                          ro code  0x080133d4     0x26  GUIDEV_Usage.o [3]
  .text._XY2PTR           ro code  0x080133fc     0x40  GUIDEV_16.o [3]
  .rodata                 const    0x0801343c    0x73c  F6x8.o [3]
  .text._DrawBitmap       ro code  0x08013b78    0x718  GUIDEV_32.o [3]
  .text._XY2PTR           ro code  0x08014290     0x40  GUIDEV_32.o [3]
  .rodata                 const    0x080142d0    0x5f0  ILI93xx.o [1]
  .text._DrawBitmap       ro code  0x080148c0    0x534  GUIDRV_FlexColor_16bpp_C0B16.o [3]
  .text.GRAPH_Callback    ro code  0x08014df4    0x4f2  GRAPH.o [3]
  .text.WIDGET_HandleActive
                          ro code  0x080152e6    0x14a  WIDGET.o [3]
  .text._ManageScrollbars
                          ro code  0x08015430     0xba  GRAPH.o [3]
  .text.WM_GetClientRect  ro code  0x080154ec     0x2c  WM_Lib.o [3]
  .text.WIDGET__EFFECT_DrawDownRect
                          ro code  0x08015518     0x38  WIDGET.o [3]
  .text.WM_SetUserClipRect
                          ro code  0x08015550     0x20  WM_Lib.o [3]
  .text.WM_GetInsideRectExScrollbar
                          ro code  0x08015570     0xac  WM_Lib.o [3]
  .text.GUI_GetLineStyle  ro code  0x0801561c     0x18  GUI_Common.o [3]
  .text.GUI_SetLineStyle  ro code  0x08015634     0x1c  GUI_Common.o [3]
  .text.GUI_DrawLine      ro code  0x08015650     0x4c  GUI_DrawLine.o [3]
  .text.GUI_DrawVLine     ro code  0x0801569c     0x50  GUI_DrawLib.o [3]
  .text.GUI_DrawHLine     ro code  0x080156ec     0x5c  GUI_DrawLib.o [3]
  .text.GUI__ReduceRect   ro code  0x08015748     0x1c  GUI__Private.o [3]
  .text.WM_GetOrgX        ro code  0x08015764     0x10  WM_Lib.o [3]
  .text.WM_GetOrgY        ro code  0x08015774     0x10  WM_Lib.o [3]
  .text.GUI_ARRAY_GetNumItems
                          ro code  0x08015784     0x1e  GUI_ARRAY.o [3]
  .text.GUI_ARRAY_GethItem
                          ro code  0x080157a2     0x26  GUI_ARRAY.o [3]
  .text.GUI_ARRAY_Delete  ro code  0x080157c8     0x52  GUI_ARRAY.o [3]
  .text.WM_GetScrollbarV  ro code  0x0801581a     0x1c  WM_Lib.o [3]
  .text.WM_GetScrollbarH  ro code  0x08015836     0x1c  WM_Lib.o [3]
  .text._OnScrollValueChanged
                          ro code  0x08015852     0x38  GRAPH.o [3]
  .text.WM_BringToTop     ro code  0x0801588c     0x80  WM_BringToTop.o [3]
  .text.WIDGET_SetState   ro code  0x0801590c     0x2e  WIDGET.o [3]
  .text.WIDGET__GetInsideRect
                          ro code  0x0801593a     0x1a  WIDGET.o [3]
  .text.WM_SetScrollbarV  ro code  0x08015954     0x1c  WM_SetScrollbar.o [3]
  .text.WM_SetScrollbarH  ro code  0x08015970     0x1c  WM_SetScrollbar.o [3]
  .text.WM_CheckScrollBounds
                          ro code  0x0801598c     0x1e  WM_Lib.o [3]
  .text.WIDGET__SetScrollState
                          ro code  0x080159aa     0x26  WIDGET.o [3]
  .text.WM_GetClientRectEx
                          ro code  0x080159d0     0x1a  WM_Lib.o [3]
  .text.WIDGET__RotateRect90
                          ro code  0x080159ea     0x28  WIDGET.o [3]
  .text._EffectRequiresRedraw
                          ro code  0x08015a12     0x60  WIDGET.o [3]
  .text.WM_GetDialogItem  ro code  0x08015a72     0x4c  WM_Lib.o [3]
  .text.WM_GetWindowRectEx
                          ro code  0x08015abe     0x26  WM_Lib.o [3]
  .text.WM_GetInsideRectEx
                          ro code  0x08015ae4     0x16  WM_Lib.o [3]
  .text.WM_GetFlags       ro code  0x08015afa     0x1a  WM_Lib.o [3]
  .text.GL_DrawLine       ro code  0x08015b14     0x16  GUI_DrawLine.o [3]
  .text.LCD_DrawVLine     ro code  0x08015b2c     0x54  LCD.o [3]
  .text.WM_GetWindowOrgX  ro code  0x08015b80     0x1c  WM_Lib.o [3]
  .text.WM_GetWindowOrgY  ro code  0x08015b9c     0x1c  WM_Lib.o [3]
  .text.GUI_ARRAY__GethItem
                          ro code  0x08015bb8     0x30  GUI_ARRAY.o [3]
  .text._GetDialogItem    ro code  0x08015be8     0x46  WM_Lib.o [3]
  .text.SCROLLBAR_GetValue
                          ro code  0x08015c2e     0x28  SCROLLBAR.o [3]
  .text.WM_ForEachDesc    ro code  0x08015c56     0x1e  WM_Lib.o [3]
  .text.WM__SetScrollbarV
                          ro code  0x08015c74      0x8  WM_SetScrollbar.o [3]
  .text.WM__SetScrollbarH
                          ro code  0x08015c7c      0x8  WM_SetScrollbar.o [3]
  .text.WM_SetScrollState
                          ro code  0x08015c84     0x18  WM_Lib.o [3]
  .text.WM__Screen2Client
                          ro code  0x08015c9c     0x14  WM__Private.o [3]
  .text.GL_DrawLineEx     ro code  0x08015cb0    0x1b0  GUI_DrawLine.o [3]
  .text.WM__ForEachDesc   ro code  0x08015e60     0x2a  WM__Private.o [3]
  .text._SetScrollbar     ro code  0x08015e8a     0x52  WM_SetScrollbar.o [3]
  .text.GL_DrawLine1Ex    ro code  0x08015edc    0x1ac  GUI_DrawLine.o [3]
  .text.GUI_cos           ro code  0x08016088      0x8  GUI_DrawLine.o [3]
  .text.GUI_sin           ro code  0x08016090     0x5c  GUI_DrawLine.o [3]
  .text.GL_FillPolygon    ro code  0x080160ec    0x1d4  GUI_FillPolygon.o [3]
  .text.GL_DrawPoint      ro code  0x080162c0     0x20  GUI_DrawLib.o [3]
  .text.SCROLLBAR_CreateAttached
                          ro code  0x080162e0     0x3a  SCROLLBAR.o [3]
  .text.WM_HideWindow     ro code  0x0801631a     0x38  WM_Hide.o [3]
  .text.WM__DeleteSecure  ro code  0x08016354     0x1c  WM.o [3]
  .text._SetLineColor     ro code  0x08016370     0x90  GUI_DrawLine.o [3]
  .text._Add              ro code  0x08016400     0x40  GUI_FillPolygon.o [3]
  .text.GL_FillCircle     ro code  0x08016440     0xc0  GUI_Circ.o [3]
  .text.SCROLLBAR_CreateEx
                          ro code  0x08016500     0x20  SCROLLBAR.o [3]
  .text.SCROLLBAR_CreateUser
                          ro code  0x08016520    0x100  SCROLLBAR.o [3]
  .text.WIDGET__Init      ro code  0x08016620     0x10  WIDGET.o [3]
  .text.SCROLLBAR__InvalidatePartner
                          ro code  0x08016630     0x1c  SCROLLBAR.o [3]
  .text.WM_GetScrollPartner
                          ro code  0x0801664c     0x2a  WM_Lib.o [3]
  .text.GUI_SPRITE_SetPosition
                          ro code  0x08016678    0x4c4  GUI_SPRITE.o [3]
  .rodata                 const    0x08016b3c    0x474  ILI93xx.o [1]
  .text._DrawBitmap       ro code  0x08016fb0    0x3e4  GUI_SPRITE.o [3]
  .text._GetClipRect      ro code  0x08017394     0xec  GUI_SPRITE.o [3]
  .text._GetClipParam     ro code  0x08017480    0x130  GUI_SPRITE.o [3]
  .text.WM_HandlePID      ro code  0x080175b0    0x3a0  WM_Touch.o [3]
  .text.GUI_PID_IsEmpty   ro code  0x08017950     0x10  GUI_PID.o [3]
  .text.GUI_PID_GetState  ro code  0x08017960     0x50  GUI_PID.o [3]
  .text.GUI_GetLayerPosEx
                          ro code  0x080179b0     0x28  GUI_SelectLayer.o [3]
  .text.GUI_CURSOR_SetPositionEx
                          ro code  0x080179d8     0x6c  GUI_Cursor.o [3]
  .text.WM_Screen2hWin    ro code  0x08017a44     0x2c  WM_Screen2Win.o [3]
  .text.WM__IsInModalArea
                          ro code  0x08017a70     0x60  WM_Touch.o [3]
  .text.WM__IsEnabled     ro code  0x08017ad0     0x12  WM__Private.o [3]
  .text.WM__SendTouchMessage
                          ro code  0x08017ae2     0x3a  WM_Touch.o [3]
  .text.WM__SendMessageIfEnabled
                          ro code  0x08017b1c     0x1a  WM__Private.o [3]
  .text.WM_ReleaseCapture
                          ro code  0x08017b36     0x12  WM_SetCapture.o [3]
  .text.WM_PID__SetPrevState
                          ro code  0x08017b48     0x14  WM_PID__GetPrevState.o [3]
  .text.WM__RemoveCriticalHandle
                          ro code  0x08017b5c     0x2c  WM__Private.o [3]
  .text.LCD_GetPosEx      ro code  0x08017b88     0x32  LCD_Set.o [3]
  .text.GUI_SetLayerPosEx
                          ro code  0x08017bba     0x20  GUI_SelectLayer.o [3]
  .text.WM_GetDesktopWindowEx
                          ro code  0x08017bdc     0x14  WM_Lib.o [3]
  .text._Screen2hWin      ro code  0x08017bf0     0x60  WM_Screen2Win.o [3]
  .text.WM__IsAncestor    ro code  0x08017c50     0x22  WM__Private.o [3]
  .text.WM__SendPIDMessage
                          ro code  0x08017c72     0x42  WM_Touch.o [3]
  .text.WM__ReleaseCapture
                          ro code  0x08017cb4     0x30  WM_SetCapture.o [3]
  .text.LCD_SetPosEx      ro code  0x08017ce4     0x30  LCD_Set.o [3]
  .text.WM__IsInWindow    ro code  0x08017d14     0x36  WM_Screen2Win.o [3]
  .text.SCROLLBAR_Callback
                          ro code  0x08017d4a    0x396  SCROLLBAR.o [3]
  .text._DeleteTimer      ro code  0x080180e0     0x24  SCROLLBAR.o [3]
  .text.GUI__DivideRound32
                          ro code  0x08018104     0x18  GUI__Private.o [3]
  .text.WM_CreateTimer    ro code  0x0801811c     0x68  WM_Timer.o [3]
  .text.WM_SetCapture     ro code  0x08018184     0x40  WM_SetCapture.o [3]
  .text.SCROLLBAR_SetValue
                          ro code  0x080181c4     0x58  SCROLLBAR.o [3]
  .text.WIDGET_AndState   ro code  0x0801821c     0x34  WIDGET.o [3]
  .text.SCROLLBAR_AddValue
                          ro code  0x08018250     0x30  SCROLLBAR.o [3]
  .text.SCROLLBAR_Inc     ro code  0x08018280      0x6  SCROLLBAR.o [3]
  .text.SCROLLBAR_Dec     ro code  0x08018286      0x8  SCROLLBAR.o [3]
  .text.WM_RestartTimer   ro code  0x0801828e     0x38  WM_Timer.o [3]
  .text.GUI_GetTime       ro code  0x080182c6      0x4  GUI_Time.o [3]
  .text.GUI_TIMER_Create  ro code  0x080182cc     0x9c  GUI_Timer.o [3]
  .text.GUI_TIMER_SetPeriod
                          ro code  0x08018368     0x28  GUI_Timer.o [3]
  .text.GUI_TIMER_Restart
                          ro code  0x08018390     0x3c  GUI_Timer.o [3]
  .text._Link             ro code  0x080183cc     0x90  GUI_Timer.o [3]
  .text.FRAMEWIN_DrawSkinFlex
                          ro code  0x0801845c    0x378  FRAMEWIN_SkinFlex.o [3]
  .text.FRAMEWIN_GetActive
                          ro code  0x080187d4     0x2e  FRAMEWIN.o [3]
  .text.GUI__DrawTwinArc2
                          ro code  0x08018804    0x174  GUI__DrawTwinArc.o [3]
  .text.GUI_DrawPixel     ro code  0x08018978     0x50  GUI_DrawLib.o [3]
  .text.GUI_FillRect      ro code  0x080189c8     0x54  GUI_DrawLib.o [3]
  .text.GUI_DrawGradientV
                          ro code  0x08018a1c     0x74  GUI_DrawGradient.o [3]
  .text.GUI_SetTextMode   ro code  0x08018a90     0x20  GUI_Common.o [3]
  .text.GUI_SetFont       ro code  0x08018ab0     0x20  GUI_Common.o [3]
  .text.GUI_DispStringInRect
                          ro code  0x08018ad0      0x8  GUI_DispString.o [3]
  .text.GUI_FillRectEx    ro code  0x08018ad8     0x14  GUI_DrawLib.o [3]
  .text.WM_SetHasTrans    ro code  0x08018aec     0x48  WM_SetTrans.o [3]
  .text._GetTwinArcPara   ro code  0x08018b34     0x54  GUI__DrawTwinArc.o [3]
  .text.LCD_DrawHLine     ro code  0x08018b88     0x50  LCD.o [3]
  .text._DrawGradient     ro code  0x08018bd8    0x194  GUI_DrawGradient.o [3]
  .text.GUI_DispStringInRectMax
                          ro code  0x08018d6c     0x4e  GUI_DispString.o [3]
  .text.WM_ValidateWindow
                          ro code  0x08018dbc     0x38  WM_Lib.o [3]
  .text.GUI__sqrt32       ro code  0x08018df4     0x24  GUI__Private.o [3]
  .text.GUI_GetColor      ro code  0x08018e18     0x18  GUI_Common.o [3]
  .text.GUI__DispStringInRect
                          ro code  0x08018e30    0x14c  GUI_DispString.o [3]
  .text.LCD_GetColorIndex
                          ro code  0x08018f7c     0x10  LCD_GetColorIndex.o [3]
  .text.GUI_GetFontDistY  ro code  0x08018f8c     0x1c  GUI_Char.o [3]
  .text.GUI_GetClientRect
                          ro code  0x08018fa8      0x8  GUI_Common.o [3]
  .text.GUI__GetLineNumChars
                          ro code  0x08018fb0     0x38  GUI_CharLine.o [3]
  .text.GUI_UC__NumChars2NumBytes
                          ro code  0x08018fe8     0x24  GUI_UC.o [3]
  .text.GUI__HandleEOLine
                          ro code  0x0801900c     0x26  GUI__Private.o [3]
  .text.GUI__GetLineDistX
                          ro code  0x08019034     0x60  GUI_CharLine.o [3]
  .text.GUI__DispLine     ro code  0x08019094     0xa8  GUI_CharLine.o [3]
  .text.GUI_UC__GetCharCodeInc
                          ro code  0x0801913c     0x28  GUI_UC.o [3]
  .text.GUI_GetCharDistX  ro code  0x08019164     0x24  GUI_Char.o [3]
  .text.GUI__GetOverlap   ro code  0x08019188     0x1c  GUI_CharLine.o [3]
  .text._DispLine         ro code  0x080191a4     0x9c  GUI_CharLine.o [3]
  .text.GUI_GetCharDistXEx
                          ro code  0x08019240     0x28  GUI_Char.o [3]
  .rodata                 const    0x08019268    0x370  GUI__DivTbl.o [3]
  .text.FRAMEWIN_Callback
                          ro code  0x080195d8    0x27c  FRAMEWIN.o [3]
  .text.WM_SetCaptureMove
                          ro code  0x08019854     0x9c  WM_SetCaptureMove.o [3]
  .text.WM_HasFocus       ro code  0x080198f0     0x1c  WM_Lib.o [3]
  .text.FRAMEWIN_SetActive
                          ro code  0x0801990c     0x1e  FRAMEWIN.o [3]
  .text.WM__IsAncestorOrSelf
                          ro code  0x0801992a      0xc  WM__Private.o [3]
  .text._SetActive        ro code  0x08019936     0x38  FRAMEWIN.o [3]
  .text.WM_HasCaptured    ro code  0x08019970     0x1c  WM_Lib.o [3]
  .text.BUTTON_DrawSkinFlex
                          ro code  0x0801998c    0x238  BUTTON_SkinFlex.o [3]
  .text.GUI__DrawTwinArc4
                          ro code  0x08019bc4    0x1e0  GUI__DrawTwinArc.o [3]
  .text.GUI_DrawRect      ro code  0x08019da4     0x90  GUI_2DLib.o [3]
  .text.GUI_DRAW__Draw    ro code  0x08019e34     0x32  GUI_DRAW.o [3]
  .text._FillRect         ro code  0x08019e68    0x1ec  GUI_SPRITE.o [3]
  .text._DrawHLine        ro code  0x0801a054    0x1d8  GUI_SPRITE.o [3]
  .text.GUI__DoAlphaBlending
                          ro code  0x0801a22c    0x1d4  GUI__Alpha.o [3]
  .text.GUI__GetAlphaBuffer
                          ro code  0x0801a400     0xb8  GUI__Alpha.o [3]
  .text.GUI_ReadRectEx    ro code  0x0801a4b8     0x60  LCD_ReadRect.o [3]
  .text.GUI__ExpandPixelIndicesEx
                          ro code  0x0801a518    0x17c  GUI__ExpandPixelIndices.o [3]
  .text.LCD_GetVXSizeMax  ro code  0x0801a694      0x6  LCD_GetEx.o [3]
  .text.LCD_ReadRectEx    ro code  0x0801a69c    0x1a4  LCD_ReadRect.o [3]
  .text._DrawVLine        ro code  0x0801a840    0x1c0  GUI_SPRITE.o [3]
  .text.SCROLLBAR_DrawSkinFlex
                          ro code  0x0801aa00    0x1a4  SCROLLBAR_SkinFlex.o [3]
  .text._GetArrowPara     ro code  0x0801aba4     0x30  SCROLLBAR_SkinFlex.o [3]
  .text.WIDGET__DrawTriangle
                          ro code  0x0801abd4     0x3c  WIDGET.o [3]
  .text.GUI__ConvertColor2Index
                          ro code  0x0801ac10    0x196  GUI__CompactPixelIndices.o [3]
  .text.GUI_MEMDEV__WriteToActiveAlpha
                          ro code  0x0801ada8    0x184  GUIDEV_WriteToActiveAlpha.o [3]
  .text.GUI__AllocAlphaBuffer
                          ro code  0x0801af2c     0x1a  GUI__Alpha.o [3]
  .text.GUI__CompactPixelIndicesEx
                          ro code  0x0801af46      0xe  GUI__CompactPixelIndices.o [3]
  .text._CreateStaticDevice
                          ro code  0x0801af54    0x164  GUIDEV_StaticDevices.o [3]
  .text.GUI__AlphaPreserveTrans
                          ro code  0x0801b0b8     0x24  GUI_SetAlpha.o [3]
  .text.WM__Paint1        ro code  0x0801b0dc     0x94  WM.o [3]
  .text.LCD_GetXSize      ro code  0x0801b170     0x10  LCD_GetEx.o [3]
  .text.LCD_GetYSize      ro code  0x0801b180     0x10  LCD_GetEx.o [3]
  .text.LCD_AA_SetAndMask
                          ro code  0x0801b190     0x10  LCD_AA.o [3]
  .text.WM_SetDefault     ro code  0x0801b1a0     0x14  WM.o [3]
  .text.GL_SetDefault     ro code  0x0801b1b4     0x48  GUI_Common.o [3]
  .text.GUI_SetPenSize    ro code  0x0801b1fc     0x1c  GUI_Common.o [3]
  .text.GUI_SetTextAlign  ro code  0x0801b218     0x20  GUI_Common.o [3]
  .text._CalcPositions    ro code  0x0801b238    0x158  SCROLLBAR_Skin.o [3]
  .text.SCROLLBAR__Rect2VRect
                          ro code  0x0801b390     0x34  SCROLLBAR.o [3]
  .text.GUIMONO_DispChar  ro code  0x0801b3c4    0x13c  GUI_CharM.o [3]
  .text.FRAMEWIN_CreateUser
                          ro code  0x0801b500    0x10c  FRAMEWIN.o [3]
  .text.WM_DisableMemdev  ro code  0x0801b60c     0x26  WM_MemDev.o [3]
  .rodata                 const    0x0801b632    0x100  LCD_Mirror.o [3]
  .text._Paint            ro code  0x0801b732     0xfe  FRAMEWIN_Skin.o [3]
  .text.WM_GetWindowSizeX
                          ro code  0x0801b830     0x38  WM_GetWindowSize.o [3]
  .text._DrawFrame        ro code  0x0801b868     0xf4  SCROLLBAR_SkinFlex.o [3]
  .text._FillRect         ro code  0x0801b95c     0xf0  GUIDRV_FlexColor_16bpp_C0B16.o [3]
  .text.GUI__memset16     ro code  0x0801ba4c     0x64  GUI__Private.o [3]
  .text.GUIPROP_DispChar  ro code  0x0801bab0     0xec  GUI_CharP.o [3]
  .text.GUIPROP__FindChar
                          ro code  0x0801bb9c     0x14  GUI_CharP.o [3]
  .text.GUI_GetBkColor    ro code  0x0801bbb0     0x18  GUI_Common.o [3]
  .text.LCD_GetBkColorIndex
                          ro code  0x0801bbc8     0x10  LCD_GetColorIndex.o [3]
  .text.FRAMEWIN__cbClient
                          ro code  0x0801bbd8     0xe2  FRAMEWIN.o [3]
  .text.WM_SetFocusOnPrevChild
                          ro code  0x0801bcba     0x42  WM_SetFocusOnPrevChild.o [3]
  .text._GetPrevChild     ro code  0x0801bcfc     0x1e  WM_SetFocusOnPrevChild.o [3]
  .text.WM__GetLastSibling
                          ro code  0x0801bd1a     0x18  WM__Private.o [3]
  .text._XorPixel         ro code  0x0801bd34     0xe0  GUI_SPRITE.o [3]
  .text._PixelExists      ro code  0x0801be14     0x44  GUI_SPRITE.o [3]
  .text.BUTTON_Callback   ro code  0x0801be58     0xd8  BUTTON.o [3]
  .text.GUI_ALLOC_FreePtrArray
                          ro code  0x0801bf30     0x1a  GUI_Alloc.o [3]
  .text._OnButtonPressed  ro code  0x0801bf4a     0x30  BUTTON.o [3]
  .text._OnButtonReleased
                          ro code  0x0801bf7a     0x40  BUTTON.o [3]
  .text.GUI_StoreKey      ro code  0x0801bfbc     0x10  GUI_OnKey.o [3]
  .text._SetPixelIndex    ro code  0x0801bfcc     0xcc  GUI_SPRITE.o [3]
  .text._DrawVLine        ro code  0x0801c098     0xbc  GUIDEV_16.o [3]
  .text._Paint            ro code  0x0801c154     0xb6  SCROLLBAR_Skin.o [3]
  .text.WIDGET__GetClientRect
                          ro code  0x0801c20a     0x34  WIDGET.o [3]
  .text._DrawVLine        ro code  0x0801c240     0xb4  GUIDEV_32.o [3]
  .text._FillRect         ro code  0x0801c2f4     0xb4  GUIDEV_16.o [3]
  .text._FillRect         ro code  0x0801c3a8     0xb4  GUIDEV_32.o [3]
  .text.GUIDRV_FlexColor__GetPixelIndexNoCache
                          ro code  0x0801c45c     0xb2  GUIDRV_FlexColor.o [3]
  .text._SetPhysRAMAddr   ro code  0x0801c50e     0xa6  GUIDRV_FlexColor_Func66709.o [3]
  .text._SetRect          ro code  0x0801c5b4     0xa6  GUIDRV_FlexColor_Func66709.o [3]
  .text.GUI_USAGE_BM_GetNextDirty
                          ro code  0x0801c65a     0x9c  GUIDEV_UsageBM.o [3]
  .text._OnExit           ro code  0x0801c6f8     0x9c  WM.o [3]
  .text._SetDevFunc       ro code  0x0801c794     0x9c  GUIDRV_FlexColor.o [3]
  .text.GRAPH_CreateUser  ro code  0x0801c830     0x90  GRAPH.o [3]
  .text.GUI_ARRAY_Create  ro code  0x0801c8c0      0x6  GUI_ARRAY.o [3]
  .text.BUTTON_CreateUser
                          ro code  0x0801c8c8     0x88  BUTTON.o [3]
  .text.GUIDRV_FlexColor__SetPixelIndexNoCache
                          ro code  0x0801c950     0x88  GUIDRV_FlexColor.o [3]
  .text.GUI__MixColorsBulk
                          ro code  0x0801c9d8     0x88  GUI__Alpha.o [3]
  .text._Paint            ro code  0x0801ca60     0x84  BUTTON_Skin.o [3]
  .text._GetDevFunc       ro code  0x0801cae4     0x7c  GUIDRV_FlexColor.o [3]
  .rodata                 const    0x0801cb60     0x78  touch.o [1]
  .text.GUI_TIMER_Exec    ro code  0x0801cbd8     0x78  GUI_Timer.o [3]
  .text.GUI_USAGE_BM_AddHLine
                          ro code  0x0801cc50     0x78  GUIDEV_UsageBM.o [3]
  .rodata                 const    0x0801ccc8     0x74  GUIDRV_FlexColor.o [3]
  .rodata                 const    0x0801cd3c     0x74  GUIDEV_16.o [3]
  .rodata                 const    0x0801cdb0     0x74  GUIDEV_32.o [3]
  .text.GUI_DrawGradientH
                          ro code  0x0801ce24     0x74  GUI_DrawGradient.o [3]
  .text.GUIDRV_FlexColor_SetFunc66709
                          ro code  0x0801ce98     0x6c  GUIDRV_FlexColor_Func66709.o [3]
  .text.GUI_MEMDEV_WriteAt
                          ro code  0x0801cf04     0x6c  GUIDEV_Write.o [3]
  .text.GUI_MEMDEV__WriteToActiveAt
                          ro code  0x0801cf70     0x38  GUIDEV.o [3]
  .text.LCD_GetpPalConvTableUncached
                          ro code  0x0801cfa8     0x6c  LCD_Color.o [3]
  .text._cbPaintMemDev    ro code  0x0801d014     0x6c  WM.o [3]
  .text.GUIDRV_FlexColor_SetMode16bppC0B16
                          ro code  0x0801d080     0x68  GUIDRV_FlexColor_16bpp_C0B16.o [3]
  .text.GUI_MULTIBUF_BeginEx
                          ro code  0x0801d0e8     0x68  GUI_MULTIBUF.o [3]
  .text._cbBackWin        ro code  0x0801d150     0x68  WM.o [3]
  .text._GetPixelIndex    ro code  0x0801d1b8     0x64  GUI_SPRITE.o [3]
  .text._Index2ColorBulk  ro code  0x0801d21c     0x64  GUICC_M565.o [3]
  .text.LCD_DrawPixel     ro code  0x0801d280     0x60  LCD.o [3]
  .text._ReadRect_16bpp_B8
                          ro code  0x0801d2e0     0x60  GUIDRV_FlexColor_Func66709.o [3]
  .text                   ro code  0x0801d340     0x5c  stm32f4xx_it.o [1]
  .text                   ro code  0x0801d39c     0x18  stm32f4xx_hal.o [1]
  .text.BUTTON_SetText    ro code  0x0801d3b4     0x5c  BUTTON.o [3]
  .text.GUI_MULTIBUF_EndEx
                          ro code  0x0801d410     0x5c  GUI_MULTIBUF.o [3]
  .text.GUI_DCACHE_Clear  ro code  0x0801d46c     0x24  GUI_Core.o [3]
  .text._Color2IndexBulk  ro code  0x0801d490     0x5c  GUICC_M565.o [3]
  .text._DrawBackgroundH  ro code  0x0801d4ec     0x5c  SCROLLBAR_SkinFlex.o [3]
  .text._DrawBackgroundV  ro code  0x0801d548     0x5c  SCROLLBAR_SkinFlex.o [3]
  .text._DrawGraspH       ro code  0x0801d5a4     0x5c  SCROLLBAR_SkinFlex.o [3]
  .text._DrawGraspV       ro code  0x0801d600     0x5c  SCROLLBAR_SkinFlex.o [3]
  .text._XorPixel         ro code  0x0801d65c     0x5c  GUIDEV_32.o [3]
  .text._XorPixel         ro code  0x0801d6b8     0x58  GUIDEV_16.o [3]
  .rodata                 const    0x0801d710     0x54  FramewinDLG.o [1]
  .text._Color2Index_0    ro code  0x0801d764     0x52  GUICC_0.o [3]
  .text.LCD_GetNumColors  ro code  0x0801d7b8     0x10  LCD_GetEx.o [3]
  .text.LCD_GetPalette    ro code  0x0801d7c8     0x10  LCD_GetEx.o [3]
  .text.GUI_CalcColorDist
                          ro code  0x0801d7d8     0x4a  GUI_Common.o [3]
  .text.LCD_GetPaletteEx  ro code  0x0801d822     0x16  LCD_GetEx.o [3]
  .text._GetIndexMask_0   ro code  0x0801d838     0x52  GUICC_0.o [3]
  .text._SetPixelIndex    ro code  0x0801d88c     0x4c  GUIDEV_16.o [3]
  .text._SetPixelIndex    ro code  0x0801d8d8     0x4c  GUIDEV_32.o [3]
  .text._GetDevFunc_Init  ro code  0x0801d924     0x4a  GUIDRV_FlexColor.o [3]
  .rodata                 const    0x0801d970     0x48  main.o [1]
  .text.GUIDRV_FlexColor__SetLog2Phys
                          ro code  0x0801d9b8     0x48  GUIDRV_FlexColor.o [3]
  .text.LCD_AA_MixColors16
                          ro code  0x0801da00     0x48  LCD_AA.o [3]
  .text._OnExit           ro code  0x0801da48     0x48  GUI_Core.o [3]
  .text.BUTTON_CreateIndirect
                          ro code  0x0801da90     0x46  BUTTON.o [3]
  .rodata                 const    0x0801dad6     0x44  GUI_DrawLine.o [3]
  .text.FRAMEWIN_CreateIndirect
                          ro code  0x0801db1a     0x44  FRAMEWIN.o [3]
  .text.FRAMEWIN__GetBorderSize
                          ro code  0x0801db5e     0x44  FRAMEWIN.o [3]
  .text._GetBorderSize    ro code  0x0801dba2     0x40  FRAMEWIN_Skin.o [3]
  .text._GetDevFunc_SetRectOutside
                          ro code  0x0801dbe4     0x40  GUIDRV_FlexColor.o [3]
  .text._OnTouchDefault   ro code  0x0801dc24     0x40  BUTTON.o [3]
  .text._SetOrientation   ro code  0x0801dc64     0x40  GUIDRV_FlexColor_Func66709.o [3]
  .text                   ro code  0x0801dca4     0x40  zero_init3.o [6]
  .text.GRAPH_CreateIndirect
                          ro code  0x0801dce4     0x3c  GRAPH.o [3]
  .text.GUIPROP_GetCharDistX
                          ro code  0x0801dd20     0x3c  GUI_CharP.o [3]
  .text._ReadPixel_16bpp_B16_I
                          ro code  0x0801dd5c     0x3c  GUIDRV_FlexColor_Func66709.o [3]
  .text._Create           ro code  0x0801dd98     0x38  SCROLLBAR_Skin.o [3]
  .text._DrawDownRect     ro code  0x0801ddd0     0x38  WIDGET_Effect_Simple.o [3]
  .text._ReadPixel_16bpp_B8
                          ro code  0x0801de08     0x38  GUIDRV_FlexColor_Func66709.o [3]
  .text._Create           ro code  0x0801de40     0x36  BUTTON_Skin.o [3]
  .text._GetRect          ro code  0x0801de76     0x36  GUIDEV_16.o [3]
  .text._GetRect          ro code  0x0801deac     0x36  GUIDEV_32.o [3]
  .rodata                 const    0x0801dee4     0x34  GUI_SPRITE.o [3]
  .text._SetInterface     ro code  0x0801df18     0x34  GUIDRV_FlexColor_Func66709.o [3]
  .rodata                 const    0x0801df4c     0x30  main.o [1]
  .text._Create           ro code  0x0801df7c     0x2c  FRAMEWIN_Skin.o [3]
  .text._MULTIBUF_Begin   ro code  0x0801dfa8     0x2c  WM_MULTIBUF.o [3]
  .text._MULTIBUF_End     ro code  0x0801dfd4     0x2c  WM_MULTIBUF.o [3]
  .text._cbTimer          ro code  0x0801e000     0x2c  WM_Timer.o [3]
  .text.GUI_USAGE_BM_AddPixel
                          ro code  0x0801e02c     0x28  GUIDEV_UsageBM.o [3]
  .text.LCD_Index2Color_M565
                          ro code  0x0801e054     0x28  GUICC_M565.o [3]
  .text._Color2Index_M565
                          ro code  0x0801e07c     0x28  GUICC_M565.o [3]
  .text._GetDevFunc       ro code  0x0801e0a4     0x28  GUI_SPRITE.o [3]
  .text._OnExit           ro code  0x0801e0cc     0x28  GUI__Alpha.o [3]
  .text._SetDrawMode      ro code  0x0801e0f4     0x28  LCD.o [3]
  .text                   ro code  0x0801e11c     0x28  data_init.o [6]
  .text._XorPixel         ro code  0x0801e144     0x24  GUIDRV_FlexColor.o [3]
  .text._GetPixelIndex    ro code  0x0801e168      0x8  GUIDRV_FlexColor.o [3]
  .text._SetPixelIndex    ro code  0x0801e170     0x10  GUIDRV_FlexColor.o [3]
  .text                   ro code  0x0801e180     0x22  fpinit_M.o [5]
  .iar.init_table         const    0x0801e1a4     0x20  - Linker created -
  .rodata                 const    0x0801e1c4     0x20  mylib.o [1]
  .rodata                 const    0x0801e1e4     0x20  mylib.o [1]
  .text                   ro code  0x0801e204     0x20  system_stm32f4xx.o [1]
  .text._SetBkColor       ro code  0x0801e224     0x20  LCD.o [3]
  .text._SetColor         ro code  0x0801e244     0x20  LCD.o [3]
  .text._Index2Color_0    ro code  0x0801e264     0x1e  GUICC_0.o [3]
  .rodata                 const    0x0801e284     0x1c  FramewinDLG.o [1]
  .rodata                 const    0x0801e2a0     0x1c  mylib.o [1]
  .rodata                 const    0x0801e2bc     0x1c  WIDGET_Effect_Simple.o [3]
  .text.GUI_MEMDEV_Paint1Static
                          ro code  0x0801e2d8     0x1c  GUIDEV_StaticDevices.o [3]
  .text.GUI_MEMDEV_Write  ro code  0x0801e2f4      0xc  GUIDEV_Write.o [3]
  .text._OnExit           ro code  0x0801e300     0x1c  LCD_Color.o [3]
  .text                   ro code  0x0801e31c     0x1a  cmain.o [6]
  .text                   ro code  0x0801e336      0x4  low_level_init.o [4]
  .text                   ro code  0x0801e33a      0x4  exit.o [4]
  .text                   ro code  0x0801e340      0xa  cexit.o [6]
  .rodata                 const    0x0801e34c     0x18  main.o [1]
  .rodata                 const    0x0801e364     0x18  main.o [1]
  .rodata                 const    0x0801e37c     0x18  touch.o [1]
  .rodata                 const    0x0801e394     0x18  GUICC_M565.o [3]
  .rodata                 const    0x0801e3ac     0x18  GUICC_0.o [3]
  .rodata                 const    0x0801e3c4     0x18  GUICC_8888.o [3]
  .rodata                 const    0x0801e3dc     0x18  GUIDEV_UsageBM.o [3]
  .text.GUIMONO_GetCharDistX
                          ro code  0x0801e3f4     0x18  GUI_CharM.o [3]
  .text._GetDevProp       ro code  0x0801e40c     0x18  GUIDEV_16.o [3]
  .text._OnExit           ro code  0x0801e424     0x18  GUI_Cursor.o [3]
  .text._OnExit           ro code  0x0801e43c     0x18  GUI_PID.o [3]
  .rodata                 const    0x0801e454     0x17  GUI_Core.o [3]
  .text                   ro code  0x0801e46c     0x16  xprout.o [4]
  .text                   ro code  0x0801e484      0xc  putchar.o [4]
  .text._GetDevFunc_Off   ro code  0x0801e490     0x16  GUIDRV_FlexColor.o [3]
  .text._GetDevFunc_On    ro code  0x0801e4a6     0x16  GUIDRV_FlexColor.o [3]
  .text._SetOrg           ro code  0x0801e4bc     0x16  GUIDRV_FlexColor.o [3]
  .rodata                 const    0x0801e4d4     0x14  dht11.o [1]
  .rodata                 const    0x0801e4e8     0x14  main.o [1]
  .rodata                 const    0x0801e4fc     0x14  main.o [1]
  .rodata                 const    0x0801e510     0x14  mylib.o [1]
  .rodata                 const    0x0801e524     0x14  touch.o [1]
  .text._DrawDown         ro code  0x0801e538     0x14  WIDGET_Effect_Simple.o [3]
  .text._GetDevFunc_SetSize
                          ro code  0x0801e54c     0x14  GUIDRV_FlexColor.o [3]
  .text._GetDevFunc_SetVSize
                          ro code  0x0801e560     0x14  GUIDRV_FlexColor.o [3]
  .text._OnExit           ro code  0x0801e574     0x14  GUI_Task.o [3]
  .rodata                 const    0x0801e588     0x10  system_stm32f4xx.o [1]
  .rodata                 const    0x0801e598     0x10  BUTTON_SkinFlex.o [3]
  .rodata                 const    0x0801e5a8     0x10  GUI_UC_EncodeNone.o [3]
  .text                   ro code  0x0801e5b8     0x10  startup_stm32f407xx.o [1]
  .text.GUIPROP_IsInFont  ro code  0x0801e5c8     0x10  GUI_CharP.o [3]
  .text.GUI_USAGE_BM_Clear
                          ro code  0x0801e5d8     0x10  GUIDEV_UsageBM.o [3]
  .text._Color2IndexBulk  ro code  0x0801e5e8     0x10  GUICC_8888.o [3]
  .text._DrawHLine        ro code  0x0801e5f8     0x10  GUIDRV_FlexColor.o [3]
  .text._FillRect         ro code  0x0801e608     0x10  GUIDRV_FlexColor.o [3]
  .text._GetDevData       ro code  0x0801e618     0x10  GUIDEV_16.o [3]
  .text._GetDevData       ro code  0x0801e628     0x10  GUIDEV_32.o [3]
  .text._GetDevFunc       ro code  0x0801e638     0x10  GUIDEV_16.o [3]
  .text._GetDevFunc       ro code  0x0801e648     0x10  GUIDEV_32.o [3]
  .text._Index2ColorBulk  ro code  0x0801e658     0x10  GUICC_8888.o [3]
  .text._OnExit           ro code  0x0801e668     0x10  GUI_Timer.o [3]
  .text._DrawHLine        ro code  0x0801e678      0xe  GUIDEV_16.o [3]
  .text._DrawHLine        ro code  0x0801e686      0xe  GUIDEV_32.o [3]
  .text._GetPixelIndex    ro code  0x0801e694      0xe  GUIDEV_16.o [3]
  .text._GetPixelIndex    ro code  0x0801e6a2      0xe  GUIDEV_32.o [3]
  .rodata                 const    0x0801e6b0      0xc  FramewinDLG.o [1]
  .rodata                 const    0x0801e6bc      0xc  main.o [1]
  .rodata                 const    0x0801e6c8      0xc  main.o [1]
  .rodata                 const    0x0801e6d4      0xc  main.o [1]
  .rodata                 const    0x0801e6e0      0xc  LCD.o [3]
  .text                   ro code  0x0801e6ec      0xc  cstartup_M.o [6]
  .text._GetDevData       ro code  0x0801e6f8      0xc  GUIDRV_FlexColor.o [3]
  .text._GetDevProp       ro code  0x0801e704      0xc  GUI_SPRITE.o [3]
  .text._GetRect          ro code  0x0801e710      0xc  GUI_SPRITE.o [3]
  .text._SetOrg           ro code  0x0801e71c      0xc  GUIDEV_16.o [3]
  .text._SetOrg           ro code  0x0801e728      0xc  GUI_SPRITE.o [3]
  .rodata                 const    0x0801e734      0x8  dht11.o [1]
  .rodata                 const    0x0801e73c      0x8  FramewinDLG.o [1]
  .rodata                 const    0x0801e744      0x8  FramewinDLG.o [1]
  .rodata                 const    0x0801e74c      0x8  FramewinDLG.o [1]
  .rodata                 const    0x0801e754      0x8  main.o [1]
  .rodata                 const    0x0801e75c      0x8  system_stm32f4xx.o [1]
  .rodata                 const    0x0801e764      0x8  tasks.o [1]
  .rodata                 const    0x0801e76c      0x8  timers.o [1]
  .rodata                 const    0x0801e774      0x8  timers.o [1]
  .rodata                 const    0x0801e77c      0x8  touch.o [1]
  .rodata                 const    0x0801e784      0x8  w25qxx.o [1]
  .rodata                 const    0x0801e78c      0x8  WM_MULTIBUF.o [3]
  .rodata                 const    0x0801e794      0x8  GUIDRV_FlexColor_Func66709.o [3]
  .text._Log2PhysX_X1Y0S0
                          ro code  0x0801e79c      0x8  GUIDRV_FlexColor.o [3]
  .text._Log2PhysX_X1Y0S1
                          ro code  0x0801e7a4      0x8  GUIDRV_FlexColor.o [3]
  .text._Log2PhysX_X1Y1S0
                          ro code  0x0801e7ac      0x8  GUIDRV_FlexColor.o [3]
  .text._Log2PhysX_X1Y1S1
                          ro code  0x0801e7b4      0x8  GUIDRV_FlexColor.o [3]
  .text._Log2PhysY_X0Y1S0
                          ro code  0x0801e7bc      0x8  GUIDRV_FlexColor.o [3]
  .text._Log2PhysY_X0Y1S1
                          ro code  0x0801e7c4      0x8  GUIDRV_FlexColor.o [3]
  .text._Log2PhysY_X1Y1S0
                          ro code  0x0801e7cc      0x8  GUIDRV_FlexColor.o [3]
  .text._Log2PhysY_X1Y1S1
                          ro code  0x0801e7d4      0x8  GUIDRV_FlexColor.o [3]
  .text._SetOrg           ro code  0x0801e7dc      0x8  GUIDEV_32.o [3]
  .text._SetReg_B16       ro code  0x0801e7e4      0x8  GUIDRV_FlexColor_Func66709.o [3]
  .text._WriteData        ro code  0x0801e7ec      0x8  GUIDRV_FlexColor_16bpp_C0B16.o [3]
  .text._WritePara_B16    ro code  0x0801e7f4      0x8  GUIDRV_FlexColor_Func66709.o [3]
  .text._WritePara_B8     ro code  0x0801e7fc      0x8  GUIDRV_FlexColor_Func66709.o [3]
  .rodata                 const    0x0801e804      0x6  xlocale_c.o [4]
  .rodata                 const    0x0801e80c      0x4  heap_4.o [1]
  .rodata                 const    0x0801e810      0x4  port.o [1]
  .text                   ro code  0x0801e814      0x4  startup_stm32f407xx.o [1]
  .text                   ro code  0x0801e818      0x4  startup_stm32f407xx.o [1]
  .text                   ro code  0x0801e81c      0x4  startup_stm32f407xx.o [1]
  .text                   ro code  0x0801e820      0x4  startup_stm32f407xx.o [1]
  .text                   ro code  0x0801e824      0x4  startup_stm32f407xx.o [1]
  .text                   ro code  0x0801e828      0x4  startup_stm32f407xx.o [1]
  .text                   ro code  0x0801e82c      0x4  startup_stm32f407xx.o [1]
  .text                   ro code  0x0801e830      0x4  startup_stm32f407xx.o [1]
  .text                   ro code  0x0801e834      0x4  startup_stm32f407xx.o [1]
  .text                   ro code  0x0801e838      0x4  startup_stm32f407xx.o [1]
  .text                   ro code  0x0801e83c      0x4  startup_stm32f407xx.o [1]
  .text                   ro code  0x0801e840      0x4  startup_stm32f407xx.o [1]
  .text                   ro code  0x0801e844      0x4  startup_stm32f407xx.o [1]
  .text                   ro code  0x0801e848      0x4  startup_stm32f407xx.o [1]
  .text                   ro code  0x0801e84c      0x4  startup_stm32f407xx.o [1]
  .text                   ro code  0x0801e850      0x4  startup_stm32f407xx.o [1]
  .text                   ro code  0x0801e854      0x4  startup_stm32f407xx.o [1]
  .text                   ro code  0x0801e858      0x4  startup_stm32f407xx.o [1]
  .text                   ro code  0x0801e85c      0x4  startup_stm32f407xx.o [1]
  .text                   ro code  0x0801e860      0x4  startup_stm32f407xx.o [1]
  .text                   ro code  0x0801e864      0x4  startup_stm32f407xx.o [1]
  .text                   ro code  0x0801e868      0x4  startup_stm32f407xx.o [1]
  .text                   ro code  0x0801e86c      0x4  startup_stm32f407xx.o [1]
  .text                   ro code  0x0801e870      0x4  startup_stm32f407xx.o [1]
  .text                   ro code  0x0801e874      0x4  startup_stm32f407xx.o [1]
  .text                   ro code  0x0801e878      0x4  startup_stm32f407xx.o [1]
  .text                   ro code  0x0801e87c      0x4  startup_stm32f407xx.o [1]
  .text                   ro code  0x0801e880      0x4  startup_stm32f407xx.o [1]
  .text                   ro code  0x0801e884      0x4  startup_stm32f407xx.o [1]
  .text                   ro code  0x0801e888      0x4  startup_stm32f407xx.o [1]
  .text                   ro code  0x0801e88c      0x4  startup_stm32f407xx.o [1]
  .text                   ro code  0x0801e890      0x4  startup_stm32f407xx.o [1]
  .text                   ro code  0x0801e894      0x4  startup_stm32f407xx.o [1]
  .text                   ro code  0x0801e898      0x4  startup_stm32f407xx.o [1]
  .text                   ro code  0x0801e89c      0x4  startup_stm32f407xx.o [1]
  .text                   ro code  0x0801e8a0      0x4  startup_stm32f407xx.o [1]
  .text                   ro code  0x0801e8a4      0x4  startup_stm32f407xx.o [1]
  .text                   ro code  0x0801e8a8      0x4  startup_stm32f407xx.o [1]
  .text                   ro code  0x0801e8ac      0x4  startup_stm32f407xx.o [1]
  .text                   ro code  0x0801e8b0      0x4  startup_stm32f407xx.o [1]
  .text                   ro code  0x0801e8b4      0x4  startup_stm32f407xx.o [1]
  .text                   ro code  0x0801e8b8      0x4  startup_stm32f407xx.o [1]
  .text                   ro code  0x0801e8bc      0x4  startup_stm32f407xx.o [1]
  .text                   ro code  0x0801e8c0      0x4  startup_stm32f407xx.o [1]
  .text                   ro code  0x0801e8c4      0x4  startup_stm32f407xx.o [1]
  .text                   ro code  0x0801e8c8      0x4  startup_stm32f407xx.o [1]
  .text                   ro code  0x0801e8cc      0x4  startup_stm32f407xx.o [1]
  .text                   ro code  0x0801e8d0      0x4  startup_stm32f407xx.o [1]
  .text                   ro code  0x0801e8d4      0x4  startup_stm32f407xx.o [1]
  .text                   ro code  0x0801e8d8      0x4  startup_stm32f407xx.o [1]
  .text                   ro code  0x0801e8dc      0x4  startup_stm32f407xx.o [1]
  .text                   ro code  0x0801e8e0      0x4  startup_stm32f407xx.o [1]
  .text                   ro code  0x0801e8e4      0x4  startup_stm32f407xx.o [1]
  .text                   ro code  0x0801e8e8      0x4  startup_stm32f407xx.o [1]
  .text                   ro code  0x0801e8ec      0x4  startup_stm32f407xx.o [1]
  .text                   ro code  0x0801e8f0      0x4  startup_stm32f407xx.o [1]
  .text                   ro code  0x0801e8f4      0x4  startup_stm32f407xx.o [1]
  .text                   ro code  0x0801e8f8      0x4  startup_stm32f407xx.o [1]
  .text                   ro code  0x0801e8fc      0x4  startup_stm32f407xx.o [1]
  .text                   ro code  0x0801e900      0x4  startup_stm32f407xx.o [1]
  .text                   ro code  0x0801e904      0x4  startup_stm32f407xx.o [1]
  .text                   ro code  0x0801e908      0x4  startup_stm32f407xx.o [1]
  .text                   ro code  0x0801e90c      0x4  startup_stm32f407xx.o [1]
  .text                   ro code  0x0801e910      0x4  startup_stm32f407xx.o [1]
  .text                   ro code  0x0801e914      0x4  startup_stm32f407xx.o [1]
  .text                   ro code  0x0801e918      0x4  startup_stm32f407xx.o [1]
  .text                   ro code  0x0801e91c      0x4  startup_stm32f407xx.o [1]
  .text                   ro code  0x0801e920      0x4  startup_stm32f407xx.o [1]
  .text                   ro code  0x0801e924      0x4  startup_stm32f407xx.o [1]
  .text                   ro code  0x0801e928      0x4  startup_stm32f407xx.o [1]
  .text                   ro code  0x0801e92c      0x4  startup_stm32f407xx.o [1]
  .text                   ro code  0x0801e930      0x4  startup_stm32f407xx.o [1]
  .text                   ro code  0x0801e934      0x4  startup_stm32f407xx.o [1]
  .text                   ro code  0x0801e938      0x4  startup_stm32f407xx.o [1]
  .text                   ro code  0x0801e93c      0x4  startup_stm32f407xx.o [1]
  .text                   ro code  0x0801e940      0x4  startup_stm32f407xx.o [1]
  .text                   ro code  0x0801e944      0x4  startup_stm32f407xx.o [1]
  .text.LCD_GetpPalConvTableBM
                          ro code  0x0801e948      0x4  LCD_Color.o [3]
  .text._CalcSizeOfChar   ro code  0x0801e94c      0x4  GUI_UC_EncodeNone.o [3]
  .text._DrawUp           ro code  0x0801e950      0x4  WIDGET_Effect_Simple.o [3]
  .text._DrawUpRect       ro code  0x0801e954      0x4  WIDGET_Effect_Simple.o [3]
  .text._GUI_USAGE_BM_Delete
                          ro code  0x0801e958      0x4  GUIDEV_UsageBM.o [3]
  .text._GetCharCode      ro code  0x0801e95c      0x4  GUI_UC_EncodeNone.o [3]
  .text._GetCharSize      ro code  0x0801e960      0x4  GUI_UC_EncodeNone.o [3]
  .text._GetDevData       ro code  0x0801e964      0x4  GUI_SPRITE.o [3]
  .text._Log2PhysX_X0Y0S0
                          ro code  0x0801e968      0x4  GUIDRV_FlexColor.o [3]
  .text._Log2PhysX_X0Y0S1
                          ro code  0x0801e96c      0x4  GUIDRV_FlexColor.o [3]
  .text._Log2PhysX_X0Y1S0
                          ro code  0x0801e970      0x4  GUIDRV_FlexColor.o [3]
  .text._Log2PhysX_X0Y1S1
[...]
acFont13ASCII_007A      0x080127cc      0xd  Data  Lc  F13_ASCII.o [3]
acFont13ASCII_007B      0x080127bf      0xd  Data  Lc  F13_ASCII.o [3]
acFont13ASCII_007C      0x080127b2      0xd  Data  Lc  F13_ASCII.o [3]
acFont13ASCII_007D      0x080127a5      0xd  Data  Lc  F13_ASCII.o [3]
acFont13ASCII_007E      0x08012798      0xd  Data  Lc  F13_ASCII.o [3]
acFont13_1_00A0         0x08012462      0xd  Data  Lc  F13_1.o [3]
acFont13_1_00A1         0x08012455      0xd  Data  Lc  F13_1.o [3]
acFont13_1_00A2         0x08012448      0xd  Data  Lc  F13_1.o [3]
acFont13_1_00A3         0x0801243b      0xd  Data  Lc  F13_1.o [3]
acFont13_1_00A4         0x0801242e      0xd  Data  Lc  F13_1.o [3]
acFont13_1_00A5         0x08012421      0xd  Data  Lc  F13_1.o [3]
acFont13_1_00A6         0x08012414      0xd  Data  Lc  F13_1.o [3]
acFont13_1_00A7         0x08012407      0xd  Data  Lc  F13_1.o [3]
acFont13_1_00A8         0x080123fa      0xd  Data  Lc  F13_1.o [3]
acFont13_1_00A9         0x080123e0     0x1a  Data  Lc  F13_1.o [3]
acFont13_1_00AA         0x080123d3      0xd  Data  Lc  F13_1.o [3]
acFont13_1_00AB         0x080123c6      0xd  Data  Lc  F13_1.o [3]
acFont13_1_00AC         0x080123b9      0xd  Data  Lc  F13_1.o [3]
acFont13_1_00AD         0x080123ac      0xd  Data  Lc  F13_1.o [3]
acFont13_1_00AE         0x08012392     0x1a  Data  Lc  F13_1.o [3]
acFont13_1_00AF         0x08012385      0xd  Data  Lc  F13_1.o [3]
acFont13_1_00B0         0x08012378      0xd  Data  Lc  F13_1.o [3]
acFont13_1_00B1         0x0801236b      0xd  Data  Lc  F13_1.o [3]
acFont13_1_00B2         0x0801235e      0xd  Data  Lc  F13_1.o [3]
acFont13_1_00B3         0x08012351      0xd  Data  Lc  F13_1.o [3]
acFont13_1_00B4         0x08012344      0xd  Data  Lc  F13_1.o [3]
acFont13_1_00B5         0x08012337      0xd  Data  Lc  F13_1.o [3]
acFont13_1_00B6         0x0801232a      0xd  Data  Lc  F13_1.o [3]
acFont13_1_00B7         0x0801231d      0xd  Data  Lc  F13_1.o [3]
acFont13_1_00B8         0x08012310      0xd  Data  Lc  F13_1.o [3]
acFont13_1_00B9         0x08012303      0xd  Data  Lc  F13_1.o [3]
acFont13_1_00BA         0x080122f6      0xd  Data  Lc  F13_1.o [3]
acFont13_1_00BB         0x080122e9      0xd  Data  Lc  F13_1.o [3]
acFont13_1_00BC         0x080122cf     0x1a  Data  Lc  F13_1.o [3]
acFont13_1_00BD         0x080122b5     0x1a  Data  Lc  F13_1.o [3]
acFont13_1_00BE         0x0801229b     0x1a  Data  Lc  F13_1.o [3]
acFont13_1_00BF         0x0801228e      0xd  Data  Lc  F13_1.o [3]
acFont13_1_00C0         0x08012281      0xd  Data  Lc  F13_1.o [3]
acFont13_1_00C1         0x08012274      0xd  Data  Lc  F13_1.o [3]
acFont13_1_00C2         0x08012267      0xd  Data  Lc  F13_1.o [3]
acFont13_1_00C3         0x0801225a      0xd  Data  Lc  F13_1.o [3]
acFont13_1_00C4         0x0801224d      0xd  Data  Lc  F13_1.o [3]
acFont13_1_00C5         0x08012240      0xd  Data  Lc  F13_1.o [3]
acFont13_1_00C6         0x08012226     0x1a  Data  Lc  F13_1.o [3]
acFont13_1_00C7         0x08012219      0xd  Data  Lc  F13_1.o [3]
acFont13_1_00C8         0x0801220c      0xd  Data  Lc  F13_1.o [3]
acFont13_1_00C9         0x080121ff      0xd  Data  Lc  F13_1.o [3]
acFont13_1_00CA         0x080121f2      0xd  Data  Lc  F13_1.o [3]
acFont13_1_00CB         0x080121e5      0xd  Data  Lc  F13_1.o [3]
acFont13_1_00CC         0x080121d8      0xd  Data  Lc  F13_1.o [3]
acFont13_1_00CD         0x080121cb      0xd  Data  Lc  F13_1.o [3]
acFont13_1_00CE         0x080121be      0xd  Data  Lc  F13_1.o [3]
acFont13_1_00CF         0x080121b1      0xd  Data  Lc  F13_1.o [3]
acFont13_1_00D0         0x080121a4      0xd  Data  Lc  F13_1.o [3]
acFont13_1_00D1         0x08012197      0xd  Data  Lc  F13_1.o [3]
acFont13_1_00D2         0x0801218a      0xd  Data  Lc  F13_1.o [3]
acFont13_1_00D3         0x0801217d      0xd  Data  Lc  F13_1.o [3]
acFont13_1_00D4         0x08012170      0xd  Data  Lc  F13_1.o [3]
acFont13_1_00D5         0x08012163      0xd  Data  Lc  F13_1.o [3]
acFont13_1_00D6         0x08012156      0xd  Data  Lc  F13_1.o [3]
acFont13_1_00D7         0x08012149      0xd  Data  Lc  F13_1.o [3]
acFont13_1_00D8         0x0801213c      0xd  Data  Lc  F13_1.o [3]
acFont13_1_00D9         0x0801212f      0xd  Data  Lc  F13_1.o [3]
acFont13_1_00DA         0x08012122      0xd  Data  Lc  F13_1.o [3]
acFont13_1_00DB         0x08012115      0xd  Data  Lc  F13_1.o [3]
acFont13_1_00DC         0x08012108      0xd  Data  Lc  F13_1.o [3]
acFont13_1_00DD         0x080120fb      0xd  Data  Lc  F13_1.o [3]
acFont13_1_00DE         0x080120ee      0xd  Data  Lc  F13_1.o [3]
acFont13_1_00DF         0x080120e1      0xd  Data  Lc  F13_1.o [3]
acFont13_1_00E0         0x080120d4      0xd  Data  Lc  F13_1.o [3]
acFont13_1_00E1         0x080120c7      0xd  Data  Lc  F13_1.o [3]
acFont13_1_00E2         0x080120ba      0xd  Data  Lc  F13_1.o [3]
acFont13_1_00E3         0x080120ad      0xd  Data  Lc  F13_1.o [3]
acFont13_1_00E4         0x080120a0      0xd  Data  Lc  F13_1.o [3]
acFont13_1_00E5         0x08012093      0xd  Data  Lc  F13_1.o [3]
acFont13_1_00E6         0x08012079     0x1a  Data  Lc  F13_1.o [3]
acFont13_1_00E7         0x0801206c      0xd  Data  Lc  F13_1.o [3]
acFont13_1_00E8         0x0801205f      0xd  Data  Lc  F13_1.o [3]
acFont13_1_00E9         0x08012052      0xd  Data  Lc  F13_1.o [3]
acFont13_1_00EA         0x08012045      0xd  Data  Lc  F13_1.o [3]
acFont13_1_00EB         0x08012038      0xd  Data  Lc  F13_1.o [3]
acFont13_1_00EC         0x0801202b      0xd  Data  Lc  F13_1.o [3]
acFont13_1_00ED         0x0801201e      0xd  Data  Lc  F13_1.o [3]
acFont13_1_00EE         0x08012011      0xd  Data  Lc  F13_1.o [3]
acFont13_1_00EF         0x08012004      0xd  Data  Lc  F13_1.o [3]
acFont13_1_00F0         0x08011ff7      0xd  Data  Lc  F13_1.o [3]
acFont13_1_00F1         0x08011fea      0xd  Data  Lc  F13_1.o [3]
acFont13_1_00F2         0x08011fdd      0xd  Data  Lc  F13_1.o [3]
acFont13_1_00F3         0x08011fd0      0xd  Data  Lc  F13_1.o [3]
acFont13_1_00F4         0x08011fc3      0xd  Data  Lc  F13_1.o [3]
acFont13_1_00F5         0x08011fb6      0xd  Data  Lc  F13_1.o [3]
acFont13_1_00F6         0x08011fa9      0xd  Data  Lc  F13_1.o [3]
acFont13_1_00F7         0x08011f9c      0xd  Data  Lc  F13_1.o [3]
acFont13_1_00F8         0x08011f8f      0xd  Data  Lc  F13_1.o [3]
acFont13_1_00F9         0x08011f82      0xd  Data  Lc  F13_1.o [3]
acFont13_1_00FA         0x08011f75      0xd  Data  Lc  F13_1.o [3]
acFont13_1_00FB         0x08011f68      0xd  Data  Lc  F13_1.o [3]
acFont13_1_00FC         0x08011f5b      0xd  Data  Lc  F13_1.o [3]
acFont13_1_00FD         0x08011f4e      0xd  Data  Lc  F13_1.o [3]
acFont13_1_00FE         0x08011f41      0xd  Data  Lc  F13_1.o [3]
acFont13_1_00FF         0x08011f34      0xd  Data  Lc  F13_1.o [3]
asc2_1206               0x08016b3c    0x474  Data  Gb  ILI93xx.o [1]
asc2_1608               0x080142d0    0x5f0  Data  Gb  ILI93xx.o [1]
asc2_2412               0x08010ea8    0xd5c  Data  Gb  ILI93xx.o [1]
axRef.9609              0x20014584      0x8  Data  Lc  GUI_TOUCH_DriverAnalog.o [3]
axSample.9611           0x2001458c      0x8  Data  Lc  GUI_TOUCH_DriverAnalog.o [3]
ayRef.9610              0x20014594      0x8  Data  Lc  GUI_TOUCH_DriverAnalog.o [3]
aySample.9612           0x2001459c      0x8  Data  Lc  GUI_TOUCH_DriverAnalog.o [3]
calendar                0x20014784     0x10  Data  Gb  ds3231.o [1]
delay_ms                0x080096a9      0xc  Code  Gb  delay.o [1]
delay_us                0x08009651     0x54  Code  Gb  delay.o [1]
emWin_LCD_Init          0x08009fd5     0xa4  Code  Gb  LCD.o [3]
exit                    0x0801e33b      0x4  Code  Gb  exit.o [4]
flash_tp_dve            0x200147a4     0x10  Data  Gb  touch.o [1]
fputc                   0x08003afb     0x18  Code  Gb  usart.o [1]
hcrc                    0x20014818      0x8  Data  Gb  crc.o [1]
hi2c1                   0x200142c8     0x54  Data  Gb  i2c.o [1]
hspi1                   0x20014218     0x58  Data  Gb  spi.o [1]
hsram1                  0x2001431c     0x50  Data  Gb  fsmc.o [1]
huart1                  0x20014488     0x40  Data  Gb  usart.o [1]
huart2                  0x200144c8     0x40  Data  Gb  usart.o [1]
huart3                  0x20014508     0x40  Data  Gb  usart.o [1]
huart4                  0x20014448     0x40  Data  Gb  usart.o [1]
iWin.10693              0x20014574      0x4  Data  Lc  WM.o [3]
lcddev                  0x20014794     0x10  Data  Gb  ILI93xx.o [1]
ldexp                   0x0800b119           Code  Gb  ldexp.o [5]
ldexpl                  0x0800b119           Code  Gb  ldexp.o [5]
localeconv              0x0800aee9      0x4  Code  Gb  xlocale_c.o [4]
main                    0x08002bd9     0x8e  Code  Gb  main.o [1]
memchr                  0x0800af95           Code  Gb  memchr.o [6]
memcmp                  0x0800b645           Code  Gb  memcmp.o [6]
memcpy                  0x0800bccd      0xc  Code  Gb  memcpy.o [6]
memmove                 0x0800eae9      0xc  Code  Gb  memmove.o [6]
memset                  0x0800c053     0x14  Code  Gb  memset.o [6]
obuf                    0x2001436c     0x50  Data  Lc  xfiles.o [4]
pcInterruptPriorityRegisters
                        0x0801e810      0x4  Data  Lc  port.o [1]
pfSetRect.9753          0x20014640      0x4  Data  Lc  GUIDRV_FlexColor.o [3]
printf                  0x080052c5     0x28  Code  Gb  printf.o [4]
prvAddCurrentTaskToDelayedList
                        0x08004e29     0x7e  Code  Lc  tasks.o [1]
prvAddNewTaskToReadyList
                        0x08004525     0xc2  Code  Lc  tasks.o [1]
prvCheckForValidListAndQueue
                        0x08008625     0x4c  Code  Lc  timers.o [1]
prvCheckTasksWaitingTermination
                        0x08004bb9     0x64  Code  Lc  tasks.o [1]
prvCopyDataFromQueue    0x0800ad2d     0x30  Code  Lc  queue.o [1]
prvCopyDataToQueue      0x0800ac95     0x98  Code  Lc  queue.o [1]
prvDeleteTCB            0x08004c1d     0x12  Code  Lc  tasks.o [1]
prvGetNextExpireTime    0x0800841f     0x2a  Code  Lc  timers.o [1]
prvHeapInit             0x08007e29     0x66  Code  Lc  heap_4.o [1]
prvIdleTask             0x08004b39     0x26  Code  Lc  tasks.o [1]
prvInitialiseMutex      0x0800a7f9     0x22  Code  Lc  queue.o [1]
prvInitialiseNewQueue   0x0800a7c3     0x36  Code  Lc  queue.o [1]
prvInitialiseNewTask    0x08004445     0xe0  Code  Lc  tasks.o [1]
prvInitialiseTaskLists  0x08004b5f     0x5a  Code  Lc  tasks.o [1]
prvInsertBlockIntoFreeList
                        0x08007e8f     0x60  Code  Lc  heap_4.o [1]
prvInsertTimerInActiveList
                        0x08008471     0x50  Code  Lc  timers.o [1]
prvIsQueueEmpty         0x0800adcb     0x1c  Code  Lc  queue.o [1]
prvIsQueueFull          0x0800ade7     0x1e  Code  Lc  queue.o [1]
prvProcessExpiredTimer  0x08008335     0x5c  Code  Lc  timers.o [1]
prvProcessReceivedCommands
                        0x080084c1     0xde  Code  Lc  timers.o [1]
prvProcessTimerOrBlockTask
                        0x080083af     0x70  Code  Lc  timers.o [1]
prvResetNextTaskUnblockTime
                        0x08004c2f     0x2a  Code  Lc  tasks.o [1]
prvSampleTimeNow        0x08008449     0x28  Code  Lc  timers.o [1]
prvSampleTimeNow::xLastTime
                        0x200148e8      0x4  Data  Lc  timers.o [1]
prvSwitchTimerLists     0x0800859f     0x86  Code  Lc  timers.o [1]
prvTaskExitError        0x08008035     0x2a  Code  Lc  port.o [1]
prvTimerTask            0x08008395     0x1a  Code  Lc  timers.o [1]
prvUnlockQueue          0x0800ad5d     0x6e  Code  Lc  queue.o [1]
putchar                 0x0801e485      0xc  Code  Gb  putchar.o [4]
pvPortMalloc            0x08007c95    0x11a  Code  Gb  heap_4.o [1]
pvTaskIncrementMutexHeldCount
                        0x08004deb     0x1e  Code  Gb  tasks.o [1]
pxCurrentTCB            0x2001489c      0x4  Data  Gb  tasks.o [1]
pxCurrentTimerList      0x200148d8      0x4  Data  Lc  timers.o [1]
pxDelayedTaskList       0x200148a0      0x4  Data  Lc  tasks.o [1]
pxEnd                   0x20014880      0x4  Data  Lc  heap_4.o [1]
pxOverflowDelayedTaskList
                        0x200148a4      0x4  Data  Lc  tasks.o [1]
pxOverflowTimerList     0x200148dc      0x4  Data  Lc  timers.o [1]
pxPortInitialiseStack   0x0800800d     0x28  Code  Gb  port.o [1]
pxReadyTasksLists       0x20014154     0x64  Data  Lc  tasks.o [1]
recv_buf                0x200146a8     0x14  Data  Gb  main.o [1]
recv_buf1               0x200146bc     0x14  Data  Gb  main.o [1]
scalbln                 0x0800b119           Code  Gb  ldexp.o [5]
scalblnl                0x0800b119           Code  Gb  ldexp.o [5]
scalbn                  0x0800b119           Code  Gb  ldexp.o [5]
scalbnl                 0x0800b119           Code  Gb  ldexp.o [5]
scale                   0x08008ea3     0x46  Code  Lc  xprintffull.o [4]
sec_hand                0x20014964      0x4  Data  Lc  xfail_s.o [4]
sgp30_data              0x20014890      0x4  Data  Gb  mylib.o [1]
sgp30_init              0x0800517b     0x36  Code  Gb  mylib.o [1]
sgp30_send_cmd          0x08005135     0x28  Code  Lc  mylib.o [1]
sgp30_soft_reset        0x0800515d     0x1e  Code  Lc  mylib.o [1]
sgp30_start             0x080051b1      0xc  Code  Lc  mylib.o [1]
spg30_read              0x080051fb     0xae  Code  Gb  mylib.o [1]
sqrt                    0x08009a41           Code  Gb  sqrt.o [5]
sqrtl                   0x08009a41           Code  Gb  sqrt.o [5]
strchr                  0x0800aef5           Code  Gb  strchr.o [6]
strcpy                  0x0800ccf9           Code  Gb  strcpy.o [6]
strlen                  0x0800af59           Code  Gb  strlen.o [6]
tp_dev                  0x2000000c     0x48  Data  Gb  touch.o [1]
ucHeap                  0x200003ec  0x12c00  Data  Lc  heap_4.o [1]
ucMaxSysCallPriority    0x200145a7      0x1  Data  Lc  port.o [1]
ulMaxPRIGROUPValue      0x20014894      0x4  Data  Lc  port.o [1]
uwTick                  0x20014898      0x4  Data  Gb  stm32f4xx_hal.o [1]
uwTickFreq              0x200003de      0x1  Data  Gb  stm32f4xx_hal.o [1]
uwTickPrio              0x20000004      0x4  Data  Gb  stm32f4xx_hal.o [1]
uxCriticalNesting       0x20000000      0x4  Data  Lc  port.o [1]
uxCurrentNumberOfTasks  0x200148ac      0x4  Data  Lc  tasks.o [1]
uxDeletedTasksWaitingCleanUp
                        0x200148a8      0x4  Data  Lc  tasks.o [1]
uxListRemove            0x08007fe5     0x28  Code  Gb  list.o [1]
uxPendedTicks           0x200148bc      0x4  Data  Lc  tasks.o [1]
uxSchedulerSuspended    0x200148d4      0x4  Data  Lc  tasks.o [1]
uxTaskNumber            0x200148c8      0x4  Data  Lc  tasks.o [1]
uxTopReadyPriority      0x200148b4      0x4  Data  Lc  tasks.o [1]
vListInitialise         0x08007f73     0x1e  Code  Gb  list.o [1]
vListInitialiseItem     0x08007f91      0x6  Code  Gb  list.o [1]
vListInsert             0x08007faf     0x36  Code  Gb  list.o [1]
vListInsertEnd          0x08007f97     0x18  Code  Gb  list.o [1]
vPortEnableVFP          0x0800a6b9           Code  Gb  portasm.o [1]
vPortEnterCritical      0x0800812b     0x3a  Code  Gb  port.o [1]
vPortExitCritical       0x08008165     0x32  Code  Gb  port.o [1]
vPortFree               0x08007daf     0x7a  Code  Gb  heap_4.o [1]
vPortStartFirstTask     0x0800a6a1           Code  Gb  portasm.o [1]
vPortValidateInterruptPriority
                        0x080081c1     0x4e  Code  Gb  port.o [1]
vQueueAddToRegistry     0x0800ae05     0x26  Code  Gb  queue.o [1]
vQueueWaitForMessageRestricted
                        0x0800ae35     0x4c  Code  Gb  queue.o [1]
vTaskDelay              0x080045e7     0x4e  Code  Gb  tasks.o [1]
vTaskMissedYield        0x08004b27      0xa  Code  Gb  tasks.o [1]
vTaskPlaceOnEventList   0x08004965     0x34  Code  Gb  tasks.o [1]
vTaskPlaceOnEventListRestricted
                        0x080049a5     0x40  Code  Gb  tasks.o [1]
vTaskPriorityInherit    0x08004c83     0xae  Code  Gb  tasks.o [1]
vTaskSetTimeOutState    0x08004a79     0x26  Code  Gb  tasks.o [1]
vTaskStartScheduler     0x08004635     0x72  Code  Gb  tasks.o [1]
vTaskSuspendAll         0x080046a7     0x10  Code  Gb  tasks.o [1]
vTaskSwitchContext      0x080048ed     0x6e  Code  Gb  tasks.o [1]
x0.9866                 0x20014648      0x4  Data  Lc  GUIDRV_FlexColor.o [3]
x1.9868                 0x20014650      0x4  Data  Lc  GUIDRV_FlexColor.o [3]
xActiveTimerList1       0x20014734     0x14  Data  Lc  timers.o [1]
xActiveTimerList2       0x20014748     0x14  Data  Lc  timers.o [1]
xBlockAllocatedBit      0x2001488c      0x4  Data  Lc  heap_4.o [1]
xDelayedTaskList1       0x200146d0     0x14  Data  Lc  tasks.o [1]
xDelayedTaskList2       0x200146e4     0x14  Data  Lc  tasks.o [1]
xFreeBytesRemaining     0x20014884      0x4  Data  Lc  heap_4.o [1]
xHeapStructSize         0x0801e80c      0x4  Data  Lc  heap_4.o [1]
xIdleTaskHandle         0x200148d0      0x4  Data  Lc  tasks.o [1]
xLast.9626              0x20000104      0x4  Data  Lc  GUI_TOUCH_DriverAnalog.o [3]
xMinimumEverFreeBytesRemaining
                        0x20014888      0x4  Data  Lc  heap_4.o [1]
xNextTaskUnblockTime    0x200148cc      0x4  Data  Lc  tasks.o [1]
xNumOfOverflows         0x200148c4      0x4  Data  Lc  tasks.o [1]
xPendingReadyList       0x200146f8     0x14  Data  Lc  tasks.o [1]
xPortStartScheduler     0x0800805f     0xcc  Code  Gb  port.o [1]
xPortSysTickHandler     0x08008197     0x28  Code  Gb  port.o [1]
xQueueCreateMutex       0x0800a81b     0x20  Code  Gb  queue.o [1]
xQueueGenericCreate     0x0800a76d     0x56  Code  Gb  queue.o [1]
xQueueGenericReceive    0x0800aabf    0x1d6  Code  Gb  queue.o [1]
xQueueGenericReset      0x0800a6d5     0x98  Code  Gb  queue.o [1]
xQueueGenericSend       0x0800a83b    0x1a6  Code  Gb  queue.o [1]
xQueueGenericSendFromISR
                        0x0800a9e1     0xde  Code  Gb  queue.o [1]
xQueueMutex             0x20014874      0x4  Data  Lc  GUI_X_OS.o [1]
xQueueRegistry          0x20014408     0x40  Data  Gb  queue.o [1]
xSchedulerRunning       0x200148b8      0x4  Data  Lc  tasks.o [1]
xSemaTxDone             0x20014878      0x4  Data  Lc  GUI_X_OS.o [1]
xStart                  0x20014820      0x8  Data  Lc  heap_4.o [1]
xSuspendedTaskList      0x20014720     0x14  Data  Lc  tasks.o [1]
xTaskCheckForTimeOut    0x08004aa5     0x82  Code  Gb  tasks.o [1]
xTaskCreate             0x080043cd     0x78  Code  Gb  tasks.o [1]
xTaskGetCurrentTaskHandle
                        0x08004c59      0x8  Code  Gb  tasks.o [1]
xTaskGetSchedulerState  0x08004c63     0x20  Code  Gb  tasks.o [1]
xTaskGetTickCount       0x080047b3      0x8  Code  Gb  tasks.o [1]
xTaskIncrementTick      0x080047bb    0x12a  Code  Gb  tasks.o [1]
xTaskPriorityDisinherit
                        0x08004d31     0xba  Code  Gb  tasks.o [1]
xTaskRemoveFromEventList
                        0x080049e7     0x86  Code  Gb  tasks.o [1]
xTaskResumeAll          0x080046b7     0xfc  Code  Gb  tasks.o [1]
xTasksWaitingTermination
                        0x2001470c     0x14  Data  Lc  tasks.o [1]
xTickCount              0x200148b0      0x4  Data  Lc  tasks.o [1]
xTimerCreateTimerTask   0x08008269     0x48  Code  Gb  timers.o [1]
xTimerGenericCommand    0x080082b1     0x84  Code  Gb  timers.o [1]
xTimerQueue             0x200148e0      0x4  Data  Lc  timers.o [1]
xTimerTaskHandle        0x200148e4      0x4  Data  Lc  timers.o [1]
xYieldPending           0x200148c0      0x4  Data  Lc  tasks.o [1]
y0.9867                 0x2001464c      0x4  Data  Lc  GUIDRV_FlexColor.o [3]
y1.9869                 0x20014654      0x4  Data  Lc  GUIDRV_FlexColor.o [3]
yLast.9627              0x20000108      0x4  Data  Lc  GUI_TOUCH_DriverAnalog.o [3]


[1] = D:\project_file\famil_tnb\EWARM\famil_tnb\Obj
[2] = command line
[3] = STemWin_CM4_OS_wc16.a
[4] = dl7M_tlf.a
[5] = m7M_tls.a
[6] = rt7M_tl.a
[7] = shb_l.a

  105 262 bytes of readonly  code memory
   20 661 bytes of readonly  data memory
   85 367 bytes of readwrite data memory

Errors: none
Warnings: 1
