###############################################################################
#
# IAR ELF Linker V8.11.3.13950/W32 for ARM                04/Mar/2021  22:36:49
# Copyright 2007-2017 IAR Systems AB.
#
#    Output file  =  
#        D:\project_file\100_demo\famil_tnb\famil_tnb\EWARM\famil_tnb\Exe\famil_tnb.out
#    Map file     =  
#        D:\project_file\100_demo\famil_tnb\famil_tnb\EWARM\famil_tnb\List\famil_tnb.map
#    Command line =  
#        -f C:\Users\GAO'LI~1\AppData\Local\Temp\EW35D8.tmp
#        (D:\project_file\100_demo\famil_tnb\famil_tnb\EWARM\famil_tnb\Obj\b_image.o
#        D:\project_file\100_demo\famil_tnb\famil_tnb\EWARM\famil_tnb\Obj\crc.o
#        D:\project_file\100_demo\famil_tnb\famil_tnb\EWARM\famil_tnb\Obj\croutine.o
#        D:\project_file\100_demo\famil_tnb\famil_tnb\EWARM\famil_tnb\Obj\delay.o
#        D:\project_file\100_demo\famil_tnb\famil_tnb\EWARM\famil_tnb\Obj\dht11.o
#        D:\project_file\100_demo\famil_tnb\famil_tnb\EWARM\famil_tnb\Obj\ds3231.o
#        D:\project_file\100_demo\famil_tnb\famil_tnb\EWARM\famil_tnb\Obj\event_groups.o
#        D:\project_file\100_demo\famil_tnb\famil_tnb\EWARM\famil_tnb\Obj\font_micro_25.o
#        D:\project_file\100_demo\famil_tnb\famil_tnb\EWARM\famil_tnb\Obj\font_micro_32.o
#        D:\project_file\100_demo\famil_tnb\famil_tnb\EWARM\famil_tnb\Obj\font_micro_64.o
#        D:\project_file\100_demo\famil_tnb\famil_tnb\EWARM\famil_tnb\Obj\FramewinDLG.o
#        D:\project_file\100_demo\famil_tnb\famil_tnb\EWARM\famil_tnb\Obj\fsmc.o
#        D:\project_file\100_demo\famil_tnb\famil_tnb\EWARM\famil_tnb\Obj\gpio.o
#        D:\project_file\100_demo\famil_tnb\famil_tnb\EWARM\famil_tnb\Obj\gui_common.o
#        D:\project_file\100_demo\famil_tnb\famil_tnb\EWARM\famil_tnb\Obj\GUI_X_OS.o
#        D:\project_file\100_demo\famil_tnb\famil_tnb\EWARM\famil_tnb\Obj\GUI_X_Touch_Analog.o
#        D:\project_file\100_demo\famil_tnb\famil_tnb\EWARM\famil_tnb\Obj\GUIConf.o
#        D:\project_file\100_demo\famil_tnb\famil_tnb\EWARM\famil_tnb\Obj\heap_4.o
#        D:\project_file\100_demo\famil_tnb\famil_tnb\EWARM\famil_tnb\Obj\i2c.o
#        D:\project_file\100_demo\famil_tnb\famil_tnb\EWARM\famil_tnb\Obj\ILI93xx.o
#        D:\project_file\100_demo\famil_tnb\famil_tnb\EWARM\famil_tnb\Obj\LCDConf_FlexColor_Template.o
#        D:\project_file\100_demo\famil_tnb\famil_tnb\EWARM\famil_tnb\Obj\list.o
#        D:\project_file\100_demo\famil_tnb\famil_tnb\EWARM\famil_tnb\Obj\main.o
#        D:\project_file\100_demo\famil_tnb\famil_tnb\EWARM\famil_tnb\Obj\mylib.o
#        D:\project_file\100_demo\famil_tnb\famil_tnb\EWARM\famil_tnb\Obj\port.o
#        D:\project_file\100_demo\famil_tnb\famil_tnb\EWARM\famil_tnb\Obj\portasm.o
#        D:\project_file\100_demo\famil_tnb\famil_tnb\EWARM\famil_tnb\Obj\queue.o
#        D:\project_file\100_demo\famil_tnb\famil_tnb\EWARM\famil_tnb\Obj\spi.o
#        D:\project_file\100_demo\famil_tnb\famil_tnb\EWARM\famil_tnb\Obj\startup_stm32f407xx.o
#        D:\project_file\100_demo\famil_tnb\famil_tnb\STemWin\Lib\STemWin_CM4_OS_wc16.a
#        D:\project_file\100_demo\famil_tnb\famil_tnb\EWARM\famil_tnb\Obj\stm32f4xx_hal.o
#        D:\project_file\100_demo\famil_tnb\famil_tnb\EWARM\famil_tnb\Obj\stm32f4xx_hal_cortex.o
#        D:\project_file\100_demo\famil_tnb\famil_tnb\EWARM\famil_tnb\Obj\stm32f4xx_hal_crc.o
#        D:\project_file\100_demo\famil_tnb\famil_tnb\EWARM\famil_tnb\Obj\stm32f4xx_hal_dma.o
#        D:\project_file\100_demo\famil_tnb\famil_tnb\EWARM\famil_tnb\Obj\stm32f4xx_hal_dma_ex.o
#        D:\project_file\100_demo\famil_tnb\famil_tnb\EWARM\famil_tnb\Obj\stm32f4xx_hal_exti.o
#        D:\project_file\100_demo\famil_tnb\famil_tnb\EWARM\famil_tnb\Obj\stm32f4xx_hal_flash.o
#        D:\project_file\100_demo\famil_tnb\famil_tnb\EWARM\famil_tnb\Obj\stm32f4xx_hal_flash_ex.o
#        D:\project_file\100_demo\famil_tnb\famil_tnb\EWARM\famil_tnb\Obj\stm32f4xx_hal_flash_ramfunc.o
#        D:\project_file\100_demo\famil_tnb\famil_tnb\EWARM\famil_tnb\Obj\stm32f4xx_hal_gpio.o
#        D:\project_file\100_demo\famil_tnb\famil_tnb\EWARM\famil_tnb\Obj\stm32f4xx_hal_i2c.o
#        D:\project_file\100_demo\famil_tnb\famil_tnb\EWARM\famil_tnb\Obj\stm32f4xx_hal_i2c_ex.o
#        D:\project_file\100_demo\famil_tnb\famil_tnb\EWARM\famil_tnb\Obj\stm32f4xx_hal_msp.o
#        D:\project_file\100_demo\famil_tnb\famil_tnb\EWARM\famil_tnb\Obj\stm32f4xx_hal_pwr.o
#        D:\project_file\100_demo\famil_tnb\famil_tnb\EWARM\famil_tnb\Obj\stm32f4xx_hal_pwr_ex.o
#        D:\project_file\100_demo\famil_tnb\famil_tnb\EWARM\famil_tnb\Obj\stm32f4xx_hal_rcc.o
#        D:\project_file\100_demo\famil_tnb\famil_tnb\EWARM\famil_tnb\Obj\stm32f4xx_hal_rcc_ex.o
#        D:\project_file\100_demo\famil_tnb\famil_tnb\EWARM\famil_tnb\Obj\stm32f4xx_hal_spi.o
#        D:\project_file\100_demo\famil_tnb\famil_tnb\EWARM\famil_tnb\Obj\stm32f4xx_hal_sram.o
#        D:\project_file\100_demo\famil_tnb\famil_tnb\EWARM\famil_tnb\Obj\stm32f4xx_hal_tim.o
#        D:\project_file\100_demo\famil_tnb\famil_tnb\EWARM\famil_tnb\Obj\stm32f4xx_hal_tim_ex.o
#        D:\project_file\100_demo\famil_tnb\famil_tnb\EWARM\famil_tnb\Obj\stm32f4xx_hal_uart.o
#        D:\project_file\100_demo\famil_tnb\famil_tnb\EWARM\famil_tnb\Obj\stm32f4xx_it.o
#        D:\project_file\100_demo\famil_tnb\famil_tnb\EWARM\famil_tnb\Obj\stm32f4xx_ll_fsmc.o
#        D:\project_file\100_demo\famil_tnb\famil_tnb\EWARM\famil_tnb\Obj\stm32f4xx_ll_gpio.o
#        D:\project_file\100_demo\famil_tnb\famil_tnb\EWARM\famil_tnb\Obj\system_stm32f4xx.o
#        D:\project_file\100_demo\famil_tnb\famil_tnb\EWARM\famil_tnb\Obj\task_core.o
#        D:\project_file\100_demo\famil_tnb\famil_tnb\EWARM\famil_tnb\Obj\task_lcd.o
#        D:\project_file\100_demo\famil_tnb\famil_tnb\EWARM\famil_tnb\Obj\task_led.o
#        D:\project_file\100_demo\famil_tnb\famil_tnb\EWARM\famil_tnb\Obj\task_touch.o
#        D:\project_file\100_demo\famil_tnb\famil_tnb\EWARM\famil_tnb\Obj\tasks.o
#        D:\project_file\100_demo\famil_tnb\famil_tnb\EWARM\famil_tnb\Obj\timers.o
#        D:\project_file\100_demo\famil_tnb\famil_tnb\EWARM\famil_tnb\Obj\touch.o
#        D:\project_file\100_demo\famil_tnb\famil_tnb\EWARM\famil_tnb\Obj\ui_main.o
#        D:\project_file\100_demo\famil_tnb\famil_tnb\EWARM\famil_tnb\Obj\usart.o
#        D:\project_file\100_demo\famil_tnb\famil_tnb\EWARM\famil_tnb\Obj\w25qxx.o
#        --redirect _Printf=_PrintfFull --redirect _Scanf=_ScanfFull -o
#        D:\project_file\100_demo\famil_tnb\famil_tnb\EWARM\famil_tnb\Exe\famil_tnb.out
#        --map
#        D:\project_file\100_demo\famil_tnb\famil_tnb\EWARM\famil_tnb\List\famil_tnb.map
#        --config
#        D:\project_file\100_demo\famil_tnb\famil_tnb\EWARM/stm32f407xx_flash.icf
#        --semihosting --entry __iar_program_start --vfe --text_out locale)
#
###############################################################################

*******************************************************************************
*** MESSAGES
***

Warning[Lt009]: Inconsistent wchar_t size
            GUI_DrawBitmap_565.o(STemWin_CM4_OS_wc16.a) and 140 other objects
                      have wchar_t size 16 bits
            b_image.o and 91 other objects have wchar_t size 32 bits


*******************************************************************************
*** RUNTIME MODEL ATTRIBUTES
***

CppFlavor       = *
__SystemLibrary = DLib
__dlib_version  = 6


*******************************************************************************
*** HEAP SELECTION
***

The basic heap was selected because no calls to memory allocation
functions were found in the application outside of system library
functions, and there are calls to deallocation functions in the
application.


*******************************************************************************
*** PLACEMENT SUMMARY
***

"A0":  place at 0x08000000 { ro section .intvec };
"P1":  place in [from 0x08000000 to 0x080fffff] { ro };
define block CSTACK with size = 1K, alignment = 8 { };
define block HEAP with size = 512, alignment = 8 { };
"P2":  place in [from 0x20000000 to 0x2001ffff] {
          rw, block CSTACK, block HEAP };
initialize by copy { rw };

  Section                 Kind        Address     Size  Object
  -------                 ----        -------     ----  ------
"A0":                                            0x188
  .intvec                 ro code  0x08000000    0x188  startup_stm32f407xx.o [1]
                                 - 0x08000188    0x188

"P1":                                          0x24fcf
  .rodata                 const    0x08000188   0x1c48  F32_ASCII.o [3]
  .rodata                 const    0x08001dd0   0x1484  GUI_CursorResource.o [3]
  .text                   ro code  0x08003254   0x12c0  stm32f4xx_hal_i2c.o [1]
  .text                   ro code  0x08004514     0xd0  i2c.o [1]
  .text                   ro code  0x080045e4    0x230  stm32f4xx_hal_rcc.o [1]
  .text                   ro code  0x08004814      0xc  stm32f4xx_hal.o [1]
  .text                   ro code  0x08004820    0x1ce  main.o [1]
  .text                   ro code  0x080049ee     0x7a  lz77_init_single.o [6]
  .text                   ro code  0x08004a68      0x6  ABImemclr4.o [6]
  .text._ReadRect_16bpp_B16_I
                          ro code  0x08004a6e     0x62  GUIDRV_FlexColor_Func66709.o [3]
  .text                   ro code  0x08004ad0    0x27c  stm32f4xx_hal_gpio.o [1]
  .text                   ro code  0x08004d4c     0x4c  stm32f4xx_hal.o [1]
  .text                   ro code  0x08004d98     0xee  I64DivMod.o [6]
  .text._GetDevProp       ro code  0x08004e86     0x5a  GUIDRV_FlexColor.o [3]
  .text                   ro code  0x08004ee0     0x40  stm32f4xx_hal.o [1]
  .text                   ro code  0x08004f20     0x50  crc.o [1]
  .text                   ro code  0x08004f70    0x194  gpio.o [1]
  .text                   ro code  0x08005104    0x13c  fsmc.o [1]
  .text                   ro code  0x08005240    0x100  spi.o [1]
  .text                   ro code  0x08005340    0x350  usart.o [1]
  .text                   ro code  0x08005690    0x884  stm32f4xx_hal_uart.o [1]
  .text                   ro code  0x08005f14    0x7ac  queue.o [1]
  .text                   ro code  0x080066c0    0xb1c  tasks.o [1]
  .text.GUI_TOUCH_Exec    ro code  0x080071dc     0xa8  GUI_TOUCH_DriverAnalog.o [3]
  .text                   ro code  0x08007284    0x40c  stm32f4xx_hal_rcc.o [1]
  .text                   ro code  0x08007690     0x32  ABImemset48.o [6]
  .text.GUI__MixColors    ro code  0x080076c2     0x56  GUI__Alpha.o [3]
  .text                   ro code  0x08007718    0x15e  stm32f4xx_hal_cortex.o [1]
  .text._ReadRectCust_16bpp
                          ro code  0x08007876     0x3a  GUIDRV_FlexColor.o [3]
  .text                   ro code  0x080078b0      0x2  I64DivZer.o [6]
  .text._ReadRectCust_18bpp
                          ro code  0x080078b2     0x3a  GUIDRV_FlexColor.o [3]
  .text                   ro code  0x080078ec     0x48  stm32f4xx_hal_msp.o [1]
  .text                   ro code  0x08007934     0x24  stm32f4xx_hal_crc.o [1]
  .text                   ro code  0x08007958     0x5c  stm32f4xx_hal_sram.o [1]
  .text                   ro code  0x080079b4    0x454  stm32f4xx_hal_spi.o [1]
  .text                   ro code  0x08007e08     0x28  stm32f4xx_hal_dma.o [1]
  .text                   ro code  0x08007e30      0x2  stm32f4xx_hal_uart.o [1]
  .text                   ro code  0x08007e32      0x2  stm32f4xx_hal_uart.o [1]
  .text                   ro code  0x08007e34    0x25c  port.o [1]
  .text                   ro code  0x08008090     0x9a  list.o [1]
  .text.GUIMONO_IsInFont  ro code  0x0800812a     0x36  GUI_CharM.o [3]
  .text                   ro code  0x08008160    0x278  heap_4.o [1]
  .text                   ro code  0x080083d8     0xa6  ABImemcpy.o [6]
  .text                   ro code  0x0800847e     0x1e  xencoding_8859_1.o [4]
  .text                   ro code  0x0800849c     0x66  ABImemset.o [6]
  .text._SetReg_B8        ro code  0x08008502     0x1a  GUIDRV_FlexColor_Func66709.o [3]
  .text                   ro code  0x0800851c    0x430  timers.o [1]
  .text                   ro code  0x0800894c     0x18  GUI_X_Touch_Analog.o [1]
  .text.GUI_TOUCH_GetLayer
                          ro code  0x08008964      0xc  GUI_TOUCH_StoreState.o [3]
  .text.GUI_TOUCH_CalibratePoint
                          ro code  0x08008970     0x34  GUI_TOUCH_Calibrate.o [3]
  .text.GUI_TOUCH_StoreStateEx
                          ro code  0x080089a4     0x50  GUI_TOUCH.o [3]
  .text                   ro code  0x080089f4     0xec  stm32f4xx_ll_fsmc.o [1]
  CODE                    ro code  0x08008ae0     0xa8  portasm.o [1]
  .text                   ro code  0x08008b88    0xef0  touch.o [1]
  .text.GUI_TOUCH_TransformPoint
                          ro code  0x08009a78     0x70  GUI_TOUCH_Calibrate.o [3]
  .text                   ro code  0x08009ae8     0x68  memcmp.o [6]
  .text.GUI_PID_StoreState
                          ro code  0x08009b50     0xb8  GUI_PID.o [3]
  .text                   ro code  0x08009c08     0x64  delay.o [1]
  .text                   ro code  0x08009c6c    0xa66  ILI93xx.o [1]
  .text._GetRect          ro code  0x0800a6d2     0x16  GUIDRV_FlexColor.o [3]
  .text                   ro code  0x0800a6e8    0x298  w25qxx.o [1]
  .text                   ro code  0x0800a980      0x8  abs.o [4]
  .text                   ro code  0x0800a988     0x1a  U32ToDbl.o [5]
  .text._DrawVLine        ro code  0x0800a9a2     0x12  GUIDRV_FlexColor.o [3]
  .text                   ro code  0x0800a9b4    0x102  sqrt.o [5]
  .text._DrawBitmap       ro code  0x0800aab6      0xe  GUIDRV_FlexColor.o [3]
  .text                   ro code  0x0800aac4     0x3a  DblToS32.o [5]
  .text                   ro code  0x0800aafe      0xa  xsprout.o [4]
  .text                   ro code  0x0800ab08     0x48  FltToDbl.o [5]
  .text                   ro code  0x0800ab50     0x2e  DblCmpLe.o [5]
  .text._GetDevProp       ro code  0x0800ab7e      0xa  GUIDEV_32.o [3]
  .text                   ro code  0x0800ab88     0x2e  DblCmpGe.o [5]
  .text._ReadData         ro code  0x0800abb6      0xa  GUIDRV_FlexColor_16bpp_C0B16.o [3]
  .text                   ro code  0x0800abc0    0x1a2  DblMul.o [5]
  .text._ReadPixelCust_16bpp
                          ro code  0x0800ad62      0xa  GUIDRV_FlexColor.o [3]
  .text.GUI__RegisterExit
                          ro code  0x0800ad6c     0x28  GUI_Core.o [3]
  .text.GUI_SignalEvent   ro code  0x0800ad94     0x10  GUI_WaitEvent.o [3]
  .text                   ro code  0x0800ada4     0x28  stm32f4xx_hal.o [1]
  .text                   ro code  0x0800adcc     0x28  printf.o [4]
  .text                   ro code  0x0800adf4    0xf72  xprintffull.o [4]
  .text._ReadPixelCust_18bpp
                          ro code  0x0800bd66      0xa  GUIDRV_FlexColor.o [3]
  .text                   ro code  0x0800bd70     0x74  xlocale_c.o [4]
  .text                   ro code  0x0800bde4     0x16  strchr.o [6]
  .text.GUIMONO_GetFontInfo
                          ro code  0x0800bdfa      0x6  GUI_CharM.o [3]
  .text                   ro code  0x0800be00     0x44  xfail_s.o [4]
  .text                   ro code  0x0800be44     0x36  strlen.o [6]
  .text.GUIPROP_EXT_GetFontInfo
                          ro code  0x0800be7a      0x6  GUI_CharPExt.o [3]
  .text                   ro code  0x0800be80     0x58  memchr.o [6]
  .text                   ro code  0x0800bed8      0xa  xmbcurmax.o [4]
  .text.GUIPROP_GetFontInfo
                          ro code  0x0800bee2      0x6  GUI_CharP.o [3]
  .text                   ro code  0x0800bee8     0x70  frexp.o [5]
  .text                   ro code  0x0800bf58    0x13a  ldexp.o [5]
  .text._Encode           ro code  0x0800c092      0x6  GUI_UC_EncodeNone.o [3]
  .text                   ro code  0x0800c098     0x22  S32ToDbl.o [5]
  .text._GetIndexMask_565
                          ro code  0x0800c0ba      0x6  GUICC_565.o [3]
  .text                   ro code  0x0800c0c0     0xe2  DblSub.o [5]
  .text._GetIndexMask_8888
                          ro code  0x0800c1a2      0x6  GUICC_8888.o [3]
  .text                   ro code  0x0800c1a8    0x246  DblDiv.o [5]
  .rodata                 const    0x0800c3ee      0x2  font_micro_25.o [1]
  .text                   ro code  0x0800c3f0     0x28  DblToU32.o [5]
  .text                   ro code  0x0800c418      0x6  abort.o [4]
  .rodata                 const    0x0800c41e      0x2  font_micro_25.o [1]
  .text                   ro code  0x0800c420    0x168  DblAdd.o [5]
  .text                   ro code  0x0800c588     0x14  exit.o [7]
  .rodata                 const    0x0800c59c    0xd5c  ILI93xx.o [1]
  .rodata                 const    0x0800d2f8    0x86b  F13_1.o [3]
  .rodata                 const    0x0800db63      0x1  font_micro_25.o [1]
  .rodata                 const    0x0800db64    0x822  F13_ASCII.o [3]
  .rodata                 const    0x0800e386      0x2  font_micro_32.o [1]
  .text.GUI_MEMDEV__WriteToActiveOpaque
                          ro code  0x0800e388    0x74c  GUIDEV_WriteToActiveOpaque.o [3]
  .text.GUI_ALLOC_LockH   ro code  0x0800ead4     0x1c  GUI_Alloc.o [3]
  .text.GUI_ALLOC_UnlockH
                          ro code  0x0800eaf0     0x30  GUI_Alloc.o [3]
  .text.GUI_MEMDEV_GetBitsPerPixel
                          ro code  0x0800eb20     0x34  GUIDEV.o [3]
  .text.GUI_GetBitsPerPixelEx
                          ro code  0x0800eb54     0x14  LCD_GetEx.o [3]
  .text.GUI_GetpfIndex2ColorEx
                          ro code  0x0800eb68     0x10  LCD_GetEx.o [3]
  .text.GUI_GetpfColor2IndexEx
                          ro code  0x0800eb78     0x10  LCD_GetEx.o [3]
  .text.GUI_ALLOC_AllocNoInit
                          ro code  0x0800eb88     0x1a  GUI_Alloc.o [3]
  .text.GUI_MEMDEV_GetDataPtr
                          ro code  0x0800eba2     0x2a  GUIDEV_GetDataPtr.o [3]
  .text._Convert16        ro code  0x0800ebcc     0x3e  GUIDEV_WriteToActiveOpaque.o [3]
  .text._Convert8         ro code  0x0800ec0a     0x42  GUIDEV_WriteToActiveOpaque.o [3]
  .text.LCD_DrawBitmap    ro code  0x0800ec4c    0x224  LCD.o [3]
  .text.LCD__DrawBitmap_1bpp
                          ro code  0x0800ee70    0x1d8  LCD.o [3]
  .text.GUI_ALLOC_Free    ro code  0x0800f048     0x30  GUI_Alloc.o [3]
  .text.GUI_ALLOC_h2p     ro code  0x0800f078     0x14  GUI_Alloc.o [3]
  .text.GUI_Lock          ro code  0x0800f08c     0x78  GUI_Task.o [3]
  .text.LCD__GetBPPDevice
                          ro code  0x0800f104     0x2c  LCD_GetEx.o [3]
  .text.GUI_Unlock        ro code  0x0800f130     0x14  GUI_Task.o [3]
  .text._Alloc            ro code  0x0800f144     0xf0  GUI_Alloc.o [3]
  .text.GUI__CompactPixelIndices
                          ro code  0x0800f234    0x15e  GUI__CompactPixelIndices.o [3]
  .text.LCD_Index2Color_888
                          ro code  0x0800f392      0x2  GUICC_888_Index2Color.o [3]
  .text.LCD_FillRect      ro code  0x0800f394     0x58  LCD.o [3]
  .text._AddFreeMemory    ro code  0x0800f3ec     0xa4  GUI_Alloc.o [3]
  .text._PushFreeBlock    ro code  0x0800f490     0x24  GUI_Alloc.o [3]
  .text                   ro code  0x0800f4b4     0xbc  GUI_X_OS.o [1]
  .text._GetTaskNo        ro code  0x0800f570     0x3c  GUI_Task.o [3]
  .text.GUI_DEVICE_UnlinkTaskDevices
                          ro code  0x0800f5ac      0x4  GUI_Device.o [3]
  .text.GUI_DEVICE_LinkDevices
                          ro code  0x0800f5b0     0x10  GUI_Device.o [3]
  .text.LCD__GetBPP       ro code  0x0800f5c0     0x7e  LCD_GetEx.o [3]
  .text.LCD_Index2Color_8888
                          ro code  0x0800f63e      0x2  GUICC_8888_Index2Color.o [3]
  .text._InitOnce         ro code  0x0800f640     0x68  GUI_Alloc.o [3]
  .text._EnlargeBlocks    ro code  0x0800f6a8     0x9c  GUI_Alloc.o [3]
  .text._RemoveHoles      ro code  0x0800f744     0x9c  GUI_Alloc.o [3]
  .text._RemoveFreeBlock  ro code  0x0800f7e0     0x40  GUI_Alloc.o [3]
  .text.GUI_DEVICE_Link   ro code  0x0800f820     0x84  GUI_Device.o [3]
  .text                   ro code  0x0800f8a4      0xc  memmove.o [6]
  .text                   ro code  0x0800f8b0     0x96  ABImemmove.o [6]
  .text._Color2Index_8888
                          ro code  0x0800f946      0x2  GUICC_8888.o [3]
  .text._DrawBitmap       ro code  0x0800f948    0x740  GUIDEV_16.o [3]
  .text.GUI_USAGE_AddRect
                          ro code  0x08010088     0x26  GUIDEV_Usage.o [3]
  .text._GetDevFunc_SetRect
                          ro code  0x080100ae      0x2  GUIDRV_FlexColor.o [3]
  .text._XY2PTR           ro code  0x080100b0     0x40  GUIDEV_16.o [3]
  .rodata                 const    0x080100f0    0x73c  F6x8.o [3]
  .text._DrawBitmap       ro code  0x0801082c    0x718  GUIDEV_32.o [3]
  .text._XY2PTR           ro code  0x08010f44     0x40  GUIDEV_32.o [3]
  .rodata                 const    0x08010f84    0x690  font_micro_32.o [1]
  .rodata                 const    0x08011614    0x63c  font_micro_25.o [1]
  .rodata                 const    0x08011c50    0x5f0  ILI93xx.o [1]
  .text                   ro code  0x08012240    0x5bc  ui_main.o [1]
  .text                   ro code  0x080127fc     0x40  sprintf.o [4]
  .text.WM_GetDialogItem  ro code  0x0801283c     0x4c  WM_Lib.o [3]
  .text.TEXT_SetText      ro code  0x08012888     0x5c  TEXT.o [3]
  .text.TEXT_SetTextAlign
                          ro code  0x080128e4     0x30  TEXT.o [3]
  .text.TEXT_SetFont      ro code  0x08012914     0x30  TEXT.o [3]
  .text.TEXT_SetBkColor   ro code  0x08012944     0x42  TEXT.o [3]
  .text.TEXT_SetTextColor
                          ro code  0x08012986     0x30  TEXT.o [3]
  .text.WM_RestartTimer   ro code  0x080129b6     0x38  WM_Timer.o [3]
  .text.GUI_SetColor      ro code  0x080129ee     0x16  GUI_Common.o [3]
  .text.GUI_DrawHLine     ro code  0x08012a04     0x5c  GUI_DrawLib.o [3]
  .text.GUI_DrawVLine     ro code  0x08012a60     0x50  GUI_DrawLib.o [3]
  .text                   ro code  0x08012ab0    0x128  gui_common.o [1]
  .text.WM_GetId          ro code  0x08012bd8     0x20  WM_Lib.o [3]
  .text.WM_DefaultProc    ro code  0x08012bf8     0x48  WM.o [3]
  .text.GUI_ALLOC_GetNumFreeBytes
                          ro code  0x08012c40     0x10  GUI_Alloc.o [3]
  .text.WM_GetDesktopWindow
                          ro code  0x08012c50     0x18  WM_Lib.o [3]
  .text.GUI_CreateDialogBox
                          ro code  0x08012c68     0xb2  DIALOG.o [3]
  .text._Log2VisBuffered  ro code  0x08012d1a      0x2  GUI_CharLine.o [3]
  .text.WM_CreateTimer    ro code  0x08012d1c     0x68  WM_Timer.o [3]
  .text._GetDialogItem    ro code  0x08012d84     0x46  WM_Lib.o [3]
  .rodata                 const    0x08012dca      0x1  font_micro_25.o [1]
  .rodata                 const    0x08012dcb      0x1  font_micro_25.o [1]
  .text.GUI__SetText      ro code  0x08012dcc     0x7c  GUI__Private.o [3]
  .text.WM_InvalidateWindow
                          ro code  0x08012e48      0x6  WM.o [3]
  .rodata                 const    0x08012e4e      0x1  font_micro_32.o [1]
  .rodata                 const    0x08012e4f      0x1  font_micro_32.o [1]
  .text.WM_ClrHasTrans    ro code  0x08012e50     0x40  WM_SetTrans.o [3]
  .text.WM_SetHasTrans    ro code  0x08012e90     0x48  WM_SetTrans.o [3]
  .text.GUI_TIMER_SetPeriod
                          ro code  0x08012ed8     0x28  GUI_Timer.o [3]
  .text.GUI_TIMER_Restart
                          ro code  0x08012f00     0x3c  GUI_Timer.o [3]
  .text.LCD_SetColor      ro code  0x08012f3c      0xc  LCD.o [3]
  .text.WM__InitIVRSearch
                          ro code  0x08012f48    0x100  WM.o [3]
  .text.WM__GetNextIVR    ro code  0x08013048    0x184  WM.o [3]
  .text.LCD_DrawVLine     ro code  0x080131cc     0x54  LCD.o [3]
  .text.BUTTON_GetUserData
                          ro code  0x08013220      0x6  BUTTON.o [3]
  .text.BUTTON_IsPressed  ro code  0x08013226     0x2c  BUTTON.o [3]
  .rodata                 const    0x08013252      0x1  font_micro_64.o [1]
  .rodata                 const    0x08013253      0x1  font_micro_64.o [1]
  .text.GUI_DrawGradientV
                          ro code  0x08013254     0x74  GUI_DrawGradient.o [3]
  .text.BUTTON_DrawSkinFlex
                          ro code  0x080132c8    0x238  BUTTON_SkinFlex.o [3]
  .text.BUTTON_SetUserData
                          ro code  0x08013500      0x6  BUTTON.o [3]
  .text.BUTTON_SetTextColor
                          ro code  0x08013506     0x34  BUTTON.o [3]
  .text.BUTTON_SetFont    ro code  0x0801353a     0x2e  BUTTON.o [3]
  .text.BUTTON_SetText    ro code  0x08013568     0x5c  BUTTON.o [3]
  .text.BUTTON_SetSkin    ro code  0x080135c4     0x34  BUTTON_Skin.o [3]
  .text                   ro code  0x080135f8     0x14  memset.o [6]
  .text.WM_SendMessage    ro code  0x0801360c     0x1e  WM.o [3]
  .text.WM__GetClientRectEx
                          ro code  0x0801362a     0x22  WM__Private.o [3]
  .text.WM_SendToParent   ro code  0x0801364c     0x26  WM_Lib.o [3]
  .text.WM_GetClientWindow
                          ro code  0x08013672     0x1a  WM_Lib.o [3]
  .text.WIDGET_OrState    ro code  0x0801368c     0x34  WIDGET.o [3]
  .text.WM_ShowWindow     ro code  0x080136c0     0x32  WM_Lib.o [3]
  .rodata                 const    0x080136f2      0x1  ui_main.o [1]
  .rodata.str1.1          const    0x080136f3      0x1  GUI__Private.o [3]
  .text.WM_DeleteWindow   ro code  0x080136f4    0x124  WM.o [3]
  .text.WM_SendMessageNoPara
                          ro code  0x08013818     0x1a  WM_Lib.o [3]
  .text.WM_GetFocusedWindow
                          ro code  0x08013834     0x20  WM_Lib.o [3]
  .text.WM_SetFocusOnNextChild
                          ro code  0x08013854     0x64  WM_SetFocusOnNextChild.o [3]
  .text.GUI_ALLOC_AllocZero
                          ro code  0x080138b8     0x3c  GUI_Alloc.o [3]
  .text.GUI_GetTime       ro code  0x080138f4      0x4  GUI_Time.o [3]
  .text.GUI_TIMER_Create  ro code  0x080138f8     0x9c  GUI_Timer.o [3]
  .text.GUI__strcmp_hp    ro code  0x08013994     0x28  GUI__Private.o [3]
  .text.GUI__strlen       ro code  0x080139bc     0x18  GUI__Private.o [3]
  .text.GUI_ALLOC_GetSize
                          ro code  0x080139d4     0x18  GUI_Alloc.o [3]
  .text                   ro code  0x080139ec     0x4c  strcpy.o [6]
  .text.GUI_ALLOC_FreePtr
                          ro code  0x08013a38     0x1a  GUI_Alloc.o [3]
  .text.WM_InvalidateRect
                          ro code  0x08013a52     0x82  WM.o [3]
  .text.WM_ValidateWindow
                          ro code  0x08013ad4     0x38  WM_Lib.o [3]
  .text._Unlink           ro code  0x08013b0c     0x4c  GUI_Timer.o [3]
  .text._Link             ro code  0x08013b58     0x90  GUI_Timer.o [3]
  .text.WM__ActivateClipRect
                          ro code  0x08013be8     0x48  WM.o [3]
  .text.GUI__IntersectRect
                          ro code  0x08013c30     0x3a  GUI__Private.o [3]
  .text.WM__Client2Screen
                          ro code  0x08013c6a     0x10  WM.o [3]
  .text.WM__ClipAtParentBorders
                          ro code  0x08013c7c     0x58  WM.o [3]
  .text._Findy1           ro code  0x08013cd4     0xa6  WM.o [3]
  .text._Findx0           ro code  0x08013d7a     0x86  WM.o [3]
  .text._Findx1           ro code  0x08013e00     0x72  WM.o [3]
  .text.WM__GetUserDataEx
                          ro code  0x08013e74     0x48  WM_UserData.o [3]
  .text._DrawGradient     ro code  0x08013ebc    0x194  GUI_DrawGradient.o [3]
  .text.GUI__DrawTwinArc4
                          ro code  0x08014050    0x1e0  GUI__DrawTwinArc.o [3]
  .text.GUI_FillRect      ro code  0x08014230     0x54  GUI_DrawLib.o [3]
  .text.GUI_DrawRect      ro code  0x08014284     0x90  GUI_2DLib.o [3]
  .text.WM__IsEnabled     ro code  0x08014314     0x12  WM__Private.o [3]
  .text.GUI_DRAW__Draw    ro code  0x08014326     0x32  GUI_DRAW.o [3]
  .text.GUI_SetFont       ro code  0x08014358     0x20  GUI_Common.o [3]
  .text.GUI_GetClientRect
                          ro code  0x08014378      0x8  GUI_Common.o [3]
  .text.GUI_MoveRect      ro code  0x08014380     0x20  GUI_Common.o [3]
  .text.GUI_SetTextMode   ro code  0x080143a0     0x20  GUI_Common.o [3]
  .text.GUI_DispStringInRect
                          ro code  0x080143c0      0x8  GUI_DispString.o [3]
  .text.WM__SetUserDataEx
                          ro code  0x080143c8     0x54  WM_UserData.o [3]
  .text.WM__SendMessage   ro code  0x0801441c     0x3c  WM__Private.o [3]
  .text.WM__GetClientRectWin
                          ro code  0x08014458     0x18  WM.o [3]
  .text.WM_GetParent      ro code  0x08014470     0x1a  WM_Lib.o [3]
  .text.WM_InvalidateWindowAndDescs
                          ro code  0x0801448a     0x34  WM_Lib.o [3]
  .text.WM__IsWindow      ro code  0x080144c0     0x20  WM.o [3]
  .text.WM__GetTopLevelLayer
                          ro code  0x080144e0     0x28  WM.o [3]
  .text.WM__SendMsgNoData
                          ro code  0x08014508     0x16  WM.o [3]
  .text.WM__DeleteAssocTimer
                          ro code  0x0801451e     0x52  WM_Timer.o [3]
  .text.GUI_MEMDEV_Delete
                          ro code  0x08014570     0x4c  GUIDEV.o [3]
  .text.WM_NotifyParent   ro code  0x080145bc     0x14  WM_Lib.o [3]
  .text.WM__DetachWindow  ro code  0x080145d0     0x2a  WM.o [3]
  .text.WM_SelectWindow   ro code  0x080145fc     0x48  WM.o [3]
  .text.WM__SendMessageNoPara
                          ro code  0x08014644     0x28  WM__Private.o [3]
  .text.WM__GetFocusedChild
                          ro code  0x0801466c     0x24  WM__Private.o [3]
  .text._GetNextChild     ro code  0x08014690     0x26  WM_SetFocusOnNextChild.o [3]
  .text.WM_IsFocusable    ro code  0x080146b6     0x3c  WM_Lib.o [3]
  .text.WM_SetFocus       ro code  0x080146f4     0xa8  WM_Lib.o [3]
  .text.GUI__strcmp       ro code  0x0801479c     0x2c  GUI__Private.o [3]
  .text.WM__InvalidateDrawAndDescs
                          ro code  0x080147c8     0x50  WM.o [3]
  .text.WM__InvalidateRectEx
                          ro code  0x08014818      0x6  WM.o [3]
  .text.WM__Invalidate1Abs
                          ro code  0x0801481e      0x6  WM.o [3]
  .text._SetClipRectUserIntersect
                          ro code  0x08014824     0x50  WM.o [3]
  .text.GUI__IntersectRects
                          ro code  0x08014874     0x56  GUI__Private.o [3]
  .text.GUI_RectsIntersect
                          ro code  0x080148ca     0x3a  GUI_Common.o [3]
  .text.GUI_GetColor      ro code  0x08014904     0x18  GUI_Common.o [3]
  .text._GetTwinArcPara   ro code  0x0801491c     0x54  GUI__DrawTwinArc.o [3]
  .text.LCD_DrawHLine     ro code  0x08014970     0x50  LCD.o [3]
  .text.WM_GetClientRect  ro code  0x080149c0     0x2c  WM_Lib.o [3]
  .text.GUI_DispStringInRectMax
                          ro code  0x080149ec     0x4e  GUI_DispString.o [3]
  .text.WM_GetFirstChild  ro code  0x08014a3a     0x1a  WM_Lib.o [3]
  .text.GUI_TIMER__GetFirstTimer
                          ro code  0x08014a54     0x30  GUI_Timer.o [3]
  .text.GUI_TIMER_GetFlag
                          ro code  0x08014a84     0x36  GUI_Timer.o [3]
  .text.GUI_TIMER__GetNextTimerLin
                          ro code  0x08014aba     0x38  GUI_Timer.o [3]
  .text.WM_DeleteTimer    ro code  0x08014af2     0x30  WM_Timer.o [3]
  .text.GUI_SelectLCD     ro code  0x08014b22     0x1a  GUI_Common.o [3]
  .text.GUI_USAGE_DecUseCnt
                          ro code  0x08014b3c     0x32  GUIDEV_Usage.o [3]
  .text.GUI_DEVICE_Delete
                          ro code  0x08014b6e      0x4  GUI_Device.o [3]
  .text.WM__RemoveWindowFromList
                          ro code  0x08014b72     0x3c  WM.o [3]
  .text.WM__SelectTopLevelLayer
                          ro code  0x08014bae     0x14  WM.o [3]
  .text.LCD_SetClipRectMax
                          ro code  0x08014bc4     0x1c  LCD.o [3]
  .text.WM__IsChild       ro code  0x08014be0     0x28  WM__Private.o [3]
  .text.WM_IsWindow       ro code  0x08014c08     0x18  WM_Lib.o [3]
  .text.WM__InvalidateRect
                          ro code  0x08014c20     0x76  WM.o [3]
  .text._Invalidate1Abs   ro code  0x08014c98     0xa0  WM.o [3]
  .text.LCD_SetClipRectEx
                          ro code  0x08014d38     0x30  LCD_SetClipRectEx.o [3]
  .text.LCD_GetColorIndex
                          ro code  0x08014d68     0x10  LCD_GetColorIndex.o [3]
  .text.LCD_Index2Color   ro code  0x08014d78     0x1c  LCD.o [3]
  .text.GUI__sqrt32       ro code  0x08014d94     0x24  GUI__Private.o [3]
  .text.WM_GetClientRectEx
                          ro code  0x08014db8     0x1a  WM_Lib.o [3]
  .text.WM_SetUserClipRect
                          ro code  0x08014dd4     0x20  WM_Lib.o [3]
  .text.GUI__DispStringInRect
                          ro code  0x08014df4    0x14c  GUI_DispString.o [3]
  .text.GUI_TIMER_Delete  ro code  0x08014f40     0x70  GUI_Timer.o [3]
  .text.LCD_SelectLCD     ro code  0x08014fb0     0x40  LCD_SelectLCD.o [3]
  .text.LCD_UpdateColorIndices
                          ro code  0x08014ff0     0x24  LCD_UpdateColorIndices.o [3]
  .text.WM_Activate       ro code  0x08015014     0x10  WM.o [3]
  .text.GUI_ALLOC_FreeFixedBlock
                          ro code  0x08015024     0x14  GUI_Alloc.o [3]
  .text.GUI_SelectLayer   ro code  0x08015038     0x38  GUI_SelectLayer.o [3]
  .text.WM_InvalidateWindowAndDescsEx
                          ro code  0x08015070     0x64  WM.o [3]
  .text.WM__RectIsNZ      ro code  0x080150d4     0x22  WM.o [3]
  .text.GUI_MergeRect     ro code  0x080150f6     0x56  GUI_Common.o [3]
  .text.GUI_GetFontDistY  ro code  0x0801514c     0x1c  GUI_Char.o [3]
  .text.GUI__GetLineNumChars
                          ro code  0x08015168     0x38  GUI_CharLine.o [3]
  .text.GUI_UC__NumChars2NumBytes
                          ro code  0x080151a0     0x24  GUI_UC.o [3]
  .text.GUI__HandleEOLine
                          ro code  0x080151c4     0x26  GUI__Private.o [3]
  .text.GUI__GetLineDistX
                          ro code  0x080151ec     0x60  GUI_CharLine.o [3]
  .text.GUI__DispLine     ro code  0x0801524c     0xa8  GUI_CharLine.o [3]
  .text.GUI_DEVICE_Unlink
                          ro code  0x080152f4     0x30  GUI_Device.o [3]
  .text.LCD_Color2Index   ro code  0x08015324     0x1c  LCD.o [3]
  .text.LCD_SetColorIndex
                          ro code  0x08015340     0x18  LCD.o [3]
  .text.LCD_SetBkColorIndex
                          ro code  0x08015358     0x18  LCD.o [3]
  .text.GUI_DEVICE__GetpDriver
                          ro code  0x08015370     0x20  GUI_Device.o [3]
  .text.GUI_UC__GetCharCodeInc
                          ro code  0x08015390     0x28  GUI_UC.o [3]
  .text.GUI_GetCharDistX  ro code  0x080153b8     0x24  GUI_Char.o [3]
  .text.GUI__GetOverlap   ro code  0x080153dc     0x1c  GUI_CharLine.o [3]
  .text._DispLine         ro code  0x080153f8     0x9c  GUI_CharLine.o [3]
  .text.GUI_GetCharDistXEx
                          ro code  0x08015494     0x28  GUI_Char.o [3]
  .text.GUI__ManageCache  ro code  0x080154bc     0x10  GUI__ManageCache.o [3]
  .text.GUI__ManageCacheEx
                          ro code  0x080154cc     0xdc  GUI__ManageCache.o [3]
  .text._DrawBitmap       ro code  0x080155a8    0x534  GUIDRV_FlexColor_16bpp_C0B16.o [3]
  .text.GUI_SPRITE_SetPosition
                          ro code  0x08015adc    0x4c4  GUI_SPRITE.o [3]
  .text.GUI_MEMDEV_Select
                          ro code  0x08015fa0     0x54  GUIDEV.o [3]
  .text._GetDeviceRect    ro code  0x08015ff4     0x3c  GUI_SPRITE.o [3]
  .text._CreateBuffer     ro code  0x08016030     0xaa  GUI_SPRITE.o [3]
  .text.GUI_GetBitmapPixelIndex
                          ro code  0x080160da     0x18  GUI_Common.o [3]
  .text._GetBkIndex.isra.0
                          ro code  0x080160f2     0x70  GUI_SPRITE.o [3]
  .text._SetBkIndexBuffered
                          ro code  0x08016162     0x44  GUI_SPRITE.o [3]
  .text._GetBkIndexAlpha.isra.2
                          ro code  0x080161a6     0x7a  GUI_SPRITE.o [3]
  .text._ReleaseBuffer.isra.6
                          ro code  0x08016220     0x1e  GUI_SPRITE.o [3]
  .text.WM_Deactivate     ro code  0x08016240     0x20  WM.o [3]
  .text.LCD_GetXSizeEx    ro code  0x08016260      0x6  LCD_GetEx.o [3]
  .text.LCD_GetYSizeEx    ro code  0x08016266      0x6  LCD_GetEx.o [3]
  .text.GUI_ALLOC_GetMaxSize
                          ro code  0x0801626c     0x3c  GUI_Alloc.o [3]
  .text.GUI_GetBitmapPixelIndexEx
                          ro code  0x080162a8     0x88  GUI_Common.o [3]
  .text._FlushBuffer.isra.5
                          ro code  0x08016330     0x7a  GUI_SPRITE.o [3]
  .text._GetDevProp       ro code  0x080163aa     0x1e  LCD_GetEx.o [3]
  .rodata                 const    0x080163c8    0x480  font_micro_64.o [1]
  .rodata                 const    0x08016848    0x474  ILI93xx.o [1]
  .text._DrawBitmap       ro code  0x08016cbc    0x3e4  GUI_SPRITE.o [3]
  .text._GetClipRect      ro code  0x080170a0     0xec  GUI_SPRITE.o [3]
  .text._GetClipParam     ro code  0x0801718c    0x130  GUI_SPRITE.o [3]
  .text.WM_HandlePID      ro code  0x080172bc    0x3a0  WM_Touch.o [3]
  .text.GUI_PID_IsEmpty   ro code  0x0801765c     0x10  GUI_PID.o [3]
  .text.GUI_PID_GetState  ro code  0x0801766c     0x50  GUI_PID.o [3]
  .text.GUI_GetLayerPosEx
                          ro code  0x080176bc     0x28  GUI_SelectLayer.o [3]
  .text.WM__AddCriticalHandle
                          ro code  0x080176e4     0x10  WM__Private.o [3]
  .text.GUI_CURSOR_SetPositionEx
                          ro code  0x080176f4     0x6c  GUI_Cursor.o [3]
  .text.WM_Screen2hWin    ro code  0x08017760     0x2c  WM_Screen2Win.o [3]
  .text.WM__IsInModalArea
                          ro code  0x0801778c     0x60  WM_Touch.o [3]
  .text.WM__SendTouchMessage
                          ro code  0x080177ec     0x3a  WM_Touch.o [3]
  .text.WM__SendMessageIfEnabled
                          ro code  0x08017826     0x1a  WM__Private.o [3]
  .text.WM_ReleaseCapture
                          ro code  0x08017840     0x12  WM_SetCapture.o [3]
  .text.WM_PID__SetPrevState
                          ro code  0x08017854     0x14  WM_PID__GetPrevState.o [3]
  .text.WM__RemoveCriticalHandle
                          ro code  0x08017868     0x2c  WM__Private.o [3]
  .text.LCD_GetPosEx      ro code  0x08017894     0x32  LCD_Set.o [3]
  .text.GUI_GetCursorLayer
                          ro code  0x080178c8     0x14  GUI_SelectLayer.o [3]
  .text.GUI_SetLayerPosEx
                          ro code  0x080178dc     0x20  GUI_SelectLayer.o [3]
  .text.WM_GetDesktopWindowEx
                          ro code  0x080178fc     0x14  WM_Lib.o [3]
  .text._Screen2hWin      ro code  0x08017910     0x60  WM_Screen2Win.o [3]
  .text.WM__IsAncestor    ro code  0x08017970     0x22  WM__Private.o [3]
  .text.WM__SendPIDMessage
                          ro code  0x08017992     0x42  WM_Touch.o [3]
  .text.WM__ReleaseCapture
                          ro code  0x080179d4     0x30  WM_SetCapture.o [3]
  .text.LCD_SetPosEx      ro code  0x08017a04     0x30  LCD_Set.o [3]
  .text.WM__IsInWindow    ro code  0x08017a34     0x36  WM_Screen2Win.o [3]
  .rodata                 const    0x08017a6a    0x370  GUI__DivTbl.o [3]
  .text.GUI_TOUCH_CalcCoefficients
                          ro code  0x08017ddc    0x320  GUI_TOUCH_Calibrate.o [3]
  .text                   ro code  0x080180fc    0x24c  ds3231.o [1]
  .text._FillRect         ro code  0x08018348    0x1ec  GUI_SPRITE.o [3]
  .text._SpriteDraw       ro code  0x08018534    0x1e8  GUI_SPRITE.o [3]
  .text._DrawHLine        ro code  0x0801871c    0x1d8  GUI_SPRITE.o [3]
  .text.GUI__DoAlphaBlending
                          ro code  0x080188f4    0x1d4  GUI__Alpha.o [3]
  .text.GUI__GetAlphaBuffer
                          ro code  0x08018ac8     0xb8  GUI__Alpha.o [3]
  .text.GUI_ReadRectEx    ro code  0x08018b80     0x60  LCD_ReadRect.o [3]
  .text.GUI__ExpandPixelIndicesEx
                          ro code  0x08018be0    0x17c  GUI__ExpandPixelIndices.o [3]
  .text.LCD_GetVXSizeMax  ro code  0x08018d5c      0x6  LCD_GetEx.o [3]
  .text.GUI_ALLOC_GetFixedBlock
                          ro code  0x08018d64     0xa4  GUI_Alloc.o [3]
  .text.LCD_ReadRectEx    ro code  0x08018e08    0x1a4  LCD_ReadRect.o [3]
  .text._GetMaxValue      ro code  0x08018fac     0x22  LCD_GetEx.o [3]
  .text._DrawVLine        ro code  0x08018fd0    0x1c0  GUI_SPRITE.o [3]
  .text                   ro code  0x08019190    0x1a4  dht11.o [1]
  .text.GUI__ConvertColor2Index
                          ro code  0x08019334    0x196  GUI__CompactPixelIndices.o [3]
  .text                   ro code  0x080194cc    0x190  mylib.o [1]
  .rodata                 const    0x0801965c    0x188  ui_main.o [1]
  .text.GUI_MEMDEV__WriteToActiveAlpha
                          ro code  0x080197e4    0x184  GUIDEV_WriteToActiveAlpha.o [3]
  .text.GUI__AllocAlphaBuffer
                          ro code  0x08019968     0x1a  GUI__Alpha.o [3]
  .text.GUI__CompactPixelIndicesEx
                          ro code  0x08019982      0xe  GUI__CompactPixelIndices.o [3]
  .text                   ro code  0x08019990    0x174  task_core.o [1]
  .text.GUI_MEMDEV_Draw   ro code  0x08019b04    0x170  GUIDEV_Banding.o [3]
  .text.LCD_GetVXSizeEx   ro code  0x08019c74      0x6  LCD_GetEx.o [3]
  .text.LCD_GetVYSizeEx   ro code  0x08019c7a      0x6  LCD_GetEx.o [3]
  .text.GUI_GetOrg        ro code  0x08019c80     0x2c  GUI_Common.o [3]
  .text.GUI_MEMDEV_CreateEx
                          ro code  0x08019cac     0x84  GUIDEV.o [3]
  .text.GUI_MEMDEV_GetYSize
                          ro code  0x08019d30     0x38  GUIDEV_GetYSize.o [3]
  .text.GUI_MEMDEV_ReduceYSize
                          ro code  0x08019d68     0x38  GUIDEV_ReduceYSize.o [3]
  .text.GUI_MEMDEV_SetOrg
                          ro code  0x08019da0     0x64  GUIDEV_SetOrg.o [3]
  .text.GUI_MEMDEV_Clear  ro code  0x08019e04     0x4c  GUIDEV_Clear.o [3]
  .text.GUI_MEMDEV_CopyToLCD
                          ro code  0x08019e50      0xc  GUIDEV.o [3]
  .text.GUI_MEMDEV__CreateFixed
                          ro code  0x08019e5c    0x124  GUIDEV.o [3]
  .text.GUI_MEMDEV_CopyToLCDAt
                          ro code  0x08019f80     0xac  GUIDEV.o [3]
  .text.GUI_DEVICE_Create
                          ro code  0x0801a02c     0x4c  GUI_Device.o [3]
  .text.GUI_ALLOC_RequestSize
                          ro code  0x0801a078     0x38  GUI_Alloc.o [3]
  .text.GUI_USAGE_BM_Create
                          ro code  0x0801a0b0     0x60  GUIDEV_UsageBM.o [3]
  .text.GUI_SetDrawMode   ro code  0x0801a110     0x18  GUI_Common.o [3]
  .text.LCD_SetDrawMode   ro code  0x0801a128      0xc  LCD.o [3]
  .text.WM_CreateWindowAsChild
                          ro code  0x0801a134    0x168  WM.o [3]
  .text.WM__InsertWindowIntoList
                          ro code  0x0801a29c     0xac  WM.o [3]
  .text.WM_BringToBottom  ro code  0x0801a348     0x90  WM_Lib.o [3]
  .text.WM__GetPrevSibling
                          ro code  0x0801a3d8     0x26  WM__Private.o [3]
  .text.WM__GetFirstSibling
                          ro code  0x0801a3fe     0x12  WM__Private.o [3]
  .text._CreateStaticDevice
                          ro code  0x0801a410    0x164  GUIDEV_StaticDevices.o [3]
  .text.GUI__AlphaPreserveTrans
                          ro code  0x0801a574     0x24  GUI_SetAlpha.o [3]
  .text.WM_GetWindowOrgX  ro code  0x0801a598     0x1c  WM_Lib.o [3]
  .text.WM__Paint1        ro code  0x0801a5b4     0x94  WM.o [3]
  .text.LCD_GetXSize      ro code  0x0801a648     0x10  LCD_GetEx.o [3]
  .text.LCD_GetYSize      ro code  0x0801a658     0x10  LCD_GetEx.o [3]
  .text.WM_SetSize        ro code  0x0801a668     0x56  WM_Lib.o [3]
  .text.LCD_AA_SetAndMask
                          ro code  0x0801a6c0     0x10  LCD_AA.o [3]
  .text.WM_SetDefault     ro code  0x0801a6d0     0x14  WM.o [3]
  .text.WM_ResizeWindow   ro code  0x0801a6e4    0x108  WM_Lib.o [3]
  .text.GL_SetDefault     ro code  0x0801a7ec     0x48  GUI_Common.o [3]
  .text.WM__UpdateChildPositions
                          ro code  0x0801a834     0xec  WM__Private.o [3]
  .text.GUI_SetBkColor    ro code  0x0801a920     0x16  GUI_Common.o [3]
  .text.GUI_SetPenSize    ro code  0x0801a938     0x1c  GUI_Common.o [3]
  .text.GUI_SetTextAlign  ro code  0x0801a954     0x20  GUI_Common.o [3]
  .text.GUI_SetLineStyle  ro code  0x0801a974     0x1c  GUI_Common.o [3]
  .text.WM_MoveWindow     ro code  0x0801a990     0x1e  WM_Move.o [3]
  .text.LCD_SetBkColor    ro code  0x0801a9b0      0xc  LCD.o [3]
  .text.WM__MoveWindow    ro code  0x0801a9bc     0xa8  WM_Move.o [3]
  .text._MoveDescendents  ro code  0x0801aa64     0x72  WM_Move.o [3]
  .text.WM__InvalidateParent
                          ro code  0x0801aad6     0x2a  WM.o [3]
  .text.GUI_DispStringInRectWrap
                          ro code  0x0801ab00    0x14e  GUI_DispString.o [3]
  .text.GUI_WrapGetNumLines
                          ro code  0x0801ac4e     0x28  GUI_DispString.o [3]
  .text.GUI__WrapGetNumCharsDisp
                          ro code  0x0801ac76      0x6  GUI__Wrap.o [3]
  .text.GUI__WrapGetNumBytesToNextLine
                          ro code  0x0801ac7c     0x14  GUI__Wrap.o [3]
  .text._WrapGetNumCharsDisp
                          ro code  0x0801ac90     0x34  GUI__Wrap.o [3]
  .text.GUI__WrapGetNumCharsToNextLine
                          ro code  0x0801acc4     0x5e  GUI__Wrap.o [3]
  .text.WIDGET_HandleActive
                          ro code  0x0801ad22    0x14a  WIDGET.o [3]
  .text.WM_BringToTop     ro code  0x0801ae6c     0x80  WM_BringToTop.o [3]
  .text.WIDGET_SetState   ro code  0x0801aeec     0x2e  WIDGET.o [3]
  .text.WIDGET__GetInsideRect
                          ro code  0x0801af1a     0x1a  WIDGET.o [3]
  .text.WM_ForEachDesc    ro code  0x0801af34     0x1e  WM_Lib.o [3]
  .text.GUI__ReduceRect   ro code  0x0801af52     0x1c  GUI__Private.o [3]
  .text.WM__ForEachDesc   ro code  0x0801af6e     0x2a  WM__Private.o [3]
  .text.GUIMONO_DispChar  ro code  0x0801af98    0x13c  GUI_CharM.o [3]
  .text.WINDOW_Callback   ro code  0x0801b0d4    0x122  WINDOW.o [3]
  .text.WM_HasFocus       ro code  0x0801b1f8     0x1c  WM_Lib.o [3]
  .text.WM__IsAncestorOrSelf
                          ro code  0x0801b214      0xc  WM__Private.o [3]
  .text.WM_SetFocusOnPrevChild
                          ro code  0x0801b220     0x42  WM_SetFocusOnPrevChild.o [3]
  .text.GUI_Clear         ro code  0x0801b264     0x20  GUI_Core.o [3]
  .text._GetPrevChild     ro code  0x0801b284     0x1e  WM_SetFocusOnPrevChild.o [3]
  .text.GUI_GotoXY        ro code  0x0801b2a4     0x20  GUI_Common.o [3]
  .text.GUI_ClearRect     ro code  0x0801b2c4     0x6c  GUI_Core.o [3]
  .text.WM__GetLastSibling
                          ro code  0x0801b330     0x18  WM__Private.o [3]
  .rodata                 const    0x0801b348    0x104  font_micro_64.o [1]
  .rodata                 const    0x0801b44c    0x100  LCD_Mirror.o [3]
  .text                   ro code  0x0801b54c    0x100  LCDConf_FlexColor_Template.o [1]
  .text.GUI_DEVICE_CreateAndLink
                          ro code  0x0801b64c     0x28  GUI_Device.o [3]
  .text.LCD_SetSizeEx     ro code  0x0801b674     0x30  LCD_Set.o [3]
  .text.LCD_SetVSizeEx    ro code  0x0801b6a4     0x30  LCD_Set.o [3]
  .text.GUIDRV_FlexColor_Config
                          ro code  0x0801b6d4     0x3c  GUIDRV_FlexColor.o [3]
  .text.GUIDRV_FlexColor_SetFunc
                          ro code  0x0801b710     0x32  GUIDRV_FlexColor.o [3]
  .text.GUI_TOUCH_Calibrate
                          ro code  0x0801b744     0xbc  GUI_TOUCH_DriverAnalog.o [3]
  .text.GUIDRV_FlexColor__InitOnce
                          ro code  0x0801b800     0x3c  GUIDRV_FlexColor.o [3]
  .text                   ro code  0x0801b83c      0xc  memcpy.o [6]
  .text.GUI_Init          ro code  0x0801b848     0xfc  GUI_Core.o [3]
  .text.GUI__Config       ro code  0x0801b944     0x98  GUI_Core.o [3]
  .text._InitContext      ro code  0x0801b9dc     0x84  GUI_Core.o [3]
  .text.emWin_LCD_Init    ro code  0x0801ba60     0xa4  LCD.o [3]
  .text.LCD_GetXSizeDisplay
                          ro code  0x0801bb04      0xc  LCD_GetEx.o [3]
  .text.LCD_GetYSizeDisplay
                          ro code  0x0801bb10      0xc  LCD_GetEx.o [3]
  .text.LCD_GetXSizeMax   ro code  0x0801bb1c      0x6  LCD_GetEx.o [3]
  .text.LCD_GetYSizeMax   ro code  0x0801bb22      0x6  LCD_GetEx.o [3]
  .text.LCD_SetDisplaySize
                          ro code  0x0801bb28      0xc  LCD_GetEx.o [3]
  .text.GUI_SetOrg        ro code  0x0801bb34     0x40  GUI_Common.o [3]
  .text.WM_Init           ro code  0x0801bb74     0xf0  WM.o [3]
  .text.GUITASK_CopyContext
                          ro code  0x0801bc64     0x70  GUI_Task.o [3]
  .text.GUI_GetVersionString
                          ro code  0x0801bcd4     0x18  GUI_Common.o [3]
  .text                   ro code  0x0801bcec     0x2c  GUIConf.o [1]
  .text.GUITASK_Init      ro code  0x0801bd18     0x4c  GUI_Task.o [3]
  .text.LCD_InitColors    ro code  0x0801bd64     0x3c  LCD_Color.o [3]
  .text.LCD_InitLUT       ro code  0x0801bda0     0x88  LCD_Color.o [3]
  .text.GUI_ALLOC_AssignMemory
                          ro code  0x0801be28     0x10  GUI_Alloc.o [3]
  .text.GUI_SetDefaultFont
                          ro code  0x0801be38      0xc  GUI_Core.o [3]
  .text.LCD_GetNumLayers  ro code  0x0801be44     0x1e  LCD_GetNumDisplays.o [3]
  .text.LCD_GetBitsPerPixelEx
                          ro code  0x0801be62      0x6  LCD_GetEx.o [3]
  .text.LCD_GetNumColorsEx
                          ro code  0x0801be68      0x6  LCD_GetEx.o [3]
  .text.LCD_SetLUTEntryEx
                          ro code  0x0801be6e     0x30  LCD_Set.o [3]
  .text.GUIPROP_EXT__ClearLine
                          ro code  0x0801bea0     0xf4  GUI_EncExt.o [3]
  .text.GUIPROP_EXT__FindChar
                          ro code  0x0801bf94     0x14  GUI_CharPExt.o [3]
  .text.GUI_GetBkColor    ro code  0x0801bfa8     0x18  GUI_Common.o [3]
  .text.LCD_GetBkColorIndex
                          ro code  0x0801bfc0     0x10  LCD_GetColorIndex.o [3]
  .text._FillRect         ro code  0x0801bfd0     0xf0  GUIDRV_FlexColor_16bpp_C0B16.o [3]
  .text.GUI__memset16     ro code  0x0801c0c0     0x64  GUI__Private.o [3]
  .text._Undraw           ro code  0x0801c124     0xf0  GUI_SPRITE.o [3]
  .text.GUIPROP_DispChar  ro code  0x0801c214     0xec  GUI_CharP.o [3]
  .text.GUIPROP__FindChar
                          ro code  0x0801c300     0x14  GUI_CharP.o [3]
  .rodata                 const    0x0801c314     0xe4  font_micro_64.o [1]
  .text._XorPixel         ro code  0x0801c3f8     0xe0  GUI_SPRITE.o [3]
  .text._PixelExists      ro code  0x0801c4d8     0x44  GUI_SPRITE.o [3]
  .rodata                 const    0x0801c51c     0xd8  font_micro_64.o [1]
  .text.BUTTON_Callback   ro code  0x0801c5f4     0xd8  BUTTON.o [3]
  .text.GUI_ALLOC_FreePtrArray
                          ro code  0x0801c6cc     0x1a  GUI_Alloc.o [3]
  .text._OnButtonPressed  ro code  0x0801c6e6     0x30  BUTTON.o [3]
  .text._OnButtonReleased
                          ro code  0x0801c716     0x40  BUTTON.o [3]
  .text.WIDGET_AndState   ro code  0x0801c756     0x34  WIDGET.o [3]
  .text.GUI_StoreKey      ro code  0x0801c78c     0x10  GUI_OnKey.o [3]
  .text.GUI_CURSOR_SelectEx
                          ro code  0x0801c79c     0xcc  GUI_Cursor.o [3]
  .text.GUI_DrawBitmap    ro code  0x0801c868     0x58  GUI_DrawBitmap.o [3]
  .text.GUI_SetLayerSizeEx
                          ro code  0x0801c8c0     0x20  GUI_SelectLayer.o [3]
  .text.GUI_SPRITE_Delete
                          ro code  0x0801c8e0     0x4c  GUI_SPRITE.o [3]
  .text.GUI_SPRITE__CreateEx
                          ro code  0x0801c92c     0xcc  GUI_SPRITE.o [3]
  .text._Show             ro code  0x0801c9f8     0x30  GUI_Cursor.o [3]
  .text.GL_DrawBitmap     ro code  0x0801ca28     0xa8  GUI_DrawBitmap.o [3]
  .text._Unlink           ro code  0x0801cad0     0x1c  GUI_SPRITE.o [3]
  .text._DoColorConversion.isra.3
                          ro code  0x0801caec     0x8c  GUI_SPRITE.o [3]
  .text._Link             ro code  0x0801cb78     0x1c  GUI_SPRITE.o [3]
  .text.GUI_SetLayerVisEx
                          ro code  0x0801cb94     0x1c  GUI_SelectLayer.o [3]
  .text.GUI_SPRITE_Show   ro code  0x0801cbb0     0x4c  GUI_SPRITE.o [3]
  .text.LCD_SetVisEx      ro code  0x0801cbfc     0x2c  LCD_Set.o [3]
  .text._SetPixelIndex    ro code  0x0801cc28     0xcc  GUI_SPRITE.o [3]
  .text.TEXT_Callback     ro code  0x0801ccf4     0xc6  TEXT.o [3]
  .text.WM_GetHasTrans    ro code  0x0801cdba     0x1e  WM_SetTrans.o [3]
  .rodata                 const    0x0801cdd8     0xc0  font_micro_64.o [1]
  .rodata                 const    0x0801ce98     0xc0  font_micro_64.o [1]
  .rodata                 const    0x0801cf58     0xc0  font_micro_64.o [1]
  .rodata                 const    0x0801d018     0xc0  font_micro_64.o [1]
  .rodata                 const    0x0801d0d8     0xc0  font_micro_64.o [1]
  .text._DrawVLine        ro code  0x0801d198     0xbc  GUIDEV_16.o [3]
  .text.GUIPROP_EXT_DispChar
                          ro code  0x0801d254     0xb4  GUI_CharPExt.o [3]
  .text.WM__Paint         ro code  0x0801d308     0xb4  WM.o [3]
  .text.WM__PaintWinAndOverlays
                          ro code  0x0801d3bc     0x78  WM.o [3]
  .text._Paint1           ro code  0x0801d434     0x28  WM.o [3]
  .text._PaintTransChildren
                          ro code  0x0801d45c     0xae  WM.o [3]
  .text._Paint1Trans      ro code  0x0801d50c     0x94  WM.o [3]
  .text._DrawVLine        ro code  0x0801d5a0     0xb4  GUIDEV_32.o [3]
  .text._FillRect         ro code  0x0801d654     0xb4  GUIDEV_16.o [3]
  .text._FillRect         ro code  0x0801d708     0xb4  GUIDEV_32.o [3]
  .text.GUIDRV_FlexColor__GetPixelIndexNoCache
                          ro code  0x0801d7bc     0xb2  GUIDRV_FlexColor.o [3]
  .text._SetPhysRAMAddr   ro code  0x0801d86e     0xa6  GUIDRV_FlexColor_Func66709.o [3]
  .text._SetRect          ro code  0x0801d914     0xa6  GUIDRV_FlexColor_Func66709.o [3]
  .rodata                 const    0x0801d9bc     0xa0  font_micro_64.o [1]
  .rodata                 const    0x0801da5c     0xa0  font_micro_64.o [1]
  .text.TEXT_CreateUser   ro code  0x0801dafc     0xa0  TEXT.o [3]
  .text.WIDGET__Init      ro code  0x0801db9c     0x10  WIDGET.o [3]
  .rodata                 const    0x0801dbac     0x9c  font_micro_64.o [1]
  .rodata                 const    0x0801dc48     0x9c  font_micro_64.o [1]
  .rodata                 const    0x0801dce4     0x9c  font_micro_64.o [1]
  .rodata                 const    0x0801dd80     0x9c  font_micro_64.o [1]
  .text.GUI_USAGE_BM_GetNextDirty
                          ro code  0x0801de1c     0x9c  GUIDEV_UsageBM.o [3]
  .text._OnExit           ro code  0x0801deb8     0x9c  WM.o [3]
  .text._SetDevFunc       ro code  0x0801df54     0x9c  GUIDRV_FlexColor.o [3]
  .rodata                 const    0x0801dff0     0x98  font_micro_64.o [1]
  .rodata                 const    0x0801e088     0x98  font_micro_64.o [1]
  .rodata                 const    0x0801e120     0x98  font_micro_64.o [1]
  .rodata                 const    0x0801e1b8     0x98  font_micro_64.o [1]
  .rodata                 const    0x0801e250     0x98  font_micro_64.o [1]
  .rodata                 const    0x0801e2e8     0x98  font_micro_64.o [1]
  .rodata                 const    0x0801e380     0x98  font_micro_64.o [1]
  .rodata                 const    0x0801e418     0x98  font_micro_64.o [1]
  .rodata                 const    0x0801e4b0     0x98  font_micro_64.o [1]
  .rodata                 const    0x0801e548     0x98  font_micro_64.o [1]
  .rodata                 const    0x0801e5e0     0x98  font_micro_64.o [1]
  .rodata                 const    0x0801e678     0x98  font_micro_64.o [1]
  .rodata                 const    0x0801e710     0x98  font_micro_64.o [1]
  .rodata                 const    0x0801e7a8     0x98  font_micro_64.o [1]
  .rodata                 const    0x0801e840     0x98  font_micro_64.o [1]
  .rodata                 const    0x0801e8d8     0x98  font_micro_64.o [1]
  .text._GetWordWrap      ro code  0x0801e970     0x98  GUI__Wrap.o [3]
  .text._Exec1Draw        ro code  0x0801ea08     0x94  WM.o [3]
  .text.GUI_SaveContext_W
                          ro code  0x0801ea9c     0x14  GUI_Common.o [3]
  .text.GUI_RestoreContext
                          ro code  0x0801eab0     0x14  GUI_Common.o [3]
  .rodata                 const    0x0801eac4     0x90  font_micro_64.o [1]
  .rodata                 const    0x0801eb54     0x8c  font_micro_64.o [1]
  .text._Exec1Input       ro code  0x0801ebe0     0x8c  WM.o [3]
  .text.GUI_PollKeyMsg    ro code  0x0801ec6c     0x3c  GUI_OnKey.o [3]
  .text.WM_OnKey          ro code  0x0801eca8     0x44  WM_Lib.o [3]
  .rodata                 const    0x0801ecec     0x88  font_micro_64.o [1]
  .rodata                 const    0x0801ed74     0x88  font_micro_64.o [1]
  .text.BUTTON_CreateUser
                          ro code  0x0801edfc     0x88  BUTTON.o [3]
  .text.GUIDRV_FlexColor__SetPixelIndexNoCache
                          ro code  0x0801ee84     0x88  GUIDRV_FlexColor.o [3]
  .text.GUI__MixColorsBulk
                          ro code  0x0801ef0c     0x88  GUI__Alpha.o [3]
  .text.WM_Exec           ro code  0x0801ef94     0x88  WM.o [3]
  .rodata                 const    0x0801f01c     0x84  font_micro_64.o [1]
  .rodata                 const    0x0801f0a0     0x84  font_micro_64.o [1]
  .text._Paint            ro code  0x0801f124     0x84  BUTTON_Skin.o [3]
  .text.WM_GetWindowSizeX
                          ro code  0x0801f1a8     0x38  WM_GetWindowSize.o [3]
  .text.WM_GetWindowSizeY
                          ro code  0x0801f1e0     0x38  WM_GetWindowSize.o [3]
  .text.WM_GetActiveWindow
                          ro code  0x0801f218      0xc  WM.o [3]
  .text._GetDevFunc       ro code  0x0801f224     0x7c  GUIDRV_FlexColor.o [3]
  .rodata                 const    0x0801f2a0     0x78  font_micro_64.o [1]
  .rodata                 const    0x0801f318     0x78  font_micro_64.o [1]
  .rodata                 const    0x0801f390     0x78  font_micro_64.o [1]
  .rodata                 const    0x0801f408     0x78  touch.o [1]
  .text.GUI_TIMER_Exec    ro code  0x0801f480     0x78  GUI_Timer.o [3]
  .text.GUI_USAGE_BM_AddHLine
                          ro code  0x0801f4f8     0x78  GUIDEV_UsageBM.o [3]
  .rodata                 const    0x0801f570     0x74  font_micro_64.o [1]
  .rodata                 const    0x0801f5e4     0x74  font_micro_64.o [1]
  .rodata                 const    0x0801f658     0x74  font_micro_64.o [1]
  .rodata                 const    0x0801f6cc     0x74  font_micro_64.o [1]
  .rodata                 const    0x0801f740     0x74  font_micro_64.o [1]
  .rodata                 const    0x0801f7b4     0x74  font_micro_64.o [1]
  .rodata                 const    0x0801f828     0x74  font_micro_64.o [1]
  .rodata                 const    0x0801f89c     0x74  font_micro_64.o [1]
  .rodata                 const    0x0801f910     0x74  font_micro_64.o [1]
  .rodata                 const    0x0801f984     0x74  font_micro_64.o [1]
  .rodata                 const    0x0801f9f8     0x74  font_micro_64.o [1]
  .rodata                 const    0x0801fa6c     0x74  font_micro_64.o [1]
  .rodata                 const    0x0801fae0     0x74  font_micro_64.o [1]
  .rodata                 const    0x0801fb54     0x74  GUIDRV_FlexColor.o [3]
  .rodata                 const    0x0801fbc8     0x74  GUIDEV_16.o [3]
  .rodata                 const    0x0801fc3c     0x74  GUIDEV_32.o [3]
  .text.WINDOW_CreateUser
                          ro code  0x0801fcb0     0x70  WINDOW.o [3]
  .rodata                 const    0x0801fd20     0x6c  font_micro_64.o [1]
  .rodata                 const    0x0801fd8c     0x6c  font_micro_64.o [1]
  .text.GUIDRV_FlexColor_SetFunc66709
                          ro code  0x0801fdf8     0x6c  GUIDRV_FlexColor_Func66709.o [3]
  .text.GUI_Delay         ro code  0x0801fe64     0x6c  GUI_Time.o [3]
  .text.GUI_Exec          ro code  0x0801fed0     0x12  GUI_Common.o [3]
  .text.GUI_ALLOC_Lock    ro code  0x0801fee4     0x10  GUI_Alloc.o [3]
  .text.GUI_ALLOC_Unlock  ro code  0x0801fef4     0x10  GUI_Alloc.o [3]
  .text.GUI_Exec1         ro code  0x0801ff04     0x40  GUI_Common.o [3]
  .text.GUI_MEMDEV_WriteAt
                          ro code  0x0801ff44     0x6c  GUIDEV_Write.o [3]
  .text.GUI_MEMDEV__WriteToActiveAt
                          ro code  0x0801ffb0     0x38  GUIDEV.o [3]
  .text.LCD_GetpPalConvTableUncached
                          ro code  0x0801ffe8     0x6c  LCD_Color.o [3]
  .text._cbPaintMemDev    ro code  0x08020054     0x6c  WM.o [3]
  .rodata                 const    0x080200c0     0x68  font_micro_64.o [1]
  .text.GUIDRV_FlexColor_SetMode16bppC0B16
                          ro code  0x08020128     0x68  GUIDRV_FlexColor_16bpp_C0B16.o [3]
  .text.GUI_MULTIBUF_BeginEx
                          ro code  0x08020190     0x68  GUI_MULTIBUF.o [3]
  .text._cbBackWin        ro code  0x080201f8     0x68  WM.o [3]
  .rodata                 const    0x08020260     0x64  font_micro_32.o [1]
  .text._GetPixelIndex    ro code  0x080202c4     0x64  GUI_SPRITE.o [3]
  .rodata                 const    0x08020328     0x60  font_micro_32.o [1]
  .rodata                 const    0x08020388     0x60  font_micro_32.o [1]
  .rodata                 const    0x080203e8     0x60  font_micro_32.o [1]
  .text.LCD_DrawPixel     ro code  0x08020448     0x60  LCD.o [3]
  .text._ReadRect_16bpp_B8
                          ro code  0x080204a8     0x60  GUIDRV_FlexColor_Func66709.o [3]
  .rodata                 const    0x08020508     0x5c  font_micro_32.o [1]
  .rodata                 const    0x08020564     0x5c  font_micro_32.o [1]
  .rodata                 const    0x080205c0     0x5c  font_micro_32.o [1]
  .rodata                 const    0x0802061c     0x5c  font_micro_32.o [1]
  .rodata                 const    0x08020678     0x5c  font_micro_32.o [1]
  .rodata                 const    0x080206d4     0x5c  font_micro_32.o [1]
  .rodata                 const    0x08020730     0x5c  font_micro_64.o [1]
  .rodata                 const    0x0802078c     0x5c  font_micro_64.o [1]
  .rodata                 const    0x080207e8     0x5c  font_micro_64.o [1]
  .rodata                 const    0x08020844     0x5c  font_micro_64.o [1]
  .rodata                 const    0x080208a0     0x5c  font_micro_64.o [1]
  .rodata                 const    0x080208fc     0x5c  font_micro_64.o [1]
  .text                   ro code  0x08020958     0x5c  stm32f4xx_it.o [1]
  .text                   ro code  0x080209b4     0x18  stm32f4xx_hal.o [1]
  .text.GUI_MULTIBUF_EndEx
                          ro code  0x080209cc     0x5c  GUI_MULTIBUF.o [3]
  .text.GUI_DCACHE_Clear  ro code  0x08020a28     0x24  GUI_Core.o [3]
  .text._XorPixel         ro code  0x08020a4c     0x5c  GUIDEV_32.o [3]
  .rodata                 const    0x08020aa8     0x58  font_micro_32.o [1]
  .text._XorPixel         ro code  0x08020b00     0x58  GUIDEV_16.o [3]
  .rodata                 const    0x08020b58     0x54  font_micro_32.o [1]
  .rodata                 const    0x08020bac     0x54  font_micro_64.o [1]
  .rodata                 const    0x08020c00     0x54  font_micro_64.o [1]
  .rodata                 const    0x08020c54     0x54  font_micro_64.o [1]
  .rodata                 const    0x08020ca8     0x54  font_micro_64.o [1]
  .rodata                 const    0x08020cfc     0x54  font_micro_64.o [1]
  .rodata                 const    0x08020d50     0x54  font_micro_64.o [1]
  .rodata                 const    0x08020da4     0x54  font_micro_64.o [1]
  .rodata                 const    0x08020df8     0x54  font_micro_64.o [1]
  .text._Color2Index_0    ro code  0x08020e4c     0x52  GUICC_0.o [3]
  .text.LCD_GetNumColors  ro code  0x08020ea0     0x10  LCD_GetEx.o [3]
  .text.LCD_GetPalette    ro code  0x08020eb0     0x10  LCD_GetEx.o [3]
  .text.GUI_CalcColorDist
                          ro code  0x08020ec0     0x4a  GUI_Common.o [3]
  .text.LCD_GetPaletteEx  ro code  0x08020f0a     0x16  LCD_GetEx.o [3]
  .text._GetIndexMask_0   ro code  0x08020f20     0x52  GUICC_0.o [3]
  .rodata                 const    0x08020f74     0x4c  font_micro_32.o [1]
  .rodata                 const    0x08020fc0     0x4c  font_micro_32.o [1]
  .rodata                 const    0x0802100c     0x4c  font_micro_32.o [1]
  .rodata                 const    0x08021058     0x4c  font_micro_64.o [1]
  .rodata                 const    0x080210a4     0x4c  font_micro_64.o [1]
  .rodata                 const    0x080210f0     0x4c  font_micro_64.o [1]
  .rodata                 const    0x0802113c     0x4c  font_micro_64.o [1]
  .text._Encode           ro code  0x08021188     0x4c  GUI_UC_EncodeUTF8.o [3]
  .text._CalcSizeOfChar   ro code  0x080211d4     0x18  GUI_UC_EncodeUTF8.o [3]
  .text._SetPixelIndex    ro code  0x080211ec     0x4c  GUIDEV_16.o [3]
  .text._SetPixelIndex    ro code  0x08021238     0x4c  GUIDEV_32.o [3]
  .text._GetDevFunc_Init  ro code  0x08021284     0x4a  GUIDRV_FlexColor.o [3]
  .rodata                 const    0x080212d0     0x48  font_micro_32.o [1]
  .rodata                 const    0x08021318     0x48  font_micro_32.o [1]
  .rodata                 const    0x08021360     0x48  font_micro_32.o [1]
  .rodata                 const    0x080213a8     0x48  font_micro_32.o [1]
  .rodata                 const    0x080213f0     0x48  font_micro_32.o [1]
  .rodata                 const    0x08021438     0x48  font_micro_32.o [1]
  .rodata                 const    0x08021480     0x48  font_micro_32.o [1]
  .rodata                 const    0x080214c8     0x48  font_micro_32.o [1]
  .rodata                 const    0x08021510     0x48  font_micro_32.o [1]
  .rodata                 const    0x08021558     0x48  font_micro_32.o [1]
  .rodata                 const    0x080215a0     0x48  font_micro_32.o [1]
  .rodata                 const    0x080215e8     0x48  font_micro_32.o [1]
  .rodata                 const    0x08021630     0x48  font_micro_32.o [1]
  .rodata                 const    0x08021678     0x48  font_micro_32.o [1]
  .rodata                 const    0x080216c0     0x48  font_micro_32.o [1]
  .rodata                 const    0x08021708     0x48  font_micro_32.o [1]
  .rodata                 const    0x08021750     0x48  font_micro_32.o [1]
  .rodata                 const    0x08021798     0x48  font_micro_32.o [1]
  .rodata                 const    0x080217e0     0x48  font_micro_64.o [1]
  .rodata                 const    0x08021828     0x48  font_micro_64.o [1]
  .rodata                 const    0x08021870     0x48  task_core.o [1]
  .text.GUIDRV_FlexColor__SetLog2Phys
                          ro code  0x080218b8     0x48  GUIDRV_FlexColor.o [3]
  .text.GUIPROP_EXT__DispLine
                          ro code  0x08021900     0x48  GUI_EncExt.o [3]
  .text.LCD_AA_MixColors16
                          ro code  0x08021948     0x48  LCD_AA.o [3]
  .text._Index2ColorBulk  ro code  0x08021990     0x48  GUICC_565.o [3]
  .text._OnExit           ro code  0x080219d8     0x48  GUI_Core.o [3]
  .text.BUTTON_CreateIndirect
                          ro code  0x08021a20     0x46  BUTTON.o [3]
  .rodata                 const    0x08021a68     0x44  font_micro_32.o [1]
  .rodata                 const    0x08021aac     0x44  font_micro_32.o [1]
  .rodata                 const    0x08021af0     0x44  font_micro_32.o [1]
  .rodata                 const    0x08021b34     0x44  font_micro_32.o [1]
  .rodata                 const    0x08021b78     0x44  font_micro_32.o [1]
  .rodata                 const    0x08021bbc     0x44  font_micro_32.o [1]
  .rodata                 const    0x08021c00     0x44  font_micro_32.o [1]
  .rodata                 const    0x08021c44     0x44  font_micro_64.o [1]
  .rodata                 const    0x08021c88     0x44  font_micro_64.o [1]
  .rodata                 const    0x08021ccc     0x40  font_micro_32.o [1]
  .rodata                 const    0x08021d0c     0x40  font_micro_32.o [1]
  .rodata                 const    0x08021d4c     0x40  font_micro_32.o [1]
  .text                   ro code  0x08021d8c     0x40  task_lcd.o [1]
  .text.GUI_CURSOR_Show   ro code  0x08021dcc     0x10  GUI_Cursor.o [3]
  .text.WM_MULTIBUF_Enable
                          ro code  0x08021ddc     0x20  WM_MULTIBUF.o [3]
  .text.GUI_UC_SetEncodeUTF8
                          ro code  0x08021dfc     0x1c  GUI_UC_EncodeUTF8.o [3]
  .text.GUI_CURSOR_ShowEx
                          ro code  0x08021e18     0x38  GUI_Cursor.o [3]
  .text.TEXT_CreateIndirect
                          ro code  0x08021e50     0x40  TEXT.o [3]
  .text.WINDOW_CreateIndirect
                          ro code  0x08021e90     0x40  WINDOW.o [3]
  .text._GetCharCode      ro code  0x08021ed0     0x40  GUI_UC_EncodeUTF8.o [3]
  .text._GetDevFunc_SetRectOutside
                          ro code  0x08021f10     0x40  GUIDRV_FlexColor.o [3]
  .text._OnTouchDefault   ro code  0x08021f50     0x40  BUTTON.o [3]
  .text._SetOrientation   ro code  0x08021f90     0x40  GUIDRV_FlexColor_Func66709.o [3]
  .text                   ro code  0x08021fd0     0x40  zero_init3.o [6]
  .rodata                 const    0x08022010     0x3c  font_micro_25.o [1]
  .rodata                 const    0x0802204c     0x3c  font_micro_25.o [1]
  .rodata                 const    0x08022088     0x3c  font_micro_25.o [1]
  .rodata                 const    0x080220c4     0x3c  font_micro_25.o [1]
  .rodata                 const    0x08022100     0x3c  font_micro_32.o [1]
  .rodata                 const    0x0802213c     0x3c  font_micro_32.o [1]
  .rodata                 const    0x08022178     0x3c  font_micro_32.o [1]
  .rodata                 const    0x080221b4     0x3c  font_micro_32.o [1]
  .rodata                 const    0x080221f0     0x3c  font_micro_32.o [1]
  .rodata                 const    0x0802222c     0x3c  font_micro_32.o [1]
  .rodata                 const    0x08022268     0x3c  font_micro_32.o [1]
  .rodata                 const    0x080222a4     0x3c  font_micro_32.o [1]
  .rodata                 const    0x080222e0     0x3c  font_micro_64.o [1]
  .text.GUIPROP_EXT_GetCharDistX
                          ro code  0x0802231c     0x3c  GUI_CharPExt.o [3]
  .text.GUIPROP_GetCharDistX
                          ro code  0x08022358     0x3c  GUI_CharP.o [3]
  .text._Color2IndexBulk  ro code  0x08022394     0x3c  GUICC_565.o [3]
  .text._ReadPixel_16bpp_B16_I
                          ro code  0x080223d0     0x3c  GUIDRV_FlexColor_Func66709.o [3]
  .rodata                 const    0x0802240c     0x38  font_micro_25.o [1]
  .rodata                 const    0x08022444     0x38  font_micro_25.o [1]
  .rodata                 const    0x0802247c     0x38  font_micro_25.o [1]
  .rodata                 const    0x080224b4     0x38  font_micro_25.o [1]
  .rodata                 const    0x080224ec     0x38  font_micro_25.o [1]
  .rodata                 const    0x08022524     0x38  font_micro_25.o [1]
  .rodata                 const    0x0802255c     0x38  font_micro_25.o [1]
  .rodata                 const    0x08022594     0x38  font_micro_25.o [1]
  .rodata                 const    0x080225cc     0x38  font_micro_25.o [1]
  .rodata                 const    0x08022604     0x38  font_micro_25.o [1]
  .rodata                 const    0x0802263c     0x38  font_micro_25.o [1]
  .rodata                 const    0x08022674     0x38  font_micro_25.o [1]
  .rodata                 const    0x080226ac     0x38  font_micro_32.o [1]
  .rodata                 const    0x080226e4     0x38  font_micro_64.o [1]
  .text._DrawDownRect     ro code  0x0802271c     0x38  WIDGET_Effect_Simple.o [3]
  .text._ReadPixel_16bpp_B8
                          ro code  0x08022754     0x38  GUIDRV_FlexColor_Func66709.o [3]
  .text._Create           ro code  0x0802278c     0x36  BUTTON_Skin.o [3]
  .text._GetCharWrap      ro code  0x080227c2     0x36  GUI__Wrap.o [3]
  .text._GetRect          ro code  0x080227f8     0x36  GUIDEV_16.o [3]
  .text._GetRect          ro code  0x0802282e     0x36  GUIDEV_32.o [3]
  .rodata                 const    0x08022864     0x34  font_micro_25.o [1]
  .rodata                 const    0x08022898     0x34  font_micro_25.o [1]
  .rodata                 const    0x080228cc     0x34  font_micro_25.o [1]
  .rodata                 const    0x08022900     0x34  font_micro_25.o [1]
  .rodata                 const    0x08022934     0x34  font_micro_25.o [1]
  .rodata                 const    0x08022968     0x34  font_micro_25.o [1]
  .rodata                 const    0x0802299c     0x34  font_micro_25.o [1]
  .rodata                 const    0x080229d0     0x34  font_micro_64.o [1]
  .rodata                 const    0x08022a04     0x34  GUI_SPRITE.o [3]
  .text.GUIPROP_EXT_GetCharInfo
                          ro code  0x08022a38     0x34  GUI_CharPExt.o [3]
  .text._SetInterface     ro code  0x08022a6c     0x34  GUIDRV_FlexColor_Func66709.o [3]
  .rodata                 const    0x08022aa0     0x30  font_micro_25.o [1]
  .rodata                 const    0x08022ad0     0x30  font_micro_25.o [1]
  .rodata                 const    0x08022b00     0x30  font_micro_25.o [1]
  .rodata                 const    0x08022b30     0x30  font_micro_25.o [1]
  .rodata                 const    0x08022b60     0x30  font_micro_25.o [1]
  .rodata                 const    0x08022b90     0x30  font_micro_25.o [1]
  .rodata                 const    0x08022bc0     0x30  font_micro_32.o [1]
  .rodata                 const    0x08022bf0     0x30  font_micro_64.o [1]
  .rodata                 const    0x08022c20     0x30  task_core.o [1]
  .rodata                 const    0x08022c50     0x2c  font_micro_25.o [1]
  .rodata                 const    0x08022c7c     0x2c  font_micro_25.o [1]
  .rodata                 const    0x08022ca8     0x2c  font_micro_32.o [1]
  .rodata                 const    0x08022cd4     0x2c  font_micro_32.o [1]
  .rodata                 const    0x08022d00     0x2c  font_micro_32.o [1]
  .rodata                 const    0x08022d2c     0x2c  font_micro_32.o [1]
  .text._MULTIBUF_Begin   ro code  0x08022d58     0x2c  WM_MULTIBUF.o [3]
  .text._MULTIBUF_End     ro code  0x08022d84     0x2c  WM_MULTIBUF.o [3]
  .text._cbTimer          ro code  0x08022db0     0x2c  WM_Timer.o [3]
  .rodata                 const    0x08022ddc     0x28  font_micro_32.o [1]
  .rodata                 const    0x08022e04     0x28  font_micro_32.o [1]
  .rodata                 const    0x08022e2c     0x28  font_micro_32.o [1]
  .rodata                 const    0x08022e54     0x28  font_micro_32.o [1]
  .rodata                 const    0x08022e7c     0x28  font_micro_32.o [1]
  .rodata                 const    0x08022ea4     0x28  font_micro_32.o [1]
  .rodata                 const    0x08022ecc     0x28  font_micro_32.o [1]
  .rodata                 const    0x08022ef4     0x28  font_micro_32.o [1]
  .rodata                 const    0x08022f1c     0x28  font_micro_32.o [1]
  .rodata                 const    0x08022f44     0x28  font_micro_32.o [1]
  .rodata                 const    0x08022f6c     0x28  font_micro_32.o [1]
  .rodata                 const    0x08022f94     0x28  font_micro_32.o [1]
  .rodata                 const    0x08022fbc     0x28  font_micro_32.o [1]
  .rodata                 const    0x08022fe4     0x28  font_micro_32.o [1]
  .rodata                 const    0x0802300c     0x28  font_micro_32.o [1]
  .rodata                 const    0x08023034     0x28  font_micro_32.o [1]
  .rodata                 const    0x0802305c     0x28  font_micro_32.o [1]
  .rodata                 const    0x08023084     0x28  font_micro_32.o [1]
  .rodata                 const    0x080230ac     0x28  font_micro_32.o [1]
  .rodata                 const    0x080230d4     0x28  font_micro_32.o [1]
  .rodata                 const    0x080230fc     0x28  font_micro_32.o [1]
  .rodata                 const    0x08023124     0x28  font_micro_32.o [1]
  .rodata                 const    0x0802314c     0x28  font_micro_32.o [1]
  .rodata                 const    0x08023174     0x28  font_micro_32.o [1]
  .rodata                 const    0x0802319c     0x28  font_micro_32.o [1]
  .rodata                 const    0x080231c4     0x28  font_micro_32.o [1]
  .rodata                 const    0x080231ec     0x28  font_micro_32.o [1]
  .rodata                 const    0x08023214     0x28  font_micro_32.o [1]
  .rodata                 const    0x0802323c     0x28  font_micro_32.o [1]
  .rodata                 const    0x08023264     0x28  font_micro_32.o [1]
  .rodata                 const    0x0802328c     0x28  font_micro_32.o [1]
  .rodata                 const    0x080232b4     0x28  font_micro_32.o [1]
  .rodata                 const    0x080232dc     0x28  font_micro_32.o [1]
  .rodata                 const    0x08023304     0x28  font_micro_32.o [1]
  .rodata                 const    0x0802332c     0x28  font_micro_32.o [1]
  .rodata                 const    0x08023354     0x28  font_micro_64.o [1]
  .rodata                 const    0x0802337c     0x28  font_micro_64.o [1]
  .rodata                 const    0x080233a4     0x28  font_micro_64.o [1]
  .rodata                 const    0x080233cc     0x28  font_micro_64.o [1]
  .text.GUI_USAGE_BM_AddPixel
                          ro code  0x080233f4     0x28  GUIDEV_UsageBM.o [3]
  .text.LCD_Index2Color_565
                          ro code  0x0802341c     0x28  GUICC_565.o [3]
  .text._Color2Index_565  ro code  0x08023444     0x28  GUICC_565.o [3]
  .text._GetDevFunc       ro code  0x0802346c     0x28  GUI_SPRITE.o [3]
  .text._OnExit           ro code  0x08023494     0x28  GUI__Alpha.o [3]
  .text._SetDrawMode      ro code  0x080234bc     0x28  LCD.o [3]
  .text                   ro code  0x080234e4     0x28  data_init.o [6]
  .rodata                 const    0x0802350c     0x24  font_micro_25.o [1]
  .rodata                 const    0x08023530     0x24  font_micro_25.o [1]
  .rodata                 const    0x08023554     0x24  font_micro_25.o [1]
  .rodata                 const    0x08023578     0x24  font_micro_25.o [1]
  .rodata                 const    0x0802359c     0x24  font_micro_25.o [1]
  .rodata                 const    0x080235c0     0x24  font_micro_25.o [1]
  .rodata                 const    0x080235e4     0x24  font_micro_25.o [1]
  .rodata                 const    0x08023608     0x24  font_micro_32.o [1]
  .rodata                 const    0x0802362c     0x24  font_micro_32.o [1]
  .rodata                 const    0x08023650     0x24  font_micro_64.o [1]
  .rodata                 const    0x08023674     0x24  font_micro_64.o [1]
  .rodata                 const    0x08023698     0x24  ui_main.o [1]
  .text._GetCharSize      ro code  0x080236bc     0x24  GUI_UC_EncodeUTF8.o [3]
  .text._XorPixel         ro code  0x080236e0     0x24  GUIDRV_FlexColor.o [3]
  .text._GetPixelIndex    ro code  0x08023704      0x8  GUIDRV_FlexColor.o [3]
  .text._SetPixelIndex    ro code  0x0802370c     0x10  GUIDRV_FlexColor.o [3]
  .text                   ro code  0x0802371c     0x22  fpinit_M.o [5]
  .iar.init_table         const    0x08023740     0x20  - Linker created -
  .rodata                 const    0x08023760     0x20  font_micro_25.o [1]
  .rodata                 const    0x08023780     0x20  font_micro_25.o [1]
  .rodata                 const    0x080237a0     0x20  font_micro_25.o [1]
[...]
acGUI_Font_micro_64_0043
                        0x0801e250     0x98  Data  Gb  font_micro_64.o [1]
acGUI_Font_micro_64_0044
                        0x0801e2e8     0x98  Data  Gb  font_micro_64.o [1]
acGUI_Font_micro_64_0045
                        0x0801f910     0x74  Data  Gb  font_micro_64.o [1]
acGUI_Font_micro_64_0046
                        0x0801f984     0x74  Data  Gb  font_micro_64.o [1]
acGUI_Font_micro_64_0047
                        0x0801e380     0x98  Data  Gb  font_micro_64.o [1]
acGUI_Font_micro_64_0048
                        0x0801e418     0x98  Data  Gb  font_micro_64.o [1]
acGUI_Font_micro_64_0049
                        0x0802337c     0x28  Data  Gb  font_micro_64.o [1]
acGUI_Font_micro_64_004A
                        0x0802113c     0x4c  Data  Gb  font_micro_64.o [1]
acGUI_Font_micro_64_004B
                        0x0801e4b0     0x98  Data  Gb  font_micro_64.o [1]
acGUI_Font_micro_64_004C
                        0x0801f9f8     0x74  Data  Gb  font_micro_64.o [1]
acGUI_Font_micro_64_004D
                        0x0801cf58     0xc0  Data  Gb  font_micro_64.o [1]
acGUI_Font_micro_64_004E
                        0x0801e548     0x98  Data  Gb  font_micro_64.o [1]
acGUI_Font_micro_64_004F
                        0x0801d018     0xc0  Data  Gb  font_micro_64.o [1]
acGUI_Font_micro_64_0050
                        0x0801fa6c     0x74  Data  Gb  font_micro_64.o [1]
acGUI_Font_micro_64_0051
                        0x0801c51c     0xd8  Data  Gb  font_micro_64.o [1]
acGUI_Font_micro_64_0052
                        0x0801e5e0     0x98  Data  Gb  font_micro_64.o [1]
acGUI_Font_micro_64_0053
                        0x0801fae0     0x74  Data  Gb  font_micro_64.o [1]
acGUI_Font_micro_64_0054
                        0x0801e678     0x98  Data  Gb  font_micro_64.o [1]
acGUI_Font_micro_64_0055
                        0x0801e710     0x98  Data  Gb  font_micro_64.o [1]
acGUI_Font_micro_64_0056
                        0x0801d0d8     0xc0  Data  Gb  font_micro_64.o [1]
acGUI_Font_micro_64_0057
                        0x0801c314     0xe4  Data  Gb  font_micro_64.o [1]
acGUI_Font_micro_64_0058
                        0x0801e7a8     0x98  Data  Gb  font_micro_64.o [1]
acGUI_Font_micro_64_0059
                        0x0801e840     0x98  Data  Gb  font_micro_64.o [1]
acGUI_Font_micro_64_005A
                        0x0801e8d8     0x98  Data  Gb  font_micro_64.o [1]
acGUI_Font_micro_64_005B
                        0x080207e8     0x5c  Data  Gb  font_micro_64.o [1]
acGUI_Font_micro_64_005C
                        0x0801f0a0     0x84  Data  Gb  font_micro_64.o [1]
acGUI_Font_micro_64_005D
                        0x08020844     0x5c  Data  Gb  font_micro_64.o [1]
acGUI_Font_micro_64_005E
                        0x08021c88     0x44  Data  Gb  font_micro_64.o [1]
acGUI_Font_micro_64_005F
                        0x08024bc0      0xc  Data  Gb  font_micro_64.o [1]
acGUI_Font_micro_64_0060
                        0x080245fc     0x10  Data  Gb  font_micro_64.o [1]
acGUI_Font_micro_64_0061
                        0x08020bac     0x54  Data  Gb  font_micro_64.o [1]
acGUI_Font_micro_64_0062
                        0x0801d9bc     0xa0  Data  Gb  font_micro_64.o [1]
acGUI_Font_micro_64_0063
                        0x08020c00     0x54  Data  Gb  font_micro_64.o [1]
acGUI_Font_micro_64_0064
                        0x0801da5c     0xa0  Data  Gb  font_micro_64.o [1]
acGUI_Font_micro_64_0065
                        0x08020c54     0x54  Data  Gb  font_micro_64.o [1]
acGUI_Font_micro_64_0066
                        0x0801f2a0     0x78  Data  Gb  font_micro_64.o [1]
acGUI_Font_micro_64_0067
                        0x0801dbac     0x9c  Data  Gb  font_micro_64.o [1]
acGUI_Font_micro_64_0068
                        0x0801f318     0x78  Data  Gb  font_micro_64.o [1]
acGUI_Font_micro_64_0069
                        0x080233a4     0x28  Data  Gb  font_micro_64.o [1]
acGUI_Font_micro_64_006A
                        0x080200c0     0x68  Data  Gb  font_micro_64.o [1]
acGUI_Font_micro_64_006B
                        0x0801f390     0x78  Data  Gb  font_micro_64.o [1]
acGUI_Font_micro_64_006C
                        0x080233cc     0x28  Data  Gb  font_micro_64.o [1]
acGUI_Font_micro_64_006D
                        0x0801ecec     0x88  Data  Gb  font_micro_64.o [1]
acGUI_Font_micro_64_006E
                        0x08020ca8     0x54  Data  Gb  font_micro_64.o [1]
acGUI_Font_micro_64_006F
                        0x0801fd20     0x6c  Data  Gb  font_micro_64.o [1]
acGUI_Font_micro_64_0070
                        0x0801dc48     0x9c  Data  Gb  font_micro_64.o [1]
acGUI_Font_micro_64_0071
                        0x0801dce4     0x9c  Data  Gb  font_micro_64.o [1]
acGUI_Font_micro_64_0072
                        0x080226e4     0x38  Data  Gb  font_micro_64.o [1]
acGUI_Font_micro_64_0073
                        0x08020cfc     0x54  Data  Gb  font_micro_64.o [1]
acGUI_Font_micro_64_0074
                        0x08021828     0x48  Data  Gb  font_micro_64.o [1]
acGUI_Font_micro_64_0075
                        0x08020d50     0x54  Data  Gb  font_micro_64.o [1]
acGUI_Font_micro_64_0076
                        0x0801fd8c     0x6c  Data  Gb  font_micro_64.o [1]
acGUI_Font_micro_64_0077
                        0x0801ed74     0x88  Data  Gb  font_micro_64.o [1]
acGUI_Font_micro_64_0078
                        0x08020da4     0x54  Data  Gb  font_micro_64.o [1]
acGUI_Font_micro_64_0079
                        0x0801dd80     0x9c  Data  Gb  font_micro_64.o [1]
acGUI_Font_micro_64_007A
                        0x08020df8     0x54  Data  Gb  font_micro_64.o [1]
acGUI_Font_micro_64_007B
                        0x080208a0     0x5c  Data  Gb  font_micro_64.o [1]
acGUI_Font_micro_64_007C
                        0x080229d0     0x34  Data  Gb  font_micro_64.o [1]
acGUI_Font_micro_64_007D
                        0x080208fc     0x5c  Data  Gb  font_micro_64.o [1]
acGUI_Font_micro_64_007E
                        0x08023650     0x24  Data  Gb  font_micro_64.o [1]
acGUI_Font_micro_64_007F
                        0x08013253      0x1  Data  Gb  font_micro_64.o [1]
asc2_1206               0x08016848    0x474  Data  Gb  ILI93xx.o [1]
asc2_1608               0x08011c50    0x5f0  Data  Gb  ILI93xx.o [1]
asc2_2412               0x0800c59c    0xd5c  Data  Gb  ILI93xx.o [1]
axRef.9609              0x2001445c      0x8  Data  Lc  GUI_TOUCH_DriverAnalog.o [3]
axSample.9611           0x20014464      0x8  Data  Lc  GUI_TOUCH_DriverAnalog.o [3]
ayRef.9610              0x2001446c      0x8  Data  Lc  GUI_TOUCH_DriverAnalog.o [3]
aySample.9612           0x20014474      0x8  Data  Lc  GUI_TOUCH_DriverAnalog.o [3]
button_user_skin_set    0x08012b77     0x4e  Code  Gb  gui_common.o [1]
calendar                0x200146c8      0xc  Data  Gb  ds3231.o [1]
data_copy               0x08019991     0x5a  Code  Gb  task_core.o [1]
delay_ms                0x08009c61      0xc  Code  Gb  delay.o [1]
delay_us                0x08009c09     0x54  Code  Gb  delay.o [1]
emWin_LCD_Init          0x0801ba61     0xa4  Code  Gb  LCD.o [3]
exit                    0x08023ec7      0x4  Code  Gb  exit.o [4]
flash_tp_dve            0x20014678     0x10  Data  Gb  touch.o [1]
fputc                   0x08005643     0x18  Code  Gb  usart.o [1]
hcrc                    0x200146f8      0x8  Data  Gb  crc.o [1]
hi2c1                   0x200141a0     0x54  Data  Gb  i2c.o [1]
hspi1                   0x200140f0     0x58  Data  Gb  spi.o [1]
hsram1                  0x200141f4     0x50  Data  Gb  fsmc.o [1]
huart1                  0x20014360     0x40  Data  Gb  usart.o [1]
huart2                  0x200143a0     0x40  Data  Gb  usart.o [1]
huart3                  0x200143e0     0x40  Data  Gb  usart.o [1]
huart4                  0x20014320     0x40  Data  Gb  usart.o [1]
humi                    0x20014859      0x1  Data  Gb  task_core.o [1]
iWin.10693              0x2001444c      0x4  Data  Lc  WM.o [3]
lcddev                  0x20014668     0x10  Data  Gb  ILI93xx.o [1]
ldexp                   0x0800bf59           Code  Gb  ldexp.o [5]
ldexpl                  0x0800bf59           Code  Gb  ldexp.o [5]
localeconv              0x0800bdd9      0x4  Code  Gb  xlocale_c.o [4]
main                    0x08004821     0x9a  Code  Gb  main.o [1]
memchr                  0x0800be81           Code  Gb  memchr.o [6]
memcmp                  0x08009ae9           Code  Gb  memcmp.o [6]
memcpy                  0x0801b83d      0xc  Code  Gb  memcpy.o [6]
memmove                 0x0800f8a5      0xc  Code  Gb  memmove.o [6]
memset                  0x080135f9     0x14  Code  Gb  memset.o [6]
obuf                    0x20014244     0x50  Data  Lc  xfiles.o [4]
pcInterruptPriorityRegisters
                        0x08024e3c      0x4  Data  Lc  port.o [1]
pfSetRect.9753          0x20014518      0x4  Data  Lc  GUIDRV_FlexColor.o [3]
printf                  0x0800adcd     0x28  Code  Gb  printf.o [4]
prvAddCurrentTaskToDelayedList
                        0x0800711d     0x7e  Code  Lc  tasks.o [1]
prvAddNewTaskToReadyList
                        0x08006819     0xc2  Code  Lc  tasks.o [1]
prvCheckForValidListAndQueue
                        0x080088d9     0x4c  Code  Lc  timers.o [1]
prvCheckTasksWaitingTermination
                        0x08006ead     0x64  Code  Lc  tasks.o [1]
prvCopyDataFromQueue    0x0800656d     0x30  Code  Lc  queue.o [1]
prvCopyDataToQueue      0x080064d5     0x98  Code  Lc  queue.o [1]
prvDeleteTCB            0x08006f11     0x12  Code  Lc  tasks.o [1]
prvGetNextExpireTime    0x080086d3     0x2a  Code  Lc  timers.o [1]
prvHeapInit             0x080082f5     0x66  Code  Lc  heap_4.o [1]
prvIdleTask             0x08006e2d     0x26  Code  Lc  tasks.o [1]
prvInitialiseMutex      0x08006039     0x22  Code  Lc  queue.o [1]
prvInitialiseNewQueue   0x08006003     0x36  Code  Lc  queue.o [1]
prvInitialiseNewTask    0x08006739     0xe0  Code  Lc  tasks.o [1]
prvInitialiseTaskLists  0x08006e53     0x5a  Code  Lc  tasks.o [1]
prvInsertBlockIntoFreeList
                        0x0800835b     0x60  Code  Lc  heap_4.o [1]
prvInsertTimerInActiveList
                        0x08008725     0x50  Code  Lc  timers.o [1]
prvIsQueueEmpty         0x0800660b     0x1c  Code  Lc  queue.o [1]
prvIsQueueFull          0x08006627     0x1e  Code  Lc  queue.o [1]
prvProcessExpiredTimer  0x080085e9     0x5c  Code  Lc  timers.o [1]
prvProcessReceivedCommands
                        0x08008775     0xde  Code  Lc  timers.o [1]
prvProcessTimerOrBlockTask
                        0x08008663     0x70  Code  Lc  timers.o [1]
prvResetNextTaskUnblockTime
                        0x08006f23     0x2a  Code  Lc  tasks.o [1]
prvSampleTimeNow        0x080086fd     0x28  Code  Lc  timers.o [1]
prvSampleTimeNow::xLastTime
                        0x200147cc      0x4  Data  Lc  timers.o [1]
prvSwitchTimerLists     0x08008853     0x86  Code  Lc  timers.o [1]
prvTaskExitError        0x08007e5d     0x2a  Code  Lc  port.o [1]
prvTimerTask            0x08008649     0x1a  Code  Lc  timers.o [1]
prvUnlockQueue          0x0800659d     0x6e  Code  Lc  queue.o [1]
putchar                 0x08024101      0xc  Code  Gb  putchar.o [4]
pvPortMalloc            0x08008161    0x11a  Code  Gb  heap_4.o [1]
pvTaskIncrementMutexHeldCount
                        0x080070df     0x1e  Code  Gb  tasks.o [1]
pxCurrentTCB            0x20014780      0x4  Data  Gb  tasks.o [1]
pxCurrentTimerList      0x200147bc      0x4  Data  Lc  timers.o [1]
pxDelayedTaskList       0x20014784      0x4  Data  Lc  tasks.o [1]
pxEnd                   0x20014760      0x4  Data  Lc  heap_4.o [1]
pxOverflowDelayedTaskList
                        0x20014788      0x4  Data  Lc  tasks.o [1]
pxOverflowTimerList     0x200147c0      0x4  Data  Lc  timers.o [1]
pxPortInitialiseStack   0x08007e35     0x28  Code  Gb  port.o [1]
pxReadyTasksLists       0x2001402c     0x64  Data  Lc  tasks.o [1]
recv_buf                0x20014564     0x14  Data  Gb  main.o [1]
recv_buf1               0x20014578     0x14  Data  Gb  main.o [1]
refresh_page            0x08012241    0x402  Code  Gb  ui_main.o [1]
scalbln                 0x0800bf59           Code  Gb  ldexp.o [5]
scalblnl                0x0800bf59           Code  Gb  ldexp.o [5]
scalbn                  0x0800bf59           Code  Gb  ldexp.o [5]
scalbnl                 0x0800bf59           Code  Gb  ldexp.o [5]
scale                   0x0800b5d7     0x46  Code  Lc  xprintffull.o [4]
sec_hand                0x20014848      0x4  Data  Lc  xfail_s.o [4]
sensor_data_core        0x2001458c     0x14  Data  Gb  task_core.o [1]
sensor_data_lcd         0x200145a0     0x14  Data  Gb  task_lcd.o [1]
sgp30_data              0x20014774      0x4  Data  Gb  mylib.o [1]
sgp30_init              0x08019513     0x36  Code  Gb  mylib.o [1]
sgp30_send_cmd          0x080194cd     0x28  Code  Lc  mylib.o [1]
sgp30_soft_reset        0x080194f5     0x1e  Code  Lc  mylib.o [1]
sgp30_start             0x08019549      0xc  Code  Lc  mylib.o [1]
spg30_read              0x08019593     0xae  Code  Gb  mylib.o [1]
sprintf                 0x080127fd     0x40  Code  Gb  sprintf.o [4]
sqrt                    0x0800a9c5           Code  Gb  sqrt.o [5]
sqrtl                   0x0800a9c5           Code  Gb  sqrt.o [5]
strchr                  0x0800bde5           Code  Gb  strchr.o [6]
strcpy                  0x080139ed           Code  Gb  strcpy.o [6]
strlen                  0x0800be45           Code  Gb  strlen.o [6]
temp                    0x20014858      0x1  Data  Gb  task_core.o [1]
tp_dev                  0x2000000c     0x48  Data  Gb  touch.o [1]
ucHeap                  0x200002c4  0x12c00  Data  Lc  heap_4.o [1]
ucMaxSysCallPriority    0x2001447f      0x1  Data  Lc  port.o [1]
ui_main                 0x08012745     0x3e  Code  Gb  ui_main.o [1]
ui_main_hWin            0x200147d0      0x4  Data  Gb  ui_main.o [1]
ulMaxPRIGROUPValue      0x20014778      0x4  Data  Lc  port.o [1]
uwTick                  0x2001477c      0x4  Data  Gb  stm32f4xx_hal.o [1]
uwTickFreq              0x200002b6      0x1  Data  Gb  stm32f4xx_hal.o [1]
uwTickPrio              0x20000004      0x4  Data  Gb  stm32f4xx_hal.o [1]
uxCriticalNesting       0x20000000      0x4  Data  Lc  port.o [1]
uxCurrentNumberOfTasks  0x20014790      0x4  Data  Lc  tasks.o [1]
uxDeletedTasksWaitingCleanUp
                        0x2001478c      0x4  Data  Lc  tasks.o [1]
uxListRemove            0x08008103     0x28  Code  Gb  list.o [1]
uxPendedTicks           0x200147a0      0x4  Data  Lc  tasks.o [1]
uxSchedulerSuspended    0x200147b8      0x4  Data  Lc  tasks.o [1]
uxTaskNumber            0x200147ac      0x4  Data  Lc  tasks.o [1]
uxTopReadyPriority      0x20014798      0x4  Data  Lc  tasks.o [1]
vListInitialise         0x08008091     0x1e  Code  Gb  list.o [1]
vListInitialiseItem     0x080080af      0x6  Code  Gb  list.o [1]
vListInsert             0x080080cd     0x36  Code  Gb  list.o [1]
vListInsertEnd          0x080080b5     0x18  Code  Gb  list.o [1]
vPortEnableVFP          0x08008b6d           Code  Gb  portasm.o [1]
vPortEnterCritical      0x08007f53     0x3a  Code  Gb  port.o [1]
vPortExitCritical       0x08007f8d     0x32  Code  Gb  port.o [1]
vPortFree               0x0800827b     0x7a  Code  Gb  heap_4.o [1]
vPortStartFirstTask     0x08008b55           Code  Gb  portasm.o [1]
vPortValidateInterruptPriority
                        0x08007fe9     0x4e  Code  Gb  port.o [1]
vQueueAddToRegistry     0x08006645     0x26  Code  Gb  queue.o [1]
vQueueWaitForMessageRestricted
                        0x08006675     0x4c  Code  Gb  queue.o [1]
vTaskDelay              0x080068db     0x4e  Code  Gb  tasks.o [1]
vTaskMissedYield        0x08006e1b      0xa  Code  Gb  tasks.o [1]
vTaskPlaceOnEventList   0x08006c59     0x34  Code  Gb  tasks.o [1]
vTaskPlaceOnEventListRestricted
                        0x08006c99     0x40  Code  Gb  tasks.o [1]
vTaskPriorityInherit    0x08006f77     0xae  Code  Gb  tasks.o [1]
vTaskSetTimeOutState    0x08006d6d     0x26  Code  Gb  tasks.o [1]
vTaskStartScheduler     0x08006929     0x72  Code  Gb  tasks.o [1]
vTaskSuspendAll         0x0800699b     0x10  Code  Gb  tasks.o [1]
vTaskSwitchContext      0x08006be1     0x6e  Code  Gb  tasks.o [1]
x0.9866                 0x20014520      0x4  Data  Lc  GUIDRV_FlexColor.o [3]
x1.9868                 0x20014528      0x4  Data  Lc  GUIDRV_FlexColor.o [3]
xActiveTimerList1       0x20014618     0x14  Data  Lc  timers.o [1]
xActiveTimerList2       0x2001462c     0x14  Data  Lc  timers.o [1]
xBlockAllocatedBit      0x2001476c      0x4  Data  Lc  heap_4.o [1]
xDelayedTaskList1       0x200145b4     0x14  Data  Lc  tasks.o [1]
xDelayedTaskList2       0x200145c8     0x14  Data  Lc  tasks.o [1]
xFreeBytesRemaining     0x20014764      0x4  Data  Lc  heap_4.o [1]
xHeapStructSize         0x08024e38      0x4  Data  Lc  heap_4.o [1]
xIdleTaskHandle         0x200147b4      0x4  Data  Lc  tasks.o [1]
xLast.9626              0x20000138      0x4  Data  Lc  GUI_TOUCH_DriverAnalog.o [3]
xMinimumEverFreeBytesRemaining
                        0x20014768      0x4  Data  Lc  heap_4.o [1]
xNextTaskUnblockTime    0x200147b0      0x4  Data  Lc  tasks.o [1]
xNumOfOverflows         0x200147a8      0x4  Data  Lc  tasks.o [1]
xPendingReadyList       0x200145dc     0x14  Data  Lc  tasks.o [1]
xPortStartScheduler     0x08007e87     0xcc  Code  Gb  port.o [1]
xPortSysTickHandler     0x08007fbf     0x28  Code  Gb  port.o [1]
xQueueCreateMutex       0x0800605b     0x20  Code  Gb  queue.o [1]
xQueueGenericCreate     0x08005fad     0x56  Code  Gb  queue.o [1]
xQueueGenericReceive    0x080062ff    0x1d6  Code  Gb  queue.o [1]
xQueueGenericReset      0x08005f15     0x98  Code  Gb  queue.o [1]
xQueueGenericSend       0x0800607b    0x1a6  Code  Gb  queue.o [1]
xQueueGenericSendFromISR
                        0x08006221     0xde  Code  Gb  queue.o [1]
xQueueMutex             0x20014754      0x4  Data  Lc  GUI_X_OS.o [1]
xQueueRegistry          0x200142e0     0x40  Data  Gb  queue.o [1]
xSchedulerRunning       0x2001479c      0x4  Data  Lc  tasks.o [1]
xSemaTxDone             0x20014758      0x4  Data  Lc  GUI_X_OS.o [1]
xStart                  0x20014700      0x8  Data  Lc  heap_4.o [1]
xSuspendedTaskList      0x20014604     0x14  Data  Lc  tasks.o [1]
xTaskCheckForTimeOut    0x08006d99     0x82  Code  Gb  tasks.o [1]
xTaskCreate             0x080066c1     0x78  Code  Gb  tasks.o [1]
xTaskGetCurrentTaskHandle
                        0x08006f4d      0x8  Code  Gb  tasks.o [1]
xTaskGetSchedulerState  0x08006f57     0x20  Code  Gb  tasks.o [1]
xTaskGetTickCount       0x08006aa7      0x8  Code  Gb  tasks.o [1]
xTaskIncrementTick      0x08006aaf    0x12a  Code  Gb  tasks.o [1]
xTaskPriorityDisinherit
                        0x08007025     0xba  Code  Gb  tasks.o [1]
xTaskRemoveFromEventList
                        0x08006cdb     0x86  Code  Gb  tasks.o [1]
xTaskResumeAll          0x080069ab     0xfc  Code  Gb  tasks.o [1]
xTasksWaitingTermination
                        0x200145f0     0x14  Data  Lc  tasks.o [1]
xTickCount              0x20014794      0x4  Data  Lc  tasks.o [1]
xTimerCreateTimerTask   0x0800851d     0x48  Code  Gb  timers.o [1]
xTimerGenericCommand    0x08008565     0x84  Code  Gb  timers.o [1]
xTimerQueue             0x200147c4      0x4  Data  Lc  timers.o [1]
xTimerTaskHandle        0x200147c8      0x4  Data  Lc  timers.o [1]
xYieldPending           0x200147a4      0x4  Data  Lc  tasks.o [1]
y0.9867                 0x20014524      0x4  Data  Lc  GUIDRV_FlexColor.o [3]
y1.9869                 0x2001452c      0x4  Data  Lc  GUIDRV_FlexColor.o [3]
yLast.9627              0x2000013c      0x4  Data  Lc  GUI_TOUCH_DriverAnalog.o [3]


[1] = D:\project_file\100_demo\famil_tnb\famil_tnb\EWARM\famil_tnb\Obj
[2] = command line
[3] = STemWin_CM4_OS_wc16.a
[4] = dl7M_tlf.a
[5] = m7M_tls.a
[6] = rt7M_tl.a
[7] = shb_l.a

  97 489 bytes of readonly  code memory
  54 406 bytes of readonly  data memory
  85 086 bytes of readwrite data memory

Errors: none
Warnings: 1
