###############################################################################
#
# IAR ELF Linker V8.11.3.13950/W32 for ARM                01/Mar/2021  19:40:37
# Copyright 2007-2017 IAR Systems AB.
#
#    Output file  =  
#        D:\project_file\2_stm32Cube\famil_tnb\EWARM\famil_tnb\Exe\famil_tnb.out
#    Map file     =  
#        D:\project_file\2_stm32Cube\famil_tnb\EWARM\famil_tnb\List\famil_tnb.map
#    Command line =  
#        -f C:\Users\GAO'LI~1\AppData\Local\Temp\EWAD87.tmp
#        (D:\project_file\2_stm32Cube\famil_tnb\EWARM\famil_tnb\Obj\croutine.o
#        D:\project_file\2_stm32Cube\famil_tnb\EWARM\famil_tnb\Obj\event_groups.o
#        D:\project_file\2_stm32Cube\famil_tnb\EWARM\famil_tnb\Obj\fsmc.o
#        D:\project_file\2_stm32Cube\famil_tnb\EWARM\famil_tnb\Obj\gpio.o
#        D:\project_file\2_stm32Cube\famil_tnb\EWARM\famil_tnb\Obj\heap_4.o
#        D:\project_file\2_stm32Cube\famil_tnb\EWARM\famil_tnb\Obj\list.o
#        D:\project_file\2_stm32Cube\famil_tnb\EWARM\famil_tnb\Obj\main.o
#        D:\project_file\2_stm32Cube\famil_tnb\EWARM\famil_tnb\Obj\port.o
#        D:\project_file\2_stm32Cube\famil_tnb\EWARM\famil_tnb\Obj\portasm.o
#        D:\project_file\2_stm32Cube\famil_tnb\EWARM\famil_tnb\Obj\queue.o
#        D:\project_file\2_stm32Cube\famil_tnb\EWARM\famil_tnb\Obj\startup_stm32f407xx.o
#        D:\project_file\2_stm32Cube\famil_tnb\EWARM\famil_tnb\Obj\stm32f4xx_hal.o
#        D:\project_file\2_stm32Cube\famil_tnb\EWARM\famil_tnb\Obj\stm32f4xx_hal_cortex.o
#        D:\project_file\2_stm32Cube\famil_tnb\EWARM\famil_tnb\Obj\stm32f4xx_hal_dma.o
#        D:\project_file\2_stm32Cube\famil_tnb\EWARM\famil_tnb\Obj\stm32f4xx_hal_dma_ex.o
#        D:\project_file\2_stm32Cube\famil_tnb\EWARM\famil_tnb\Obj\stm32f4xx_hal_exti.o
#        D:\project_file\2_stm32Cube\famil_tnb\EWARM\famil_tnb\Obj\stm32f4xx_hal_flash.o
#        D:\project_file\2_stm32Cube\famil_tnb\EWARM\famil_tnb\Obj\stm32f4xx_hal_flash_ex.o
#        D:\project_file\2_stm32Cube\famil_tnb\EWARM\famil_tnb\Obj\stm32f4xx_hal_flash_ramfunc.o
#        D:\project_file\2_stm32Cube\famil_tnb\EWARM\famil_tnb\Obj\stm32f4xx_hal_gpio.o
#        D:\project_file\2_stm32Cube\famil_tnb\EWARM\famil_tnb\Obj\stm32f4xx_hal_msp.o
#        D:\project_file\2_stm32Cube\famil_tnb\EWARM\famil_tnb\Obj\stm32f4xx_hal_pwr.o
#        D:\project_file\2_stm32Cube\famil_tnb\EWARM\famil_tnb\Obj\stm32f4xx_hal_pwr_ex.o
#        D:\project_file\2_stm32Cube\famil_tnb\EWARM\famil_tnb\Obj\stm32f4xx_hal_rcc.o
#        D:\project_file\2_stm32Cube\famil_tnb\EWARM\famil_tnb\Obj\stm32f4xx_hal_rcc_ex.o
#        D:\project_file\2_stm32Cube\famil_tnb\EWARM\famil_tnb\Obj\stm32f4xx_hal_sram.o
#        D:\project_file\2_stm32Cube\famil_tnb\EWARM\famil_tnb\Obj\stm32f4xx_hal_tim.o
#        D:\project_file\2_stm32Cube\famil_tnb\EWARM\famil_tnb\Obj\stm32f4xx_hal_tim_ex.o
#        D:\project_file\2_stm32Cube\famil_tnb\EWARM\famil_tnb\Obj\stm32f4xx_hal_uart.o
#        D:\project_file\2_stm32Cube\famil_tnb\EWARM\famil_tnb\Obj\stm32f4xx_it.o
#        D:\project_file\2_stm32Cube\famil_tnb\EWARM\famil_tnb\Obj\stm32f4xx_ll_fsmc.o
#        D:\project_file\2_stm32Cube\famil_tnb\EWARM\famil_tnb\Obj\system_stm32f4xx.o
#        D:\project_file\2_stm32Cube\famil_tnb\EWARM\famil_tnb\Obj\tasks.o
#        D:\project_file\2_stm32Cube\famil_tnb\EWARM\famil_tnb\Obj\timers.o
#        D:\project_file\2_stm32Cube\famil_tnb\EWARM\famil_tnb\Obj\usart.o
#        --redirect _Printf=_PrintfFull --redirect _Scanf=_ScanfFull -o
#        D:\project_file\2_stm32Cube\famil_tnb\EWARM\famil_tnb\Exe\famil_tnb.out
#        --map
#        D:\project_file\2_stm32Cube\famil_tnb\EWARM\famil_tnb\List\famil_tnb.map
#        --config
#        D:\project_file\2_stm32Cube\famil_tnb\EWARM/stm32f407xx_flash.icf
#        --semihosting --entry __iar_program_start --vfe --text_out locale)
#
###############################################################################

*******************************************************************************
*** RUNTIME MODEL ATTRIBUTES
***

CppFlavor       = *
__SystemLibrary = DLib
__dlib_version  = 6


*******************************************************************************
*** HEAP SELECTION
***

The basic heap was selected because no calls to memory allocation
functions were found in the application outside of system library
functions, and there are calls to deallocation functions in the
application.


*******************************************************************************
*** PLACEMENT SUMMARY
***

"A0":  place at 0x08000000 { ro section .intvec };
"P1":  place in [from 0x08000000 to 0x080fffff] { ro };
define block CSTACK with size = 1K, alignment = 8 { };
define block HEAP with size = 512, alignment = 8 { };
"P2":  place in [from 0x20000000 to 0x2001ffff] {
          rw, block CSTACK, block HEAP };
initialize by copy { rw };

  Section            Kind        Address     Size  Object
  -------            ----        -------     ----  ------
"A0":                                       0x188
  .intvec            ro code  0x08000000    0x188  startup_stm32f407xx.o [1]
                            - 0x08000188    0x188

"P1":                                      0x6832
  .text              ro code  0x08000188    0xfb4  fsmc.o [1]
  .text              ro code  0x0800113c      0x6  ABImemclr4.o [5]
  .text              ro code  0x08001142     0x1e  xencoding_8859_1.o [3]
  .text              ro code  0x08001160     0x5c  stm32f4xx_hal_sram.o [1]
  .text              ro code  0x080011bc    0x292  main.o [1]
  .text              ro code  0x08001450    0x268  stm32f4xx_hal_gpio.o [1]
  .text              ro code  0x080016b8     0x28  stm32f4xx_hal.o [1]
  .text              ro code  0x080016e0     0x28  printf.o [3]
  .text              ro code  0x08001708     0x32  ABImemset48.o [5]
  .text              ro code  0x0800173c     0xec  stm32f4xx_ll_fsmc.o [1]
  .text              ro code  0x08001828     0x40  stm32f4xx_hal.o [1]
  .text              ro code  0x08001868     0x98  gpio.o [1]
  .text              ro code  0x08001900    0x350  usart.o [1]
  .text              ro code  0x08001c50    0xb14  tasks.o [1]
  .text              ro code  0x08002764    0x40c  stm32f4xx_hal_rcc.o [1]
  .text              ro code  0x08002b70    0x230  stm32f4xx_hal_rcc.o [1]
  .text              ro code  0x08002da0      0xc  stm32f4xx_hal.o [1]
  .text              ro code  0x08002dac    0xf72  xprintffull.o [3]
  .text              ro code  0x08003d20    0x15e  stm32f4xx_hal_cortex.o [1]
  .text              ro code  0x08003e80     0x4c  stm32f4xx_hal.o [1]
  .text              ro code  0x08003ecc     0x48  stm32f4xx_hal_msp.o [1]
  .text              ro code  0x08003f14    0x7bc  stm32f4xx_hal_uart.o [1]
  .text              ro code  0x080046d0    0x278  heap_4.o [1]
  .text              ro code  0x08004948     0x66  ABImemset.o [5]
  .text              ro code  0x080049ae     0x9a  list.o [1]
  .text              ro code  0x08004a48    0x25c  port.o [1]
  .text              ro code  0x08004ca4    0x430  timers.o [1]
  .text              ro code  0x080050d4     0xee  I64DivMod.o [5]
  .text              ro code  0x080051c4     0x74  xlocale_c.o [3]
  .text              ro code  0x08005238     0x16  strchr.o [5]
  .text              ro code  0x08005250     0x44  xfail_s.o [3]
  .text              ro code  0x08005294     0x36  strlen.o [5]
  .text              ro code  0x080052cc     0x58  memchr.o [5]
  .text              ro code  0x08005324      0xa  xmbcurmax.o [3]
  .text              ro code  0x08005330     0xa6  ABImemcpy.o [5]
  .text              ro code  0x080053d8    0x1a2  DblMul.o [4]
  .text              ro code  0x0800557c     0x70  frexp.o [4]
  .text              ro code  0x080055ec     0x2e  DblCmpLe.o [4]
  .text              ro code  0x0800561c     0x2e  DblCmpGe.o [4]
  .text              ro code  0x0800564c    0x13a  ldexp.o [4]
  .text              ro code  0x08005788     0x3a  DblToS32.o [4]
  .text              ro code  0x080057c4     0x22  S32ToDbl.o [4]
  .text              ro code  0x080057e8     0xe2  DblSub.o [4]
  .text              ro code  0x080058cc    0x246  DblDiv.o [4]
  .text              ro code  0x08005b14     0x28  DblToU32.o [4]
  .text              ro code  0x08005b3c     0x1a  U32ToDbl.o [4]
  .text              ro code  0x08005b58     0x28  stm32f4xx_hal_dma.o [1]
  .text              ro code  0x08005b80      0x2  stm32f4xx_hal_uart.o [1]
  .text              ro code  0x08005b82      0x2  stm32f4xx_hal_uart.o [1]
  .text              ro code  0x08005b84      0x2  stm32f4xx_hal_uart.o [1]
  CODE               ro code  0x08005b88     0xa8  portasm.o [1]
  .text              ro code  0x08005c30    0x768  queue.o [1]
  .text              ro code  0x08006398      0x2  I64DivZer.o [5]
  .text              ro code  0x0800639a      0x6  abort.o [3]
  .text              ro code  0x080063a0    0x168  DblAdd.o [4]
  .text              ro code  0x08006508     0x14  exit.o [6]
  .text              ro code  0x0800651c     0x5c  stm32f4xx_it.o [1]
  .text              ro code  0x08006578     0x18  stm32f4xx_hal.o [1]
  .text              ro code  0x08006590     0x40  zero_init3.o [5]
  .text              ro code  0x080065d0     0x38  packbits_init_single.o [5]
  .rodata            const    0x08006608     0x28  fsmc.o [1]
  .rodata            const    0x08006630     0x28  fsmc.o [1]
  .text              ro code  0x08006658     0x28  data_init.o [5]
  .rodata            const    0x08006680     0x24  main.o [1]
  .text              ro code  0x080066a4     0x22  fpinit_M.o [4]
  .iar.init_table    const    0x080066c8     0x20  - Linker created -
  .text              ro code  0x080066e8     0x20  system_stm32f4xx.o [1]
  .text              ro code  0x08006708     0x1a  cmain.o [5]
  .text              ro code  0x08006722      0x4  low_level_init.o [3]
  .text              ro code  0x08006726      0x4  exit.o [3]
  .text              ro code  0x0800672c      0xa  cexit.o [5]
  .text              ro code  0x08006736     0x16  xprout.o [3]
  .text              ro code  0x0800674c      0xc  putchar.o [3]
  .rodata            const    0x08006758     0x14  fsmc.o [1]
  .rodata            const    0x0800676c     0x14  fsmc.o [1]
  .rodata            const    0x08006780     0x10  system_stm32f4xx.o [1]
  .text              ro code  0x08006790     0x10  startup_stm32f407xx.o [1]
  .rodata            const    0x080067a0      0xc  main.o [1]
  .rodata            const    0x080067ac      0xc  main.o [1]
  .text              ro code  0x080067b8      0xc  cstartup_M.o [5]
  .rodata            const    0x080067c4      0x8  main.o [1]
  .rodata            const    0x080067cc      0x8  main.o [1]
  .rodata            const    0x080067d4      0x8  system_stm32f4xx.o [1]
  .rodata            const    0x080067dc      0x8  tasks.o [1]
  .rodata            const    0x080067e4      0x8  timers.o [1]
  .rodata            const    0x080067ec      0x8  timers.o [1]
  .rodata            const    0x080067f4      0x6  xlocale_c.o [3]
  .rodata            const    0x080067fc      0x4  heap_4.o [1]
  .rodata            const    0x08006800      0x4  port.o [1]
  .text              ro code  0x08006804      0x4  startup_stm32f407xx.o [1]
  .text              ro code  0x08006808      0x4  startup_stm32f407xx.o [1]
  .text              ro code  0x0800680c      0x4  startup_stm32f407xx.o [1]
  .text              ro code  0x08006810      0x4  startup_stm32f407xx.o [1]
  .text              ro code  0x08006814      0x4  startup_stm32f407xx.o [1]
  .text              ro code  0x08006818      0x4  startup_stm32f407xx.o [1]
  .text              ro code  0x0800681c      0x4  startup_stm32f407xx.o [1]
  .text              ro code  0x08006820      0x4  startup_stm32f407xx.o [1]
  .text              ro code  0x08006824      0x4  startup_stm32f407xx.o [1]
  .text              ro code  0x08006828      0x4  startup_stm32f407xx.o [1]
  .text              ro code  0x0800682c      0x4  startup_stm32f407xx.o [1]
  .text              ro code  0x08006830      0x4  startup_stm32f407xx.o [1]
  .text              ro code  0x08006834      0x4  startup_stm32f407xx.o [1]
  .text              ro code  0x08006838      0x4  startup_stm32f407xx.o [1]
  .text              ro code  0x0800683c      0x4  startup_stm32f407xx.o [1]
  .text              ro code  0x08006840      0x4  startup_stm32f407xx.o [1]
  .text              ro code  0x08006844      0x4  startup_stm32f407xx.o [1]
  .text              ro code  0x08006848      0x4  startup_stm32f407xx.o [1]
  .text              ro code  0x0800684c      0x4  startup_stm32f407xx.o [1]
  .text              ro code  0x08006850      0x4  startup_stm32f407xx.o [1]
  .text              ro code  0x08006854      0x4  startup_stm32f407xx.o [1]
  .text              ro code  0x08006858      0x4  startup_stm32f407xx.o [1]
  .text              ro code  0x0800685c      0x4  startup_stm32f407xx.o [1]
  .text              ro code  0x08006860      0x4  startup_stm32f407xx.o [1]
  .text              ro code  0x08006864      0x4  startup_stm32f407xx.o [1]
  .text              ro code  0x08006868      0x4  startup_stm32f407xx.o [1]
  .text              ro code  0x0800686c      0x4  startup_stm32f407xx.o [1]
  .text              ro code  0x08006870      0x4  startup_stm32f407xx.o [1]
  .text              ro code  0x08006874      0x4  startup_stm32f407xx.o [1]
  .text              ro code  0x08006878      0x4  startup_stm32f407xx.o [1]
  .text              ro code  0x0800687c      0x4  startup_stm32f407xx.o [1]
  .text              ro code  0x08006880      0x4  startup_stm32f407xx.o [1]
  .text              ro code  0x08006884      0x4  startup_stm32f407xx.o [1]
  .text              ro code  0x08006888      0x4  startup_stm32f407xx.o [1]
  .text              ro code  0x0800688c      0x4  startup_stm32f407xx.o [1]
  .text              ro code  0x08006890      0x4  startup_stm32f407xx.o [1]
  .text              ro code  0x08006894      0x4  startup_stm32f407xx.o [1]
  .text              ro code  0x08006898      0x4  startup_stm32f407xx.o [1]
  .text              ro code  0x0800689c      0x4  startup_stm32f407xx.o [1]
  .text              ro code  0x080068a0      0x4  startup_stm32f407xx.o [1]
  .text              ro code  0x080068a4      0x4  startup_stm32f407xx.o [1]
  .text              ro code  0x080068a8      0x4  startup_stm32f407xx.o [1]
  .text              ro code  0x080068ac      0x4  startup_stm32f407xx.o [1]
  .text              ro code  0x080068b0      0x4  startup_stm32f407xx.o [1]
  .text              ro code  0x080068b4      0x4  startup_stm32f407xx.o [1]
  .text              ro code  0x080068b8      0x4  startup_stm32f407xx.o [1]
  .text              ro code  0x080068bc      0x4  startup_stm32f407xx.o [1]
  .text              ro code  0x080068c0      0x4  startup_stm32f407xx.o [1]
  .text              ro code  0x080068c4      0x4  startup_stm32f407xx.o [1]
  .text              ro code  0x080068c8      0x4  startup_stm32f407xx.o [1]
  .text              ro code  0x080068cc      0x4  startup_stm32f407xx.o [1]
  .text              ro code  0x080068d0      0x4  startup_stm32f407xx.o [1]
  .text              ro code  0x080068d4      0x4  startup_stm32f407xx.o [1]
  .text              ro code  0x080068d8      0x4  startup_stm32f407xx.o [1]
  .text              ro code  0x080068dc      0x4  startup_stm32f407xx.o [1]
  .text              ro code  0x080068e0      0x4  startup_stm32f407xx.o [1]
  .text              ro code  0x080068e4      0x4  startup_stm32f407xx.o [1]
  .text              ro code  0x080068e8      0x4  startup_stm32f407xx.o [1]
  .text              ro code  0x080068ec      0x4  startup_stm32f407xx.o [1]
  .text              ro code  0x080068f0      0x4  startup_stm32f407xx.o [1]
  .text              ro code  0x080068f4      0x4  startup_stm32f407xx.o [1]
  .text              ro code  0x080068f8      0x4  startup_stm32f407xx.o [1]
  .text              ro code  0x080068fc      0x4  startup_stm32f407xx.o [1]
  .text              ro code  0x08006900      0x4  startup_stm32f407xx.o [1]
  .text              ro code  0x08006904      0x4  startup_stm32f407xx.o [1]
  .text              ro code  0x08006908      0x4  startup_stm32f407xx.o [1]
  .text              ro code  0x0800690c      0x4  startup_stm32f407xx.o [1]
  .text              ro code  0x08006910      0x4  startup_stm32f407xx.o [1]
  .text              ro code  0x08006914      0x4  startup_stm32f407xx.o [1]
  .text              ro code  0x08006918      0x4  startup_stm32f407xx.o [1]
  .text              ro code  0x0800691c      0x4  startup_stm32f407xx.o [1]
  .text              ro code  0x08006920      0x4  startup_stm32f407xx.o [1]
  .text              ro code  0x08006924      0x4  startup_stm32f407xx.o [1]
  .text              ro code  0x08006928      0x4  startup_stm32f407xx.o [1]
  .text              ro code  0x0800692c      0x4  startup_stm32f407xx.o [1]
  .text              ro code  0x08006930      0x4  startup_stm32f407xx.o [1]
  .text              ro code  0x08006934      0x4  startup_stm32f407xx.o [1]
  .rodata            const    0x08006938      0x0  zero_init3.o [5]
  .rodata            const    0x08006938      0x0  packbits_init_single.o [5]
  Initializer bytes  const    0x08006938     0x82  <for P2-1>
                            - 0x080069ba   0x6832

"P2", part 1 of 3:                           0xd5
  P2-1                        0x20000000     0xd5  <Init block>
    .data            inited   0x20000000      0x4  port.o [1]
    .data            inited   0x20000004      0x4  stm32f4xx_hal.o [1]
    .data            inited   0x20000008      0x4  system_stm32f4xx.o [1]
    .data            inited   0x2000000c     0x38  xlocale_c.o [3]
    .data            inited   0x20000044     0x48  xlocale_c.o [3]
    .data            inited   0x2000008c     0x48  xfiles.o [3]
    .data            inited   0x200000d4      0x1  stm32f4xx_hal.o [1]
                            - 0x200000d5     0xd5

"P2", part 2 of 3:                        0x12f5c
  .bss               zero     0x200000d8  0x12c00  heap_4.o [1]
  .bss               zero     0x20012cd8     0x64  tasks.o [1]
  .bss               zero     0x20012d3c     0x50  fsmc.o [1]
  .bss               zero     0x20012d8c     0x50  xfiles.o [3]
  .bss               zero     0x20012ddc     0x40  queue.o [1]
  .bss               zero     0x20012e1c     0x40  usart.o [1]
  .bss               zero     0x20012e5c     0x40  usart.o [1]
  .bss               zero     0x20012e9c     0x40  usart.o [1]
  .bss               zero     0x20012edc     0x40  usart.o [1]
  .bss               zero     0x20012f1c     0x14  tasks.o [1]
  .bss               zero     0x20012f30     0x14  tasks.o [1]
  .bss               zero     0x20012f44     0x14  tasks.o [1]
  .bss               zero     0x20012f58     0x14  tasks.o [1]
  .bss               zero     0x20012f6c     0x14  tasks.o [1]
  .bss               zero     0x20012f80     0x14  timers.o [1]
  .bss               zero     0x20012f94     0x14  timers.o [1]
  .bss               zero     0x20012fa8     0x10  fsmc.o [1]
  .bss               zero     0x20012fb8      0x8  heap_4.o [1]
  .bss               zero     0x20012fc0      0x4  fsmc.o [1]
  .bss               zero     0x20012fc4      0x4  heap_4.o [1]
  .bss               zero     0x20012fc8      0x4  heap_4.o [1]
  .bss               zero     0x20012fcc      0x4  heap_4.o [1]
  .bss               zero     0x20012fd0      0x4  heap_4.o [1]
  .bss               zero     0x20012fd4      0x4  port.o [1]
  .bss               zero     0x20012fd8      0x4  stm32f4xx_hal.o [1]
  .bss               zero     0x20012fdc      0x4  tasks.o [1]
  .bss               zero     0x20012fe0      0x4  tasks.o [1]
  .bss               zero     0x20012fe4      0x4  tasks.o [1]
  .bss               zero     0x20012fe8      0x4  tasks.o [1]
  .bss               zero     0x20012fec      0x4  tasks.o [1]
  .bss               zero     0x20012ff0      0x4  tasks.o [1]
  .bss               zero     0x20012ff4      0x4  tasks.o [1]
  .bss               zero     0x20012ff8      0x4  tasks.o [1]
  .bss               zero     0x20012ffc      0x4  tasks.o [1]
  .bss               zero     0x20013000      0x4  tasks.o [1]
  .bss               zero     0x20013004      0x4  tasks.o [1]
  .bss               zero     0x20013008      0x4  tasks.o [1]
  .bss               zero     0x2001300c      0x4  tasks.o [1]
  .bss               zero     0x20013010      0x4  tasks.o [1]
  .bss               zero     0x20013014      0x4  tasks.o [1]
  .bss               zero     0x20013018      0x4  timers.o [1]
  .bss               zero     0x2001301c      0x4  timers.o [1]
  .bss               zero     0x20013020      0x4  timers.o [1]
  .bss               zero     0x20013024      0x4  timers.o [1]
  .bss               zero     0x20013028      0x4  timers.o [1]
  .bss               zero     0x2001302c      0x4  xfail_s.o [3]
  .bss               zero     0x20013030      0x1  port.o [1]
                            - 0x20013031  0x12f59

"P2", part 3 of 3:                          0x400
  CSTACK                      0x20013038    0x400  <Block>
    CSTACK           uninit   0x20013038    0x400  <Block tail>
                            - 0x20013438    0x400


*******************************************************************************
*** INIT TABLE
***

          Address     Size
          -------     ----
Zero (__iar_zero_init3)
    1 destination range, total size 0x12f59:
          0x200000d8  0x12f59

Copy/packbits (__iar_packbits_init_single3)
    1 source range, total size 0x82 (61% of destination):
          0x08006938     0x82
    1 destination range, total size 0xd5:
          0x20000000     0xd5



*******************************************************************************
*** MODULE SUMMARY
***

    Module                  ro code  ro data  rw data
    ------                  -------  -------  -------
D:\project_file\2_stm32Cube\famil_tnb\EWARM\famil_tnb\Obj: [1]
    fsmc.o                    4 020      120      100
    gpio.o                      152
    heap_4.o                    632        4   76 824
    list.o                      154
    main.o                      658       76
    port.o                      604        6        9
    portasm.o                   168
    queue.o                   1 896                64
    startup_stm32f407xx.o       716
    stm32f4xx_hal.o             216        3        9
    stm32f4xx_hal_cortex.o      350
    stm32f4xx_hal_dma.o          40
    stm32f4xx_hal_gpio.o        616
    stm32f4xx_hal_msp.o          72
    stm32f4xx_hal_rcc.o       1 596
    stm32f4xx_hal_sram.o         92
    stm32f4xx_hal_uart.o      1 986
    stm32f4xx_it.o               92
    stm32f4xx_ll_fsmc.o         236
    system_stm32f4xx.o           32       27        4
    tasks.o                   2 836        8      260
    timers.o                  1 072       16       60
    usart.o                     848               256
    -------------------------------------------------
    Total:                   19 084      260   77 586

command line: [2]
    -------------------------------------------------
    Total:

dl7M_tlf.a: [3]
    abort.o                       6
    exit.o                        4
    low_level_init.o              4
    printf.o                     40
    putchar.o                    12
    xencoding_8859_1.o           30
    xfail_s.o                    68                 4
    xfiles.o                              44      152
    xlocale_c.o                 116       84      128
    xmbcurmax.o                  10
    xprintffull.o             3 954
    xprout.o                     22
    -------------------------------------------------
    Total:                    4 266      128      284

m7M_tls.a: [4]
    DblAdd.o                    360
    DblCmpGe.o                   46
    DblCmpLe.o                   46
    DblDiv.o                    582
    DblMul.o                    418
    DblSub.o                    226
    DblToS32.o                   58
    DblToU32.o                   40
    S32ToDbl.o                   34
    U32ToDbl.o                   26
    fpinit_M.o                   34
    frexp.o                     112
    ldexp.o                     314
    -------------------------------------------------
    Total:                    2 296

rt7M_tl.a: [5]
    ABImemclr4.o                  6
    ABImemcpy.o                 166
    ABImemset.o                 102
    ABImemset48.o                50
    I64DivMod.o                 238
    I64DivZer.o                   2
    cexit.o                      10
    cmain.o                      26
    cstartup_M.o                 12
    data_init.o                  40
    memchr.o                     88
    packbits_init_single.o       56
    strchr.o                     22
    strlen.o                     54
    zero_init3.o                 64
    -------------------------------------------------
    Total:                      936

shb_l.a: [6]
    exit.o                       20
    -------------------------------------------------
    Total:                       20

    Gaps                         40        4
    Linker created                        32    1 024
-----------------------------------------------------
    Grand Total:             26 642      424   78 894


*******************************************************************************
*** ENTRY LIST
***

Entry                      Address     Size  Type      Object
-----                      -------     ----  ----      ------
.iar.init_table$$Base   0x080066c8            --   Gb  - Linker created -
.iar.init_table$$Limit  0x080066e8            --   Gb  - Linker created -
?main                   0x08006709           Code  Gb  cmain.o [5]
AHBPrescTable           0x08006780     0x10  Data  Gb  system_stm32f4xx.o [1]
APBPrescTable           0x080067d4      0x8  Data  Gb  system_stm32f4xx.o [1]
BusFault_Handler        0x08006523      0x2  Code  Gb  stm32f4xx_it.o [1]
CSTACK$$Base            0x20013038            --   Gb  - Linker created -
CSTACK$$Limit           0x20013438            --   Gb  - Linker created -
CacheMore               0x080051c9     0x24  Code  Lc  xlocale_c.o [3]
DebugMon_Handler        0x08006527      0x2  Code  Gb  stm32f4xx_it.o [1]
Error_Handler           0x0800144d      0x2  Code  Gb  main.o [1]
FSMC_Initialized        0x20012fc0      0x4  Data  Lc  fsmc.o [1]
FSMC_NORSRAM_Extended_Timing_Init
                        0x080017dd     0x44  Code  Gb  stm32f4xx_ll_fsmc.o [1]
FSMC_NORSRAM_Init       0x0800173d     0x5a  Code  Gb  stm32f4xx_ll_fsmc.o [1]
FSMC_NORSRAM_Timing_Init
                        0x08001797     0x46  Code  Gb  stm32f4xx_ll_fsmc.o [1]
HAL_DMA_Abort_IT        0x08005b59     0x28  Code  Gb  stm32f4xx_hal_dma.o [1]
HAL_Delay               0x080016b9     0x28  Code  Wk  stm32f4xx_hal.o [1]
HAL_FSMC_MspInit        0x0800024f     0x84  Code  Lc  fsmc.o [1]
HAL_GPIO_Init           0x08001451    0x21c  Code  Gb  stm32f4xx_hal_gpio.o [1]
HAL_GPIO_WritePin       0x0800166d     0x14  Code  Gb  stm32f4xx_hal_gpio.o [1]
HAL_GetTick             0x08002da1      0xc  Code  Wk  stm32f4xx_hal.o [1]
HAL_IncTick             0x08006579     0x18  Code  Wk  stm32f4xx_hal.o [1]
HAL_Init                0x08001829     0x3a  Code  Gb  stm32f4xx_hal.o [1]
HAL_InitTick            0x08003e81     0x4c  Code  Wk  stm32f4xx_hal.o [1]
HAL_MspInit             0x08003ecd     0x48  Code  Gb  stm32f4xx_hal_msp.o [1]
HAL_NVIC_EnableIRQ      0x08003e3b      0xe  Code  Gb  stm32f4xx_hal_cortex.o [1]
HAL_NVIC_SetPriority    0x08003e11     0x2a  Code  Gb  stm32f4xx_hal_cortex.o [1]
HAL_NVIC_SetPriorityGrouping
                        0x08003e05      0xc  Code  Gb  stm32f4xx_hal_cortex.o [1]
HAL_RCC_ClockConfig     0x08002b71    0x14c  Code  Gb  stm32f4xx_hal_rcc.o [1]
HAL_RCC_GetHCLKFreq     0x08002cbd      0x6  Code  Gb  stm32f4xx_hal_rcc.o [1]
HAL_RCC_GetPCLK1Freq    0x08002cc3     0x16  Code  Gb  stm32f4xx_hal_rcc.o [1]
HAL_RCC_GetPCLK2Freq    0x08002cd9     0x16  Code  Gb  stm32f4xx_hal_rcc.o [1]
HAL_RCC_OscConfig       0x08002765    0x40c  Code  Wk  stm32f4xx_hal_rcc.o [1]
HAL_SRAM_Init           0x08001161     0x5c  Code  Gb  stm32f4xx_hal_sram.o [1]
HAL_SRAM_MspInit        0x080002d3      0xa  Code  Gb  fsmc.o [1]
HAL_SYSTICK_Config      0x08003e49      0xc  Code  Gb  stm32f4xx_hal_cortex.o [1]
HAL_SYSTICK_IRQHandler  0x08003e75      0x8  Code  Gb  stm32f4xx_hal_cortex.o [1]
HAL_UART_IRQHandler     0x0800406b    0x150  Code  Gb  stm32f4xx_hal_uart.o [1]
HAL_UART_Init           0x08003f15     0x76  Code  Gb  stm32f4xx_hal_uart.o [1]
HAL_UART_MspInit        0x08001a37    0x1cc  Code  Gb  usart.o [1]
HAL_UART_Transmit       0x08003f8b     0xe0  Code  Gb  stm32f4xx_hal_uart.o [1]
HardFault_Handler       0x0800651f      0x2  Code  Gb  stm32f4xx_it.o [1]
LoadInt                 0x08002f7b     0x7a  Code  Lc  xprintffull.o [3]
MX_FSMC_Init            0x08000189     0xc6  Code  Gb  fsmc.o [1]
MX_GPIO_Init            0x08001869     0x98  Code  Gb  gpio.o [1]
MX_UART4_Init           0x08001901     0x58  Code  Gb  usart.o [1]
MX_USART1_UART_Init     0x08001959     0x56  Code  Gb  usart.o [1]
MX_USART2_UART_Init     0x080019af     0x44  Code  Gb  usart.o [1]
MX_USART3_UART_Init     0x080019f3     0x44  Code  Gb  usart.o [1]
MemManage_Handler       0x08006521      0x2  Code  Gb  stm32f4xx_it.o [1]
NMI_Handler             0x0800651d      0x2  Code  Gb  stm32f4xx_it.o [1]
NVIC_EncodePriority     0x08003d93     0x42  Code  Lc  stm32f4xx_hal_cortex.o [1]
PendSV_Handler          0x08005b89           Code  Gb  portasm.o [1]
Region$$Table$$Base     0x080066c8            --   Gb  - Linker created -
Region$$Table$$Limit    0x080066e8            --   Gb  - Linker created -
SVC_Handler             0x08005be1           Code  Gb  portasm.o [1]
SysTick_Config          0x08003dd5     0x30  Code  Lc  stm32f4xx_hal_cortex.o [1]
SysTick_Handler         0x08006529     0x18  Code  Gb  stm32f4xx_it.o [1]
SystemClock_Config      0x08001381     0xaa  Code  Gb  main.o [1]
SystemCoreClock         0x20000008      0x4  Data  Gb  system_stm32f4xx.o [1]
SystemInit              0x080066e9     0x16  Code  Gb  system_stm32f4xx.o [1]
Task0_Task              0x08001215     0x14  Code  Gb  main.o [1]
Task1_Task              0x08001229    0x158  Code  Gb  main.o [1]
UART4_IRQHandler        0x0800655f      0xa  Code  Gb  stm32f4xx_it.o [1]
UART_DMAAbortOnError    0x0800424d     0x16  Code  Lc  stm32f4xx_hal_uart.o [1]
UART_EndRxTransfer      0x08004229     0x20  Code  Lc  stm32f4xx_hal_uart.o [1]
UART_EndTransmit_IT     0x080042d3     0x20  Code  Lc  stm32f4xx_hal_uart.o [1]
UART_Receive_IT         0x080042f3     0xae  Code  Lc  stm32f4xx_hal_uart.o [1]
UART_SetConfig          0x080043a1    0x322  Code  Lc  stm32f4xx_hal_uart.o [1]
UART_Transmit_IT        0x08004265     0x6e  Code  Lc  stm32f4xx_hal_uart.o [1]
UART_WaitOnFlagUntilTimeout
                        0x080041bb     0x6e  Code  Lc  stm32f4xx_hal_uart.o [1]
USART1_IRQHandler       0x08006541      0xa  Code  Gb  stm32f4xx_it.o [1]
USART2_IRQHandler       0x0800654b      0xa  Code  Gb  stm32f4xx_it.o [1]
USART3_IRQHandler       0x08006555      0xa  Code  Gb  stm32f4xx_it.o [1]
UsageFault_Handler      0x08006525      0x2  Code  Gb  stm32f4xx_it.o [1]
_Encoding_8859_1_Mbrlen
                        0x08001155      0x2  Code  Gb  xencoding_8859_1.o [3]
_Encoding_8859_1_Wctomb
                        0x08001143     0x12  Code  Gb  xencoding_8859_1.o [3]
_GenldFull              0x080039ef    0x27e  Code  Lc  xprintffull.o [3]
_LdtobFull              0x080035d5    0x3f0  Code  Lc  xprintffull.o [3]
_LitobFull              0x08003479    0x116  Code  Lc  xprintffull.o [3]
_Locale_lconv           0x2000000c     0x38  Data  Lc  xlocale_c.o [3]
_PrintfFull             0x08002dad    0x1b6  Code  Gb  xprintffull.o [3]
_Prout                  0x08006737     0x16  Code  Gb  xprout.o [3]
_PutcharsFull           0x08003c6d     0x2e  Code  Lc  xprintffull.o [3]
_PutfldFull             0x08002ff5    0x2d0  Code  Lc  xprintffull.o [3]
_PutstrFull             0x080033bb     0xbe  Code  Lc  xprintffull.o [3]
_PuttxtFull             0x080032c5     0xf6  Code  Lc  xprintffull.o [3]
__NVIC_EnableIRQ        0x08003d4f     0x1e  Code  Lc  stm32f4xx_hal_cortex.o [1]
__NVIC_GetPriorityGrouping
                        0x08003d43      0xc  Code  Lc  stm32f4xx_hal_cortex.o [1]
__NVIC_SetPriority      0x08003d6d     0x26  Code  Lc  stm32f4xx_hal_cortex.o [1]
__NVIC_SetPriorityGrouping
                        0x08003d21     0x22  Code  Lc  stm32f4xx_hal_cortex.o [1]
__aeabi_cdcmple         0x080055ed           Code  Gb  DblCmpLe.o [4]
__aeabi_cdrcmple        0x0800561d           Code  Gb  DblCmpGe.o [4]
__aeabi_d2iz            0x08005789           Code  Gb  DblToS32.o [4]
__aeabi_d2uiz           0x08005b15           Code  Gb  DblToU32.o [4]
__aeabi_ddiv            0x080058cd           Code  Gb  DblDiv.o [4]
__aeabi_dmul            0x080053d9           Code  Gb  DblMul.o [4]
__aeabi_dsub            0x080057e9           Code  Gb  DblSub.o [4]
__aeabi_i2d             0x080057c5           Code  Gb  S32ToDbl.o [4]
__aeabi_ldiv0           0x08006399           Code  Gb  I64DivZer.o [5]
__aeabi_memclr4         0x0800113d           Code  Gb  ABImemclr4.o [5]
__aeabi_memcpy          0x08005331           Code  Gb  ABImemcpy.o [5]
__aeabi_memcpy4         0x08005351           Code  Gb  ABImemcpy.o [5]
__aeabi_memcpy8         0x08005351           Code  Gb  ABImemcpy.o [5]
__aeabi_memset          0x08004949           Code  Gb  ABImemset.o [5]
__aeabi_ui2d            0x08005b3d           Code  Gb  U32ToDbl.o [4]
__aeabi_uldivmod        0x080050d5           Code  Gb  I64DivMod.o [5]
__cmain                 0x08006709           Code  Gb  cmain.o [5]
__exit                  0x08006509     0x14  Code  Gb  exit.o [6]
__iar_Fail_s            0x08005251     0x1e  Code  Gb  xfail_s.o [3]
__iar_Mbcurmax          0x08005325      0xa  Code  Gb  xmbcurmax.o [3]
__iar_Memchr            0x080052cd           Code  Gb  memchr.o [5]
__iar_Memset            0x08004949           Code  Gb  ABImemset.o [5]
__iar_Memset4_word      0x08001709           Code  Gb  ABImemset48.o [5]
__iar_Memset8_word      0x08001709           Code  Gb  ABImemset48.o [5]
__iar_Memset_word       0x08004951           Code  Gb  ABImemset.o [5]
__iar_Stdout            0x2000008c     0x48  Data  Gb  xfiles.o [3]
__iar_Strchr            0x08005239           Code  Gb  strchr.o [5]
__iar_dadd              0x080057f9           Code  Gb  DblSub.o [4]
__iar_data_init3        0x08006659     0x28  Code  Gb  data_init.o [5]
__iar_dsub              0x080063a1           Code  Gb  DblAdd.o [4]
__iar_dsubStart         0x080063b3           Code  Gb  DblAdd.o [4]
__iar_frexp             0x08005589           Code  Gb  frexp.o [4]
__iar_frexpl            0x08005589           Code  Gb  frexp.o [4]
__iar_globLocale        0x20000044     0x48  Data  Lc  xlocale_c.o [3]
__iar_global_Locale     0x080051c5      0x4  Code  Gb  xlocale_c.o [3]
__iar_init_vfp          0x080066a5           Code  Gb  fpinit_M.o [4]
__iar_ldexp64           0x0800564d           Code  Gb  ldexp.o [4]
__iar_packbits_init_single3
                        0x080065d1     0x38  Code  Gb  packbits_init_single.o [5]
__iar_program_start     0x080067b9           Code  Gb  cstartup_M.o [5]
__iar_scalbln64         0x0800564d           Code  Gb  ldexp.o [4]
__iar_scalbn64          0x0800564d           Code  Gb  ldexp.o [4]
__iar_softfp___iar_frexp64
                        0x0800557d           Code  Gb  frexp.o [4]
__iar_softfp_frexp      0x0800557d           Code  Gb  frexp.o [4]
__iar_softfp_frexpl     0x0800557d           Code  Gb  frexp.o [4]
__iar_systems$$module {Abs}
                        0x00000001           Data  Gb  command line/config [2]
__iar_zero_init3        0x08006591     0x40  Code  Gb  zero_init3.o [5]
__low_level_init        0x08006723      0x4  Code  Gb  low_level_init.o [3]
__vector_table          0x08000000           Data  Gb  startup_stm32f407xx.o [1]
_call_main              0x08006715           Code  Gb  cmain.o [5]
_exit                   0x0800672d           Code  Gb  cexit.o [5]
_gLocale_mblen          0x08005225      0x4  Code  Gb  xlocale_c.o [3]
_gLocale_mblenInt       0x080051ed     0x34  Code  Gb  xlocale_c.o [3]
_gLocale_wctomb         0x08005229      0x4  Code  Gb  xlocale_c.o [3]
_gLocale_wctombInt      0x08005221      0x4  Code  Gb  xlocale_c.o [3]
_main                   0x0800671f           Code  Gb  cmain.o [5]
abort                   0x0800639b      0x6  Code  Gb  abort.o [3]
exit                    0x08006727      0x4  Code  Gb  exit.o [3]
fputc                   0x08001c03     0x18  Code  Gb  usart.o [1]
hsram1                  0x20012d3c     0x50  Data  Gb  fsmc.o [1]
huart1                  0x20012e5c     0x40  Data  Gb  usart.o [1]
huart2                  0x20012e9c     0x40  Data  Gb  usart.o [1]
huart3                  0x20012edc     0x40  Data  Gb  usart.o [1]
huart4                  0x20012e1c     0x40  Data  Gb  usart.o [1]
lcd_backlight_ctrl      0x080002dd     0x26  Code  Gb  fsmc.o [1]
lcd_clear               0x080009cb     0x34  Code  Gb  fsmc.o [1]
lcd_display_on          0x08000451     0x3e  Code  Gb  fsmc.o [1]
lcd_draw_circle         0x08001013    0x12a  Code  Gb  fsmc.o [1]
lcd_draw_line           0x08000e29    0x16e  Code  Gb  fsmc.o [1]
lcd_draw_point          0x08000c93     0x22  Code  Gb  fsmc.o [1]
lcd_draw_rect           0x08000f97     0x7c  Code  Gb  fsmc.o [1]
lcd_init                0x080009ff    0x294  Code  Gb  fsmc.o [1]
lcd_params              0x20012fa8     0x10  Data  Gb  fsmc.o [1]
lcd_read_data           0x08000323     0x14  Code  Lc  fsmc.o [1]
lcd_read_id             0x08000337    0x11a  Code  Lc  fsmc.o [1]
lcd_set_cursor          0x080008ef     0xc0  Code  Lc  fsmc.o [1]
lcd_set_display_drection
                        0x08000745    0x1aa  Code  Lc  fsmc.o [1]
lcd_set_scan_direction  0x0800048f    0x2b6  Code  Lc  fsmc.o [1]
lcd_set_window          0x08000cb5    0x13a  Code  Gb  fsmc.o [1]
lcd_write_cmd           0x08000303     0x10  Code  Lc  fsmc.o [1]
lcd_write_data          0x08000313     0x10  Code  Lc  fsmc.o [1]
lcd_write_ram           0x080009bd      0xe  Code  Lc  fsmc.o [1]
lcd_write_ram_start     0x080009af      0xe  Code  Lc  fsmc.o [1]
ldexp                   0x0800564d           Code  Gb  ldexp.o [4]
ldexpl                  0x0800564d           Code  Gb  ldexp.o [4]
localeconv              0x0800522d      0x4  Code  Gb  xlocale_c.o [3]
main                    0x080011bd     0x58  Code  Gb  main.o [1]
memchr                  0x080052cd           Code  Gb  memchr.o [5]
obuf                    0x20012d8c     0x50  Data  Lc  xfiles.o [3]
pcInterruptPriorityRegisters
                        0x08006800      0x4  Data  Lc  port.o [1]
printf                  0x080016e1     0x28  Code  Gb  printf.o [3]
prvAddCurrentTaskToDelayedList
                        0x080026a5     0x7e  Code  Lc  tasks.o [1]
prvAddNewTaskToReadyList
                        0x08001da9     0xc2  Code  Lc  tasks.o [1]
prvCheckForValidListAndQueue
                        0x08005061     0x4c  Code  Lc  timers.o [1]
prvCheckTasksWaitingTermination
                        0x0800243d     0x64  Code  Lc  tasks.o [1]
prvCopyDataFromQueue    0x08006247     0x30  Code  Lc  queue.o [1]
prvCopyDataToQueue      0x080061af     0x98  Code  Lc  queue.o [1]
prvDeleteTCB            0x080024a1     0x12  Code  Lc  tasks.o [1]
prvGetNextExpireTime    0x08004e5b     0x2a  Code  Lc  timers.o [1]
prvHeapInit             0x08004865     0x66  Code  Lc  heap_4.o [1]
prvIdleTask             0x080023bd     0x26  Code  Lc  tasks.o [1]
prvInitialiseNewQueue   0x08005d1f     0x36  Code  Lc  queue.o [1]
prvInitialiseNewTask    0x08001cc9     0xe0  Code  Lc  tasks.o [1]
prvInitialiseTaskLists  0x080023e3     0x5a  Code  Lc  tasks.o [1]
prvInsertBlockIntoFreeList
                        0x080048cb     0x60  Code  Lc  heap_4.o [1]
prvInsertTimerInActiveList
                        0x08004ead     0x50  Code  Lc  timers.o [1]
prvIsQueueEmpty         0x080062e5     0x1c  Code  Lc  queue.o [1]
prvIsQueueFull          0x08006301     0x1e  Code  Lc  queue.o [1]
prvProcessExpiredTimer  0x08004d71     0x5c  Code  Lc  timers.o [1]
prvProcessReceivedCommands
                        0x08004efd     0xde  Code  Lc  timers.o [1]
prvProcessTimerOrBlockTask
                        0x08004deb     0x70  Code  Lc  timers.o [1]
prvResetNextTaskUnblockTime
                        0x080024b3     0x2a  Code  Lc  tasks.o [1]
prvSampleTimeNow        0x08004e85     0x28  Code  Lc  timers.o [1]
prvSampleTimeNow::xLastTime
                        0x20013028      0x4  Data  Lc  timers.o [1]
prvSwitchTimerLists     0x08004fdb     0x86  Code  Lc  timers.o [1]
prvTaskExitError        0x08004a71     0x2a  Code  Lc  port.o [1]
prvTimerTask            0x08004dd1     0x1a  Code  Lc  timers.o [1]
prvUnlockQueue          0x08006277     0x6e  Code  Lc  queue.o [1]
putchar                 0x0800674d      0xc  Code  Gb  putchar.o [3]
pvPortMalloc            0x080046d1    0x11a  Code  Gb  heap_4.o [1]
pvTaskIncrementMutexHeldCount
                        0x08002665     0x1e  Code  Gb  tasks.o [1]
pxCurrentTCB            0x20012fdc      0x4  Data  Gb  tasks.o [1]
pxCurrentTimerList      0x20013018      0x4  Data  Lc  timers.o [1]
pxDelayedTaskList       0x20012fe0      0x4  Data  Lc  tasks.o [1]
pxEnd                   0x20012fc4      0x4  Data  Lc  heap_4.o [1]
pxOverflowDelayedTaskList
                        0x20012fe4      0x4  Data  Lc  tasks.o [1]
pxOverflowTimerList     0x2001301c      0x4  Data  Lc  timers.o [1]
pxPortInitialiseStack   0x08004a49     0x28  Code  Gb  port.o [1]
pxReadyTasksLists       0x20012cd8     0x64  Data  Lc  tasks.o [1]
scalbln                 0x0800564d           Code  Gb  ldexp.o [4]
scalblnl                0x0800564d           Code  Gb  ldexp.o [4]
scalbn                  0x0800564d           Code  Gb  ldexp.o [4]
scalbnl                 0x0800564d           Code  Gb  ldexp.o [4]
scale                   0x0800358f     0x46  Code  Lc  xprintffull.o [3]
sec_hand                0x2001302c      0x4  Data  Lc  xfail_s.o [3]
strchr                  0x08005239           Code  Gb  strchr.o [5]
strlen                  0x08005295           Code  Gb  strlen.o [5]
ucHeap                  0x200000d8  0x12c00  Data  Lc  heap_4.o [1]
ucMaxSysCallPriority    0x20013030      0x1  Data  Lc  port.o [1]
ulMaxPRIGROUPValue      0x20012fd4      0x4  Data  Lc  port.o [1]
uwTick                  0x20012fd8      0x4  Data  Gb  stm32f4xx_hal.o [1]
uwTickFreq              0x200000d4      0x1  Data  Gb  stm32f4xx_hal.o [1]
uwTickPrio              0x20000004      0x4  Data  Gb  stm32f4xx_hal.o [1]
uxCriticalNesting       0x20000000      0x4  Data  Lc  port.o [1]
uxCurrentNumberOfTasks  0x20012fec      0x4  Data  Lc  tasks.o [1]
uxDeletedTasksWaitingCleanUp
                        0x20012fe8      0x4  Data  Lc  tasks.o [1]
uxListRemove            0x08004a21     0x28  Code  Gb  list.o [1]
uxPendedTicks           0x20012ffc      0x4  Data  Lc  tasks.o [1]
uxSchedulerSuspended    0x20013014      0x4  Data  Lc  tasks.o [1]
uxTaskNumber            0x20013008      0x4  Data  Lc  tasks.o [1]
uxTopReadyPriority      0x20012ff4      0x4  Data  Lc  tasks.o [1]
vListInitialise         0x080049af     0x1e  Code  Gb  list.o [1]
vListInitialiseItem     0x080049cd      0x6  Code  Gb  list.o [1]
vListInsert             0x080049eb     0x36  Code  Gb  list.o [1]
vListInsertEnd          0x080049d3     0x18  Code  Gb  list.o [1]
vPortEnableVFP          0x08005c15           Code  Gb  portasm.o [1]
vPortEnterCritical      0x08004b67     0x3a  Code  Gb  port.o [1]
vPortExitCritical       0x08004ba1     0x32  Code  Gb  port.o [1]
vPortFree               0x080047eb     0x7a  Code  Gb  heap_4.o [1]
vPortStartFirstTask     0x08005bfd           Code  Gb  portasm.o [1]
vPortValidateInterruptPriority
                        0x08004bfd     0x4e  Code  Gb  port.o [1]
vQueueAddToRegistry     0x0800631f     0x26  Code  Gb  queue.o [1]
vQueueWaitForMessageRestricted
                        0x0800634d     0x4c  Code  Gb  queue.o [1]
vTaskDelay              0x08001e6b     0x4e  Code  Gb  tasks.o [1]
vTaskMissedYield        0x080023ab      0xa  Code  Gb  tasks.o [1]
vTaskPlaceOnEventList   0x080021e9     0x34  Code  Gb  tasks.o [1]
vTaskPlaceOnEventListRestricted
                        0x08002229     0x40  Code  Gb  tasks.o [1]
vTaskPriorityInherit    0x080024fd     0xae  Code  Gb  tasks.o [1]
vTaskSetTimeOutState    0x080022fd     0x26  Code  Gb  tasks.o [1]
vTaskStartScheduler     0x08001eb9     0x72  Code  Gb  tasks.o [1]
vTaskSuspendAll         0x08001f2b     0x10  Code  Gb  tasks.o [1]
vTaskSwitchContext      0x08002171     0x6e  Code  Gb  tasks.o [1]
xActiveTimerList1       0x20012f80     0x14  Data  Lc  timers.o [1]
xActiveTimerList2       0x20012f94     0x14  Data  Lc  timers.o [1]
xBlockAllocatedBit      0x20012fd0      0x4  Data  Lc  heap_4.o [1]
xDelayedTaskList1       0x20012f1c     0x14  Data  Lc  tasks.o [1]
xDelayedTaskList2       0x20012f30     0x14  Data  Lc  tasks.o [1]
xFreeBytesRemaining     0x20012fc8      0x4  Data  Lc  heap_4.o [1]
xHeapStructSize         0x080067fc      0x4  Data  Lc  heap_4.o [1]
xIdleTaskHandle         0x20013010      0x4  Data  Lc  tasks.o [1]
xMinimumEverFreeBytesRemaining
                        0x20012fcc      0x4  Data  Lc  heap_4.o [1]
xNextTaskUnblockTime    0x2001300c      0x4  Data  Lc  tasks.o [1]
xNumOfOverflows         0x20013004      0x4  Data  Lc  tasks.o [1]
xPendingReadyList       0x20012f44     0x14  Data  Lc  tasks.o [1]
xPortStartScheduler     0x08004a9b     0xcc  Code  Gb  port.o [1]
xPortSysTickHandler     0x08004bd3     0x28  Code  Gb  port.o [1]
xQueueGenericCreate     0x08005cc9     0x56  Code  Gb  queue.o [1]
xQueueGenericReceive    0x08005fd9    0x1d6  Code  Gb  queue.o [1]
xQueueGenericReset      0x08005c31     0x98  Code  Gb  queue.o [1]
xQueueGenericSend       0x08005d55    0x1a6  Code  Gb  queue.o [1]
xQueueGenericSendFromISR
                        0x08005efb     0xde  Code  Gb  queue.o [1]
xQueueRegistry          0x20012ddc     0x40  Data  Gb  queue.o [1]
xSchedulerRunning       0x20012ff8      0x4  Data  Lc  tasks.o [1]
xStart                  0x20012fb8      0x8  Data  Lc  heap_4.o [1]
xSuspendedTaskList      0x20012f6c     0x14  Data  Lc  tasks.o [1]
xTaskCheckForTimeOut    0x08002329     0x82  Code  Gb  tasks.o [1]
xTaskCreate             0x08001c51     0x78  Code  Gb  tasks.o [1]
xTaskGetSchedulerState  0x080024dd     0x20  Code  Gb  tasks.o [1]
xTaskGetTickCount       0x08002037      0x8  Code  Gb  tasks.o [1]
xTaskIncrementTick      0x0800203f    0x12a  Code  Gb  tasks.o [1]
xTaskPriorityDisinherit
                        0x080025ab     0xba  Code  Gb  tasks.o [1]
xTaskRemoveFromEventList
                        0x0800226b     0x86  Code  Gb  tasks.o [1]
xTaskResumeAll          0x08001f3b     0xfc  Code  Gb  tasks.o [1]
xTasksWaitingTermination
                        0x20012f58     0x14  Data  Lc  tasks.o [1]
xTickCount              0x20012ff0      0x4  Data  Lc  tasks.o [1]
xTimerCreateTimerTask   0x08004ca5     0x48  Code  Gb  timers.o [1]
xTimerGenericCommand    0x08004ced     0x84  Code  Gb  timers.o [1]
xTimerQueue             0x20013020      0x4  Data  Lc  timers.o [1]
xTimerTaskHandle        0x20013024      0x4  Data  Lc  timers.o [1]
xYieldPending           0x20013000      0x4  Data  Lc  tasks.o [1]


[1] = D:\project_file\2_stm32Cube\famil_tnb\EWARM\famil_tnb\Obj
[2] = command line
[3] = dl7M_tlf.a
[4] = m7M_tls.a
[5] = rt7M_tl.a
[6] = shb_l.a

  26 642 bytes of readonly  code memory
     424 bytes of readonly  data memory
  78 894 bytes of readwrite data memory

Errors: none
Warnings: none
